Copyright 1986-2022 Xilinx, Inc. All Rights Reserved. Copyright 2022-2025 Advanced Micro Devices, Inc. All Rights Reserved.
---------------------------------------------------------------------------------------------------------------------------------------------
| Tool Version : Vivado v.2025.2 (win64) Build 6299465 Fri Nov 14 19:35:11 GMT 2025
| Date         : Wed Aug 19 11:12:46 2026
| Host         : BHARADWAJ running 64-bit major release  (build 9200)
| Command      : report_timing -max_paths 10 -file ./report/chirp_timing_paths_routed.rpt
| Design       : bd_0_wrapper
| Device       : 7z020-clg484
| Speed File   : -1  PRODUCTION 1.12 2019-11-22
| Design State : Routed
---------------------------------------------------------------------------------------------------------------------------------------------

Timing Report

Slack (MET) :             1.610ns  (required time - arrival time)
  Source:                 bd_0_wrapper/bd_0/bd_0_hls_inst_0/bd_0_hls_inst_0_chirp/bd_0_hls_inst_0_chirp_faddfsub_32ns_32ns_32_5_full_dsp_1/bd_0_hls_inst_0_chirp_faddfsub_32ns_32ns_32_5_full_dsp_1_ip/<hidden>/<hidden>/<hidden>/<hidden>/<hidden>/<hidden>/<hidden>
                            (rising edge-triggered cell FDRE clocked by ap_clk  {rise@0.000ns fall@5.000ns period=10.000ns})
  Destination:            bd_0_wrapper/bd_0/bd_0_hls_inst_0/bd_0_hls_inst_0_chirp/bd_0_hls_inst_0_chirp_faddfsub_32ns_32ns_32_5_full_dsp_1/bd_0_hls_inst_0_chirp_faddfsub_32ns_32ns_32_5_full_dsp_1_ip/<hidden>/<hidden>/<hidden>/<hidden>/<hidden>/<hidden>
                            (rising edge-triggered cell DSP48E1 clocked by ap_clk  {rise@0.000ns fall@5.000ns period=10.000ns})
  Path Group:             ap_clk
  Path Type:              Setup (Max at Slow Process Corner)
  Requirement:            10.000ns  (ap_clk rise@10.000ns - ap_clk rise@0.000ns)
  Data Path Delay:        2.749ns  (logic 0.580ns (21.101%)  route 2.169ns (78.899%))
  Logic Levels:           1  (LUT6=1)
  Clock Path Skew:        -0.049ns (DCD - SCD + CPR)
    Destination Clock Delay (DCD):    0.924ns = ( 10.924 - 10.000 ) 
    Source Clock Delay      (SCD):    0.973ns
    Clock Pessimism Removal (CPR):    0.000ns
  Clock Uncertainty:      0.035ns  ((TSJ^2 + TIJ^2)^1/2 + DJ) / 2 + PE
    Total System Jitter     (TSJ):    0.071ns
    Total Input Jitter      (TIJ):    0.000ns
    Discrete Jitter          (DJ):    0.000ns
    Phase Error              (PE):    0.000ns

    Location             Delay type                Incr(ns)  Path(ns)    Netlist Resource(s)
  -------------------------------------------------------------------    -------------------
                         (clock ap_clk rise edge)     0.000     0.000 r  
                                                      0.000     0.000 r  ap_clk (IN)
                         net (fo=3100, unset)         0.973     0.973    bd_0_wrapper/bd_0/bd_0_hls_inst_0/bd_0_hls_inst_0_chirp/bd_0_hls_inst_0_chirp_faddfsub_32ns_32ns_32_5_full_dsp_1/bd_0_hls_inst_0_chirp_faddfsub_32ns_32ns_32_5_full_dsp_1_ip/<hidden>/<hidden>/<hidden>/<hidden>/<hidden>/<hidden>/<hidden>
    SLICE_X37Y64         FDRE                                         r  bd_0_wrapper/bd_0/bd_0_hls_inst_0/bd_0_hls_inst_0_chirp/bd_0_hls_inst_0_chirp_faddfsub_32ns_32ns_32_5_full_dsp_1/bd_0_hls_inst_0_chirp_faddfsub_32ns_32ns_32_5_full_dsp_1_ip/<hidden>/<hidden>/<hidden>/<hidden>/<hidden>/<hidden>/<hidden>
  -------------------------------------------------------------------    -------------------
    SLICE_X37Y64         FDRE (Prop_fdre_C_Q)         0.456     1.429 r  bd_0_wrapper/bd_0/bd_0_hls_inst_0/bd_0_hls_inst_0_chirp/bd_0_hls_inst_0_chirp_faddfsub_32ns_32ns_32_5_full_dsp_1/bd_0_hls_inst_0_chirp_faddfsub_32ns_32ns_32_5_full_dsp_1_ip/<hidden>/<hidden>/<hidden>/<hidden>/<hidden>/<hidden>/<hidden>
                         net (fo=20, routed)          1.270     2.699    bd_0_wrapper/bd_0/bd_0_hls_inst_0/bd_0_hls_inst_0_chirp/bd_0_hls_inst_0_chirp_faddfsub_32ns_32ns_32_5_full_dsp_1/bd_0_hls_inst_0_chirp_faddfsub_32ns_32ns_32_5_full_dsp_1_ip/<hidden>/<hidden>/<hidden>/<hidden>/<hidden>/<hidden>/<hidden>
    SLICE_X37Y67         LUT6 (Prop_lut6_I1_O)        0.124     2.823 r  bd_0_wrapper/bd_0/bd_0_hls_inst_0/bd_0_hls_inst_0_chirp/bd_0_hls_inst_0_chirp_faddfsub_32ns_32ns_32_5_full_dsp_1/bd_0_hls_inst_0_chirp_faddfsub_32ns_32ns_32_5_full_dsp_1_ip/<hidden>/<hidden>/<hidden>/<hidden>/<hidden>/<hidden>/<hidden>
                         net (fo=2, routed)           0.899     3.722    bd_0_wrapper/bd_0/bd_0_hls_inst_0/bd_0_hls_inst_0_chirp/bd_0_hls_inst_0_chirp_faddfsub_32ns_32ns_32_5_full_dsp_1/bd_0_hls_inst_0_chirp_faddfsub_32ns_32ns_32_5_full_dsp_1_ip/<hidden>/<hidden>/<hidden>/<hidden>/<hidden>/<hidden>
    DSP48_X2Y27          DSP48E1                                      r  bd_0_wrapper/bd_0/bd_0_hls_inst_0/bd_0_hls_inst_0_chirp/bd_0_hls_inst_0_chirp_faddfsub_32ns_32ns_32_5_full_dsp_1/bd_0_hls_inst_0_chirp_faddfsub_32ns_32ns_32_5_full_dsp_1_ip/<hidden>/<hidden>/<hidden>/<hidden>/<hidden>/<hidden>
  -------------------------------------------------------------------    -------------------

                         (clock ap_clk rise edge)    10.000    10.000 r  
                                                      0.000    10.000 r  ap_clk (IN)
                         net (fo=3100, unset)         0.924    10.924    bd_0_wrapper/bd_0/bd_0_hls_inst_0/bd_0_hls_inst_0_chirp/bd_0_hls_inst_0_chirp_faddfsub_32ns_32ns_32_5_full_dsp_1/bd_0_hls_inst_0_chirp_faddfsub_32ns_32ns_32_5_full_dsp_1_ip/<hidden>/<hidden>/<hidden>/<hidden>/<hidden>/<hidden>
    DSP48_X2Y27          DSP48E1                                      r  bd_0_wrapper/bd_0/bd_0_hls_inst_0/bd_0_hls_inst_0_chirp/bd_0_hls_inst_0_chirp_faddfsub_32ns_32ns_32_5_full_dsp_1/bd_0_hls_inst_0_chirp_faddfsub_32ns_32ns_32_5_full_dsp_1_ip/<hidden>/<hidden>/<hidden>/<hidden>/<hidden>/<hidden>
                         clock pessimism              0.000    10.924    
                         clock uncertainty           -0.035    10.889    
    DSP48_X2Y27          DSP48E1 (Setup_dsp48e1_CLK_INMODE[2])
                                                     -5.557     5.332    bd_0_wrapper/bd_0/bd_0_hls_inst_0/bd_0_hls_inst_0_chirp/bd_0_hls_inst_0_chirp_faddfsub_32ns_32ns_32_5_full_dsp_1/bd_0_hls_inst_0_chirp_faddfsub_32ns_32ns_32_5_full_dsp_1_ip/<hidden>/<hidden>/<hidden>/<hidden>/<hidden>/<hidden>
  -------------------------------------------------------------------
                         required time                          5.332    
                         arrival time                          -3.722    
  -------------------------------------------------------------------
                         slack                                  1.610    

Slack (MET) :             1.621ns  (required time - arrival time)
  Source:                 bd_0_wrapper/bd_0/bd_0_hls_inst_0/bd_0_hls_inst_0_chirp/bd_0_hls_inst_0_chirp_faddfsub_32ns_32ns_32_5_full_dsp_1/bd_0_hls_inst_0_chirp_faddfsub_32ns_32ns_32_5_full_dsp_1_ip/<hidden>/<hidden>/<hidden>/<hidden>/<hidden>/<hidden>/<hidden>/<hidden>
                            (rising edge-triggered cell FDRE clocked by ap_clk  {rise@0.000ns fall@5.000ns period=10.000ns})
  Destination:            bd_0_wrapper/bd_0/bd_0_hls_inst_0/bd_0_hls_inst_0_chirp/bd_0_hls_inst_0_chirp_faddfsub_32ns_32ns_32_5_full_dsp_1/bd_0_hls_inst_0_chirp_faddfsub_32ns_32ns_32_5_full_dsp_1_ip/<hidden>/<hidden>/<hidden>/<hidden>/<hidden>/<hidden>
                            (rising edge-triggered cell DSP48E1 clocked by ap_clk  {rise@0.000ns fall@5.000ns period=10.000ns})
  Path Group:             ap_clk
  Path Type:              Setup (Max at Slow Process Corner)
  Requirement:            10.000ns  (ap_clk rise@10.000ns - ap_clk rise@0.000ns)
  Data Path Delay:        2.821ns  (logic 0.642ns (22.758%)  route 2.179ns (77.242%))
  Logic Levels:           1  (LUT3=1)
  Clock Path Skew:        -0.049ns (DCD - SCD + CPR)
    Destination Clock Delay (DCD):    0.924ns = ( 10.924 - 10.000 ) 
    Source Clock Delay      (SCD):    0.973ns
    Clock Pessimism Removal (CPR):    0.000ns
  Clock Uncertainty:      0.035ns  ((TSJ^2 + TIJ^2)^1/2 + DJ) / 2 + PE
    Total System Jitter     (TSJ):    0.071ns
    Total Input Jitter      (TIJ):    0.000ns
    Discrete Jitter          (DJ):    0.000ns
    Phase Error              (PE):    0.000ns

    Location             Delay type                Incr(ns)  Path(ns)    Netlist Resource(s)
  -------------------------------------------------------------------    -------------------
                         (clock ap_clk rise edge)     0.000     0.000 r  
                                                      0.000     0.000 r  ap_clk (IN)
                         net (fo=3100, unset)         0.973     0.973    bd_0_wrapper/bd_0/bd_0_hls_inst_0/bd_0_hls_inst_0_chirp/bd_0_hls_inst_0_chirp_faddfsub_32ns_32ns_32_5_full_dsp_1/bd_0_hls_inst_0_chirp_faddfsub_32ns_32ns_32_5_full_dsp_1_ip/<hidden>/<hidden>/<hidden>/<hidden>/<hidden>/<hidden>/<hidden>/<hidden>
    SLICE_X32Y62         FDRE                                         r  bd_0_wrapper/bd_0/bd_0_hls_inst_0/bd_0_hls_inst_0_chirp/bd_0_hls_inst_0_chirp_faddfsub_32ns_32ns_32_5_full_dsp_1/bd_0_hls_inst_0_chirp_faddfsub_32ns_32ns_32_5_full_dsp_1_ip/<hidden>/<hidden>/<hidden>/<hidden>/<hidden>/<hidden>/<hidden>/<hidden>
  -------------------------------------------------------------------    -------------------
    SLICE_X32Y62         FDRE (Prop_fdre_C_Q)         0.518     1.491 r  bd_0_wrapper/bd_0/bd_0_hls_inst_0/bd_0_hls_inst_0_chirp/bd_0_hls_inst_0_chirp_faddfsub_32ns_32ns_32_5_full_dsp_1/bd_0_hls_inst_0_chirp_faddfsub_32ns_32ns_32_5_full_dsp_1_ip/<hidden>/<hidden>/<hidden>/<hidden>/<hidden>/<hidden>/<hidden>/<hidden>
                         net (fo=54, routed)          1.304     2.795    bd_0_wrapper/bd_0/bd_0_hls_inst_0/bd_0_hls_inst_0_chirp/bd_0_hls_inst_0_chirp_faddfsub_32ns_32ns_32_5_full_dsp_1/bd_0_hls_inst_0_chirp_faddfsub_32ns_32ns_32_5_full_dsp_1_ip/<hidden>/<hidden>/<hidden>/<hidden>/<hidden>/<hidden>
    SLICE_X32Y66         LUT3 (Prop_lut3_I1_O)        0.124     2.919 r  bd_0_wrapper/bd_0/bd_0_hls_inst_0/bd_0_hls_inst_0_chirp/bd_0_hls_inst_0_chirp_faddfsub_32ns_32ns_32_5_full_dsp_1/bd_0_hls_inst_0_chirp_faddfsub_32ns_32ns_32_5_full_dsp_1_ip/<hidden>/<hidden>/<hidden>/<hidden>/<hidden>/<hidden>
                         net (fo=2, routed)           0.875     3.794    bd_0_wrapper/bd_0/bd_0_hls_inst_0/bd_0_hls_inst_0_chirp/bd_0_hls_inst_0_chirp_faddfsub_32ns_32ns_32_5_full_dsp_1/bd_0_hls_inst_0_chirp_faddfsub_32ns_32ns_32_5_full_dsp_1_ip/<hidden>/<hidden>/<hidden>/<hidden>/<hidden>/<hidden>
    DSP48_X2Y27          DSP48E1                                      r  bd_0_wrapper/bd_0/bd_0_hls_inst_0/bd_0_hls_inst_0_chirp/bd_0_hls_inst_0_chirp_faddfsub_32ns_32ns_32_5_full_dsp_1/bd_0_hls_inst_0_chirp_faddfsub_32ns_32ns_32_5_full_dsp_1_ip/<hidden>/<hidden>/<hidden>/<hidden>/<hidden>/<hidden>
  -------------------------------------------------------------------    -------------------

                         (clock ap_clk rise edge)    10.000    10.000 r  
                                                      0.000    10.000 r  ap_clk (IN)
                         net (fo=3100, unset)         0.924    10.924    bd_0_wrapper/bd_0/bd_0_hls_inst_0/bd_0_hls_inst_0_chirp/bd_0_hls_inst_0_chirp_faddfsub_32ns_32ns_32_5_full_dsp_1/bd_0_hls_inst_0_chirp_faddfsub_32ns_32ns_32_5_full_dsp_1_ip/<hidden>/<hidden>/<hidden>/<hidden>/<hidden>/<hidden>
    DSP48_X2Y27          DSP48E1                                      r  bd_0_wrapper/bd_0/bd_0_hls_inst_0/bd_0_hls_inst_0_chirp/bd_0_hls_inst_0_chirp_faddfsub_32ns_32ns_32_5_full_dsp_1/bd_0_hls_inst_0_chirp_faddfsub_32ns_32ns_32_5_full_dsp_1_ip/<hidden>/<hidden>/<hidden>/<hidden>/<hidden>/<hidden>
                         clock pessimism              0.000    10.924    
                         clock uncertainty           -0.035    10.889    
    DSP48_X2Y27          DSP48E1 (Setup_dsp48e1_CLK_A[19])
                                                     -5.474     5.415    bd_0_wrapper/bd_0/bd_0_hls_inst_0/bd_0_hls_inst_0_chirp/bd_0_hls_inst_0_chirp_faddfsub_32ns_32ns_32_5_full_dsp_1/bd_0_hls_inst_0_chirp_faddfsub_32ns_32ns_32_5_full_dsp_1_ip/<hidden>/<hidden>/<hidden>/<hidden>/<hidden>/<hidden>
  -------------------------------------------------------------------
                         required time                          5.415    
                         arrival time                          -3.794    
  -------------------------------------------------------------------
                         slack                                  1.621    

Slack (MET) :             1.658ns  (required time - arrival time)
  Source:                 bd_0_wrapper/bd_0/bd_0_hls_inst_0/bd_0_hls_inst_0_chirp/bd_0_hls_inst_0_chirp_faddfsub_32ns_32ns_32_5_full_dsp_1/bd_0_hls_inst_0_chirp_faddfsub_32ns_32ns_32_5_full_dsp_1_ip/<hidden>/<hidden>/<hidden>/<hidden>/<hidden>/<hidden>/<hidden>/<hidden>
                            (rising edge-triggered cell FDRE clocked by ap_clk  {rise@0.000ns fall@5.000ns period=10.000ns})
  Destination:            bd_0_wrapper/bd_0/bd_0_hls_inst_0/bd_0_hls_inst_0_chirp/bd_0_hls_inst_0_chirp_faddfsub_32ns_32ns_32_5_full_dsp_1/bd_0_hls_inst_0_chirp_faddfsub_32ns_32ns_32_5_full_dsp_1_ip/<hidden>/<hidden>/<hidden>/<hidden>/<hidden>/<hidden>
                            (rising edge-triggered cell DSP48E1 clocked by ap_clk  {rise@0.000ns fall@5.000ns period=10.000ns})
  Path Group:             ap_clk
  Path Type:              Setup (Max at Slow Process Corner)
  Requirement:            10.000ns  (ap_clk rise@10.000ns - ap_clk rise@0.000ns)
  Data Path Delay:        2.784ns  (logic 0.642ns (23.062%)  route 2.142ns (76.938%))
  Logic Levels:           1  (LUT3=1)
  Clock Path Skew:        -0.049ns (DCD - SCD + CPR)
    Destination Clock Delay (DCD):    0.924ns = ( 10.924 - 10.000 ) 
    Source Clock Delay      (SCD):    0.973ns
    Clock Pessimism Removal (CPR):    0.000ns
  Clock Uncertainty:      0.035ns  ((TSJ^2 + TIJ^2)^1/2 + DJ) / 2 + PE
    Total System Jitter     (TSJ):    0.071ns
    Total Input Jitter      (TIJ):    0.000ns
    Discrete Jitter          (DJ):    0.000ns
    Phase Error              (PE):    0.000ns

    Location             Delay type                Incr(ns)  Path(ns)    Netlist Resource(s)
  -------------------------------------------------------------------    -------------------
                         (clock ap_clk rise edge)     0.000     0.000 r  
                                                      0.000     0.000 r  ap_clk (IN)
                         net (fo=3100, unset)         0.973     0.973    bd_0_wrapper/bd_0/bd_0_hls_inst_0/bd_0_hls_inst_0_chirp/bd_0_hls_inst_0_chirp_faddfsub_32ns_32ns_32_5_full_dsp_1/bd_0_hls_inst_0_chirp_faddfsub_32ns_32ns_32_5_full_dsp_1_ip/<hidden>/<hidden>/<hidden>/<hidden>/<hidden>/<hidden>/<hidden>/<hidden>
    SLICE_X32Y62         FDRE                                         r  bd_0_wrapper/bd_0/bd_0_hls_inst_0/bd_0_hls_inst_0_chirp/bd_0_hls_inst_0_chirp_faddfsub_32ns_32ns_32_5_full_dsp_1/bd_0_hls_inst_0_chirp_faddfsub_32ns_32ns_32_5_full_dsp_1_ip/<hidden>/<hidden>/<hidden>/<hidden>/<hidden>/<hidden>/<hidden>/<hidden>
  -------------------------------------------------------------------    -------------------
    SLICE_X32Y62         FDRE (Prop_fdre_C_Q)         0.518     1.491 r  bd_0_wrapper/bd_0/bd_0_hls_inst_0/bd_0_hls_inst_0_chirp/bd_0_hls_inst_0_chirp_faddfsub_32ns_32ns_32_5_full_dsp_1/bd_0_hls_inst_0_chirp_faddfsub_32ns_32ns_32_5_full_dsp_1_ip/<hidden>/<hidden>/<hidden>/<hidden>/<hidden>/<hidden>/<hidden>/<hidden>
                         net (fo=54, routed)          1.400     2.891    bd_0_wrapper/bd_0/bd_0_hls_inst_0/bd_0_hls_inst_0_chirp/bd_0_hls_inst_0_chirp_faddfsub_32ns_32ns_32_5_full_dsp_1/bd_0_hls_inst_0_chirp_faddfsub_32ns_32ns_32_5_full_dsp_1_ip/<hidden>/<hidden>/<hidden>/<hidden>/<hidden>/<hidden>
    SLICE_X34Y64         LUT3 (Prop_lut3_I1_O)        0.124     3.015 r  bd_0_wrapper/bd_0/bd_0_hls_inst_0/bd_0_hls_inst_0_chirp/bd_0_hls_inst_0_chirp_faddfsub_32ns_32ns_32_5_full_dsp_1/bd_0_hls_inst_0_chirp_faddfsub_32ns_32ns_32_5_full_dsp_1_ip/<hidden>/<hidden>/<hidden>/<hidden>/<hidden>/<hidden>
                         net (fo=1, routed)           0.742     3.757    bd_0_wrapper/bd_0/bd_0_hls_inst_0/bd_0_hls_inst_0_chirp/bd_0_hls_inst_0_chirp_faddfsub_32ns_32ns_32_5_full_dsp_1/bd_0_hls_inst_0_chirp_faddfsub_32ns_32ns_32_5_full_dsp_1_ip/<hidden>/<hidden>/<hidden>/<hidden>/<hidden>/<hidden>
    DSP48_X2Y27          DSP48E1                                      r  bd_0_wrapper/bd_0/bd_0_hls_inst_0/bd_0_hls_inst_0_chirp/bd_0_hls_inst_0_chirp_faddfsub_32ns_32ns_32_5_full_dsp_1/bd_0_hls_inst_0_chirp_faddfsub_32ns_32ns_32_5_full_dsp_1_ip/<hidden>/<hidden>/<hidden>/<hidden>/<hidden>/<hidden>
  -------------------------------------------------------------------    -------------------

                         (clock ap_clk rise edge)    10.000    10.000 r  
                                                      0.000    10.000 r  ap_clk (IN)
                         net (fo=3100, unset)         0.924    10.924    bd_0_wrapper/bd_0/bd_0_hls_inst_0/bd_0_hls_inst_0_chirp/bd_0_hls_inst_0_chirp_faddfsub_32ns_32ns_32_5_full_dsp_1/bd_0_hls_inst_0_chirp_faddfsub_32ns_32ns_32_5_full_dsp_1_ip/<hidden>/<hidden>/<hidden>/<hidden>/<hidden>/<hidden>
    DSP48_X2Y27          DSP48E1                                      r  bd_0_wrapper/bd_0/bd_0_hls_inst_0/bd_0_hls_inst_0_chirp/bd_0_hls_inst_0_chirp_faddfsub_32ns_32ns_32_5_full_dsp_1/bd_0_hls_inst_0_chirp_faddfsub_32ns_32ns_32_5_full_dsp_1_ip/<hidden>/<hidden>/<hidden>/<hidden>/<hidden>/<hidden>
                         clock pessimism              0.000    10.924    
                         clock uncertainty           -0.035    10.889    
    DSP48_X2Y27          DSP48E1 (Setup_dsp48e1_CLK_A[13])
                                                     -5.474     5.415    bd_0_wrapper/bd_0/bd_0_hls_inst_0/bd_0_hls_inst_0_chirp/bd_0_hls_inst_0_chirp_faddfsub_32ns_32ns_32_5_full_dsp_1/bd_0_hls_inst_0_chirp_faddfsub_32ns_32ns_32_5_full_dsp_1_ip/<hidden>/<hidden>/<hidden>/<hidden>/<hidden>/<hidden>
  -------------------------------------------------------------------
                         required time                          5.415    
                         arrival time                          -3.757    
  -------------------------------------------------------------------
                         slack                                  1.658    

Slack (MET) :             1.769ns  (required time - arrival time)
  Source:                 bd_0_wrapper/bd_0/bd_0_hls_inst_0/bd_0_hls_inst_0_chirp/bd_0_hls_inst_0_chirp_faddfsub_32ns_32ns_32_5_full_dsp_1/bd_0_hls_inst_0_chirp_faddfsub_32ns_32ns_32_5_full_dsp_1_ip/<hidden>/<hidden>/<hidden>/<hidden>/<hidden>/<hidden>
                            (rising edge-triggered cell FDRE clocked by ap_clk  {rise@0.000ns fall@5.000ns period=10.000ns})
  Destination:            bd_0_wrapper/bd_0/bd_0_hls_inst_0/bd_0_hls_inst_0_chirp/bd_0_hls_inst_0_chirp_faddfsub_32ns_32ns_32_5_full_dsp_1/bd_0_hls_inst_0_chirp_faddfsub_32ns_32ns_32_5_full_dsp_1_ip/<hidden>/<hidden>/<hidden>/<hidden>/<hidden>/<hidden>
                            (rising edge-triggered cell DSP48E1 clocked by ap_clk  {rise@0.000ns fall@5.000ns period=10.000ns})
  Path Group:             ap_clk
  Path Type:              Setup (Max at Slow Process Corner)
  Requirement:            10.000ns  (ap_clk rise@10.000ns - ap_clk rise@0.000ns)
  Data Path Delay:        2.673ns  (logic 0.642ns (24.016%)  route 2.031ns (75.984%))
  Logic Levels:           1  (LUT3=1)
  Clock Path Skew:        -0.049ns (DCD - SCD + CPR)
    Destination Clock Delay (DCD):    0.924ns = ( 10.924 - 10.000 ) 
    Source Clock Delay      (SCD):    0.973ns
    Clock Pessimism Removal (CPR):    0.000ns
  Clock Uncertainty:      0.035ns  ((TSJ^2 + TIJ^2)^1/2 + DJ) / 2 + PE
    Total System Jitter     (TSJ):    0.071ns
    Total Input Jitter      (TIJ):    0.000ns
    Discrete Jitter          (DJ):    0.000ns
    Phase Error              (PE):    0.000ns

    Location             Delay type                Incr(ns)  Path(ns)    Netlist Resource(s)
  -------------------------------------------------------------------    -------------------
                         (clock ap_clk rise edge)     0.000     0.000 r  
                                                      0.000     0.000 r  ap_clk (IN)
                         net (fo=3100, unset)         0.973     0.973    bd_0_wrapper/bd_0/bd_0_hls_inst_0/bd_0_hls_inst_0_chirp/bd_0_hls_inst_0_chirp_faddfsub_32ns_32ns_32_5_full_dsp_1/bd_0_hls_inst_0_chirp_faddfsub_32ns_32ns_32_5_full_dsp_1_ip/<hidden>/<hidden>/<hidden>/<hidden>/<hidden>/<hidden>
    SLICE_X32Y60         FDRE                                         r  bd_0_wrapper/bd_0/bd_0_hls_inst_0/bd_0_hls_inst_0_chirp/bd_0_hls_inst_0_chirp_faddfsub_32ns_32ns_32_5_full_dsp_1/bd_0_hls_inst_0_chirp_faddfsub_32ns_32ns_32_5_full_dsp_1_ip/<hidden>/<hidden>/<hidden>/<hidden>/<hidden>/<hidden>
  -------------------------------------------------------------------    -------------------
    SLICE_X32Y60         FDRE (Prop_fdre_C_Q)         0.518     1.491 r  bd_0_wrapper/bd_0/bd_0_hls_inst_0/bd_0_hls_inst_0_chirp/bd_0_hls_inst_0_chirp_faddfsub_32ns_32ns_32_5_full_dsp_1/bd_0_hls_inst_0_chirp_faddfsub_32ns_32ns_32_5_full_dsp_1_ip/<hidden>/<hidden>/<hidden>/<hidden>/<hidden>/<hidden>
                         net (fo=3, routed)           1.352     2.843    bd_0_wrapper/bd_0/bd_0_hls_inst_0/bd_0_hls_inst_0_chirp/bd_0_hls_inst_0_chirp_faddfsub_32ns_32ns_32_5_full_dsp_1/bd_0_hls_inst_0_chirp_faddfsub_32ns_32ns_32_5_full_dsp_1_ip/<hidden>/<hidden>/<hidden>/<hidden>/<hidden>/<hidden>
    SLICE_X32Y64         LUT3 (Prop_lut3_I0_O)        0.124     2.967 r  bd_0_wrapper/bd_0/bd_0_hls_inst_0/bd_0_hls_inst_0_chirp/bd_0_hls_inst_0_chirp_faddfsub_32ns_32ns_32_5_full_dsp_1/bd_0_hls_inst_0_chirp_faddfsub_32ns_32ns_32_5_full_dsp_1_ip/<hidden>/<hidden>/<hidden>/<hidden>/<hidden>/<hidden>
                         net (fo=1, routed)           0.679     3.646    bd_0_wrapper/bd_0/bd_0_hls_inst_0/bd_0_hls_inst_0_chirp/bd_0_hls_inst_0_chirp_faddfsub_32ns_32ns_32_5_full_dsp_1/bd_0_hls_inst_0_chirp_faddfsub_32ns_32ns_32_5_full_dsp_1_ip/<hidden>/<hidden>/<hidden>/<hidden>/<hidden>/<hidden>
    DSP48_X2Y27          DSP48E1                                      r  bd_0_wrapper/bd_0/bd_0_hls_inst_0/bd_0_hls_inst_0_chirp/bd_0_hls_inst_0_chirp_faddfsub_32ns_32ns_32_5_full_dsp_1/bd_0_hls_inst_0_chirp_faddfsub_32ns_32ns_32_5_full_dsp_1_ip/<hidden>/<hidden>/<hidden>/<hidden>/<hidden>/<hidden>
  -------------------------------------------------------------------    -------------------

                         (clock ap_clk rise edge)    10.000    10.000 r  
                                                      0.000    10.000 r  ap_clk (IN)
                         net (fo=3100, unset)         0.924    10.924    bd_0_wrapper/bd_0/bd_0_hls_inst_0/bd_0_hls_inst_0_chirp/bd_0_hls_inst_0_chirp_faddfsub_32ns_32ns_32_5_full_dsp_1/bd_0_hls_inst_0_chirp_faddfsub_32ns_32ns_32_5_full_dsp_1_ip/<hidden>/<hidden>/<hidden>/<hidden>/<hidden>/<hidden>
    DSP48_X2Y27          DSP48E1                                      r  bd_0_wrapper/bd_0/bd_0_hls_inst_0/bd_0_hls_inst_0_chirp/bd_0_hls_inst_0_chirp_faddfsub_32ns_32ns_32_5_full_dsp_1/bd_0_hls_inst_0_chirp_faddfsub_32ns_32ns_32_5_full_dsp_1_ip/<hidden>/<hidden>/<hidden>/<hidden>/<hidden>/<hidden>
                         clock pessimism              0.000    10.924    
                         clock uncertainty           -0.035    10.889    
    DSP48_X2Y27          DSP48E1 (Setup_dsp48e1_CLK_A[5])
                                                     -5.474     5.415    bd_0_wrapper/bd_0/bd_0_hls_inst_0/bd_0_hls_inst_0_chirp/bd_0_hls_inst_0_chirp_faddfsub_32ns_32ns_32_5_full_dsp_1/bd_0_hls_inst_0_chirp_faddfsub_32ns_32ns_32_5_full_dsp_1_ip/<hidden>/<hidden>/<hidden>/<hidden>/<hidden>/<hidden>
  -------------------------------------------------------------------
                         required time                          5.415    
                         arrival time                          -3.646    
  -------------------------------------------------------------------
                         slack                                  1.769    

Slack (MET) :             1.851ns  (required time - arrival time)
  Source:                 bd_0_wrapper/bd_0/bd_0_hls_inst_0/bd_0_hls_inst_0_chirp/bd_0_hls_inst_0_chirp_faddfsub_32ns_32ns_32_5_full_dsp_1/bd_0_hls_inst_0_chirp_faddfsub_32ns_32ns_32_5_full_dsp_1_ip/<hidden>/<hidden>/<hidden>/<hidden>/<hidden>/<hidden>/<hidden>/<hidden>
                            (rising edge-triggered cell FDRE clocked by ap_clk  {rise@0.000ns fall@5.000ns period=10.000ns})
  Destination:            bd_0_wrapper/bd_0/bd_0_hls_inst_0/bd_0_hls_inst_0_chirp/bd_0_hls_inst_0_chirp_faddfsub_32ns_32ns_32_5_full_dsp_1/bd_0_hls_inst_0_chirp_faddfsub_32ns_32ns_32_5_full_dsp_1_ip/<hidden>/<hidden>/<hidden>/<hidden>/<hidden>/<hidden>
                            (rising edge-triggered cell DSP48E1 clocked by ap_clk  {rise@0.000ns fall@5.000ns period=10.000ns})
  Path Group:             ap_clk
  Path Type:              Setup (Max at Slow Process Corner)
  Requirement:            10.000ns  (ap_clk rise@10.000ns - ap_clk rise@0.000ns)
  Data Path Delay:        2.591ns  (logic 0.642ns (24.778%)  route 1.949ns (75.222%))
  Logic Levels:           1  (LUT3=1)
  Clock Path Skew:        -0.049ns (DCD - SCD + CPR)
    Destination Clock Delay (DCD):    0.924ns = ( 10.924 - 10.000 ) 
    Source Clock Delay      (SCD):    0.973ns
    Clock Pessimism Removal (CPR):    0.000ns
  Clock Uncertainty:      0.035ns  ((TSJ^2 + TIJ^2)^1/2 + DJ) / 2 + PE
    Total System Jitter     (TSJ):    0.071ns
    Total Input Jitter      (TIJ):    0.000ns
    Discrete Jitter          (DJ):    0.000ns
    Phase Error              (PE):    0.000ns

    Location             Delay type                Incr(ns)  Path(ns)    Netlist Resource(s)
  -------------------------------------------------------------------    -------------------
                         (clock ap_clk rise edge)     0.000     0.000 r  
                                                      0.000     0.000 r  ap_clk (IN)
                         net (fo=3100, unset)         0.973     0.973    bd_0_wrapper/bd_0/bd_0_hls_inst_0/bd_0_hls_inst_0_chirp/bd_0_hls_inst_0_chirp_faddfsub_32ns_32ns_32_5_full_dsp_1/bd_0_hls_inst_0_chirp_faddfsub_32ns_32ns_32_5_full_dsp_1_ip/<hidden>/<hidden>/<hidden>/<hidden>/<hidden>/<hidden>/<hidden>/<hidden>
    SLICE_X32Y62         FDRE                                         r  bd_0_wrapper/bd_0/bd_0_hls_inst_0/bd_0_hls_inst_0_chirp/bd_0_hls_inst_0_chirp_faddfsub_32ns_32ns_32_5_full_dsp_1/bd_0_hls_inst_0_chirp_faddfsub_32ns_32ns_32_5_full_dsp_1_ip/<hidden>/<hidden>/<hidden>/<hidden>/<hidden>/<hidden>/<hidden>/<hidden>
  -------------------------------------------------------------------    -------------------
    SLICE_X32Y62         FDRE (Prop_fdre_C_Q)         0.518     1.491 r  bd_0_wrapper/bd_0/bd_0_hls_inst_0/bd_0_hls_inst_0_chirp/bd_0_hls_inst_0_chirp_faddfsub_32ns_32ns_32_5_full_dsp_1/bd_0_hls_inst_0_chirp_faddfsub_32ns_32ns_32_5_full_dsp_1_ip/<hidden>/<hidden>/<hidden>/<hidden>/<hidden>/<hidden>/<hidden>/<hidden>
                         net (fo=54, routed)          1.131     2.622    bd_0_wrapper/bd_0/bd_0_hls_inst_0/bd_0_hls_inst_0_chirp/bd_0_hls_inst_0_chirp_faddfsub_32ns_32ns_32_5_full_dsp_1/bd_0_hls_inst_0_chirp_faddfsub_32ns_32ns_32_5_full_dsp_1_ip/<hidden>/<hidden>/<hidden>/<hidden>/<hidden>/<hidden>
    SLICE_X32Y64         LUT3 (Prop_lut3_I1_O)        0.124     2.746 r  bd_0_wrapper/bd_0/bd_0_hls_inst_0/bd_0_hls_inst_0_chirp/bd_0_hls_inst_0_chirp_faddfsub_32ns_32ns_32_5_full_dsp_1/bd_0_hls_inst_0_chirp_faddfsub_32ns_32ns_32_5_full_dsp_1_ip/<hidden>/<hidden>/<hidden>/<hidden>/<hidden>/<hidden>
                         net (fo=1, routed)           0.818     3.564    bd_0_wrapper/bd_0/bd_0_hls_inst_0/bd_0_hls_inst_0_chirp/bd_0_hls_inst_0_chirp_faddfsub_32ns_32ns_32_5_full_dsp_1/bd_0_hls_inst_0_chirp_faddfsub_32ns_32ns_32_5_full_dsp_1_ip/<hidden>/<hidden>/<hidden>/<hidden>/<hidden>/<hidden>
    DSP48_X2Y27          DSP48E1                                      r  bd_0_wrapper/bd_0/bd_0_hls_inst_0/bd_0_hls_inst_0_chirp/bd_0_hls_inst_0_chirp_faddfsub_32ns_32ns_32_5_full_dsp_1/bd_0_hls_inst_0_chirp_faddfsub_32ns_32ns_32_5_full_dsp_1_ip/<hidden>/<hidden>/<hidden>/<hidden>/<hidden>/<hidden>
  -------------------------------------------------------------------    -------------------

                         (clock ap_clk rise edge)    10.000    10.000 r  
                                                      0.000    10.000 r  ap_clk (IN)
                         net (fo=3100, unset)         0.924    10.924    bd_0_wrapper/bd_0/bd_0_hls_inst_0/bd_0_hls_inst_0_chirp/bd_0_hls_inst_0_chirp_faddfsub_32ns_32ns_32_5_full_dsp_1/bd_0_hls_inst_0_chirp_faddfsub_32ns_32ns_32_5_full_dsp_1_ip/<hidden>/<hidden>/<hidden>/<hidden>/<hidden>/<hidden>
    DSP48_X2Y27          DSP48E1                                      r  bd_0_wrapper/bd_0/bd_0_hls_inst_0/bd_0_hls_inst_0_chirp/bd_0_hls_inst_0_chirp_faddfsub_32ns_32ns_32_5_full_dsp_1/bd_0_hls_inst_0_chirp_faddfsub_32ns_32ns_32_5_full_dsp_1_ip/<hidden>/<hidden>/<hidden>/<hidden>/<hidden>/<hidden>
                         clock pessimism              0.000    10.924    
                         clock uncertainty           -0.035    10.889    
    DSP48_X2Y27          DSP48E1 (Setup_dsp48e1_CLK_A[8])
                                                     -5.474     5.415    bd_0_wrapper/bd_0/bd_0_hls_inst_0/bd_0_hls_inst_0_chirp/bd_0_hls_inst_0_chirp_faddfsub_32ns_32ns_32_5_full_dsp_1/bd_0_hls_inst_0_chirp_faddfsub_32ns_32ns_32_5_full_dsp_1_ip/<hidden>/<hidden>/<hidden>/<hidden>/<hidden>/<hidden>
  -------------------------------------------------------------------
                         required time                          5.415    
                         arrival time                          -3.564    
  -------------------------------------------------------------------
                         slack                                  1.851    

Slack (MET) :             1.860ns  (required time - arrival time)
  Source:                 bd_0_wrapper/bd_0/bd_0_hls_inst_0/bd_0_hls_inst_0_chirp/bd_0_hls_inst_0_chirp_faddfsub_32ns_32ns_32_5_full_dsp_1/bd_0_hls_inst_0_chirp_faddfsub_32ns_32ns_32_5_full_dsp_1_ip/<hidden>/<hidden>/<hidden>/<hidden>/<hidden>/<hidden>/<hidden>/<hidden>
                            (rising edge-triggered cell FDRE clocked by ap_clk  {rise@0.000ns fall@5.000ns period=10.000ns})
  Destination:            bd_0_wrapper/bd_0/bd_0_hls_inst_0/bd_0_hls_inst_0_chirp/bd_0_hls_inst_0_chirp_faddfsub_32ns_32ns_32_5_full_dsp_1/bd_0_hls_inst_0_chirp_faddfsub_32ns_32ns_32_5_full_dsp_1_ip/<hidden>/<hidden>/<hidden>/<hidden>/<hidden>/<hidden>
                            (rising edge-triggered cell DSP48E1 clocked by ap_clk  {rise@0.000ns fall@5.000ns period=10.000ns})
  Path Group:             ap_clk
  Path Type:              Setup (Max at Slow Process Corner)
  Requirement:            10.000ns  (ap_clk rise@10.000ns - ap_clk rise@0.000ns)
  Data Path Delay:        2.582ns  (logic 0.642ns (24.868%)  route 1.940ns (75.132%))
  Logic Levels:           1  (LUT3=1)
  Clock Path Skew:        -0.049ns (DCD - SCD + CPR)
    Destination Clock Delay (DCD):    0.924ns = ( 10.924 - 10.000 ) 
    Source Clock Delay      (SCD):    0.973ns
    Clock Pessimism Removal (CPR):    0.000ns
  Clock Uncertainty:      0.035ns  ((TSJ^2 + TIJ^2)^1/2 + DJ) / 2 + PE
    Total System Jitter     (TSJ):    0.071ns
    Total Input Jitter      (TIJ):    0.000ns
    Discrete Jitter          (DJ):    0.000ns
    Phase Error              (PE):    0.000ns

    Location             Delay type                Incr(ns)  Path(ns)    Netlist Resource(s)
  -------------------------------------------------------------------    -------------------
                         (clock ap_clk rise edge)     0.000     0.000 r  
                                                      0.000     0.000 r  ap_clk (IN)
                         net (fo=3100, unset)         0.973     0.973    bd_0_wrapper/bd_0/bd_0_hls_inst_0/bd_0_hls_inst_0_chirp/bd_0_hls_inst_0_chirp_faddfsub_32ns_32ns_32_5_full_dsp_1/bd_0_hls_inst_0_chirp_faddfsub_32ns_32ns_32_5_full_dsp_1_ip/<hidden>/<hidden>/<hidden>/<hidden>/<hidden>/<hidden>/<hidden>/<hidden>
    SLICE_X32Y62         FDRE                                         r  bd_0_wrapper/bd_0/bd_0_hls_inst_0/bd_0_hls_inst_0_chirp/bd_0_hls_inst_0_chirp_faddfsub_32ns_32ns_32_5_full_dsp_1/bd_0_hls_inst_0_chirp_faddfsub_32ns_32ns_32_5_full_dsp_1_ip/<hidden>/<hidden>/<hidden>/<hidden>/<hidden>/<hidden>/<hidden>/<hidden>
  -------------------------------------------------------------------    -------------------
    SLICE_X32Y62         FDRE (Prop_fdre_C_Q)         0.518     1.491 r  bd_0_wrapper/bd_0/bd_0_hls_inst_0/bd_0_hls_inst_0_chirp/bd_0_hls_inst_0_chirp_faddfsub_32ns_32ns_32_5_full_dsp_1/bd_0_hls_inst_0_chirp_faddfsub_32ns_32ns_32_5_full_dsp_1_ip/<hidden>/<hidden>/<hidden>/<hidden>/<hidden>/<hidden>/<hidden>/<hidden>
                         net (fo=54, routed)          1.401     2.892    bd_0_wrapper/bd_0/bd_0_hls_inst_0/bd_0_hls_inst_0_chirp/bd_0_hls_inst_0_chirp_faddfsub_32ns_32ns_32_5_full_dsp_1/bd_0_hls_inst_0_chirp_faddfsub_32ns_32ns_32_5_full_dsp_1_ip/<hidden>/<hidden>/<hidden>/<hidden>/<hidden>/<hidden>
    SLICE_X32Y65         LUT3 (Prop_lut3_I1_O)        0.124     3.016 r  bd_0_wrapper/bd_0/bd_0_hls_inst_0/bd_0_hls_inst_0_chirp/bd_0_hls_inst_0_chirp_faddfsub_32ns_32ns_32_5_full_dsp_1/bd_0_hls_inst_0_chirp_faddfsub_32ns_32ns_32_5_full_dsp_1_ip/<hidden>/<hidden>/<hidden>/<hidden>/<hidden>/<hidden>
                         net (fo=1, routed)           0.538     3.555    bd_0_wrapper/bd_0/bd_0_hls_inst_0/bd_0_hls_inst_0_chirp/bd_0_hls_inst_0_chirp_faddfsub_32ns_32ns_32_5_full_dsp_1/bd_0_hls_inst_0_chirp_faddfsub_32ns_32ns_32_5_full_dsp_1_ip/<hidden>/<hidden>/<hidden>/<hidden>/<hidden>/<hidden>
    DSP48_X2Y27          DSP48E1                                      r  bd_0_wrapper/bd_0/bd_0_hls_inst_0/bd_0_hls_inst_0_chirp/bd_0_hls_inst_0_chirp_faddfsub_32ns_32ns_32_5_full_dsp_1/bd_0_hls_inst_0_chirp_faddfsub_32ns_32ns_32_5_full_dsp_1_ip/<hidden>/<hidden>/<hidden>/<hidden>/<hidden>/<hidden>
  -------------------------------------------------------------------    -------------------

                         (clock ap_clk rise edge)    10.000    10.000 r  
                                                      0.000    10.000 r  ap_clk (IN)
                         net (fo=3100, unset)         0.924    10.924    bd_0_wrapper/bd_0/bd_0_hls_inst_0/bd_0_hls_inst_0_chirp/bd_0_hls_inst_0_chirp_faddfsub_32ns_32ns_32_5_full_dsp_1/bd_0_hls_inst_0_chirp_faddfsub_32ns_32ns_32_5_full_dsp_1_ip/<hidden>/<hidden>/<hidden>/<hidden>/<hidden>/<hidden>
    DSP48_X2Y27          DSP48E1                                      r  bd_0_wrapper/bd_0/bd_0_hls_inst_0/bd_0_hls_inst_0_chirp/bd_0_hls_inst_0_chirp_faddfsub_32ns_32ns_32_5_full_dsp_1/bd_0_hls_inst_0_chirp_faddfsub_32ns_32ns_32_5_full_dsp_1_ip/<hidden>/<hidden>/<hidden>/<hidden>/<hidden>/<hidden>
                         clock pessimism              0.000    10.924    
                         clock uncertainty           -0.035    10.889    
    DSP48_X2Y27          DSP48E1 (Setup_dsp48e1_CLK_A[0])
                                                     -5.474     5.415    bd_0_wrapper/bd_0/bd_0_hls_inst_0/bd_0_hls_inst_0_chirp/bd_0_hls_inst_0_chirp_faddfsub_32ns_32ns_32_5_full_dsp_1/bd_0_hls_inst_0_chirp_faddfsub_32ns_32ns_32_5_full_dsp_1_ip/<hidden>/<hidden>/<hidden>/<hidden>/<hidden>/<hidden>
  -------------------------------------------------------------------
                         required time                          5.415    
                         arrival time                          -3.555    
  -------------------------------------------------------------------
                         slack                                  1.860    

Slack (MET) :             1.867ns  (required time - arrival time)
  Source:                 bd_0_wrapper/bd_0/bd_0_hls_inst_0/bd_0_hls_inst_0_chirp/bd_0_hls_inst_0_chirp_faddfsub_32ns_32ns_32_5_full_dsp_1/bd_0_hls_inst_0_chirp_faddfsub_32ns_32ns_32_5_full_dsp_1_ip/<hidden>/<hidden>/<hidden>/<hidden>/<hidden>/<hidden>/<hidden>/<hidden>
                            (rising edge-triggered cell FDRE clocked by ap_clk  {rise@0.000ns fall@5.000ns period=10.000ns})
  Destination:            bd_0_wrapper/bd_0/bd_0_hls_inst_0/bd_0_hls_inst_0_chirp/bd_0_hls_inst_0_chirp_faddfsub_32ns_32ns_32_5_full_dsp_1/bd_0_hls_inst_0_chirp_faddfsub_32ns_32ns_32_5_full_dsp_1_ip/<hidden>/<hidden>/<hidden>/<hidden>/<hidden>/<hidden>
                            (rising edge-triggered cell DSP48E1 clocked by ap_clk  {rise@0.000ns fall@5.000ns period=10.000ns})
  Path Group:             ap_clk
  Path Type:              Setup (Max at Slow Process Corner)
  Requirement:            10.000ns  (ap_clk rise@10.000ns - ap_clk rise@0.000ns)
  Data Path Delay:        2.575ns  (logic 0.642ns (24.932%)  route 1.933ns (75.068%))
  Logic Levels:           1  (LUT3=1)
  Clock Path Skew:        -0.049ns (DCD - SCD + CPR)
    Destination Clock Delay (DCD):    0.924ns = ( 10.924 - 10.000 ) 
    Source Clock Delay      (SCD):    0.973ns
    Clock Pessimism Removal (CPR):    0.000ns
  Clock Uncertainty:      0.035ns  ((TSJ^2 + TIJ^2)^1/2 + DJ) / 2 + PE
    Total System Jitter     (TSJ):    0.071ns
    Total Input Jitter      (TIJ):    0.000ns
    Discrete Jitter          (DJ):    0.000ns
    Phase Error              (PE):    0.000ns

    Location             Delay type                Incr(ns)  Path(ns)    Netlist Resource(s)
  -------------------------------------------------------------------    -------------------
                         (clock ap_clk rise edge)     0.000     0.000 r  
                                                      0.000     0.000 r  ap_clk (IN)
                         net (fo=3100, unset)         0.973     0.973    bd_0_wrapper/bd_0/bd_0_hls_inst_0/bd_0_hls_inst_0_chirp/bd_0_hls_inst_0_chirp_faddfsub_32ns_32ns_32_5_full_dsp_1/bd_0_hls_inst_0_chirp_faddfsub_32ns_32ns_32_5_full_dsp_1_ip/<hidden>/<hidden>/<hidden>/<hidden>/<hidden>/<hidden>/<hidden>/<hidden>
    SLICE_X32Y62         FDRE                                         r  bd_0_wrapper/bd_0/bd_0_hls_inst_0/bd_0_hls_inst_0_chirp/bd_0_hls_inst_0_chirp_faddfsub_32ns_32ns_32_5_full_dsp_1/bd_0_hls_inst_0_chirp_faddfsub_32ns_32ns_32_5_full_dsp_1_ip/<hidden>/<hidden>/<hidden>/<hidden>/<hidden>/<hidden>/<hidden>/<hidden>
  -------------------------------------------------------------------    -------------------
    SLICE_X32Y62         FDRE (Prop_fdre_C_Q)         0.518     1.491 r  bd_0_wrapper/bd_0/bd_0_hls_inst_0/bd_0_hls_inst_0_chirp/bd_0_hls_inst_0_chirp_faddfsub_32ns_32ns_32_5_full_dsp_1/bd_0_hls_inst_0_chirp_faddfsub_32ns_32ns_32_5_full_dsp_1_ip/<hidden>/<hidden>/<hidden>/<hidden>/<hidden>/<hidden>/<hidden>/<hidden>
                         net (fo=54, routed)          1.155     2.646    bd_0_wrapper/bd_0/bd_0_hls_inst_0/bd_0_hls_inst_0_chirp/bd_0_hls_inst_0_chirp_faddfsub_32ns_32ns_32_5_full_dsp_1/bd_0_hls_inst_0_chirp_faddfsub_32ns_32ns_32_5_full_dsp_1_ip/<hidden>/<hidden>/<hidden>/<hidden>/<hidden>/<hidden>
    SLICE_X32Y66         LUT3 (Prop_lut3_I1_O)        0.124     2.770 r  bd_0_wrapper/bd_0/bd_0_hls_inst_0/bd_0_hls_inst_0_chirp/bd_0_hls_inst_0_chirp_faddfsub_32ns_32ns_32_5_full_dsp_1/bd_0_hls_inst_0_chirp_faddfsub_32ns_32ns_32_5_full_dsp_1_ip/<hidden>/<hidden>/<hidden>/<hidden>/<hidden>/<hidden>
                         net (fo=2, routed)           0.779     3.548    bd_0_wrapper/bd_0/bd_0_hls_inst_0/bd_0_hls_inst_0_chirp/bd_0_hls_inst_0_chirp_faddfsub_32ns_32ns_32_5_full_dsp_1/bd_0_hls_inst_0_chirp_faddfsub_32ns_32ns_32_5_full_dsp_1_ip/<hidden>/<hidden>/<hidden>/<hidden>/<hidden>/<hidden>
    DSP48_X2Y27          DSP48E1                                      r  bd_0_wrapper/bd_0/bd_0_hls_inst_0/bd_0_hls_inst_0_chirp/bd_0_hls_inst_0_chirp_faddfsub_32ns_32ns_32_5_full_dsp_1/bd_0_hls_inst_0_chirp_faddfsub_32ns_32ns_32_5_full_dsp_1_ip/<hidden>/<hidden>/<hidden>/<hidden>/<hidden>/<hidden>
  -------------------------------------------------------------------    -------------------

                         (clock ap_clk rise edge)    10.000    10.000 r  
                                                      0.000    10.000 r  ap_clk (IN)
                         net (fo=3100, unset)         0.924    10.924    bd_0_wrapper/bd_0/bd_0_hls_inst_0/bd_0_hls_inst_0_chirp/bd_0_hls_inst_0_chirp_faddfsub_32ns_32ns_32_5_full_dsp_1/bd_0_hls_inst_0_chirp_faddfsub_32ns_32ns_32_5_full_dsp_1_ip/<hidden>/<hidden>/<hidden>/<hidden>/<hidden>/<hidden>
    DSP48_X2Y27          DSP48E1                                      r  bd_0_wrapper/bd_0/bd_0_hls_inst_0/bd_0_hls_inst_0_chirp/bd_0_hls_inst_0_chirp_faddfsub_32ns_32ns_32_5_full_dsp_1/bd_0_hls_inst_0_chirp_faddfsub_32ns_32ns_32_5_full_dsp_1_ip/<hidden>/<hidden>/<hidden>/<hidden>/<hidden>/<hidden>
                         clock pessimism              0.000    10.924    
                         clock uncertainty           -0.035    10.889    
    DSP48_X2Y27          DSP48E1 (Setup_dsp48e1_CLK_A[16])
                                                     -5.474     5.415    bd_0_wrapper/bd_0/bd_0_hls_inst_0/bd_0_hls_inst_0_chirp/bd_0_hls_inst_0_chirp_faddfsub_32ns_32ns_32_5_full_dsp_1/bd_0_hls_inst_0_chirp_faddfsub_32ns_32ns_32_5_full_dsp_1_ip/<hidden>/<hidden>/<hidden>/<hidden>/<hidden>/<hidden>
  -------------------------------------------------------------------
                         required time                          5.415    
                         arrival time                          -3.548    
  -------------------------------------------------------------------
                         slack                                  1.867    

Slack (MET) :             1.889ns  (required time - arrival time)
  Source:                 bd_0_wrapper/bd_0/bd_0_hls_inst_0/bd_0_hls_inst_0_chirp/bd_0_hls_inst_0_chirp_faddfsub_32ns_32ns_32_5_full_dsp_1/bd_0_hls_inst_0_chirp_faddfsub_32ns_32ns_32_5_full_dsp_1_ip/<hidden>/<hidden>/<hidden>/<hidden>/<hidden>/<hidden>/<hidden>/<hidden>
                            (rising edge-triggered cell FDRE clocked by ap_clk  {rise@0.000ns fall@5.000ns period=10.000ns})
  Destination:            bd_0_wrapper/bd_0/bd_0_hls_inst_0/bd_0_hls_inst_0_chirp/bd_0_hls_inst_0_chirp_faddfsub_32ns_32ns_32_5_full_dsp_1/bd_0_hls_inst_0_chirp_faddfsub_32ns_32ns_32_5_full_dsp_1_ip/<hidden>/<hidden>/<hidden>/<hidden>/<hidden>/<hidden>
                            (rising edge-triggered cell DSP48E1 clocked by ap_clk  {rise@0.000ns fall@5.000ns period=10.000ns})
  Path Group:             ap_clk
  Path Type:              Setup (Max at Slow Process Corner)
  Requirement:            10.000ns  (ap_clk rise@10.000ns - ap_clk rise@0.000ns)
  Data Path Delay:        2.553ns  (logic 0.642ns (25.148%)  route 1.911ns (74.852%))
  Logic Levels:           1  (LUT3=1)
  Clock Path Skew:        -0.049ns (DCD - SCD + CPR)
    Destination Clock Delay (DCD):    0.924ns = ( 10.924 - 10.000 ) 
    Source Clock Delay      (SCD):    0.973ns
    Clock Pessimism Removal (CPR):    0.000ns
  Clock Uncertainty:      0.035ns  ((TSJ^2 + TIJ^2)^1/2 + DJ) / 2 + PE
    Total System Jitter     (TSJ):    0.071ns
    Total Input Jitter      (TIJ):    0.000ns
    Discrete Jitter          (DJ):    0.000ns
    Phase Error              (PE):    0.000ns

    Location             Delay type                Incr(ns)  Path(ns)    Netlist Resource(s)
  -------------------------------------------------------------------    -------------------
                         (clock ap_clk rise edge)     0.000     0.000 r  
                                                      0.000     0.000 r  ap_clk (IN)
                         net (fo=3100, unset)         0.973     0.973    bd_0_wrapper/bd_0/bd_0_hls_inst_0/bd_0_hls_inst_0_chirp/bd_0_hls_inst_0_chirp_faddfsub_32ns_32ns_32_5_full_dsp_1/bd_0_hls_inst_0_chirp_faddfsub_32ns_32ns_32_5_full_dsp_1_ip/<hidden>/<hidden>/<hidden>/<hidden>/<hidden>/<hidden>/<hidden>/<hidden>
    SLICE_X32Y62         FDRE                                         r  bd_0_wrapper/bd_0/bd_0_hls_inst_0/bd_0_hls_inst_0_chirp/bd_0_hls_inst_0_chirp_faddfsub_32ns_32ns_32_5_full_dsp_1/bd_0_hls_inst_0_chirp_faddfsub_32ns_32ns_32_5_full_dsp_1_ip/<hidden>/<hidden>/<hidden>/<hidden>/<hidden>/<hidden>/<hidden>/<hidden>
  -------------------------------------------------------------------    -------------------
    SLICE_X32Y62         FDRE (Prop_fdre_C_Q)         0.518     1.491 r  bd_0_wrapper/bd_0/bd_0_hls_inst_0/bd_0_hls_inst_0_chirp/bd_0_hls_inst_0_chirp_faddfsub_32ns_32ns_32_5_full_dsp_1/bd_0_hls_inst_0_chirp_faddfsub_32ns_32ns_32_5_full_dsp_1_ip/<hidden>/<hidden>/<hidden>/<hidden>/<hidden>/<hidden>/<hidden>/<hidden>
                         net (fo=54, routed)          1.246     2.737    bd_0_wrapper/bd_0/bd_0_hls_inst_0/bd_0_hls_inst_0_chirp/bd_0_hls_inst_0_chirp_faddfsub_32ns_32ns_32_5_full_dsp_1/bd_0_hls_inst_0_chirp_faddfsub_32ns_32ns_32_5_full_dsp_1_ip/<hidden>/<hidden>/<hidden>/<hidden>/<hidden>/<hidden>
    SLICE_X33Y64         LUT3 (Prop_lut3_I1_O)        0.124     2.861 r  bd_0_wrapper/bd_0/bd_0_hls_inst_0/bd_0_hls_inst_0_chirp/bd_0_hls_inst_0_chirp_faddfsub_32ns_32ns_32_5_full_dsp_1/bd_0_hls_inst_0_chirp_faddfsub_32ns_32ns_32_5_full_dsp_1_ip/<hidden>/<hidden>/<hidden>/<hidden>/<hidden>/<hidden>
                         net (fo=1, routed)           0.665     3.526    bd_0_wrapper/bd_0/bd_0_hls_inst_0/bd_0_hls_inst_0_chirp/bd_0_hls_inst_0_chirp_faddfsub_32ns_32ns_32_5_full_dsp_1/bd_0_hls_inst_0_chirp_faddfsub_32ns_32ns_32_5_full_dsp_1_ip/<hidden>/<hidden>/<hidden>/<hidden>/<hidden>/<hidden>
    DSP48_X2Y27          DSP48E1                                      r  bd_0_wrapper/bd_0/bd_0_hls_inst_0/bd_0_hls_inst_0_chirp/bd_0_hls_inst_0_chirp_faddfsub_32ns_32ns_32_5_full_dsp_1/bd_0_hls_inst_0_chirp_faddfsub_32ns_32ns_32_5_full_dsp_1_ip/<hidden>/<hidden>/<hidden>/<hidden>/<hidden>/<hidden>
  -------------------------------------------------------------------    -------------------

                         (clock ap_clk rise edge)    10.000    10.000 r  
                                                      0.000    10.000 r  ap_clk (IN)
                         net (fo=3100, unset)         0.924    10.924    bd_0_wrapper/bd_0/bd_0_hls_inst_0/bd_0_hls_inst_0_chirp/bd_0_hls_inst_0_chirp_faddfsub_32ns_32ns_32_5_full_dsp_1/bd_0_hls_inst_0_chirp_faddfsub_32ns_32ns_32_5_full_dsp_1_ip/<hidden>/<hidden>/<hidden>/<hidden>/<hidden>/<hidden>
    DSP48_X2Y27          DSP48E1                                      r  bd_0_wrapper/bd_0/bd_0_hls_inst_0/bd_0_hls_inst_0_chirp/bd_0_hls_inst_0_chirp_faddfsub_32ns_32ns_32_5_full_dsp_1/bd_0_hls_inst_0_chirp_faddfsub_32ns_32ns_32_5_full_dsp_1_ip/<hidden>/<hidden>/<hidden>/<hidden>/<hidden>/<hidden>
                         clock pessimism              0.000    10.924    
                         clock uncertainty           -0.035    10.889    
    DSP48_X2Y27          DSP48E1 (Setup_dsp48e1_CLK_A[2])
                                                     -5.474     5.415    bd_0_wrapper/bd_0/bd_0_hls_inst_0/bd_0_hls_inst_0_chirp/bd_0_hls_inst_0_chirp_faddfsub_32ns_32ns_32_5_full_dsp_1/bd_0_hls_inst_0_chirp_faddfsub_32ns_32ns_32_5_full_dsp_1_ip/<hidden>/<hidden>/<hidden>/<hidden>/<hidden>/<hidden>
  -------------------------------------------------------------------
                         required time                          5.415    
                         arrival time                          -3.526    
  -------------------------------------------------------------------
                         slack                                  1.889    

Slack (MET) :             1.905ns  (required time - arrival time)
  Source:                 bd_0_wrapper/bd_0/bd_0_hls_inst_0/bd_0_hls_inst_0_chirp/bd_0_hls_inst_0_chirp_faddfsub_32ns_32ns_32_5_full_dsp_1/bd_0_hls_inst_0_chirp_faddfsub_32ns_32ns_32_5_full_dsp_1_ip/<hidden>/<hidden>/<hidden>/<hidden>/<hidden>/<hidden>/<hidden>/<hidden>
                            (rising edge-triggered cell FDRE clocked by ap_clk  {rise@0.000ns fall@5.000ns period=10.000ns})
  Destination:            bd_0_wrapper/bd_0/bd_0_hls_inst_0/bd_0_hls_inst_0_chirp/bd_0_hls_inst_0_chirp_faddfsub_32ns_32ns_32_5_full_dsp_1/bd_0_hls_inst_0_chirp_faddfsub_32ns_32ns_32_5_full_dsp_1_ip/<hidden>/<hidden>/<hidden>/<hidden>/<hidden>/<hidden>
                            (rising edge-triggered cell DSP48E1 clocked by ap_clk  {rise@0.000ns fall@5.000ns period=10.000ns})
  Path Group:             ap_clk
  Path Type:              Setup (Max at Slow Process Corner)
  Requirement:            10.000ns  (ap_clk rise@10.000ns - ap_clk rise@0.000ns)
  Data Path Delay:        2.537ns  (logic 0.642ns (25.306%)  route 1.895ns (74.694%))
  Logic Levels:           1  (LUT3=1)
  Clock Path Skew:        -0.049ns (DCD - SCD + CPR)
    Destination Clock Delay (DCD):    0.924ns = ( 10.924 - 10.000 ) 
    Source Clock Delay      (SCD):    0.973ns
    Clock Pessimism Removal (CPR):    0.000ns
  Clock Uncertainty:      0.035ns  ((TSJ^2 + TIJ^2)^1/2 + DJ) / 2 + PE
    Total System Jitter     (TSJ):    0.071ns
    Total Input Jitter      (TIJ):    0.000ns
    Discrete Jitter          (DJ):    0.000ns
    Phase Error              (PE):    0.000ns

    Location             Delay type                Incr(ns)  Path(ns)    Netlist Resource(s)
  -------------------------------------------------------------------    -------------------
                         (clock ap_clk rise edge)     0.000     0.000 r  
                                                      0.000     0.000 r  ap_clk (IN)
                         net (fo=3100, unset)         0.973     0.973    bd_0_wrapper/bd_0/bd_0_hls_inst_0/bd_0_hls_inst_0_chirp/bd_0_hls_inst_0_chirp_faddfsub_32ns_32ns_32_5_full_dsp_1/bd_0_hls_inst_0_chirp_faddfsub_32ns_32ns_32_5_full_dsp_1_ip/<hidden>/<hidden>/<hidden>/<hidden>/<hidden>/<hidden>/<hidden>/<hidden>
    SLICE_X32Y62         FDRE                                         r  bd_0_wrapper/bd_0/bd_0_hls_inst_0/bd_0_hls_inst_0_chirp/bd_0_hls_inst_0_chirp_faddfsub_32ns_32ns_32_5_full_dsp_1/bd_0_hls_inst_0_chirp_faddfsub_32ns_32ns_32_5_full_dsp_1_ip/<hidden>/<hidden>/<hidden>/<hidden>/<hidden>/<hidden>/<hidden>/<hidden>
  -------------------------------------------------------------------    -------------------
    SLICE_X32Y62         FDRE (Prop_fdre_C_Q)         0.518     1.491 r  bd_0_wrapper/bd_0/bd_0_hls_inst_0/bd_0_hls_inst_0_chirp/bd_0_hls_inst_0_chirp_faddfsub_32ns_32ns_32_5_full_dsp_1/bd_0_hls_inst_0_chirp_faddfsub_32ns_32ns_32_5_full_dsp_1_ip/<hidden>/<hidden>/<hidden>/<hidden>/<hidden>/<hidden>/<hidden>/<hidden>
                         net (fo=54, routed)          0.999     2.490    bd_0_wrapper/bd_0/bd_0_hls_inst_0/bd_0_hls_inst_0_chirp/bd_0_hls_inst_0_chirp_faddfsub_32ns_32ns_32_5_full_dsp_1/bd_0_hls_inst_0_chirp_faddfsub_32ns_32ns_32_5_full_dsp_1_ip/<hidden>/<hidden>/<hidden>/<hidden>/<hidden>/<hidden>
    SLICE_X34Y64         LUT3 (Prop_lut3_I1_O)        0.124     2.614 r  bd_0_wrapper/bd_0/bd_0_hls_inst_0/bd_0_hls_inst_0_chirp/bd_0_hls_inst_0_chirp_faddfsub_32ns_32ns_32_5_full_dsp_1/bd_0_hls_inst_0_chirp_faddfsub_32ns_32ns_32_5_full_dsp_1_ip/<hidden>/<hidden>/<hidden>/<hidden>/<hidden>/<hidden>
                         net (fo=1, routed)           0.896     3.510    bd_0_wrapper/bd_0/bd_0_hls_inst_0/bd_0_hls_inst_0_chirp/bd_0_hls_inst_0_chirp_faddfsub_32ns_32ns_32_5_full_dsp_1/bd_0_hls_inst_0_chirp_faddfsub_32ns_32ns_32_5_full_dsp_1_ip/<hidden>/<hidden>/<hidden>/<hidden>/<hidden>/<hidden>
    DSP48_X2Y27          DSP48E1                                      r  bd_0_wrapper/bd_0/bd_0_hls_inst_0/bd_0_hls_inst_0_chirp/bd_0_hls_inst_0_chirp_faddfsub_32ns_32ns_32_5_full_dsp_1/bd_0_hls_inst_0_chirp_faddfsub_32ns_32ns_32_5_full_dsp_1_ip/<hidden>/<hidden>/<hidden>/<hidden>/<hidden>/<hidden>
  -------------------------------------------------------------------    -------------------

                         (clock ap_clk rise edge)    10.000    10.000 r  
                                                      0.000    10.000 r  ap_clk (IN)
                         net (fo=3100, unset)         0.924    10.924    bd_0_wrapper/bd_0/bd_0_hls_inst_0/bd_0_hls_inst_0_chirp/bd_0_hls_inst_0_chirp_faddfsub_32ns_32ns_32_5_full_dsp_1/bd_0_hls_inst_0_chirp_faddfsub_32ns_32ns_32_5_full_dsp_1_ip/<hidden>/<hidden>/<hidden>/<hidden>/<hidden>/<hidden>
    DSP48_X2Y27          DSP48E1                                      r  bd_0_wrapper/bd_0/bd_0_hls_inst_0/bd_0_hls_inst_0_chirp/bd_0_hls_inst_0_chirp_faddfsub_32ns_32ns_32_5_full_dsp_1/bd_0_hls_inst_0_chirp_faddfsub_32ns_32ns_32_5_full_dsp_1_ip/<hidden>/<hidden>/<hidden>/<hidden>/<hidden>/<hidden>
                         clock pessimism              0.000    10.924    
                         clock uncertainty           -0.035    10.889    
    DSP48_X2Y27          DSP48E1 (Setup_dsp48e1_CLK_A[10])
                                                     -5.474     5.415    bd_0_wrapper/bd_0/bd_0_hls_inst_0/bd_0_hls_inst_0_chirp/bd_0_hls_inst_0_chirp_faddfsub_32ns_32ns_32_5_full_dsp_1/bd_0_hls_inst_0_chirp_faddfsub_32ns_32ns_32_5_full_dsp_1_ip/<hidden>/<hidden>/<hidden>/<hidden>/<hidden>/<hidden>
  -------------------------------------------------------------------
                         required time                          5.415    
                         arrival time                          -3.510    
  -------------------------------------------------------------------
                         slack                                  1.905    

Slack (MET) :             1.912ns  (required time - arrival time)
  Source:                 bd_0_wrapper/bd_0/bd_0_hls_inst_0/bd_0_hls_inst_0_chirp/bd_0_hls_inst_0_chirp_faddfsub_32ns_32ns_32_5_full_dsp_1/bd_0_hls_inst_0_chirp_faddfsub_32ns_32ns_32_5_full_dsp_1_ip/<hidden>/<hidden>/<hidden>/<hidden>/<hidden>/<hidden>
                            (rising edge-triggered cell FDRE clocked by ap_clk  {rise@0.000ns fall@5.000ns period=10.000ns})
  Destination:            bd_0_wrapper/bd_0/bd_0_hls_inst_0/bd_0_hls_inst_0_chirp/bd_0_hls_inst_0_chirp_faddfsub_32ns_32ns_32_5_full_dsp_1/bd_0_hls_inst_0_chirp_faddfsub_32ns_32ns_32_5_full_dsp_1_ip/<hidden>/<hidden>/<hidden>/<hidden>/<hidden>/<hidden>
                            (rising edge-triggered cell DSP48E1 clocked by ap_clk  {rise@0.000ns fall@5.000ns period=10.000ns})
  Path Group:             ap_clk
  Path Type:              Setup (Max at Slow Process Corner)
  Requirement:            10.000ns  (ap_clk rise@10.000ns - ap_clk rise@0.000ns)
  Data Path Delay:        2.530ns  (logic 0.642ns (25.378%)  route 1.888ns (74.622%))
  Logic Levels:           1  (LUT3=1)
  Clock Path Skew:        -0.049ns (DCD - SCD + CPR)
    Destination Clock Delay (DCD):    0.924ns = ( 10.924 - 10.000 ) 
    Source Clock Delay      (SCD):    0.973ns
    Clock Pessimism Removal (CPR):    0.000ns
  Clock Uncertainty:      0.035ns  ((TSJ^2 + TIJ^2)^1/2 + DJ) / 2 + PE
    Total System Jitter     (TSJ):    0.071ns
    Total Input Jitter      (TIJ):    0.000ns
    Discrete Jitter          (DJ):    0.000ns
    Phase Error              (PE):    0.000ns

    Location             Delay type                Incr(ns)  Path(ns)    Netlist Resource(s)
  -------------------------------------------------------------------    -------------------
                         (clock ap_clk rise edge)     0.000     0.000 r  
                                                      0.000     0.000 r  ap_clk (IN)
                         net (fo=3100, unset)         0.973     0.973    bd_0_wrapper/bd_0/bd_0_hls_inst_0/bd_0_hls_inst_0_chirp/bd_0_hls_inst_0_chirp_faddfsub_32ns_32ns_32_5_full_dsp_1/bd_0_hls_inst_0_chirp_faddfsub_32ns_32ns_32_5_full_dsp_1_ip/<hidden>/<hidden>/<hidden>/<hidden>/<hidden>/<hidden>
    SLICE_X32Y60         FDRE                                         r  bd_0_wrapper/bd_0/bd_0_hls_inst_0/bd_0_hls_inst_0_chirp/bd_0_hls_inst_0_chirp_faddfsub_32ns_32ns_32_5_full_dsp_1/bd_0_hls_inst_0_chirp_faddfsub_32ns_32ns_32_5_full_dsp_1_ip/<hidden>/<hidden>/<hidden>/<hidden>/<hidden>/<hidden>
  -------------------------------------------------------------------    -------------------
    SLICE_X32Y60         FDRE (Prop_fdre_C_Q)         0.518     1.491 r  bd_0_wrapper/bd_0/bd_0_hls_inst_0/bd_0_hls_inst_0_chirp/bd_0_hls_inst_0_chirp_faddfsub_32ns_32ns_32_5_full_dsp_1/bd_0_hls_inst_0_chirp_faddfsub_32ns_32ns_32_5_full_dsp_1_ip/<hidden>/<hidden>/<hidden>/<hidden>/<hidden>/<hidden>
                         net (fo=3, routed)           1.034     2.525    bd_0_wrapper/bd_0/bd_0_hls_inst_0/bd_0_hls_inst_0_chirp/bd_0_hls_inst_0_chirp_faddfsub_32ns_32ns_32_5_full_dsp_1/bd_0_hls_inst_0_chirp_faddfsub_32ns_32ns_32_5_full_dsp_1_ip/<hidden>/<hidden>/<hidden>/<hidden>/<hidden>/<hidden>
    SLICE_X34Y64         LUT3 (Prop_lut3_I0_O)        0.124     2.649 r  bd_0_wrapper/bd_0/bd_0_hls_inst_0/bd_0_hls_inst_0_chirp/bd_0_hls_inst_0_chirp_faddfsub_32ns_32ns_32_5_full_dsp_1/bd_0_hls_inst_0_chirp_faddfsub_32ns_32ns_32_5_full_dsp_1_ip/<hidden>/<hidden>/<hidden>/<hidden>/<hidden>/<hidden>
                         net (fo=1, routed)           0.854     3.503    bd_0_wrapper/bd_0/bd_0_hls_inst_0/bd_0_hls_inst_0_chirp/bd_0_hls_inst_0_chirp_faddfsub_32ns_32ns_32_5_full_dsp_1/bd_0_hls_inst_0_chirp_faddfsub_32ns_32ns_32_5_full_dsp_1_ip/<hidden>/<hidden>/<hidden>/<hidden>/<hidden>/<hidden>
    DSP48_X2Y27          DSP48E1                                      r  bd_0_wrapper/bd_0/bd_0_hls_inst_0/bd_0_hls_inst_0_chirp/bd_0_hls_inst_0_chirp_faddfsub_32ns_32ns_32_5_full_dsp_1/bd_0_hls_inst_0_chirp_faddfsub_32ns_32ns_32_5_full_dsp_1_ip/<hidden>/<hidden>/<hidden>/<hidden>/<hidden>/<hidden>
  -------------------------------------------------------------------    -------------------

                         (clock ap_clk rise edge)    10.000    10.000 r  
                                                      0.000    10.000 r  ap_clk (IN)
                         net (fo=3100, unset)         0.924    10.924    bd_0_wrapper/bd_0/bd_0_hls_inst_0/bd_0_hls_inst_0_chirp/bd_0_hls_inst_0_chirp_faddfsub_32ns_32ns_32_5_full_dsp_1/bd_0_hls_inst_0_chirp_faddfsub_32ns_32ns_32_5_full_dsp_1_ip/<hidden>/<hidden>/<hidden>/<hidden>/<hidden>/<hidden>
    DSP48_X2Y27          DSP48E1                                      r  bd_0_wrapper/bd_0/bd_0_hls_inst_0/bd_0_hls_inst_0_chirp/bd_0_hls_inst_0_chirp_faddfsub_32ns_32ns_32_5_full_dsp_1/bd_0_hls_inst_0_chirp_faddfsub_32ns_32ns_32_5_full_dsp_1_ip/<hidden>/<hidden>/<hidden>/<hidden>/<hidden>/<hidden>
                         clock pessimism              0.000    10.924    
                         clock uncertainty           -0.035    10.889    
    DSP48_X2Y27          DSP48E1 (Setup_dsp48e1_CLK_A[12])
                                                     -5.474     5.415    bd_0_wrapper/bd_0/bd_0_hls_inst_0/bd_0_hls_inst_0_chirp/bd_0_hls_inst_0_chirp_faddfsub_32ns_32ns_32_5_full_dsp_1/bd_0_hls_inst_0_chirp_faddfsub_32ns_32ns_32_5_full_dsp_1_ip/<hidden>/<hidden>/<hidden>/<hidden>/<hidden>/<hidden>
  -------------------------------------------------------------------
                         required time                          5.415    
                         arrival time                          -3.503    
  -------------------------------------------------------------------
                         slack                                  1.912    




