Copyright 1986-2022 Xilinx, Inc. All Rights Reserved. Copyright 2022-2025 Advanced Micro Devices, Inc. All Rights Reserved.
---------------------------------------------------------------------------------------------------------------------------------------------
| Tool Version : Vivado v.2025.2 (win64) Build 6299465 Fri Nov 14 19:35:11 GMT 2025
| Date         : Wed Aug 19 11:12:45 2026
| Host         : BHARADWAJ running 64-bit major release  (build 9200)
| Command      : report_timing_summary -file ./report/chirp_timing_routed.rpt
| Design       : bd_0_wrapper
| Device       : 7z020-clg484
| Speed File   : -1  PRODUCTION 1.12 2019-11-22
| Design State : Routed
---------------------------------------------------------------------------------------------------------------------------------------------

Timing Summary Report

------------------------------------------------------------------------------------------------
| Timer Settings
| --------------
------------------------------------------------------------------------------------------------

  Enable Multi Corner Analysis               :  Yes
  Enable Pessimism Removal                   :  Yes
  Pessimism Removal Resolution               :  Nearest Common Node
  Enable Input Delay Default Clock           :  No
  Enable Preset / Clear Arcs                 :  No
  Disable Flight Delays                      :  No
  Ignore I/O Paths                           :  No
  Timing Early Launch at Borrowing Latches   :  No
  Borrow Time for Max Delay Exceptions       :  Yes
  Merge Timing Exceptions                    :  Yes
  Inter-SLR Compensation                     :  Conservative

  Corner  Analyze    Analyze    
  Name    Max Paths  Min Paths  
  ------  ---------  ---------  
  Slow    Yes        Yes        
  Fast    Yes        Yes        


------------------------------------------------------------------------------------------------
| Report Methodology
| ------------------
------------------------------------------------------------------------------------------------

Rule       Severity  Description                    Violations  
---------  --------  -----------------------------  ----------  
TIMING-18  Warning   Missing input or output delay  145         

Note: This report is based on the most recent report_methodology run and may not be up-to-date. Run report_methodology on the current design for the latest report.



check_timing report

Table of Contents
-----------------
1. checking no_clock (0)
2. checking constant_clock (0)
3. checking pulse_width_clock (0)
4. checking unconstrained_internal_endpoints (0)
5. checking no_input_delay (98)
6. checking no_output_delay (47)
7. checking multiple_clock (0)
8. checking generated_clocks (0)
9. checking loops (0)
10. checking partial_input_delay (0)
11. checking partial_output_delay (0)
12. checking latch_loops (0)

1. checking no_clock (0)
------------------------
 There are 0 register/latch pins with no clock.


2. checking constant_clock (0)
------------------------------
 There are 0 register/latch pins with constant_clock.


3. checking pulse_width_clock (0)
---------------------------------
 There are 0 register/latch pins which need pulse_width check


4. checking unconstrained_internal_endpoints (0)
------------------------------------------------
 There are 0 pins that are not constrained for maximum delay.

 There are 0 pins that are not constrained for maximum delay due to constant clock.


5. checking no_input_delay (98)
-------------------------------
 There are 98 input ports with no input delay specified. (HIGH)

 There are 0 input ports with no input delay but user has a false path constraint.


6. checking no_output_delay (47)
--------------------------------
 There are 47 ports with no output delay specified. (HIGH)

 There are 0 ports with no output delay but user has a false path constraint

 There are 0 ports with no output delay but with a timing clock defined on it or propagating through it


7. checking multiple_clock (0)
------------------------------
 There are 0 register/latch pins with multiple clocks.


8. checking generated_clocks (0)
--------------------------------
 There are 0 generated clocks that are not connected to a clock source.


9. checking loops (0)
---------------------
 There are 0 combinational loops in the design.


10. checking partial_input_delay (0)
------------------------------------
 There are 0 input ports with partial input delay specified.


11. checking partial_output_delay (0)
-------------------------------------
 There are 0 ports with partial output delay specified.


12. checking latch_loops (0)
----------------------------
 There are 0 combinational latch loops in the design through latch input



------------------------------------------------------------------------------------------------
| Design Timing Summary
| ---------------------
------------------------------------------------------------------------------------------------

    WNS(ns)      TNS(ns)  TNS Failing Endpoints  TNS Total Endpoints      WHS(ns)      THS(ns)  THS Failing Endpoints  THS Total Endpoints     WPWS(ns)     TPWS(ns)  TPWS Failing Endpoints  TPWS Total Endpoints  
    -------      -------  ---------------------  -------------------      -------      -------  ---------------------  -------------------     --------     --------  ----------------------  --------------------  
      1.610        0.000                      0                 4628        0.058        0.000                      0                 4628        4.020        0.000                       0                  3090  


All user specified timing constraints are met.


------------------------------------------------------------------------------------------------
| Clock Summary
| -------------
------------------------------------------------------------------------------------------------

Clock   Waveform(ns)       Period(ns)      Frequency(MHz)
-----   ------------       ----------      --------------
ap_clk  {0.000 5.000}      10.000          100.000         


------------------------------------------------------------------------------------------------
| Intra Clock Table
| -----------------
------------------------------------------------------------------------------------------------

Clock             WNS(ns)      TNS(ns)  TNS Failing Endpoints  TNS Total Endpoints      WHS(ns)      THS(ns)  THS Failing Endpoints  THS Total Endpoints     WPWS(ns)     TPWS(ns)  TPWS Failing Endpoints  TPWS Total Endpoints  
-----             -------      -------  ---------------------  -------------------      -------      -------  ---------------------  -------------------     --------     --------  ----------------------  --------------------  
ap_clk              1.610        0.000                      0                 4628        0.058        0.000                      0                 4628        4.020        0.000                       0                  3090  


------------------------------------------------------------------------------------------------
| Inter Clock Table
| -----------------
------------------------------------------------------------------------------------------------

From Clock    To Clock          WNS(ns)      TNS(ns)  TNS Failing Endpoints  TNS Total Endpoints      WHS(ns)      THS(ns)  THS Failing Endpoints  THS Total Endpoints  
----------    --------          -------      -------  ---------------------  -------------------      -------      -------  ---------------------  -------------------  


------------------------------------------------------------------------------------------------
| Other Path Groups Table
| -----------------------
------------------------------------------------------------------------------------------------

Path Group    From Clock    To Clock          WNS(ns)      TNS(ns)  TNS Failing Endpoints  TNS Total Endpoints      WHS(ns)      THS(ns)  THS Failing Endpoints  THS Total Endpoints  
----------    ----------    --------          -------      -------  ---------------------  -------------------      -------      -------  ---------------------  -------------------  


------------------------------------------------------------------------------------------------
| Timing Details
| --------------
------------------------------------------------------------------------------------------------


---------------------------------------------------------------------------------------------------
From Clock:  ap_clk
  To Clock:  ap_clk

Setup :            0  Failing Endpoints,  Worst Slack        1.610ns,  Total Violation        0.000ns
Hold  :            0  Failing Endpoints,  Worst Slack        0.058ns,  Total Violation        0.000ns
PW    :            0  Failing Endpoints,  Worst Slack        4.020ns,  Total Violation        0.000ns
---------------------------------------------------------------------------------------------------


Max Delay Paths
--------------------------------------------------------------------------------------
Slack (MET) :             1.610ns  (required time - arrival time)
  Source:                 bd_0_wrapper/bd_0/bd_0_hls_inst_0/bd_0_hls_inst_0_chirp/bd_0_hls_inst_0_chirp_faddfsub_32ns_32ns_32_5_full_dsp_1/bd_0_hls_inst_0_chirp_faddfsub_32ns_32ns_32_5_full_dsp_1_ip/<hidden>/<hidden>/<hidden>/<hidden>/<hidden>/<hidden>/<hidden>
                            (rising edge-triggered cell FDRE clocked by ap_clk  {rise@0.000ns fall@5.000ns period=10.000ns})
  Destination:            bd_0_wrapper/bd_0/bd_0_hls_inst_0/bd_0_hls_inst_0_chirp/bd_0_hls_inst_0_chirp_faddfsub_32ns_32ns_32_5_full_dsp_1/bd_0_hls_inst_0_chirp_faddfsub_32ns_32ns_32_5_full_dsp_1_ip/<hidden>/<hidden>/<hidden>/<hidden>/<hidden>/<hidden>
                            (rising edge-triggered cell DSP48E1 clocked by ap_clk  {rise@0.000ns fall@5.000ns period=10.000ns})
  Path Group:             ap_clk
  Path Type:              Setup (Max at Slow Process Corner)
  Requirement:            10.000ns  (ap_clk rise@10.000ns - ap_clk rise@0.000ns)
  Data Path Delay:        2.749ns  (logic 0.580ns (21.101%)  route 2.169ns (78.899%))
  Logic Levels:           1  (LUT6=1)
  Clock Path Skew:        -0.049ns (DCD - SCD + CPR)
    Destination Clock Delay (DCD):    0.924ns = ( 10.924 - 10.000 ) 
    Source Clock Delay      (SCD):    0.973ns
    Clock Pessimism Removal (CPR):    0.000ns
  Clock Uncertainty:      0.035ns  ((TSJ^2 + TIJ^2)^1/2 + DJ) / 2 + PE
    Total System Jitter     (TSJ):    0.071ns
    Total Input Jitter      (TIJ):    0.000ns
    Discrete Jitter          (DJ):    0.000ns
    Phase Error              (PE):    0.000ns

    Location             Delay type                Incr(ns)  Path(ns)    Netlist Resource(s)
  -------------------------------------------------------------------    -------------------
                         (clock ap_clk rise edge)     0.000     0.000 r  
                                                      0.000     0.000 r  ap_clk (IN)
                         net (fo=3100, unset)         0.973     0.973    bd_0_wrapper/bd_0/bd_0_hls_inst_0/bd_0_hls_inst_0_chirp/bd_0_hls_inst_0_chirp_faddfsub_32ns_32ns_32_5_full_dsp_1/bd_0_hls_inst_0_chirp_faddfsub_32ns_32ns_32_5_full_dsp_1_ip/<hidden>/<hidden>/<hidden>/<hidden>/<hidden>/<hidden>/<hidden>
    SLICE_X37Y64         FDRE                                         r  bd_0_wrapper/bd_0/bd_0_hls_inst_0/bd_0_hls_inst_0_chirp/bd_0_hls_inst_0_chirp_faddfsub_32ns_32ns_32_5_full_dsp_1/bd_0_hls_inst_0_chirp_faddfsub_32ns_32ns_32_5_full_dsp_1_ip/<hidden>/<hidden>/<hidden>/<hidden>/<hidden>/<hidden>/<hidden>
  -------------------------------------------------------------------    -------------------
    SLICE_X37Y64         FDRE (Prop_fdre_C_Q)         0.456     1.429 r  bd_0_wrapper/bd_0/bd_0_hls_inst_0/bd_0_hls_inst_0_chirp/bd_0_hls_inst_0_chirp_faddfsub_32ns_32ns_32_5_full_dsp_1/bd_0_hls_inst_0_chirp_faddfsub_32ns_32ns_32_5_full_dsp_1_ip/<hidden>/<hidden>/<hidden>/<hidden>/<hidden>/<hidden>/<hidden>
                         net (fo=20, routed)          1.270     2.699    bd_0_wrapper/bd_0/bd_0_hls_inst_0/bd_0_hls_inst_0_chirp/bd_0_hls_inst_0_chirp_faddfsub_32ns_32ns_32_5_full_dsp_1/bd_0_hls_inst_0_chirp_faddfsub_32ns_32ns_32_5_full_dsp_1_ip/<hidden>/<hidden>/<hidden>/<hidden>/<hidden>/<hidden>/<hidden>
    SLICE_X37Y67         LUT6 (Prop_lut6_I1_O)        0.124     2.823 r  bd_0_wrapper/bd_0/bd_0_hls_inst_0/bd_0_hls_inst_0_chirp/bd_0_hls_inst_0_chirp_faddfsub_32ns_32ns_32_5_full_dsp_1/bd_0_hls_inst_0_chirp_faddfsub_32ns_32ns_32_5_full_dsp_1_ip/<hidden>/<hidden>/<hidden>/<hidden>/<hidden>/<hidden>/<hidden>
                         net (fo=2, routed)           0.899     3.722    bd_0_wrapper/bd_0/bd_0_hls_inst_0/bd_0_hls_inst_0_chirp/bd_0_hls_inst_0_chirp_faddfsub_32ns_32ns_32_5_full_dsp_1/bd_0_hls_inst_0_chirp_faddfsub_32ns_32ns_32_5_full_dsp_1_ip/<hidden>/<hidden>/<hidden>/<hidden>/<hidden>/<hidden>
    DSP48_X2Y27          DSP48E1                                      r  bd_0_wrapper/bd_0/bd_0_hls_inst_0/bd_0_hls_inst_0_chirp/bd_0_hls_inst_0_chirp_faddfsub_32ns_32ns_32_5_full_dsp_1/bd_0_hls_inst_0_chirp_faddfsub_32ns_32ns_32_5_full_dsp_1_ip/<hidden>/<hidden>/<hidden>/<hidden>/<hidden>/<hidden>
  -------------------------------------------------------------------    -------------------

                         (clock ap_clk rise edge)    10.000    10.000 r  
                                                      0.000    10.000 r  ap_clk (IN)
                         net (fo=3100, unset)         0.924    10.924    bd_0_wrapper/bd_0/bd_0_hls_inst_0/bd_0_hls_inst_0_chirp/bd_0_hls_inst_0_chirp_faddfsub_32ns_32ns_32_5_full_dsp_1/bd_0_hls_inst_0_chirp_faddfsub_32ns_32ns_32_5_full_dsp_1_ip/<hidden>/<hidden>/<hidden>/<hidden>/<hidden>/<hidden>
    DSP48_X2Y27          DSP48E1                                      r  bd_0_wrapper/bd_0/bd_0_hls_inst_0/bd_0_hls_inst_0_chirp/bd_0_hls_inst_0_chirp_faddfsub_32ns_32ns_32_5_full_dsp_1/bd_0_hls_inst_0_chirp_faddfsub_32ns_32ns_32_5_full_dsp_1_ip/<hidden>/<hidden>/<hidden>/<hidden>/<hidden>/<hidden>
                         clock pessimism              0.000    10.924    
                         clock uncertainty           -0.035    10.889    
    DSP48_X2Y27          DSP48E1 (Setup_dsp48e1_CLK_INMODE[2])
                                                     -5.557     5.332    bd_0_wrapper/bd_0/bd_0_hls_inst_0/bd_0_hls_inst_0_chirp/bd_0_hls_inst_0_chirp_faddfsub_32ns_32ns_32_5_full_dsp_1/bd_0_hls_inst_0_chirp_faddfsub_32ns_32ns_32_5_full_dsp_1_ip/<hidden>/<hidden>/<hidden>/<hidden>/<hidden>/<hidden>
  -------------------------------------------------------------------
                         required time                          5.332    
                         arrival time                          -3.722    
  -------------------------------------------------------------------
                         slack                                  1.610    





Min Delay Paths
--------------------------------------------------------------------------------------
Slack (MET) :             0.058ns  (arrival time - required time)
  Source:                 bd_0_wrapper/bd_0/bd_0_hls_inst_0/bd_0_hls_inst_0_chirp/bd_0_hls_inst_0_chirp_fdiv_32ns_32ns_32_16_no_dsp_1/bd_0_hls_inst_0_chirp_fdiv_32ns_32ns_32_16_no_dsp_1_ip/<hidden>/<hidden>/<hidden>/<hidden>/<hidden>/<hidden>
                            (rising edge-triggered cell FDRE clocked by ap_clk  {rise@0.000ns fall@5.000ns period=10.000ns})
  Destination:            bd_0_wrapper/bd_0/bd_0_hls_inst_0/bd_0_hls_inst_0_chirp/bd_0_hls_inst_0_chirp_fdiv_32ns_32ns_32_16_no_dsp_1/bd_0_hls_inst_0_chirp_fdiv_32ns_32ns_32_16_no_dsp_1_ip/<hidden>/<hidden>/<hidden>/<hidden>/<hidden>/<hidden>
                            (rising edge-triggered cell SRL16E clocked by ap_clk  {rise@0.000ns fall@5.000ns period=10.000ns})
  Path Group:             ap_clk
  Path Type:              Hold (Min at Fast Process Corner)
  Requirement:            0.000ns  (ap_clk rise@0.000ns - ap_clk rise@0.000ns)
  Data Path Delay:        0.197ns  (logic 0.141ns (71.611%)  route 0.056ns (28.389%))
  Logic Levels:           0  
  Clock Path Skew:        0.022ns (DCD - SCD - CPR)
    Destination Clock Delay (DCD):    0.432ns
    Source Clock Delay      (SCD):    0.410ns
    Clock Pessimism Removal (CPR):    -0.000ns

    Location             Delay type                Incr(ns)  Path(ns)    Netlist Resource(s)
  -------------------------------------------------------------------    -------------------
                         (clock ap_clk rise edge)     0.000     0.000 r  
                                                      0.000     0.000 r  ap_clk (IN)
                         net (fo=3100, unset)         0.410     0.410    bd_0_wrapper/bd_0/bd_0_hls_inst_0/bd_0_hls_inst_0_chirp/bd_0_hls_inst_0_chirp_fdiv_32ns_32ns_32_16_no_dsp_1/bd_0_hls_inst_0_chirp_fdiv_32ns_32ns_32_16_no_dsp_1_ip/<hidden>/<hidden>/<hidden>/<hidden>/<hidden>/<hidden>
    SLICE_X47Y67         FDRE                                         r  bd_0_wrapper/bd_0/bd_0_hls_inst_0/bd_0_hls_inst_0_chirp/bd_0_hls_inst_0_chirp_fdiv_32ns_32ns_32_16_no_dsp_1/bd_0_hls_inst_0_chirp_fdiv_32ns_32ns_32_16_no_dsp_1_ip/<hidden>/<hidden>/<hidden>/<hidden>/<hidden>/<hidden>
  -------------------------------------------------------------------    -------------------
    SLICE_X47Y67         FDRE (Prop_fdre_C_Q)         0.141     0.551 r  bd_0_wrapper/bd_0/bd_0_hls_inst_0/bd_0_hls_inst_0_chirp/bd_0_hls_inst_0_chirp_fdiv_32ns_32ns_32_16_no_dsp_1/bd_0_hls_inst_0_chirp_fdiv_32ns_32ns_32_16_no_dsp_1_ip/<hidden>/<hidden>/<hidden>/<hidden>/<hidden>/<hidden>
                         net (fo=1, routed)           0.056     0.607    bd_0_wrapper/bd_0/bd_0_hls_inst_0/bd_0_hls_inst_0_chirp/bd_0_hls_inst_0_chirp_fdiv_32ns_32ns_32_16_no_dsp_1/bd_0_hls_inst_0_chirp_fdiv_32ns_32ns_32_16_no_dsp_1_ip/<hidden>/<hidden>/<hidden>/<hidden>/<hidden>/<hidden>
    SLICE_X46Y67         SRL16E                                       r  bd_0_wrapper/bd_0/bd_0_hls_inst_0/bd_0_hls_inst_0_chirp/bd_0_hls_inst_0_chirp_fdiv_32ns_32ns_32_16_no_dsp_1/bd_0_hls_inst_0_chirp_fdiv_32ns_32ns_32_16_no_dsp_1_ip/<hidden>/<hidden>/<hidden>/<hidden>/<hidden>/<hidden>
  -------------------------------------------------------------------    -------------------

                         (clock ap_clk rise edge)     0.000     0.000 r  
                                                      0.000     0.000 r  ap_clk (IN)
                         net (fo=3100, unset)         0.432     0.432    bd_0_wrapper/bd_0/bd_0_hls_inst_0/bd_0_hls_inst_0_chirp/bd_0_hls_inst_0_chirp_fdiv_32ns_32ns_32_16_no_dsp_1/bd_0_hls_inst_0_chirp_fdiv_32ns_32ns_32_16_no_dsp_1_ip/<hidden>/<hidden>/<hidden>/<hidden>/<hidden>/<hidden>
    SLICE_X46Y67         SRL16E                                       r  bd_0_wrapper/bd_0/bd_0_hls_inst_0/bd_0_hls_inst_0_chirp/bd_0_hls_inst_0_chirp_fdiv_32ns_32ns_32_16_no_dsp_1/bd_0_hls_inst_0_chirp_fdiv_32ns_32ns_32_16_no_dsp_1_ip/<hidden>/<hidden>/<hidden>/<hidden>/<hidden>/<hidden>
                         clock pessimism              0.000     0.432    
    SLICE_X46Y67         SRL16E (Hold_srl16e_CLK_D)
                                                      0.117     0.549    bd_0_wrapper/bd_0/bd_0_hls_inst_0/bd_0_hls_inst_0_chirp/bd_0_hls_inst_0_chirp_fdiv_32ns_32ns_32_16_no_dsp_1/bd_0_hls_inst_0_chirp_fdiv_32ns_32ns_32_16_no_dsp_1_ip/<hidden>/<hidden>/<hidden>/<hidden>/<hidden>/<hidden>
  -------------------------------------------------------------------
                         required time                         -0.549    
                         arrival time                           0.607    
  -------------------------------------------------------------------
                         slack                                  0.058    





Pulse Width Checks
--------------------------------------------------------------------------------------
Clock Name:         ap_clk
Waveform(ns):       { 0.000 5.000 }
Period(ns):         10.000
Sources:            { ap_clk }

Check Type        Corner  Lib Pin      Reference Pin  Required(ns)  Actual(ns)  Slack(ns)  Location      Pin
Min Period        n/a     DSP48E1/CLK  n/a            3.884         10.000      6.116      DSP48_X1Y14   bd_0_wrapper/bd_0/bd_0_hls_inst_0/bd_0_hls_inst_0_chirp/bd_0_hls_inst_0_chirp_chirp_Pipeline_VITIS_LOOP_17_1/bd_0_hls_inst_0_chirp_dmul_64ns_64ns_64_7_max_dsp_1/bd_0_hls_inst_0_chirp_dmul_64ns_64ns_64_7_max_dsp_1_ip/<hidden>/<hidden>/<hidden>/<hidden>/<hidden>/<hidden>
Low Pulse Width   Slow    SRL16E/CLK   n/a            0.980         5.000       4.020      SLICE_X46Y68  bd_0_wrapper/bd_0/bd_0_hls_inst_0/bd_0_hls_inst_0_chirp/bd_0_hls_inst_0_chirp_fdiv_32ns_32ns_32_16_no_dsp_1/bd_0_hls_inst_0_chirp_fdiv_32ns_32ns_32_16_no_dsp_1_ip/<hidden>/<hidden>/<hidden>/<hidden>/<hidden>/<hidden>
High Pulse Width  Slow    SRL16E/CLK   n/a            0.980         5.000       4.020      SLICE_X46Y68  bd_0_wrapper/bd_0/bd_0_hls_inst_0/bd_0_hls_inst_0_chirp/bd_0_hls_inst_0_chirp_fdiv_32ns_32ns_32_16_no_dsp_1/bd_0_hls_inst_0_chirp_fdiv_32ns_32ns_32_16_no_dsp_1_ip/<hidden>/<hidden>/<hidden>/<hidden>/<hidden>/<hidden>



