Copyright 1986-2022 Xilinx, Inc. All Rights Reserved. Copyright 2022-2025 Advanced Micro Devices, Inc. All Rights Reserved.
---------------------------------------------------------------------------------------------------------------------------------------------
| Tool Version : Vivado v.2025.2 (win64) Build 6299465 Fri Nov 14 19:35:11 GMT 2025
| Date         : Wed Aug 19 11:11:02 2026
| Host         : BHARADWAJ running 64-bit major release  (build 9200)
| Command      : report_design_analysis -file ./report/chirp_design_analysis_synth.rpt
| Design       : bd_0_wrapper
| Device       : xc7z020
| Design State : Synthesized
---------------------------------------------------------------------------------------------------------------------------------------------

Report Design Analysis

Table of Contents
-----------------
1. Setup Path Characteristics 1-1
2. Logic Level Distribution
3. Placer Final Level Congestion Reporting

1. Setup Path Characteristics 1-1
---------------------------------

+---------------------------+------------------------------------------+
|      Characteristics      |                  Path #1                 |
+---------------------------+------------------------------------------+
| Requirement               | 10.000                                   |
| Path Delay                | 2.635                                    |
| Logic Delay               | 0.813(31%)                               |
| Net Delay                 | 1.822(69%)                               |
| Clock Skew                | -0.049                                   |
| Slack                     | 1.724                                    |
| Clock Uncertainty         | 0.035                                    |
| Clock Pair Classification | Timed                                    |
| Clock Delay Group         | Same Clock                               |
| Logic Levels              | 1                                        |
| Routes                    | NA                                       |
| Logical Path              | FDRE/C-(18)-LUT6-(2)-DSP48E1/INMODE[1]   |
| Start Point Clock         | ap_clk                                   |
| End Point Clock           | ap_clk                                   |
| DSP Block                 | Seq                                      |
| RAM Registers             | None-None                                |
| IO Crossings              | 0                                        |
| Config Crossings          | 0                                        |
| SLR Crossings             | 0                                        |
| PBlocks                   | 0                                        |
| High Fanout               | 18                                       |
| ASYNC REG                 | 0                                        |
| Dont Touch                | 0                                        |
| Mark Debug                | 0                                        |
| Start Point Pin Primitive | FDRE/C                                   |
| End Point Pin Primitive   | DSP48E1/INMODE[1]                        |
| Start Point Pin           | opt_has_pipe.first_q_reg[5]/C            |
| End Point Pin             | i_no_versal_es1_workaround.DSP/INMODE[1] |
+---------------------------+------------------------------------------+
* Bounding box calculated as % of dimensions for the target device (308, 299)


2. Logic Level Distribution
---------------------------

+-----------------+-------------+-----+-----+-----+----+----+----+---+---+---+----+----+----+----+
| End Point Clock | Requirement |  0  |  1  |  2  |  3 |  4 |  5 | 6 | 7 | 8 |  9 | 14 | 15 | 16 |
+-----------------+-------------+-----+-----+-----+----+----+----+---+---+---+----+----+----+----+
| ap_clk          | 10.000ns    | 384 | 211 | 147 | 44 | 12 | 66 | 9 | 9 | 8 | 26 | 24 | 48 | 12 |
+-----------------+-------------+-----+-----+-----+----+----+----+---+---+---+----+----+----+----+
* Columns represent the logic levels per end point clock
** Distribution is for top worst 1000 paths


3. Placer Final Level Congestion Reporting
------------------------------------------

+-----------+------+-------+------------+--------+---------------+----------------+-----+--------+------+------+------+-----+-------+-----+------------+
| Direction | Type | Level | Congestion | Window | Combined LUTs | Avg LUT Inputs | LUT | LUTRAM | Flop | MUXF | RAMB | DSP | CARRY | SRL | Cell Names |
+-----------+------+-------+------------+--------+---------------+----------------+-----+--------+------+------+------+-----+-------+-----+------------+
* The design has not been placed, hence congestion data is not available. The command report_design_analysis -congestion should be run only after place_design has completed.


