Copyright 1986-2022 Xilinx, Inc. All Rights Reserved. Copyright 2022-2025 Advanced Micro Devices, Inc. All Rights Reserved.
---------------------------------------------------------------------------------------------------------------------------------------------
| Tool Version : Vivado v.2025.2 (win64) Build 6299465 Fri Nov 14 19:35:11 GMT 2025
| Date         : Tue Aug 18 16:03:48 2026
| Host         : BHARADWAJ running 64-bit major release  (build 9200)
| Command      : report_utilization -hierarchical -hierarchical_depth 6 -file ./report/chirp_utilization_hierarchical_routed.rpt
| Design       : bd_0_wrapper
| Device       : xc7z020clg484-1
| Speed File   : -1
| Design State : Routed
---------------------------------------------------------------------------------------------------------------------------------------------

Utilization Design Information

Table of Contents
-----------------
1. Utilization by Hierarchy

1. Utilization by Hierarchy
---------------------------

+----------------------------------------------------------------------+--------------------------------------------------------------------------------------------------------+------------+------------+---------+------+------+--------+--------+------------+
|                               Instance                               |                                                 Module                                                 | Total LUTs | Logic LUTs | LUTRAMs | SRLs |  FFs | RAMB36 | RAMB18 | DSP Blocks |
+----------------------------------------------------------------------+--------------------------------------------------------------------------------------------------------+------------+------------+---------+------+------+--------+--------+------------+
| bd_0_wrapper                                                         |                                                                                                  (top) |       3036 |       2889 |       0 |  147 | 3281 |      0 |      0 |         39 |
|   bd_0_i                                                             |                                                                                                   bd_0 |       3036 |       2889 |       0 |  147 | 3281 |      0 |      0 |         39 |
|     hls_inst                                                         |                                                                                        bd_0_hls_inst_0 |       3036 |       2889 |       0 |  147 | 3281 |      0 |      0 |         39 |
|       inst                                                           |                                                                                  bd_0_hls_inst_0_chirp |       3036 |       2889 |       0 |  147 | 3281 |      0 |      0 |         39 |
|         (inst)                                                       |                                                                                  bd_0_hls_inst_0_chirp |          5 |          5 |       0 |    0 |  308 |      0 |      0 |          0 |
|         fdiv_32ns_32ns_32_16_no_dsp_1_U53                            |                                                    bd_0_hls_inst_0_chirp_fdiv_32ns_32ns_32_16_no_dsp_1 |        803 |        774 |       0 |   29 |  729 |      0 |      0 |          0 |
|           (fdiv_32ns_32ns_32_16_no_dsp_1_U53)                        |                                                    bd_0_hls_inst_0_chirp_fdiv_32ns_32ns_32_16_no_dsp_1 |         32 |         32 |       0 |    0 |   64 |      0 |      0 |          0 |
|           chirp_fdiv_32ns_32ns_32_16_no_dsp_1_ip_u                   |                                                 bd_0_hls_inst_0_chirp_fdiv_32ns_32ns_32_16_no_dsp_1_ip |        771 |        742 |       0 |   29 |  665 |      0 |      0 |          0 |
|             U0                                                       |                                                bd_0_hls_inst_0_floating_point_v7_1_21__parameterized13 |        771 |        742 |       0 |   29 |  665 |      0 |      0 |          0 |
|         fmul_32ns_32ns_32_4_max_dsp_1_U52                            |                                         bd_0_hls_inst_0_chirp_fmul_32ns_32ns_32_4_max_dsp_1__xdcDup__1 |        105 |        105 |       0 |    0 |  111 |      0 |      0 |          3 |
|           (fmul_32ns_32ns_32_4_max_dsp_1_U52)                        |                                         bd_0_hls_inst_0_chirp_fmul_32ns_32ns_32_4_max_dsp_1__xdcDup__1 |         33 |         33 |       0 |    0 |   64 |      0 |      0 |          0 |
|           chirp_fmul_32ns_32ns_32_4_max_dsp_1_ip_u                   |                                                 bd_0_hls_inst_0_chirp_fmul_32ns_32ns_32_4_max_dsp_1_ip |         72 |         72 |       0 |    0 |   47 |      0 |      0 |          3 |
|             U0                                                       |                                                 bd_0_hls_inst_0_floating_point_v7_1_21__parameterized1 |         72 |         72 |       0 |    0 |   47 |      0 |      0 |          3 |
|         grp_chirp_Pipeline_VITIS_LOOP_60_1_VITIS_LOOP_63_2_fu_96     |                                   bd_0_hls_inst_0_chirp_chirp_Pipeline_VITIS_LOOP_60_1_VITIS_LOOP_63_2 |       2014 |       1896 |       0 |  118 | 2099 |      0 |      0 |         32 |
|           (grp_chirp_Pipeline_VITIS_LOOP_60_1_VITIS_LOOP_63_2_fu_96) |                                   bd_0_hls_inst_0_chirp_chirp_Pipeline_VITIS_LOOP_60_1_VITIS_LOOP_63_2 |        875 |        778 |       0 |   97 | 1050 |      0 |      0 |          0 |
|           (fcmp_32ns_32ns_1_2_no_dsp_1_U9)                           |                                                      bd_0_hls_inst_0_chirp_fcmp_32ns_32ns_1_2_no_dsp_1 |          9 |          9 |       0 |    0 |   64 |      0 |      0 |          0 |
|           (fptrunc_64ns_32_2_no_dsp_1_U7)                            |                                                       bd_0_hls_inst_0_chirp_fptrunc_64ns_32_2_no_dsp_1 |          0 |          0 |       0 |    0 |   63 |      0 |      0 |          0 |
|           dmul_64ns_64ns_64_7_max_dsp_1_U10                          |                                                    bd_0_hls_inst_0_chirp_dmul_64ns_64ns_64_7_max_dsp_1 |         80 |         67 |       0 |   13 |  181 |      0 |      0 |         11 |
|             chirp_dmul_64ns_64ns_64_7_max_dsp_1_ip_u                 |                                                 bd_0_hls_inst_0_chirp_dmul_64ns_64ns_64_7_max_dsp_1_ip |         80 |         67 |       0 |   13 |  147 |      0 |      0 |         11 |
|           fadd_32ns_32ns_32_5_full_dsp_1_U1                          |                                                   bd_0_hls_inst_0_chirp_fadd_32ns_32ns_32_5_full_dsp_1 |        168 |        168 |       0 |    0 |  171 |      0 |      0 |          2 |
|             (fadd_32ns_32ns_32_5_full_dsp_1_U1)                      |                                                   bd_0_hls_inst_0_chirp_fadd_32ns_32ns_32_5_full_dsp_1 |          0 |          0 |       0 |    0 |   64 |      0 |      0 |          0 |
|             chirp_fadd_32ns_32ns_32_5_full_dsp_1_ip_u                |                                                bd_0_hls_inst_0_chirp_fadd_32ns_32ns_32_5_full_dsp_1_ip |        168 |        168 |       0 |    0 |  107 |      0 |      0 |          2 |
|           fmul_32ns_32ns_32_4_max_dsp_1_U3                           |                                         bd_0_hls_inst_0_chirp_fmul_32ns_32ns_32_4_max_dsp_1__xdcDup__2 |         72 |         72 |       0 |    0 |  111 |      0 |      0 |          3 |
|             (fmul_32ns_32ns_32_4_max_dsp_1_U3)                       |                                         bd_0_hls_inst_0_chirp_fmul_32ns_32ns_32_4_max_dsp_1__xdcDup__2 |          0 |          0 |       0 |    0 |   64 |      0 |      0 |          0 |
|             chirp_fmul_32ns_32ns_32_4_max_dsp_1_ip_u                 |                                              bd_0_hls_inst_0_chirp_fmul_32ns_32ns_32_4_max_dsp_1_ip__3 |         72 |         72 |       0 |    0 |   47 |      0 |      0 |          3 |
|           fmul_32ns_32ns_32_4_max_dsp_1_U4                           |                                                    bd_0_hls_inst_0_chirp_fmul_32ns_32ns_32_4_max_dsp_1 |         72 |         72 |       0 |    0 |   79 |      0 |      0 |          3 |
|             chirp_fmul_32ns_32ns_32_4_max_dsp_1_ip_u                 |                                              bd_0_hls_inst_0_chirp_fmul_32ns_32ns_32_4_max_dsp_1_ip__4 |         72 |         72 |       0 |    0 |   47 |      0 |      0 |          3 |
|           mul_15ns_15ns_30_1_1_U18                                   |                                                             bd_0_hls_inst_0_chirp_mul_15ns_15ns_30_1_1 |         96 |         96 |       0 |    0 |    0 |      0 |      0 |          1 |
|           ref_4oPi_table_100_U                                       | bd_0_hls_inst_0_chirp_chirp_Pipeline_VITIS_LOOP_60_1_VITIS_LOOP_63_2_ref_4oPi_table_100_ROM_1P_LUTRbkb |         56 |         56 |       0 |    0 |   93 |      0 |      0 |          0 |
|           second_order_float_sin_cos_K0_U                            | bd_0_hls_inst_0_chirp_chirp_Pipeline_VITIS_LOOP_60_1_VITIS_LOOP_63_2_second_order_float_sin_cos_K0_cud |        107 |        107 |       0 |    0 |   29 |      0 |      0 |          0 |
|           second_order_float_sin_cos_K1_U                            | bd_0_hls_inst_0_chirp_chirp_Pipeline_VITIS_LOOP_60_1_VITIS_LOOP_63_2_second_order_float_sin_cos_K1_dEe |         88 |         88 |       0 |    0 |    6 |      0 |      0 |          0 |
|           sitofp_32ns_32_6_no_dsp_1_U6                               |                                                        bd_0_hls_inst_0_chirp_sitofp_32ns_32_6_no_dsp_1 |        117 |        117 |       0 |    0 |  153 |      0 |      0 |          0 |
|             chirp_sitofp_32ns_32_6_no_dsp_1_ip_u                     |                                                     bd_0_hls_inst_0_chirp_sitofp_32ns_32_6_no_dsp_1_ip |        117 |        117 |       0 |    0 |  130 |      0 |      0 |          0 |
|         mul_31ns_31ns_62_2_1_U54                                     |                                                             bd_0_hls_inst_0_chirp_mul_31ns_31ns_62_2_1 |        109 |        109 |       0 |    0 |   34 |      0 |      0 |          4 |
+----------------------------------------------------------------------+--------------------------------------------------------------------------------------------------------+------------+------------+---------+------+------+--------+--------+------------+
* Note: The sum of lower-level cells may be larger than their parent cells total, due to cross-hierarchy LUT combining


