Copyright 1986-2022 Xilinx, Inc. All Rights Reserved. Copyright 2022-2025 Advanced Micro Devices, Inc. All Rights Reserved.
---------------------------------------------------------------------------------------------------------------------------------------------
| Tool Version : Vivado v.2025.2 (win64) Build 6299465 Fri Nov 14 19:35:11 GMT 2025
| Date         : Wed Aug 19 11:10:53 2026
| Host         : BHARADWAJ running 64-bit major release  (build 9200)
| Command      : report_utilization -hierarchical -hierarchical_depth 6 -file ./report/chirp_utilization_hierarchical_synth.rpt
| Design       : bd_0_wrapper
| Device       : xc7z020clg484-1
| Speed File   : -1
| Design State : Synthesized
---------------------------------------------------------------------------------------------------------------------------------------------

Utilization Design Information

Table of Contents
-----------------
1. Utilization by Hierarchy

1. Utilization by Hierarchy
---------------------------

+---------------------------------------------------------+-----------------------------------------------------------------------------------------------------+------------+------------+---------+------+------+--------+--------+------------+
|                         Instance                        |                                                Module                                               | Total LUTs | Logic LUTs | LUTRAMs | SRLs |  FFs | RAMB36 | RAMB18 | DSP Blocks |
+---------------------------------------------------------+-----------------------------------------------------------------------------------------------------+------------+------------+---------+------+------+--------+--------+------------+
| bd_0_wrapper                                            |                                                                                               (top) |       2968 |       2800 |       0 |  168 | 3049 |      0 |      0 |         35 |
|   bd_0_i                                                |                                                                                                bd_0 |       2968 |       2800 |       0 |  168 | 3049 |      0 |      0 |         35 |
|     hls_inst                                            |                                                                                     bd_0_hls_inst_0 |       2968 |       2800 |       0 |  168 | 3049 |      0 |      0 |         35 |
|       inst                                              |                                                                               bd_0_hls_inst_0_chirp |       2968 |       2800 |       0 |  168 | 3049 |      0 |      0 |         35 |
|         (inst)                                          |                                                                               bd_0_hls_inst_0_chirp |          9 |          9 |       0 |    0 |  199 |      0 |      0 |          0 |
|         faddfsub_32ns_32ns_32_5_full_dsp_1_U44          |                                            bd_0_hls_inst_0_chirp_faddfsub_32ns_32ns_32_5_full_dsp_1 |        226 |        226 |       0 |    0 |  176 |      0 |      0 |          2 |
|           (faddfsub_32ns_32ns_32_5_full_dsp_1_U44)      |                                            bd_0_hls_inst_0_chirp_faddfsub_32ns_32ns_32_5_full_dsp_1 |          0 |          0 |       0 |    0 |   65 |      0 |      0 |          0 |
|           chirp_faddfsub_32ns_32ns_32_5_full_dsp_1_ip_u |                                         bd_0_hls_inst_0_chirp_faddfsub_32ns_32ns_32_5_full_dsp_1_ip |        226 |        226 |       0 |    0 |  111 |      0 |      0 |          2 |
|             U0                                          |                                              bd_0_hls_inst_0_floating_point_v7_1_21__parameterized9 |        226 |        226 |       0 |    0 |  111 |      0 |      0 |          2 |
|         fdiv_32ns_32ns_32_16_no_dsp_1_U46               |                                                 bd_0_hls_inst_0_chirp_fdiv_32ns_32ns_32_16_no_dsp_1 |        821 |        787 |       0 |   34 |  762 |      0 |      0 |          0 |
|           (fdiv_32ns_32ns_32_16_no_dsp_1_U46)           |                                                 bd_0_hls_inst_0_chirp_fdiv_32ns_32ns_32_16_no_dsp_1 |         33 |         33 |       0 |    0 |   64 |      0 |      0 |          0 |
|           chirp_fdiv_32ns_32ns_32_16_no_dsp_1_ip_u      |                                              bd_0_hls_inst_0_chirp_fdiv_32ns_32ns_32_16_no_dsp_1_ip |        788 |        754 |       0 |   34 |  698 |      0 |      0 |          0 |
|             U0                                          |                                             bd_0_hls_inst_0_floating_point_v7_1_21__parameterized11 |        788 |        754 |       0 |   34 |  698 |      0 |      0 |          0 |
|         fmul_32ns_32ns_32_4_max_dsp_1_U45               |                                      bd_0_hls_inst_0_chirp_fmul_32ns_32ns_32_4_max_dsp_1__xdcDup__1 |         92 |         92 |       0 |    0 |  113 |      0 |      0 |          3 |
|           (fmul_32ns_32ns_32_4_max_dsp_1_U45)           |                                      bd_0_hls_inst_0_chirp_fmul_32ns_32ns_32_4_max_dsp_1__xdcDup__1 |         17 |         17 |       0 |    0 |   64 |      0 |      0 |          0 |
|           chirp_fmul_32ns_32ns_32_4_max_dsp_1_ip_u      |                                              bd_0_hls_inst_0_chirp_fmul_32ns_32ns_32_4_max_dsp_1_ip |         75 |         75 |       0 |    0 |   49 |      0 |      0 |          3 |
|             U0                                          |                                                              bd_0_hls_inst_0_floating_point_v7_1_21 |         75 |         75 |       0 |    0 |   49 |      0 |      0 |          3 |
|         grp_chirp_Pipeline_VITIS_LOOP_17_1_fu_60        |                                                bd_0_hls_inst_0_chirp_chirp_Pipeline_VITIS_LOOP_17_1 |       1820 |       1686 |       0 |  134 | 1799 |      0 |      0 |         30 |
|           (grp_chirp_Pipeline_VITIS_LOOP_17_1_fu_60)    |                                                bd_0_hls_inst_0_chirp_chirp_Pipeline_VITIS_LOOP_17_1 |        828 |        726 |       0 |  102 |  952 |      0 |      0 |          0 |
|           dmul_64ns_64ns_64_7_max_dsp_1_U9              |                                                 bd_0_hls_inst_0_chirp_dmul_64ns_64ns_64_7_max_dsp_1 |         91 |         74 |       0 |   17 |  214 |      0 |      0 |         11 |
|             (dmul_64ns_64ns_64_7_max_dsp_1_U9)          |                                                 bd_0_hls_inst_0_chirp_dmul_64ns_64ns_64_7_max_dsp_1 |          0 |          0 |       0 |    0 |   64 |      0 |      0 |          0 |
|             chirp_dmul_64ns_64ns_64_7_max_dsp_1_ip_u    |                                              bd_0_hls_inst_0_chirp_dmul_64ns_64ns_64_7_max_dsp_1_ip |         91 |         74 |       0 |   17 |  150 |      0 |      0 |         11 |
|           fmul_32ns_32ns_32_4_max_dsp_1_U3              |                                      bd_0_hls_inst_0_chirp_fmul_32ns_32ns_32_4_max_dsp_1__xdcDup__2 |         75 |         75 |       0 |    0 |  113 |      0 |      0 |          3 |
|             (fmul_32ns_32ns_32_4_max_dsp_1_U3)          |                                      bd_0_hls_inst_0_chirp_fmul_32ns_32ns_32_4_max_dsp_1__xdcDup__2 |          0 |          0 |       0 |    0 |   64 |      0 |      0 |          0 |
|             chirp_fmul_32ns_32ns_32_4_max_dsp_1_ip_u    |                                           bd_0_hls_inst_0_chirp_fmul_32ns_32ns_32_4_max_dsp_1_ip__3 |         75 |         75 |       0 |    0 |   49 |      0 |      0 |          3 |
|           fmul_32ns_32ns_32_4_max_dsp_1_U4              |                                                 bd_0_hls_inst_0_chirp_fmul_32ns_32ns_32_4_max_dsp_1 |         75 |         75 |       0 |    0 |   81 |      0 |      0 |          3 |
|             chirp_fmul_32ns_32ns_32_4_max_dsp_1_ip_u    |                                           bd_0_hls_inst_0_chirp_fmul_32ns_32ns_32_4_max_dsp_1_ip__4 |         75 |         75 |       0 |    0 |   49 |      0 |      0 |          3 |
|           fpext_32ns_64_2_no_dsp_1_U8                   |                                                      bd_0_hls_inst_0_chirp_fpext_32ns_64_2_no_dsp_1 |         67 |         67 |       0 |    0 |   32 |      0 |      0 |          0 |
|             chirp_fpext_32ns_64_2_no_dsp_1_ip_u         |                                                   bd_0_hls_inst_0_chirp_fpext_32ns_64_2_no_dsp_1_ip |         67 |         67 |       0 |    0 |    0 |      0 |      0 |          0 |
|           fptrunc_64ns_32_2_no_dsp_1_U7                 |                                                    bd_0_hls_inst_0_chirp_fptrunc_64ns_32_2_no_dsp_1 |         42 |         42 |       0 |    0 |   63 |      0 |      0 |          0 |
|             (fptrunc_64ns_32_2_no_dsp_1_U7)             |                                                    bd_0_hls_inst_0_chirp_fptrunc_64ns_32_2_no_dsp_1 |          0 |          0 |       0 |    0 |   63 |      0 |      0 |          0 |
|           mul_15ns_15ns_30_1_1_U17                      |                                                          bd_0_hls_inst_0_chirp_mul_15ns_15ns_30_1_1 |         96 |         96 |       0 |    0 |    0 |      0 |      0 |          1 |
|           ref_4oPi_table_100_U                          |            bd_0_hls_inst_0_chirp_chirp_Pipeline_VITIS_LOOP_17_1_ref_4oPi_table_100_ROM_1P_LUTRAM_1R |         57 |         57 |       0 |    0 |   93 |      0 |      0 |          0 |
|           second_order_float_sin_cos_K0_U               | bd_0_hls_inst_0_chirp_chirp_Pipeline_VITIS_LOOP_17_1_second_order_float_sin_cos_K0_ROM_1P_LUTRAM_1R |        107 |        107 |       0 |    0 |   29 |      0 |      0 |          0 |
|           second_order_float_sin_cos_K1_U               | bd_0_hls_inst_0_chirp_chirp_Pipeline_VITIS_LOOP_17_1_second_order_float_sin_cos_K1_ROM_1P_LUTRAM_1R |         88 |         88 |       0 |    0 |    6 |      0 |      0 |          0 |
|           sitofp_32ns_32_6_no_dsp_1_U6                  |                                                     bd_0_hls_inst_0_chirp_sitofp_32ns_32_6_no_dsp_1 |        122 |        122 |       0 |    0 |  148 |      0 |      0 |          0 |
|             chirp_sitofp_32ns_32_6_no_dsp_1_ip_u        |                                                  bd_0_hls_inst_0_chirp_sitofp_32ns_32_6_no_dsp_1_ip |        122 |        122 |       0 |    0 |  148 |      0 |      0 |          0 |
+---------------------------------------------------------+-----------------------------------------------------------------------------------------------------+------------+------------+---------+------+------+--------+--------+------------+


