

================================================================
== Vitis HLS Report for 'chirp'
================================================================
* Date:           Tue Aug 18 14:57:54 2026

* Version:        2025.2 (Build 6295257 on Nov 14 2025)
* Project:        ChirpGenerator
* Solution:       hls (Vivado IP Flow Target)
* Product family: zynq
* Target device:  xc7z020-clg484-1


================================================================
== Performance Estimates
================================================================
+ Timing: 
    * Summary: 
    +--------+----------+----------+------------+
    |  Clock |  Target  | Estimated| Uncertainty|
    +--------+----------+----------+------------+
    |ap_clk  |  10.00 ns|  7.256 ns|     2.70 ns|
    +--------+----------+----------+------------+

+ Latency: 
    * Summary: 
    +---------+---------+----------+----------+-----+-----+---------+
    |  Latency (cycles) |  Latency (absolute) |  Interval | Pipeline|
    |   min   |   max   |    min   |    max   | min | max |   Type  |
    +---------+---------+----------+----------+-----+-----+---------+
    |        ?|        ?|         ?|         ?|    ?|    ?|       no|
    +---------+---------+----------+----------+-----+-----+---------+

    + Detail: 
        * Instance: 
        +----------------------------------------------------------+------------------------------------------------+---------+---------+----------+----------+-----+-----+-------------------+
        |                                                          |                                                |  Latency (cycles) |  Latency (absolute) |  Interval |      Pipeline     |
        |                         Instance                         |                     Module                     |   min   |   max   |    min   |    max   | min | max |        Type       |
        +----------------------------------------------------------+------------------------------------------------+---------+---------+----------+----------+-----+-----+-------------------+
        |grp_chirp_Pipeline_VITIS_LOOP_60_1_VITIS_LOOP_63_2_fu_92  |chirp_Pipeline_VITIS_LOOP_60_1_VITIS_LOOP_63_2  |        ?|        ?|         ?|         ?|    0|    0|  loop pipeline stp|
        +----------------------------------------------------------+------------------------------------------------+---------+---------+----------+----------+-----+-----+-------------------+

        * Loop: 
        N/A

============================================================
+ Verbose Summary: Synthesis Manager
============================================================
InlineROM: 1
ExposeGlobal: 0
============================================================
+ Verbose Summary: CDFG Model
============================================================
IsTopModel: 1
ResetActiveHigh: 1
IsCombinational: 0
IsDatapathOnly: 0
HasWiredReturn: 1
HasMFsm: 0
HasVarLatency: 1
IsPipeline: 0
IsRtlPipelined: 0
IsInstanceOverlapped: 0
IsDontTouch: 0
HasImplIP: 0
IsGatedGlobalClock: 0


============================================================
+ Verbose Summary: Schedule
============================================================
* Number of FSM states : 22
* Pipeline : 0
* Dataflow Pipeline: 0

* FSM state transitions: 
1 --> 2 
2 --> 3 
3 --> 4 
4 --> 5 
5 --> 6 
6 --> 7 
7 --> 8 
8 --> 9 
9 --> 10 
10 --> 11 
11 --> 12 
12 --> 13 
13 --> 14 
14 --> 15 
15 --> 16 
16 --> 17 
17 --> 18 
18 --> 19 
19 --> 20 
20 --> 21 
21 --> 22 
22 --> 

* FSM state operations: 

State 1 <SV = 0> <Delay = 6.07>
ST_1 : Operation 23 [1/1] (0.00ns)   --->   "%Tc_read = read i32 @_ssdm_op_Read.ap_none.float, i32 %Tc" [chirp.cpp:11]   --->   Operation 23 'read' 'Tc_read' <Predicate = true> <Delay = 0.00>
ST_1 : Operation 24 [1/1] (0.00ns)   --->   "%B_read = read i32 @_ssdm_op_Read.ap_none.float, i32 %B" [chirp.cpp:11]   --->   Operation 24 'read' 'B_read' <Predicate = true> <Delay = 0.00>
ST_1 : Operation 25 [16/16] (6.07ns)   --->   "%k = fdiv i32 %B_read, i32 %Tc_read" [chirp.cpp:51]   --->   Operation 25 'fdiv' 'k' <Predicate = true> <Delay = 6.07> <CoreInst = "FDiv">   --->   Core 20 'FDiv' <Latency = 15> <II = 1> <Delay = 6.07> <FuncUnit> <Opcode : 'fdiv' 'frem'> <InPorts = 2> <OutPorts = 1>

State 2 <SV = 1> <Delay = 6.07>
ST_2 : Operation 26 [15/16] (6.07ns)   --->   "%k = fdiv i32 %B_read, i32 %Tc_read" [chirp.cpp:51]   --->   Operation 26 'fdiv' 'k' <Predicate = true> <Delay = 6.07> <CoreInst = "FDiv">   --->   Core 20 'FDiv' <Latency = 15> <II = 1> <Delay = 6.07> <FuncUnit> <Opcode : 'fdiv' 'frem'> <InPorts = 2> <OutPorts = 1>

State 3 <SV = 2> <Delay = 6.07>
ST_3 : Operation 27 [14/16] (6.07ns)   --->   "%k = fdiv i32 %B_read, i32 %Tc_read" [chirp.cpp:51]   --->   Operation 27 'fdiv' 'k' <Predicate = true> <Delay = 6.07> <CoreInst = "FDiv">   --->   Core 20 'FDiv' <Latency = 15> <II = 1> <Delay = 6.07> <FuncUnit> <Opcode : 'fdiv' 'frem'> <InPorts = 2> <OutPorts = 1>

State 4 <SV = 3> <Delay = 6.07>
ST_4 : Operation 28 [13/16] (6.07ns)   --->   "%k = fdiv i32 %B_read, i32 %Tc_read" [chirp.cpp:51]   --->   Operation 28 'fdiv' 'k' <Predicate = true> <Delay = 6.07> <CoreInst = "FDiv">   --->   Core 20 'FDiv' <Latency = 15> <II = 1> <Delay = 6.07> <FuncUnit> <Opcode : 'fdiv' 'frem'> <InPorts = 2> <OutPorts = 1>

State 5 <SV = 4> <Delay = 6.07>
ST_5 : Operation 29 [12/16] (6.07ns)   --->   "%k = fdiv i32 %B_read, i32 %Tc_read" [chirp.cpp:51]   --->   Operation 29 'fdiv' 'k' <Predicate = true> <Delay = 6.07> <CoreInst = "FDiv">   --->   Core 20 'FDiv' <Latency = 15> <II = 1> <Delay = 6.07> <FuncUnit> <Opcode : 'fdiv' 'frem'> <InPorts = 2> <OutPorts = 1>

State 6 <SV = 5> <Delay = 6.07>
ST_6 : Operation 30 [11/16] (6.07ns)   --->   "%k = fdiv i32 %B_read, i32 %Tc_read" [chirp.cpp:51]   --->   Operation 30 'fdiv' 'k' <Predicate = true> <Delay = 6.07> <CoreInst = "FDiv">   --->   Core 20 'FDiv' <Latency = 15> <II = 1> <Delay = 6.07> <FuncUnit> <Opcode : 'fdiv' 'frem'> <InPorts = 2> <OutPorts = 1>

State 7 <SV = 6> <Delay = 6.07>
ST_7 : Operation 31 [10/16] (6.07ns)   --->   "%k = fdiv i32 %B_read, i32 %Tc_read" [chirp.cpp:51]   --->   Operation 31 'fdiv' 'k' <Predicate = true> <Delay = 6.07> <CoreInst = "FDiv">   --->   Core 20 'FDiv' <Latency = 15> <II = 1> <Delay = 6.07> <FuncUnit> <Opcode : 'fdiv' 'frem'> <InPorts = 2> <OutPorts = 1>

State 8 <SV = 7> <Delay = 6.07>
ST_8 : Operation 32 [9/16] (6.07ns)   --->   "%k = fdiv i32 %B_read, i32 %Tc_read" [chirp.cpp:51]   --->   Operation 32 'fdiv' 'k' <Predicate = true> <Delay = 6.07> <CoreInst = "FDiv">   --->   Core 20 'FDiv' <Latency = 15> <II = 1> <Delay = 6.07> <FuncUnit> <Opcode : 'fdiv' 'frem'> <InPorts = 2> <OutPorts = 1>

State 9 <SV = 8> <Delay = 6.07>
ST_9 : Operation 33 [8/16] (6.07ns)   --->   "%k = fdiv i32 %B_read, i32 %Tc_read" [chirp.cpp:51]   --->   Operation 33 'fdiv' 'k' <Predicate = true> <Delay = 6.07> <CoreInst = "FDiv">   --->   Core 20 'FDiv' <Latency = 15> <II = 1> <Delay = 6.07> <FuncUnit> <Opcode : 'fdiv' 'frem'> <InPorts = 2> <OutPorts = 1>

State 10 <SV = 9> <Delay = 6.07>
ST_10 : Operation 34 [7/16] (6.07ns)   --->   "%k = fdiv i32 %B_read, i32 %Tc_read" [chirp.cpp:51]   --->   Operation 34 'fdiv' 'k' <Predicate = true> <Delay = 6.07> <CoreInst = "FDiv">   --->   Core 20 'FDiv' <Latency = 15> <II = 1> <Delay = 6.07> <FuncUnit> <Opcode : 'fdiv' 'frem'> <InPorts = 2> <OutPorts = 1>

State 11 <SV = 10> <Delay = 6.07>
ST_11 : Operation 35 [6/16] (6.07ns)   --->   "%k = fdiv i32 %B_read, i32 %Tc_read" [chirp.cpp:51]   --->   Operation 35 'fdiv' 'k' <Predicate = true> <Delay = 6.07> <CoreInst = "FDiv">   --->   Core 20 'FDiv' <Latency = 15> <II = 1> <Delay = 6.07> <FuncUnit> <Opcode : 'fdiv' 'frem'> <InPorts = 2> <OutPorts = 1>

State 12 <SV = 11> <Delay = 6.07>
ST_12 : Operation 36 [5/16] (6.07ns)   --->   "%k = fdiv i32 %B_read, i32 %Tc_read" [chirp.cpp:51]   --->   Operation 36 'fdiv' 'k' <Predicate = true> <Delay = 6.07> <CoreInst = "FDiv">   --->   Core 20 'FDiv' <Latency = 15> <II = 1> <Delay = 6.07> <FuncUnit> <Opcode : 'fdiv' 'frem'> <InPorts = 2> <OutPorts = 1>

State 13 <SV = 12> <Delay = 6.07>
ST_13 : Operation 37 [4/16] (6.07ns)   --->   "%k = fdiv i32 %B_read, i32 %Tc_read" [chirp.cpp:51]   --->   Operation 37 'fdiv' 'k' <Predicate = true> <Delay = 6.07> <CoreInst = "FDiv">   --->   Core 20 'FDiv' <Latency = 15> <II = 1> <Delay = 6.07> <FuncUnit> <Opcode : 'fdiv' 'frem'> <InPorts = 2> <OutPorts = 1>

State 14 <SV = 13> <Delay = 6.07>
ST_14 : Operation 38 [3/16] (6.07ns)   --->   "%k = fdiv i32 %B_read, i32 %Tc_read" [chirp.cpp:51]   --->   Operation 38 'fdiv' 'k' <Predicate = true> <Delay = 6.07> <CoreInst = "FDiv">   --->   Core 20 'FDiv' <Latency = 15> <II = 1> <Delay = 6.07> <FuncUnit> <Opcode : 'fdiv' 'frem'> <InPorts = 2> <OutPorts = 1>

State 15 <SV = 14> <Delay = 6.07>
ST_15 : Operation 39 [2/16] (6.07ns)   --->   "%k = fdiv i32 %B_read, i32 %Tc_read" [chirp.cpp:51]   --->   Operation 39 'fdiv' 'k' <Predicate = true> <Delay = 6.07> <CoreInst = "FDiv">   --->   Core 20 'FDiv' <Latency = 15> <II = 1> <Delay = 6.07> <FuncUnit> <Opcode : 'fdiv' 'frem'> <InPorts = 2> <OutPorts = 1>

State 16 <SV = 15> <Delay = 6.07>
ST_16 : Operation 40 [1/16] (6.07ns)   --->   "%k = fdiv i32 %B_read, i32 %Tc_read" [chirp.cpp:51]   --->   Operation 40 'fdiv' 'k' <Predicate = true> <Delay = 6.07> <CoreInst = "FDiv">   --->   Core 20 'FDiv' <Latency = 15> <II = 1> <Delay = 6.07> <FuncUnit> <Opcode : 'fdiv' 'frem'> <InPorts = 2> <OutPorts = 1>

State 17 <SV = 16> <Delay = 5.70>
ST_17 : Operation 41 [4/4] (5.70ns)   --->   "%mul8 = fmul i32 %k, i32 0.5" [chirp.cpp:81]   --->   Operation 41 'fmul' 'mul8' <Predicate = true> <Delay = 5.70> <CoreInst = "FMul_maxdsp">   --->   Core 30 'FMul_maxdsp' <Latency = 3> <II = 1> <Delay = 5.70> <FuncUnit> <Opcode : 'fmul'> <InPorts = 2> <OutPorts = 1>

State 18 <SV = 17> <Delay = 5.70>
ST_18 : Operation 42 [1/1] (0.00ns)   --->   "%N_SAMPLES_USED_read = read i32 @_ssdm_op_Read.ap_none.i32, i32 %N_SAMPLES_USED" [chirp.cpp:11]   --->   Operation 42 'read' 'N_SAMPLES_USED_read' <Predicate = true> <Delay = 0.00>
ST_18 : Operation 43 [1/1] (0.00ns)   --->   "%Nframe_read = read i32 @_ssdm_op_Read.ap_none.i32, i32 %Nframe" [chirp.cpp:11]   --->   Operation 43 'read' 'Nframe_read' <Predicate = true> <Delay = 0.00>
ST_18 : Operation 44 [1/1] (0.00ns)   --->   "%trunc_ln11 = trunc i32 %N_SAMPLES_USED_read" [chirp.cpp:11]   --->   Operation 44 'trunc' 'trunc_ln11' <Predicate = true> <Delay = 0.00>
ST_18 : Operation 45 [1/1] (0.00ns)   --->   "%trunc_ln11_1 = trunc i32 %Nframe_read" [chirp.cpp:11]   --->   Operation 45 'trunc' 'trunc_ln11_1' <Predicate = true> <Delay = 0.00>
ST_18 : Operation 46 [3/4] (5.70ns)   --->   "%mul8 = fmul i32 %k, i32 0.5" [chirp.cpp:81]   --->   Operation 46 'fmul' 'mul8' <Predicate = true> <Delay = 5.70> <CoreInst = "FMul_maxdsp">   --->   Core 30 'FMul_maxdsp' <Latency = 3> <II = 1> <Delay = 5.70> <FuncUnit> <Opcode : 'fmul'> <InPorts = 2> <OutPorts = 1>
ST_18 : Operation 47 [1/1] (2.55ns)   --->   "%empty = icmp_sgt  i32 %Nframe_read, i32 0" [chirp.cpp:11]   --->   Operation 47 'icmp' 'empty' <Predicate = true> <Delay = 2.55> <CoreInst = "Cmp">   --->   Core 9 'Cmp' <Latency = 0> <II = 1> <Delay = 2.55> <FuncUnit> <Opcode : 'seteq' 'setne' 'setle' 'setge' 'setlt' 'setgt'> <InPorts = 2> <OutPorts = 1>
ST_18 : Operation 48 [1/1] (0.73ns)   --->   "%smax = select i1 %empty, i31 %trunc_ln11_1, i31 0" [chirp.cpp:11]   --->   Operation 48 'select' 'smax' <Predicate = true> <Delay = 0.73> <CoreInst = "Sel">   --->   Core 73 'Sel' <Latency = 0> <II = 1> <Delay = 0.73> <FuncUnit> <Opcode : 'select'> <InPorts = 3> <OutPorts = 1>
ST_18 : Operation 49 [1/1] (2.55ns)   --->   "%empty_31 = icmp_sgt  i32 %N_SAMPLES_USED_read, i32 0" [chirp.cpp:11]   --->   Operation 49 'icmp' 'empty_31' <Predicate = true> <Delay = 2.55> <CoreInst = "Cmp">   --->   Core 9 'Cmp' <Latency = 0> <II = 1> <Delay = 2.55> <FuncUnit> <Opcode : 'seteq' 'setne' 'setle' 'setge' 'setlt' 'setgt'> <InPorts = 2> <OutPorts = 1>
ST_18 : Operation 50 [1/1] (0.73ns)   --->   "%smax1 = select i1 %empty_31, i31 %trunc_ln11, i31 0" [chirp.cpp:11]   --->   Operation 50 'select' 'smax1' <Predicate = true> <Delay = 0.73> <CoreInst = "Sel">   --->   Core 73 'Sel' <Latency = 0> <II = 1> <Delay = 0.73> <FuncUnit> <Opcode : 'select'> <InPorts = 3> <OutPorts = 1>

State 19 <SV = 18> <Delay = 6.91>
ST_19 : Operation 51 [2/4] (5.70ns)   --->   "%mul8 = fmul i32 %k, i32 0.5" [chirp.cpp:81]   --->   Operation 51 'fmul' 'mul8' <Predicate = true> <Delay = 5.70> <CoreInst = "FMul_maxdsp">   --->   Core 30 'FMul_maxdsp' <Latency = 3> <II = 1> <Delay = 5.70> <FuncUnit> <Opcode : 'fmul'> <InPorts = 2> <OutPorts = 1>
ST_19 : Operation 52 [1/1] (0.00ns)   --->   "%zext_ln11 = zext i31 %smax" [chirp.cpp:11]   --->   Operation 52 'zext' 'zext_ln11' <Predicate = true> <Delay = 0.00>
ST_19 : Operation 53 [1/1] (0.00ns)   --->   "%zext_ln11_1 = zext i31 %smax1" [chirp.cpp:11]   --->   Operation 53 'zext' 'zext_ln11_1' <Predicate = true> <Delay = 0.00>
ST_19 : Operation 54 [2/2] (6.91ns)   --->   "%mul_ln11 = mul i62 %zext_ln11, i62 %zext_ln11_1" [chirp.cpp:11]   --->   Operation 54 'mul' 'mul_ln11' <Predicate = true> <Delay = 6.91> <CoreInst = "Multiplier">   --->   Core 3 'Multiplier' <Latency = 1> <II = 1> <Delay = 6.91> <FuncUnit> <Opcode : 'mul'> <InPorts = 2> <OutPorts = 1>

State 20 <SV = 19> <Delay = 6.91>
ST_20 : Operation 55 [1/4] (5.70ns)   --->   "%mul8 = fmul i32 %k, i32 0.5" [chirp.cpp:81]   --->   Operation 55 'fmul' 'mul8' <Predicate = true> <Delay = 5.70> <CoreInst = "FMul_maxdsp">   --->   Core 30 'FMul_maxdsp' <Latency = 3> <II = 1> <Delay = 5.70> <FuncUnit> <Opcode : 'fmul'> <InPorts = 2> <OutPorts = 1>
ST_20 : Operation 56 [1/2] (6.91ns)   --->   "%mul_ln11 = mul i62 %zext_ln11, i62 %zext_ln11_1" [chirp.cpp:11]   --->   Operation 56 'mul' 'mul_ln11' <Predicate = true> <Delay = 6.91> <CoreInst = "Multiplier">   --->   Core 3 'Multiplier' <Latency = 1> <II = 1> <Delay = 6.91> <FuncUnit> <Opcode : 'mul'> <InPorts = 2> <OutPorts = 1>

State 21 <SV = 20> <Delay = 0.00>
ST_21 : Operation 57 [1/1] (0.00ns)   --->   "%f0_read = read i32 @_ssdm_op_Read.ap_none.float, i32 %f0" [chirp.cpp:11]   --->   Operation 57 'read' 'f0_read' <Predicate = true> <Delay = 0.00>
ST_21 : Operation 58 [1/1] (0.00ns)   --->   "%fs_read = read i32 @_ssdm_op_Read.ap_none.float, i32 %fs" [chirp.cpp:11]   --->   Operation 58 'read' 'fs_read' <Predicate = true> <Delay = 0.00>
ST_21 : Operation 59 [1/1] (0.00ns)   --->   "%bitcast_ln75 = bitcast i32 %Tc_read" [chirp.cpp:75]   --->   Operation 59 'bitcast' 'bitcast_ln75' <Predicate = true> <Delay = 0.00>
ST_21 : Operation 60 [1/1] (0.00ns)   --->   "%trunc_ln75 = trunc i32 %bitcast_ln75" [chirp.cpp:75]   --->   Operation 60 'trunc' 'trunc_ln75' <Predicate = true> <Delay = 0.00>
ST_21 : Operation 61 [1/1] (0.00ns)   --->   "%trunc_ln75_1 = trunc i32 %bitcast_ln75" [chirp.cpp:75]   --->   Operation 61 'trunc' 'trunc_ln75_1' <Predicate = true> <Delay = 0.00>
ST_21 : Operation 62 [2/2] (0.00ns)   --->   "%call_ln11 = call void @chirp_Pipeline_VITIS_LOOP_60_1_VITIS_LOOP_63_2, i62 %mul_ln11, i32 %f0_read, i32 %mul8, i32 %N_SAMPLES_USED_read, i32 %out_r, i32 %fs_read, i31 %trunc_ln75, i23 %trunc_ln75_1, i32 %Tc_read, i100 %ref_4oPi_table_100, i30 %second_order_float_sin_cos_K0, i23 %second_order_float_sin_cos_K1, i15 %second_order_float_sin_cos_K2" [chirp.cpp:11]   --->   Operation 62 'call' 'call_ln11' <Predicate = true> <Delay = 0.00> <CoreType = "Generic">   --->   Generic Core

State 22 <SV = 21> <Delay = 0.00>
ST_22 : Operation 63 [1/1] (0.00ns)   --->   "%spectopmodule_ln11 = spectopmodule void @_ssdm_op_SpecTopModule, void @empty_2" [chirp.cpp:11]   --->   Operation 63 'spectopmodule' 'spectopmodule_ln11' <Predicate = true> <Delay = 0.00>
ST_22 : Operation 64 [1/1] (0.00ns)   --->   "%specinterface_ln11 = specinterface void @_ssdm_op_SpecInterface, i32 0, void @empty_3, i32 0, i32 0, void @empty_0, i32 0, i32 0, void @empty_0, void @empty_0, void @empty_0, i32 0, i32 0, i32 0, i32 0, void @empty_0, void @empty_0, i32 4294967295, i32 0, i32 0, i32 0" [chirp.cpp:11]   --->   Operation 64 'specinterface' 'specinterface_ln11' <Predicate = true> <Delay = 0.00>
ST_22 : Operation 65 [1/1] (0.00ns)   --->   "%specinterface_ln0 = specinterface void @_ssdm_op_SpecInterface, i32 %out_r, void @empty, i32 0, i32 0, void @empty_0, i32 4294967295, i32 0, void @empty_0, void @empty_0, void @empty_0, i32 0, i32 0, i32 0, i32 0, void @empty_0, void @empty_0, i32 4294967295, i32 0, i32 0, i32 0"   --->   Operation 65 'specinterface' 'specinterface_ln0' <Predicate = true> <Delay = 0.00>
ST_22 : Operation 66 [1/1] (0.00ns)   --->   "%specbitsmap_ln0 = specbitsmap void @_ssdm_op_SpecBitsMap, i32 %out_r"   --->   Operation 66 'specbitsmap' 'specbitsmap_ln0' <Predicate = true> <Delay = 0.00>
ST_22 : Operation 67 [1/1] (0.00ns)   --->   "%specbitsmap_ln0 = specbitsmap void @_ssdm_op_SpecBitsMap, i32 %fs"   --->   Operation 67 'specbitsmap' 'specbitsmap_ln0' <Predicate = true> <Delay = 0.00>
ST_22 : Operation 68 [1/1] (0.00ns)   --->   "%specinterface_ln0 = specinterface void @_ssdm_op_SpecInterface, i32 %fs, void @empty_1, i32 4294967295, i32 4294967295, void @empty_0, i32 0, i32 0, void @empty_0, void @empty_0, void @empty_0, i32 0, i32 0, i32 0, i32 0, void @empty_0, void @empty_0, i32 4294967295, i32 0, i32 0, i32 0"   --->   Operation 68 'specinterface' 'specinterface_ln0' <Predicate = true> <Delay = 0.00>
ST_22 : Operation 69 [1/1] (0.00ns)   --->   "%specbitsmap_ln0 = specbitsmap void @_ssdm_op_SpecBitsMap, i32 %f0"   --->   Operation 69 'specbitsmap' 'specbitsmap_ln0' <Predicate = true> <Delay = 0.00>
ST_22 : Operation 70 [1/1] (0.00ns)   --->   "%specinterface_ln0 = specinterface void @_ssdm_op_SpecInterface, i32 %f0, void @empty_1, i32 4294967295, i32 4294967295, void @empty_0, i32 0, i32 0, void @empty_0, void @empty_0, void @empty_0, i32 0, i32 0, i32 0, i32 0, void @empty_0, void @empty_0, i32 4294967295, i32 0, i32 0, i32 0"   --->   Operation 70 'specinterface' 'specinterface_ln0' <Predicate = true> <Delay = 0.00>
ST_22 : Operation 71 [1/1] (0.00ns)   --->   "%specbitsmap_ln0 = specbitsmap void @_ssdm_op_SpecBitsMap, i32 %B"   --->   Operation 71 'specbitsmap' 'specbitsmap_ln0' <Predicate = true> <Delay = 0.00>
ST_22 : Operation 72 [1/1] (0.00ns)   --->   "%specinterface_ln0 = specinterface void @_ssdm_op_SpecInterface, i32 %B, void @empty_1, i32 4294967295, i32 4294967295, void @empty_0, i32 0, i32 0, void @empty_0, void @empty_0, void @empty_0, i32 0, i32 0, i32 0, i32 0, void @empty_0, void @empty_0, i32 4294967295, i32 0, i32 0, i32 0"   --->   Operation 72 'specinterface' 'specinterface_ln0' <Predicate = true> <Delay = 0.00>
ST_22 : Operation 73 [1/1] (0.00ns)   --->   "%specbitsmap_ln0 = specbitsmap void @_ssdm_op_SpecBitsMap, i32 %Tc"   --->   Operation 73 'specbitsmap' 'specbitsmap_ln0' <Predicate = true> <Delay = 0.00>
ST_22 : Operation 74 [1/1] (0.00ns)   --->   "%specinterface_ln0 = specinterface void @_ssdm_op_SpecInterface, i32 %Tc, void @empty_1, i32 4294967295, i32 4294967295, void @empty_0, i32 0, i32 0, void @empty_0, void @empty_0, void @empty_0, i32 0, i32 0, i32 0, i32 0, void @empty_0, void @empty_0, i32 4294967295, i32 0, i32 0, i32 0"   --->   Operation 74 'specinterface' 'specinterface_ln0' <Predicate = true> <Delay = 0.00>
ST_22 : Operation 75 [1/1] (0.00ns)   --->   "%specbitsmap_ln0 = specbitsmap void @_ssdm_op_SpecBitsMap, i32 %Ti"   --->   Operation 75 'specbitsmap' 'specbitsmap_ln0' <Predicate = true> <Delay = 0.00>
ST_22 : Operation 76 [1/1] (0.00ns)   --->   "%specinterface_ln0 = specinterface void @_ssdm_op_SpecInterface, i32 %Ti, void @empty_1, i32 4294967295, i32 4294967295, void @empty_0, i32 0, i32 0, void @empty_0, void @empty_0, void @empty_0, i32 0, i32 0, i32 0, i32 0, void @empty_0, void @empty_0, i32 4294967295, i32 0, i32 0, i32 0"   --->   Operation 76 'specinterface' 'specinterface_ln0' <Predicate = true> <Delay = 0.00>
ST_22 : Operation 77 [1/1] (0.00ns)   --->   "%specbitsmap_ln0 = specbitsmap void @_ssdm_op_SpecBitsMap, i32 %Tg"   --->   Operation 77 'specbitsmap' 'specbitsmap_ln0' <Predicate = true> <Delay = 0.00>
ST_22 : Operation 78 [1/1] (0.00ns)   --->   "%specinterface_ln0 = specinterface void @_ssdm_op_SpecInterface, i32 %Tg, void @empty_1, i32 4294967295, i32 4294967295, void @empty_0, i32 0, i32 0, void @empty_0, void @empty_0, void @empty_0, i32 0, i32 0, i32 0, i32 0, void @empty_0, void @empty_0, i32 4294967295, i32 0, i32 0, i32 0"   --->   Operation 78 'specinterface' 'specinterface_ln0' <Predicate = true> <Delay = 0.00>
ST_22 : Operation 79 [1/1] (0.00ns)   --->   "%specbitsmap_ln0 = specbitsmap void @_ssdm_op_SpecBitsMap, i32 %Nframe"   --->   Operation 79 'specbitsmap' 'specbitsmap_ln0' <Predicate = true> <Delay = 0.00>
ST_22 : Operation 80 [1/1] (0.00ns)   --->   "%specinterface_ln0 = specinterface void @_ssdm_op_SpecInterface, i32 %Nframe, void @empty_1, i32 4294967295, i32 4294967295, void @empty_0, i32 0, i32 0, void @empty_0, void @empty_0, void @empty_0, i32 0, i32 0, i32 0, i32 0, void @empty_0, void @empty_0, i32 4294967295, i32 0, i32 0, i32 0"   --->   Operation 80 'specinterface' 'specinterface_ln0' <Predicate = true> <Delay = 0.00>
ST_22 : Operation 81 [1/1] (0.00ns)   --->   "%specbitsmap_ln0 = specbitsmap void @_ssdm_op_SpecBitsMap, i32 %N_SAMPLES_USED"   --->   Operation 81 'specbitsmap' 'specbitsmap_ln0' <Predicate = true> <Delay = 0.00>
ST_22 : Operation 82 [1/1] (0.00ns)   --->   "%specinterface_ln0 = specinterface void @_ssdm_op_SpecInterface, i32 %N_SAMPLES_USED, void @empty_1, i32 4294967295, i32 4294967295, void @empty_0, i32 0, i32 0, void @empty_0, void @empty_0, void @empty_0, i32 0, i32 0, i32 0, i32 0, void @empty_0, void @empty_0, i32 4294967295, i32 0, i32 0, i32 0"   --->   Operation 82 'specinterface' 'specinterface_ln0' <Predicate = true> <Delay = 0.00>
ST_22 : Operation 83 [1/2] (0.00ns)   --->   "%call_ln11 = call void @chirp_Pipeline_VITIS_LOOP_60_1_VITIS_LOOP_63_2, i62 %mul_ln11, i32 %f0_read, i32 %mul8, i32 %N_SAMPLES_USED_read, i32 %out_r, i32 %fs_read, i31 %trunc_ln75, i23 %trunc_ln75_1, i32 %Tc_read, i100 %ref_4oPi_table_100, i30 %second_order_float_sin_cos_K0, i23 %second_order_float_sin_cos_K1, i15 %second_order_float_sin_cos_K2" [chirp.cpp:11]   --->   Operation 83 'call' 'call_ln11' <Predicate = true> <Delay = 0.00> <CoreType = "Generic">   --->   Generic Core
ST_22 : Operation 84 [1/1] (0.00ns)   --->   "%ret_ln106 = ret" [chirp.cpp:106]   --->   Operation 84 'ret' 'ret_ln106' <Predicate = true> <Delay = 0.00>


============================================================
+ Verbose Summary: Binding
============================================================
STG Binding: 
---------------- STG Properties BEGIN ----------------
- Is combinational: 0
- Is one-state seq: 0
- Is datapath-only: 0
- Is pipelined: 0
- Is top level: 1
Port [ Return ] is wired: 1; IO mode=ap_ctrl_hs:ce=0
Port [ out_r]:  wired=1; compound=1; hidden=0; nouse=0; global=0; static=0; extern=0; dir=1; type=1; pingpong=0; private_global=0; MemPort=[03]; IO mode=ap_memory:ce=0
Port [ fs]:  wired=1; compound=0; hidden=0; nouse=0; global=0; static=0; extern=0; dir=0; type=0; pingpong=0; private_global=0; IO mode=ap_none:ce=0
Port [ f0]:  wired=1; compound=0; hidden=0; nouse=0; global=0; static=0; extern=0; dir=0; type=0; pingpong=0; private_global=0; IO mode=ap_none:ce=0
Port [ B]:  wired=1; compound=0; hidden=0; nouse=0; global=0; static=0; extern=0; dir=0; type=0; pingpong=0; private_global=0; IO mode=ap_none:ce=0
Port [ Tc]:  wired=1; compound=0; hidden=0; nouse=0; global=0; static=0; extern=0; dir=0; type=0; pingpong=0; private_global=0; IO mode=ap_none:ce=0
Port [ Ti]:  wired=1; compound=0; hidden=0; nouse=1; global=0; static=0; extern=0; dir=0; type=0; pingpong=0; private_global=0; IO mode=ap_none:ce=0
Port [ Tg]:  wired=1; compound=0; hidden=0; nouse=1; global=0; static=0; extern=0; dir=0; type=0; pingpong=0; private_global=0; IO mode=ap_none:ce=0
Port [ Nframe]:  wired=1; compound=0; hidden=0; nouse=0; global=0; static=0; extern=0; dir=0; type=0; pingpong=0; private_global=0; IO mode=ap_none:ce=0
Port [ N_SAMPLES_USED]:  wired=1; compound=0; hidden=0; nouse=0; global=0; static=0; extern=0; dir=0; type=0; pingpong=0; private_global=0; IO mode=ap_none:ce=0
Port [ ref_4oPi_table_100]:  wired=0; compound=1; hidden=1; nouse=1; global=1; static=1; extern=0; dir=0; type=1; pingpong=0; private_global=0; MemPort=[1]; IO mode=ap_memory:ce=0
Port [ second_order_float_sin_cos_K0]:  wired=0; compound=1; hidden=1; nouse=1; global=1; static=1; extern=0; dir=0; type=1; pingpong=0; private_global=0; MemPort=[1]; IO mode=ap_memory:ce=0
Port [ second_order_float_sin_cos_K1]:  wired=0; compound=1; hidden=1; nouse=1; global=1; static=1; extern=0; dir=0; type=1; pingpong=0; private_global=0; MemPort=[1]; IO mode=ap_memory:ce=0
Port [ second_order_float_sin_cos_K2]:  wired=0; compound=1; hidden=1; nouse=1; global=1; static=1; extern=0; dir=0; type=1; pingpong=0; private_global=0; MemPort=[1]; IO mode=ap_memory:ce=0
---------------- STG Properties END ------------------

---------------- Datapath Model BEGIN ----------------

<LifeTime>
<method=bitvector/>
Tc_read             (read         ) [ 00111111111111111111111]
B_read              (read         ) [ 00111111111111111000000]
k                   (fdiv         ) [ 00000000000000000111100]
N_SAMPLES_USED_read (read         ) [ 00000000000000000001111]
Nframe_read         (read         ) [ 00000000000000000000000]
trunc_ln11          (trunc        ) [ 00000000000000000000000]
trunc_ln11_1        (trunc        ) [ 00000000000000000000000]
empty               (icmp         ) [ 00000000000000000000000]
smax                (select       ) [ 00000000000000000001000]
empty_31            (icmp         ) [ 00000000000000000000000]
smax1               (select       ) [ 00000000000000000001000]
zext_ln11           (zext         ) [ 00000000000000000000100]
zext_ln11_1         (zext         ) [ 00000000000000000000100]
mul8                (fmul         ) [ 00000000000000000000011]
mul_ln11            (mul          ) [ 00000000000000000000011]
f0_read             (read         ) [ 00000000000000000000001]
fs_read             (read         ) [ 00000000000000000000001]
bitcast_ln75        (bitcast      ) [ 00000000000000000000000]
trunc_ln75          (trunc        ) [ 00000000000000000000001]
trunc_ln75_1        (trunc        ) [ 00000000000000000000001]
spectopmodule_ln11  (spectopmodule) [ 00000000000000000000000]
specinterface_ln11  (specinterface) [ 00000000000000000000000]
specinterface_ln0   (specinterface) [ 00000000000000000000000]
specbitsmap_ln0     (specbitsmap  ) [ 00000000000000000000000]
specbitsmap_ln0     (specbitsmap  ) [ 00000000000000000000000]
specinterface_ln0   (specinterface) [ 00000000000000000000000]
specbitsmap_ln0     (specbitsmap  ) [ 00000000000000000000000]
specinterface_ln0   (specinterface) [ 00000000000000000000000]
specbitsmap_ln0     (specbitsmap  ) [ 00000000000000000000000]
specinterface_ln0   (specinterface) [ 00000000000000000000000]
specbitsmap_ln0     (specbitsmap  ) [ 00000000000000000000000]
specinterface_ln0   (specinterface) [ 00000000000000000000000]
specbitsmap_ln0     (specbitsmap  ) [ 00000000000000000000000]
specinterface_ln0   (specinterface) [ 00000000000000000000000]
specbitsmap_ln0     (specbitsmap  ) [ 00000000000000000000000]
specinterface_ln0   (specinterface) [ 00000000000000000000000]
specbitsmap_ln0     (specbitsmap  ) [ 00000000000000000000000]
specinterface_ln0   (specinterface) [ 00000000000000000000000]
specbitsmap_ln0     (specbitsmap  ) [ 00000000000000000000000]
specinterface_ln0   (specinterface) [ 00000000000000000000000]
call_ln11           (call         ) [ 00000000000000000000000]
ret_ln106           (ret          ) [ 00000000000000000000000]
</LifeTime>

<model>

<comp_list>
<comp id="0" class="1000" name="out_r">
<pin_list>
<pin id="1" dir="1" index="0" bw="1" slack="0"/>
</pin_list>
<bind>
<StgValue><ssdm name="out_r"/><MemPortTyVec>0 3 </MemPortTyVec>
</StgValue>
</bind>
</comp>

<comp id="2" class="1000" name="fs">
<pin_list>
<pin id="3" dir="1" index="0" bw="1" slack="0"/>
</pin_list>
<bind>
<StgValue><ssdm name="fs"/></StgValue>
</bind>
</comp>

<comp id="4" class="1000" name="f0">
<pin_list>
<pin id="5" dir="1" index="0" bw="1" slack="0"/>
</pin_list>
<bind>
<StgValue><ssdm name="f0"/></StgValue>
</bind>
</comp>

<comp id="6" class="1000" name="B">
<pin_list>
<pin id="7" dir="1" index="0" bw="1" slack="0"/>
</pin_list>
<bind>
<StgValue><ssdm name="B"/></StgValue>
</bind>
</comp>

<comp id="8" class="1000" name="Tc">
<pin_list>
<pin id="9" dir="1" index="0" bw="1" slack="0"/>
</pin_list>
<bind>
<StgValue><ssdm name="Tc"/></StgValue>
</bind>
</comp>

<comp id="10" class="1000" name="Ti">
<pin_list>
<pin id="11" dir="1" index="0" bw="1" slack="2147483647"/>
</pin_list>
<bind>
<StgValue><ssdm name="Ti"/></StgValue>
</bind>
</comp>

<comp id="12" class="1000" name="Tg">
<pin_list>
<pin id="13" dir="1" index="0" bw="1" slack="2147483647"/>
</pin_list>
<bind>
<StgValue><ssdm name="Tg"/></StgValue>
</bind>
</comp>

<comp id="14" class="1000" name="Nframe">
<pin_list>
<pin id="15" dir="1" index="0" bw="1" slack="0"/>
</pin_list>
<bind>
<StgValue><ssdm name="Nframe"/></StgValue>
</bind>
</comp>

<comp id="16" class="1000" name="N_SAMPLES_USED">
<pin_list>
<pin id="17" dir="1" index="0" bw="1" slack="0"/>
</pin_list>
<bind>
<StgValue><ssdm name="N_SAMPLES_USED"/></StgValue>
</bind>
</comp>

<comp id="18" class="1000" name="ref_4oPi_table_100">
<pin_list>
<pin id="19" dir="1" index="0" bw="1" slack="0"/>
</pin_list>
<bind>
<StgValue><ssdm name="ref_4oPi_table_100"/><MemPortTyVec>1 </MemPortTyVec>
</StgValue>
</bind>
</comp>

<comp id="20" class="1000" name="second_order_float_sin_cos_K0">
<pin_list>
<pin id="21" dir="1" index="0" bw="1" slack="0"/>
</pin_list>
<bind>
<StgValue><ssdm name="second_order_float_sin_cos_K0"/><MemPortTyVec>1 </MemPortTyVec>
</StgValue>
</bind>
</comp>

<comp id="22" class="1000" name="second_order_float_sin_cos_K1">
<pin_list>
<pin id="23" dir="1" index="0" bw="1" slack="0"/>
</pin_list>
<bind>
<StgValue><ssdm name="second_order_float_sin_cos_K1"/><MemPortTyVec>1 </MemPortTyVec>
</StgValue>
</bind>
</comp>

<comp id="24" class="1000" name="second_order_float_sin_cos_K2">
<pin_list>
<pin id="25" dir="1" index="0" bw="1" slack="0"/>
</pin_list>
<bind>
<StgValue><ssdm name="second_order_float_sin_cos_K2"/><MemPortTyVec>1 </MemPortTyVec>
</StgValue>
</bind>
</comp>

<comp id="26" class="1001" name="const_26">
<pin_list>
<pin id="27" dir="1" index="0" bw="1" slack="0"/>
</pin_list>
<bind>
<StgValue><ssdm name="_ssdm_op_Read.ap_none.float"/></StgValue>
</bind>
</comp>

<comp id="28" class="1001" name="const_28">
<pin_list>
<pin id="29" dir="1" index="0" bw="1" slack="0"/>
</pin_list>
<bind>
<StgValue><ssdm name=""/></StgValue>
</bind>
</comp>

<comp id="30" class="1001" name="const_30">
<pin_list>
<pin id="31" dir="1" index="0" bw="1" slack="0"/>
</pin_list>
<bind>
<StgValue><ssdm name="_ssdm_op_Read.ap_none.i32"/></StgValue>
</bind>
</comp>

<comp id="32" class="1001" name="const_32">
<pin_list>
<pin id="33" dir="1" index="0" bw="1" slack="0"/>
</pin_list>
<bind>
<StgValue><ssdm name=""/></StgValue>
</bind>
</comp>

<comp id="34" class="1001" name="const_34">
<pin_list>
<pin id="35" dir="1" index="0" bw="1" slack="0"/>
</pin_list>
<bind>
<StgValue><ssdm name=""/></StgValue>
</bind>
</comp>

<comp id="36" class="1001" name="const_36">
<pin_list>
<pin id="37" dir="1" index="0" bw="1" slack="0"/>
</pin_list>
<bind>
<StgValue><ssdm name="chirp_Pipeline_VITIS_LOOP_60_1_VITIS_LOOP_63_2"/></StgValue>
</bind>
</comp>

<comp id="38" class="1001" name="const_38">
<pin_list>
<pin id="39" dir="1" index="0" bw="1" slack="2147483647"/>
</pin_list>
<bind>
<StgValue><ssdm name="_ssdm_op_SpecTopModule"/></StgValue>
</bind>
</comp>

<comp id="40" class="1001" name="const_40">
<pin_list>
<pin id="41" dir="1" index="0" bw="1" slack="2147483647"/>
</pin_list>
<bind>
<StgValue><ssdm name="empty_2"/></StgValue>
</bind>
</comp>

<comp id="42" class="1001" name="const_42">
<pin_list>
<pin id="43" dir="1" index="0" bw="1" slack="2147483647"/>
</pin_list>
<bind>
<StgValue><ssdm name="_ssdm_op_SpecInterface"/></StgValue>
</bind>
</comp>

<comp id="44" class="1001" name="const_44">
<pin_list>
<pin id="45" dir="1" index="0" bw="1" slack="2147483647"/>
</pin_list>
<bind>
<StgValue><ssdm name="empty_3"/></StgValue>
</bind>
</comp>

<comp id="46" class="1001" name="const_46">
<pin_list>
<pin id="47" dir="1" index="0" bw="1" slack="2147483647"/>
</pin_list>
<bind>
<StgValue><ssdm name="empty_0"/></StgValue>
</bind>
</comp>

<comp id="48" class="1001" name="const_48">
<pin_list>
<pin id="49" dir="1" index="0" bw="1" slack="2147483647"/>
</pin_list>
<bind>
<StgValue><ssdm name=""/></StgValue>
</bind>
</comp>

<comp id="50" class="1001" name="const_50">
<pin_list>
<pin id="51" dir="1" index="0" bw="1" slack="2147483647"/>
</pin_list>
<bind>
<StgValue><ssdm name="empty"/></StgValue>
</bind>
</comp>

<comp id="52" class="1001" name="const_52">
<pin_list>
<pin id="53" dir="1" index="0" bw="1" slack="2147483647"/>
</pin_list>
<bind>
<StgValue><ssdm name="_ssdm_op_SpecBitsMap"/></StgValue>
</bind>
</comp>

<comp id="54" class="1001" name="const_54">
<pin_list>
<pin id="55" dir="1" index="0" bw="1" slack="2147483647"/>
</pin_list>
<bind>
<StgValue><ssdm name="empty_1"/></StgValue>
</bind>
</comp>

<comp id="56" class="1004" name="Tc_read_read_fu_56">
<pin_list>
<pin id="57" dir="0" index="0" bw="32" slack="0"/>
<pin id="58" dir="0" index="1" bw="32" slack="0"/>
<pin id="59" dir="1" index="2" bw="32" slack="0"/>
</pin_list>
<bind>
<opcode="read(1150) " fcode="read"/>
<opset="Tc_read/1 "/>
</bind>
</comp>

<comp id="62" class="1004" name="B_read_read_fu_62">
<pin_list>
<pin id="63" dir="0" index="0" bw="32" slack="0"/>
<pin id="64" dir="0" index="1" bw="32" slack="0"/>
<pin id="65" dir="1" index="2" bw="32" slack="0"/>
</pin_list>
<bind>
<opcode="read(1150) " fcode="read"/>
<opset="B_read/1 "/>
</bind>
</comp>

<comp id="68" class="1004" name="N_SAMPLES_USED_read_read_fu_68">
<pin_list>
<pin id="69" dir="0" index="0" bw="32" slack="0"/>
<pin id="70" dir="0" index="1" bw="32" slack="0"/>
<pin id="71" dir="1" index="2" bw="32" slack="0"/>
</pin_list>
<bind>
<opcode="read(1150) " fcode="read"/>
<opset="N_SAMPLES_USED_read/18 "/>
</bind>
</comp>

<comp id="74" class="1004" name="Nframe_read_read_fu_74">
<pin_list>
<pin id="75" dir="0" index="0" bw="32" slack="0"/>
<pin id="76" dir="0" index="1" bw="32" slack="0"/>
<pin id="77" dir="1" index="2" bw="32" slack="0"/>
</pin_list>
<bind>
<opcode="read(1150) " fcode="read"/>
<opset="Nframe_read/18 "/>
</bind>
</comp>

<comp id="80" class="1004" name="f0_read_read_fu_80">
<pin_list>
<pin id="81" dir="0" index="0" bw="32" slack="0"/>
<pin id="82" dir="0" index="1" bw="32" slack="0"/>
<pin id="83" dir="1" index="2" bw="32" slack="0"/>
</pin_list>
<bind>
<opcode="read(1150) " fcode="read"/>
<opset="f0_read/21 "/>
</bind>
</comp>

<comp id="86" class="1004" name="fs_read_read_fu_86">
<pin_list>
<pin id="87" dir="0" index="0" bw="32" slack="0"/>
<pin id="88" dir="0" index="1" bw="32" slack="0"/>
<pin id="89" dir="1" index="2" bw="32" slack="0"/>
</pin_list>
<bind>
<opcode="read(1150) " fcode="read"/>
<opset="fs_read/21 "/>
</bind>
</comp>

<comp id="92" class="1004" name="grp_chirp_Pipeline_VITIS_LOOP_60_1_VITIS_LOOP_63_2_fu_92">
<pin_list>
<pin id="93" dir="0" index="0" bw="0" slack="0"/>
<pin id="94" dir="0" index="1" bw="62" slack="1"/>
<pin id="95" dir="0" index="2" bw="32" slack="0"/>
<pin id="96" dir="0" index="3" bw="32" slack="1"/>
<pin id="97" dir="0" index="4" bw="32" slack="3"/>
<pin id="98" dir="0" index="5" bw="32" slack="0"/>
<pin id="99" dir="0" index="6" bw="32" slack="0"/>
<pin id="100" dir="0" index="7" bw="31" slack="0"/>
<pin id="101" dir="0" index="8" bw="23" slack="0"/>
<pin id="102" dir="0" index="9" bw="32" slack="20"/>
<pin id="103" dir="0" index="10" bw="100" slack="0"/>
<pin id="104" dir="0" index="11" bw="30" slack="0"/>
<pin id="105" dir="0" index="12" bw="23" slack="0"/>
<pin id="106" dir="0" index="13" bw="15" slack="0"/>
<pin id="107" dir="1" index="14" bw="0" slack="2147483647"/>
</pin_list>
<bind>
<opcode="call(48) " fcode="call"/>
<opset="call_ln11/21 "/>
</bind>
</comp>

<comp id="116" class="1004" name="grp_fu_116">
<pin_list>
<pin id="117" dir="0" index="0" bw="32" slack="1"/>
<pin id="118" dir="0" index="1" bw="32" slack="0"/>
<pin id="119" dir="1" index="2" bw="32" slack="1"/>
</pin_list>
<bind>
<opcode="fmul(13) " fcode="fmul"/>
<opset="mul8/17 "/>
</bind>
</comp>

<comp id="121" class="1004" name="grp_fu_121">
<pin_list>
<pin id="122" dir="0" index="0" bw="32" slack="0"/>
<pin id="123" dir="0" index="1" bw="32" slack="0"/>
<pin id="124" dir="1" index="2" bw="32" slack="1"/>
</pin_list>
<bind>
<opcode="fdiv(16) " fcode="fdiv"/>
<opset="k/1 "/>
</bind>
</comp>

<comp id="127" class="1004" name="grp_fu_127">
<pin_list>
<pin id="128" dir="0" index="0" bw="31" slack="0"/>
<pin id="129" dir="0" index="1" bw="31" slack="0"/>
<pin id="130" dir="1" index="2" bw="62" slack="1"/>
</pin_list>
<bind>
<opcode="mul(12) " fcode="mul"/>
<opset="mul_ln11/19 "/>
</bind>
</comp>

<comp id="131" class="1004" name="trunc_ln11_fu_131">
<pin_list>
<pin id="132" dir="0" index="0" bw="32" slack="0"/>
<pin id="133" dir="1" index="1" bw="31" slack="0"/>
</pin_list>
<bind>
<opcode="trunc(33) " fcode="trunc"/>
<opset="trunc_ln11/18 "/>
</bind>
</comp>

<comp id="135" class="1004" name="trunc_ln11_1_fu_135">
<pin_list>
<pin id="136" dir="0" index="0" bw="32" slack="0"/>
<pin id="137" dir="1" index="1" bw="31" slack="0"/>
</pin_list>
<bind>
<opcode="trunc(33) " fcode="trunc"/>
<opset="trunc_ln11_1/18 "/>
</bind>
</comp>

<comp id="139" class="1004" name="empty_fu_139">
<pin_list>
<pin id="140" dir="0" index="0" bw="32" slack="0"/>
<pin id="141" dir="0" index="1" bw="1" slack="0"/>
<pin id="142" dir="1" index="2" bw="1" slack="0"/>
</pin_list>
<bind>
<opcode="icmp(45) " fcode="icmp"/>
<opset="empty/18 "/>
</bind>
</comp>

<comp id="145" class="1004" name="smax_fu_145">
<pin_list>
<pin id="146" dir="0" index="0" bw="1" slack="0"/>
<pin id="147" dir="0" index="1" bw="31" slack="0"/>
<pin id="148" dir="0" index="2" bw="1" slack="0"/>
<pin id="149" dir="1" index="3" bw="31" slack="1"/>
</pin_list>
<bind>
<opcode="select(49) " fcode="select"/>
<opset="smax/18 "/>
</bind>
</comp>

<comp id="153" class="1004" name="empty_31_fu_153">
<pin_list>
<pin id="154" dir="0" index="0" bw="32" slack="0"/>
<pin id="155" dir="0" index="1" bw="1" slack="0"/>
<pin id="156" dir="1" index="2" bw="1" slack="0"/>
</pin_list>
<bind>
<opcode="icmp(45) " fcode="icmp"/>
<opset="empty_31/18 "/>
</bind>
</comp>

<comp id="159" class="1004" name="smax1_fu_159">
<pin_list>
<pin id="160" dir="0" index="0" bw="1" slack="0"/>
<pin id="161" dir="0" index="1" bw="31" slack="0"/>
<pin id="162" dir="0" index="2" bw="1" slack="0"/>
<pin id="163" dir="1" index="3" bw="31" slack="1"/>
</pin_list>
<bind>
<opcode="select(49) " fcode="select"/>
<opset="smax1/18 "/>
</bind>
</comp>

<comp id="167" class="1004" name="zext_ln11_fu_167">
<pin_list>
<pin id="168" dir="0" index="0" bw="31" slack="1"/>
<pin id="169" dir="1" index="1" bw="62" slack="0"/>
</pin_list>
<bind>
<opcode="zext(34) " fcode="zext"/>
<opset="zext_ln11/19 "/>
</bind>
</comp>

<comp id="171" class="1004" name="zext_ln11_1_fu_171">
<pin_list>
<pin id="172" dir="0" index="0" bw="31" slack="1"/>
<pin id="173" dir="1" index="1" bw="62" slack="0"/>
</pin_list>
<bind>
<opcode="zext(34) " fcode="zext"/>
<opset="zext_ln11_1/19 "/>
</bind>
</comp>

<comp id="175" class="1004" name="bitcast_ln75_fu_175">
<pin_list>
<pin id="176" dir="0" index="0" bw="32" slack="20"/>
<pin id="177" dir="1" index="1" bw="32" slack="0"/>
</pin_list>
<bind>
<opcode="bitcast(44) " fcode="bitcast"/>
<opset="bitcast_ln75/21 "/>
</bind>
</comp>

<comp id="178" class="1004" name="trunc_ln75_fu_178">
<pin_list>
<pin id="179" dir="0" index="0" bw="32" slack="0"/>
<pin id="180" dir="1" index="1" bw="31" slack="0"/>
</pin_list>
<bind>
<opcode="trunc(33) " fcode="trunc"/>
<opset="trunc_ln75/21 "/>
</bind>
</comp>

<comp id="183" class="1004" name="trunc_ln75_1_fu_183">
<pin_list>
<pin id="184" dir="0" index="0" bw="32" slack="0"/>
<pin id="185" dir="1" index="1" bw="23" slack="0"/>
</pin_list>
<bind>
<opcode="trunc(33) " fcode="trunc"/>
<opset="trunc_ln75_1/21 "/>
</bind>
</comp>

<comp id="188" class="1005" name="Tc_read_reg_188">
<pin_list>
<pin id="189" dir="0" index="0" bw="32" slack="1"/>
<pin id="190" dir="1" index="1" bw="32" slack="1"/>
</pin_list>
<bind>
<opset="Tc_read "/>
</bind>
</comp>

<comp id="195" class="1005" name="B_read_reg_195">
<pin_list>
<pin id="196" dir="0" index="0" bw="32" slack="1"/>
<pin id="197" dir="1" index="1" bw="32" slack="1"/>
</pin_list>
<bind>
<opset="B_read "/>
</bind>
</comp>

<comp id="200" class="1005" name="k_reg_200">
<pin_list>
<pin id="201" dir="0" index="0" bw="32" slack="1"/>
<pin id="202" dir="1" index="1" bw="32" slack="1"/>
</pin_list>
<bind>
<opset="k "/>
</bind>
</comp>

<comp id="205" class="1005" name="N_SAMPLES_USED_read_reg_205">
<pin_list>
<pin id="206" dir="0" index="0" bw="32" slack="3"/>
<pin id="207" dir="1" index="1" bw="32" slack="3"/>
</pin_list>
<bind>
<opset="N_SAMPLES_USED_read "/>
</bind>
</comp>

<comp id="210" class="1005" name="smax_reg_210">
<pin_list>
<pin id="211" dir="0" index="0" bw="31" slack="1"/>
<pin id="212" dir="1" index="1" bw="31" slack="1"/>
</pin_list>
<bind>
<opset="smax "/>
</bind>
</comp>

<comp id="215" class="1005" name="smax1_reg_215">
<pin_list>
<pin id="216" dir="0" index="0" bw="31" slack="1"/>
<pin id="217" dir="1" index="1" bw="31" slack="1"/>
</pin_list>
<bind>
<opset="smax1 "/>
</bind>
</comp>

<comp id="220" class="1005" name="zext_ln11_reg_220">
<pin_list>
<pin id="221" dir="0" index="0" bw="62" slack="1"/>
<pin id="222" dir="1" index="1" bw="62" slack="1"/>
</pin_list>
<bind>
<opset="zext_ln11 "/>
</bind>
</comp>

<comp id="225" class="1005" name="zext_ln11_1_reg_225">
<pin_list>
<pin id="226" dir="0" index="0" bw="62" slack="1"/>
<pin id="227" dir="1" index="1" bw="62" slack="1"/>
</pin_list>
<bind>
<opset="zext_ln11_1 "/>
</bind>
</comp>

<comp id="230" class="1005" name="mul8_reg_230">
<pin_list>
<pin id="231" dir="0" index="0" bw="32" slack="1"/>
<pin id="232" dir="1" index="1" bw="32" slack="1"/>
</pin_list>
<bind>
<opset="mul8 "/>
</bind>
</comp>

<comp id="235" class="1005" name="mul_ln11_reg_235">
<pin_list>
<pin id="236" dir="0" index="0" bw="62" slack="1"/>
<pin id="237" dir="1" index="1" bw="62" slack="1"/>
</pin_list>
<bind>
<opset="mul_ln11 "/>
</bind>
</comp>

<comp id="240" class="1005" name="f0_read_reg_240">
<pin_list>
<pin id="241" dir="0" index="0" bw="32" slack="1"/>
<pin id="242" dir="1" index="1" bw="32" slack="1"/>
</pin_list>
<bind>
<opset="f0_read "/>
</bind>
</comp>

<comp id="245" class="1005" name="fs_read_reg_245">
<pin_list>
<pin id="246" dir="0" index="0" bw="32" slack="1"/>
<pin id="247" dir="1" index="1" bw="32" slack="1"/>
</pin_list>
<bind>
<opset="fs_read "/>
</bind>
</comp>

<comp id="250" class="1005" name="trunc_ln75_reg_250">
<pin_list>
<pin id="251" dir="0" index="0" bw="31" slack="1"/>
<pin id="252" dir="1" index="1" bw="31" slack="1"/>
</pin_list>
<bind>
<opset="trunc_ln75 "/>
</bind>
</comp>

<comp id="255" class="1005" name="trunc_ln75_1_reg_255">
<pin_list>
<pin id="256" dir="0" index="0" bw="23" slack="1"/>
<pin id="257" dir="1" index="1" bw="23" slack="1"/>
</pin_list>
<bind>
<opset="trunc_ln75_1 "/>
</bind>
</comp>

</comp_list>

<net_list>
<net id="60"><net_src comp="26" pin="0"/><net_sink comp="56" pin=0"/></net>

<net id="61"><net_src comp="8" pin="0"/><net_sink comp="56" pin=1"/></net>

<net id="66"><net_src comp="26" pin="0"/><net_sink comp="62" pin=0"/></net>

<net id="67"><net_src comp="6" pin="0"/><net_sink comp="62" pin=1"/></net>

<net id="72"><net_src comp="30" pin="0"/><net_sink comp="68" pin=0"/></net>

<net id="73"><net_src comp="16" pin="0"/><net_sink comp="68" pin=1"/></net>

<net id="78"><net_src comp="30" pin="0"/><net_sink comp="74" pin=0"/></net>

<net id="79"><net_src comp="14" pin="0"/><net_sink comp="74" pin=1"/></net>

<net id="84"><net_src comp="26" pin="0"/><net_sink comp="80" pin=0"/></net>

<net id="85"><net_src comp="4" pin="0"/><net_sink comp="80" pin=1"/></net>

<net id="90"><net_src comp="26" pin="0"/><net_sink comp="86" pin=0"/></net>

<net id="91"><net_src comp="2" pin="0"/><net_sink comp="86" pin=1"/></net>

<net id="108"><net_src comp="36" pin="0"/><net_sink comp="92" pin=0"/></net>

<net id="109"><net_src comp="80" pin="2"/><net_sink comp="92" pin=2"/></net>

<net id="110"><net_src comp="0" pin="0"/><net_sink comp="92" pin=5"/></net>

<net id="111"><net_src comp="86" pin="2"/><net_sink comp="92" pin=6"/></net>

<net id="112"><net_src comp="18" pin="0"/><net_sink comp="92" pin=10"/></net>

<net id="113"><net_src comp="20" pin="0"/><net_sink comp="92" pin=11"/></net>

<net id="114"><net_src comp="22" pin="0"/><net_sink comp="92" pin=12"/></net>

<net id="115"><net_src comp="24" pin="0"/><net_sink comp="92" pin=13"/></net>

<net id="120"><net_src comp="28" pin="0"/><net_sink comp="116" pin=1"/></net>

<net id="125"><net_src comp="62" pin="2"/><net_sink comp="121" pin=0"/></net>

<net id="126"><net_src comp="56" pin="2"/><net_sink comp="121" pin=1"/></net>

<net id="134"><net_src comp="68" pin="2"/><net_sink comp="131" pin=0"/></net>

<net id="138"><net_src comp="74" pin="2"/><net_sink comp="135" pin=0"/></net>

<net id="143"><net_src comp="74" pin="2"/><net_sink comp="139" pin=0"/></net>

<net id="144"><net_src comp="32" pin="0"/><net_sink comp="139" pin=1"/></net>

<net id="150"><net_src comp="139" pin="2"/><net_sink comp="145" pin=0"/></net>

<net id="151"><net_src comp="135" pin="1"/><net_sink comp="145" pin=1"/></net>

<net id="152"><net_src comp="34" pin="0"/><net_sink comp="145" pin=2"/></net>

<net id="157"><net_src comp="68" pin="2"/><net_sink comp="153" pin=0"/></net>

<net id="158"><net_src comp="32" pin="0"/><net_sink comp="153" pin=1"/></net>

<net id="164"><net_src comp="153" pin="2"/><net_sink comp="159" pin=0"/></net>

<net id="165"><net_src comp="131" pin="1"/><net_sink comp="159" pin=1"/></net>

<net id="166"><net_src comp="34" pin="0"/><net_sink comp="159" pin=2"/></net>

<net id="170"><net_src comp="167" pin="1"/><net_sink comp="127" pin=0"/></net>

<net id="174"><net_src comp="171" pin="1"/><net_sink comp="127" pin=1"/></net>

<net id="181"><net_src comp="175" pin="1"/><net_sink comp="178" pin=0"/></net>

<net id="182"><net_src comp="178" pin="1"/><net_sink comp="92" pin=7"/></net>

<net id="186"><net_src comp="175" pin="1"/><net_sink comp="183" pin=0"/></net>

<net id="187"><net_src comp="183" pin="1"/><net_sink comp="92" pin=8"/></net>

<net id="191"><net_src comp="56" pin="2"/><net_sink comp="188" pin=0"/></net>

<net id="192"><net_src comp="188" pin="1"/><net_sink comp="121" pin=1"/></net>

<net id="193"><net_src comp="188" pin="1"/><net_sink comp="175" pin=0"/></net>

<net id="194"><net_src comp="188" pin="1"/><net_sink comp="92" pin=9"/></net>

<net id="198"><net_src comp="62" pin="2"/><net_sink comp="195" pin=0"/></net>

<net id="199"><net_src comp="195" pin="1"/><net_sink comp="121" pin=0"/></net>

<net id="203"><net_src comp="121" pin="2"/><net_sink comp="200" pin=0"/></net>

<net id="204"><net_src comp="200" pin="1"/><net_sink comp="116" pin=0"/></net>

<net id="208"><net_src comp="68" pin="2"/><net_sink comp="205" pin=0"/></net>

<net id="209"><net_src comp="205" pin="1"/><net_sink comp="92" pin=4"/></net>

<net id="213"><net_src comp="145" pin="3"/><net_sink comp="210" pin=0"/></net>

<net id="214"><net_src comp="210" pin="1"/><net_sink comp="167" pin=0"/></net>

<net id="218"><net_src comp="159" pin="3"/><net_sink comp="215" pin=0"/></net>

<net id="219"><net_src comp="215" pin="1"/><net_sink comp="171" pin=0"/></net>

<net id="223"><net_src comp="167" pin="1"/><net_sink comp="220" pin=0"/></net>

<net id="224"><net_src comp="220" pin="1"/><net_sink comp="127" pin=0"/></net>

<net id="228"><net_src comp="171" pin="1"/><net_sink comp="225" pin=0"/></net>

<net id="229"><net_src comp="225" pin="1"/><net_sink comp="127" pin=1"/></net>

<net id="233"><net_src comp="116" pin="2"/><net_sink comp="230" pin=0"/></net>

<net id="234"><net_src comp="230" pin="1"/><net_sink comp="92" pin=3"/></net>

<net id="238"><net_src comp="127" pin="2"/><net_sink comp="235" pin=0"/></net>

<net id="239"><net_src comp="235" pin="1"/><net_sink comp="92" pin=1"/></net>

<net id="243"><net_src comp="80" pin="2"/><net_sink comp="240" pin=0"/></net>

<net id="244"><net_src comp="240" pin="1"/><net_sink comp="92" pin=2"/></net>

<net id="248"><net_src comp="86" pin="2"/><net_sink comp="245" pin=0"/></net>

<net id="249"><net_src comp="245" pin="1"/><net_sink comp="92" pin=6"/></net>

<net id="253"><net_src comp="178" pin="1"/><net_sink comp="250" pin=0"/></net>

<net id="254"><net_src comp="250" pin="1"/><net_sink comp="92" pin=7"/></net>

<net id="258"><net_src comp="183" pin="1"/><net_sink comp="255" pin=0"/></net>

<net id="259"><net_src comp="255" pin="1"/><net_sink comp="92" pin=8"/></net>

</net_list>

</model> 
---------------- Datapath Model END ------------------

* FSMD analyzer results:
  - Output states:
	Port: out_r | {21 22 }
 - Input state : 
	Port: chirp : fs | {21 }
	Port: chirp : f0 | {21 }
	Port: chirp : B | {1 }
	Port: chirp : Tc | {1 }
	Port: chirp : Nframe | {18 }
	Port: chirp : N_SAMPLES_USED | {18 }
	Port: chirp : ref_4oPi_table_100 | {21 22 }
	Port: chirp : second_order_float_sin_cos_K0 | {21 22 }
	Port: chirp : second_order_float_sin_cos_K1 | {21 22 }
	Port: chirp : second_order_float_sin_cos_K2 | {21 22 }
  - Chain level:
	State 1
	State 2
	State 3
	State 4
	State 5
	State 6
	State 7
	State 8
	State 9
	State 10
	State 11
	State 12
	State 13
	State 14
	State 15
	State 16
	State 17
	State 18
		smax : 1
		smax1 : 1
	State 19
		mul_ln11 : 1
	State 20
	State 21
		trunc_ln75 : 1
		trunc_ln75_1 : 1
		call_ln11 : 2
	State 22


============================================================
+ Verbose Summary: Datapath Resource usage 
============================================================

* Functional unit list:
|----------|----------------------------------------------------------|---------|---------|---------|---------|
| Operation|                      Functional Unit                     |   DSP   |  Delay  |    FF   |   LUT   |
|----------|----------------------------------------------------------|---------|---------|---------|---------|
|   call   | grp_chirp_Pipeline_VITIS_LOOP_60_1_VITIS_LOOP_63_2_fu_92 |    35   |  12.704 |   3337  |   4510  |
|----------|----------------------------------------------------------|---------|---------|---------|---------|
|   fmul   |                        grp_fu_116                        |    3    |    0    |   143   |   321   |
|----------|----------------------------------------------------------|---------|---------|---------|---------|
|    mul   |                        grp_fu_127                        |    4    |    0    |   141   |    48   |
|----------|----------------------------------------------------------|---------|---------|---------|---------|
|   icmp   |                       empty_fu_139                       |    0    |    0    |    0    |    39   |
|          |                      empty_31_fu_153                     |    0    |    0    |    0    |    39   |
|----------|----------------------------------------------------------|---------|---------|---------|---------|
|  select  |                        smax_fu_145                       |    0    |    0    |    0    |    31   |
|          |                       smax1_fu_159                       |    0    |    0    |    0    |    31   |
|----------|----------------------------------------------------------|---------|---------|---------|---------|
|          |                    Tc_read_read_fu_56                    |    0    |    0    |    0    |    0    |
|          |                     B_read_read_fu_62                    |    0    |    0    |    0    |    0    |
|   read   |              N_SAMPLES_USED_read_read_fu_68              |    0    |    0    |    0    |    0    |
|          |                  Nframe_read_read_fu_74                  |    0    |    0    |    0    |    0    |
|          |                    f0_read_read_fu_80                    |    0    |    0    |    0    |    0    |
|          |                    fs_read_read_fu_86                    |    0    |    0    |    0    |    0    |
|----------|----------------------------------------------------------|---------|---------|---------|---------|
|   fdiv   |                        grp_fu_121                        |    0    |    0    |    0    |    0    |
|----------|----------------------------------------------------------|---------|---------|---------|---------|
|          |                     trunc_ln11_fu_131                    |    0    |    0    |    0    |    0    |
|   trunc  |                    trunc_ln11_1_fu_135                   |    0    |    0    |    0    |    0    |
|          |                     trunc_ln75_fu_178                    |    0    |    0    |    0    |    0    |
|          |                    trunc_ln75_1_fu_183                   |    0    |    0    |    0    |    0    |
|----------|----------------------------------------------------------|---------|---------|---------|---------|
|   zext   |                     zext_ln11_fu_167                     |    0    |    0    |    0    |    0    |
|          |                    zext_ln11_1_fu_171                    |    0    |    0    |    0    |    0    |
|----------|----------------------------------------------------------|---------|---------|---------|---------|
|   Total  |                                                          |    42   |  12.704 |   3621  |   5019  |
|----------|----------------------------------------------------------|---------|---------|---------|---------|

Memories:
+-----------------------------+--------+--------+
|                             |   FF   |   LUT  |
+-----------------------------+--------+--------+
|      ref_4oPi_table_100     |   100  |   21   |
|second_order_float_sin_cos_K0|   30   |   120  |
|second_order_float_sin_cos_K1|   23   |   92   |
|second_order_float_sin_cos_K2|   15   |   60   |
+-----------------------------+--------+--------+
|            Total            |   168  |   293  |
+-----------------------------+--------+--------+

* Register list:
+---------------------------+--------+
|                           |   FF   |
+---------------------------+--------+
|       B_read_reg_195      |   32   |
|N_SAMPLES_USED_read_reg_205|   32   |
|      Tc_read_reg_188      |   32   |
|      f0_read_reg_240      |   32   |
|      fs_read_reg_245      |   32   |
|         k_reg_200         |   32   |
|        mul8_reg_230       |   32   |
|      mul_ln11_reg_235     |   62   |
|       smax1_reg_215       |   31   |
|        smax_reg_210       |   31   |
|    trunc_ln75_1_reg_255   |   23   |
|     trunc_ln75_reg_250    |   31   |
|    zext_ln11_1_reg_225    |   62   |
|     zext_ln11_reg_220     |   62   |
+---------------------------+--------+
|           Total           |   526  |
+---------------------------+--------+

* Multiplexer (MUX) list: 
|----------------------------------------------------------|------|------|------|--------||---------||---------||---------|
|                           Comp                           |  Pin | Size |  BW  | S x BW ||  Delay  ||    FF   ||   LUT   |
|----------------------------------------------------------|------|------|------|--------||---------||---------||---------|
| grp_chirp_Pipeline_VITIS_LOOP_60_1_VITIS_LOOP_63_2_fu_92 |  p2  |   2  |  32  |   64   ||    0    ||    9    |
| grp_chirp_Pipeline_VITIS_LOOP_60_1_VITIS_LOOP_63_2_fu_92 |  p6  |   2  |  32  |   64   ||    0    ||    9    |
| grp_chirp_Pipeline_VITIS_LOOP_60_1_VITIS_LOOP_63_2_fu_92 |  p7  |   2  |  31  |   62   ||    0    ||    9    |
| grp_chirp_Pipeline_VITIS_LOOP_60_1_VITIS_LOOP_63_2_fu_92 |  p8  |   2  |  23  |   46   ||    0    ||    9    |
|                        grp_fu_121                        |  p0  |   2  |  32  |   64   ||    0    ||    9    |
|                        grp_fu_121                        |  p1  |   2  |  32  |   64   ||    0    ||    9    |
|                        grp_fu_127                        |  p0  |   2  |  31  |   62   ||    0    ||    9    |
|                        grp_fu_127                        |  p1  |   2  |  31  |   62   ||    0    ||    9    |
|----------------------------------------------------------|------|------|------|--------||---------||---------||---------|
|                           Total                          |      |      |      |   488  ||  12.704 ||    0    ||    72   |
|----------------------------------------------------------|------|------|------|--------||---------||---------||---------|



* Summary:
+-----------+--------+--------+--------+--------+
|           |   DSP  |  Delay |   FF   |   LUT  |
+-----------+--------+--------+--------+--------+
|  Function |   42   |   12   |  3621  |  5019  |
|   Memory  |    -   |    -   |   168  |   293  |
|Multiplexer|    -   |   12   |    0   |   72   |
|  Register |    -   |    -   |   526  |    -   |
+-----------+--------+--------+--------+--------+
|   Total   |   42   |   25   |  4315  |  5384  |
+-----------+--------+--------+--------+--------+
