

================================================================
== Vitis HLS Report for 'chirp'
================================================================
* Date:           Wed Aug 19 11:05:41 2026

* Version:        2025.2 (Build 6295257 on Nov 14 2025)
* Project:        ChirpGenerator
* Solution:       hls (Vivado IP Flow Target)
* Product family: zynq
* Target device:  xc7z020-clg484-1


================================================================
== Performance Estimates
================================================================
+ Timing: 
    * Summary: 
    +--------+----------+----------+------------+
    |  Clock |  Target  | Estimated| Uncertainty|
    +--------+----------+----------+------------+
    |ap_clk  |  10.00 ns|  7.256 ns|     2.70 ns|
    +--------+----------+----------+------------+

+ Latency: 
    * Summary: 
    +---------+---------+-----------+-----------+------+------+---------+
    |  Latency (cycles) |   Latency (absolute)  |   Interval  | Pipeline|
    |   min   |   max   |    min    |    max    |  min |  max |   Type  |
    +---------+---------+-----------+-----------+------+------+---------+
    |     1126|     1126|  11.260 us|  11.260 us|  1127|  1127|       no|
    +---------+---------+-----------+-----------+------+------+---------+

    + Detail: 
        * Instance: 
        N/A

        * Loop: 
        N/A

============================================================
+ Verbose Summary: Synthesis Manager
============================================================
InlineROM: 1
ExposeGlobal: 0
============================================================
+ Verbose Summary: CDFG Model
============================================================
IsTopModel: 1
ResetActiveHigh: 1
IsCombinational: 0
IsDatapathOnly: 0
HasWiredReturn: 1
HasMFsm: 0
HasVarLatency: 1
IsPipeline: 0
IsRtlPipelined: 0
IsInstanceOverlapped: 0
IsDontTouch: 0
HasImplIP: 0
IsGatedGlobalClock: 0


============================================================
+ Verbose Summary: Schedule
============================================================
* Number of FSM states : 38
* Pipeline : 0
* Dataflow Pipeline: 0

* FSM state transitions: 
1 --> 2 
2 --> 3 
3 --> 4 
4 --> 5 
5 --> 6 
6 --> 7 
7 --> 8 
8 --> 9 
9 --> 10 
10 --> 11 
11 --> 12 
12 --> 13 
13 --> 14 
14 --> 15 
15 --> 16 
16 --> 17 
17 --> 18 
18 --> 19 
19 --> 20 
20 --> 21 
21 --> 22 
22 --> 23 
23 --> 24 
24 --> 25 
25 --> 26 
26 --> 27 
27 --> 28 
28 --> 29 
29 --> 30 
30 --> 31 
31 --> 32 
32 --> 33 
33 --> 34 
34 --> 35 
35 --> 36 
36 --> 37 
37 --> 38 
38 --> 

* FSM state operations: 

State 1 <SV = 0> <Delay = 6.07>
ST_1 : Operation 39 [1/1] (0.00ns)   --->   "%fs_read = read i32 @_ssdm_op_Read.ap_auto.float, i32 %fs" [chirp.cpp:10]   --->   Operation 39 'read' 'fs_read' <Predicate = true> <Delay = 0.00>
ST_1 : Operation 40 [16/16] (6.07ns)   --->   "%T = fdiv i32 1024, i32 %fs_read" [chirp.cpp:14]   --->   Operation 40 'fdiv' 'T' <Predicate = true> <Delay = 6.07> <CoreInst = "FDiv">   --->   Core 20 'FDiv' <Latency = 15> <II = 1> <Delay = 6.07> <FuncUnit> <Opcode : 'fdiv' 'frem'> <InPorts = 2> <OutPorts = 1>

State 2 <SV = 1> <Delay = 6.07>
ST_2 : Operation 41 [15/16] (6.07ns)   --->   "%T = fdiv i32 1024, i32 %fs_read" [chirp.cpp:14]   --->   Operation 41 'fdiv' 'T' <Predicate = true> <Delay = 6.07> <CoreInst = "FDiv">   --->   Core 20 'FDiv' <Latency = 15> <II = 1> <Delay = 6.07> <FuncUnit> <Opcode : 'fdiv' 'frem'> <InPorts = 2> <OutPorts = 1>

State 3 <SV = 2> <Delay = 6.07>
ST_3 : Operation 42 [14/16] (6.07ns)   --->   "%T = fdiv i32 1024, i32 %fs_read" [chirp.cpp:14]   --->   Operation 42 'fdiv' 'T' <Predicate = true> <Delay = 6.07> <CoreInst = "FDiv">   --->   Core 20 'FDiv' <Latency = 15> <II = 1> <Delay = 6.07> <FuncUnit> <Opcode : 'fdiv' 'frem'> <InPorts = 2> <OutPorts = 1>

State 4 <SV = 3> <Delay = 6.07>
ST_4 : Operation 43 [13/16] (6.07ns)   --->   "%T = fdiv i32 1024, i32 %fs_read" [chirp.cpp:14]   --->   Operation 43 'fdiv' 'T' <Predicate = true> <Delay = 6.07> <CoreInst = "FDiv">   --->   Core 20 'FDiv' <Latency = 15> <II = 1> <Delay = 6.07> <FuncUnit> <Opcode : 'fdiv' 'frem'> <InPorts = 2> <OutPorts = 1>

State 5 <SV = 4> <Delay = 6.07>
ST_5 : Operation 44 [12/16] (6.07ns)   --->   "%T = fdiv i32 1024, i32 %fs_read" [chirp.cpp:14]   --->   Operation 44 'fdiv' 'T' <Predicate = true> <Delay = 6.07> <CoreInst = "FDiv">   --->   Core 20 'FDiv' <Latency = 15> <II = 1> <Delay = 6.07> <FuncUnit> <Opcode : 'fdiv' 'frem'> <InPorts = 2> <OutPorts = 1>

State 6 <SV = 5> <Delay = 6.07>
ST_6 : Operation 45 [11/16] (6.07ns)   --->   "%T = fdiv i32 1024, i32 %fs_read" [chirp.cpp:14]   --->   Operation 45 'fdiv' 'T' <Predicate = true> <Delay = 6.07> <CoreInst = "FDiv">   --->   Core 20 'FDiv' <Latency = 15> <II = 1> <Delay = 6.07> <FuncUnit> <Opcode : 'fdiv' 'frem'> <InPorts = 2> <OutPorts = 1>

State 7 <SV = 6> <Delay = 6.07>
ST_7 : Operation 46 [10/16] (6.07ns)   --->   "%T = fdiv i32 1024, i32 %fs_read" [chirp.cpp:14]   --->   Operation 46 'fdiv' 'T' <Predicate = true> <Delay = 6.07> <CoreInst = "FDiv">   --->   Core 20 'FDiv' <Latency = 15> <II = 1> <Delay = 6.07> <FuncUnit> <Opcode : 'fdiv' 'frem'> <InPorts = 2> <OutPorts = 1>

State 8 <SV = 7> <Delay = 6.07>
ST_8 : Operation 47 [9/16] (6.07ns)   --->   "%T = fdiv i32 1024, i32 %fs_read" [chirp.cpp:14]   --->   Operation 47 'fdiv' 'T' <Predicate = true> <Delay = 6.07> <CoreInst = "FDiv">   --->   Core 20 'FDiv' <Latency = 15> <II = 1> <Delay = 6.07> <FuncUnit> <Opcode : 'fdiv' 'frem'> <InPorts = 2> <OutPorts = 1>

State 9 <SV = 8> <Delay = 6.07>
ST_9 : Operation 48 [8/16] (6.07ns)   --->   "%T = fdiv i32 1024, i32 %fs_read" [chirp.cpp:14]   --->   Operation 48 'fdiv' 'T' <Predicate = true> <Delay = 6.07> <CoreInst = "FDiv">   --->   Core 20 'FDiv' <Latency = 15> <II = 1> <Delay = 6.07> <FuncUnit> <Opcode : 'fdiv' 'frem'> <InPorts = 2> <OutPorts = 1>

State 10 <SV = 9> <Delay = 6.07>
ST_10 : Operation 49 [7/16] (6.07ns)   --->   "%T = fdiv i32 1024, i32 %fs_read" [chirp.cpp:14]   --->   Operation 49 'fdiv' 'T' <Predicate = true> <Delay = 6.07> <CoreInst = "FDiv">   --->   Core 20 'FDiv' <Latency = 15> <II = 1> <Delay = 6.07> <FuncUnit> <Opcode : 'fdiv' 'frem'> <InPorts = 2> <OutPorts = 1>

State 11 <SV = 10> <Delay = 6.07>
ST_11 : Operation 50 [6/16] (6.07ns)   --->   "%T = fdiv i32 1024, i32 %fs_read" [chirp.cpp:14]   --->   Operation 50 'fdiv' 'T' <Predicate = true> <Delay = 6.07> <CoreInst = "FDiv">   --->   Core 20 'FDiv' <Latency = 15> <II = 1> <Delay = 6.07> <FuncUnit> <Opcode : 'fdiv' 'frem'> <InPorts = 2> <OutPorts = 1>

State 12 <SV = 11> <Delay = 7.25>
ST_12 : Operation 51 [1/1] (0.00ns)   --->   "%f1_read = read i32 @_ssdm_op_Read.ap_auto.float, i32 %f1" [chirp.cpp:10]   --->   Operation 51 'read' 'f1_read' <Predicate = true> <Delay = 0.00>
ST_12 : Operation 52 [1/1] (0.00ns)   --->   "%f0_read = read i32 @_ssdm_op_Read.ap_auto.float, i32 %f0" [chirp.cpp:10]   --->   Operation 52 'read' 'f0_read' <Predicate = true> <Delay = 0.00>
ST_12 : Operation 53 [5/16] (6.07ns)   --->   "%T = fdiv i32 1024, i32 %fs_read" [chirp.cpp:14]   --->   Operation 53 'fdiv' 'T' <Predicate = true> <Delay = 6.07> <CoreInst = "FDiv">   --->   Core 20 'FDiv' <Latency = 15> <II = 1> <Delay = 6.07> <FuncUnit> <Opcode : 'fdiv' 'frem'> <InPorts = 2> <OutPorts = 1>
ST_12 : Operation 54 [5/5] (7.25ns)   --->   "%sub = fsub i32 %f1_read, i32 %f0_read" [chirp.cpp:15]   --->   Operation 54 'fsub' 'sub' <Predicate = true> <Delay = 7.25> <CoreInst = "FAddSub_fulldsp">   --->   Core 18 'FAddSub_fulldsp' <Latency = 4> <II = 1> <Delay = 7.25> <FuncUnit> <Opcode : 'fadd' 'fsub'> <InPorts = 2> <OutPorts = 1>

State 13 <SV = 12> <Delay = 7.25>
ST_13 : Operation 55 [4/16] (6.07ns)   --->   "%T = fdiv i32 1024, i32 %fs_read" [chirp.cpp:14]   --->   Operation 55 'fdiv' 'T' <Predicate = true> <Delay = 6.07> <CoreInst = "FDiv">   --->   Core 20 'FDiv' <Latency = 15> <II = 1> <Delay = 6.07> <FuncUnit> <Opcode : 'fdiv' 'frem'> <InPorts = 2> <OutPorts = 1>
ST_13 : Operation 56 [4/5] (7.25ns)   --->   "%sub = fsub i32 %f1_read, i32 %f0_read" [chirp.cpp:15]   --->   Operation 56 'fsub' 'sub' <Predicate = true> <Delay = 7.25> <CoreInst = "FAddSub_fulldsp">   --->   Core 18 'FAddSub_fulldsp' <Latency = 4> <II = 1> <Delay = 7.25> <FuncUnit> <Opcode : 'fadd' 'fsub'> <InPorts = 2> <OutPorts = 1>

State 14 <SV = 13> <Delay = 7.25>
ST_14 : Operation 57 [3/16] (6.07ns)   --->   "%T = fdiv i32 1024, i32 %fs_read" [chirp.cpp:14]   --->   Operation 57 'fdiv' 'T' <Predicate = true> <Delay = 6.07> <CoreInst = "FDiv">   --->   Core 20 'FDiv' <Latency = 15> <II = 1> <Delay = 6.07> <FuncUnit> <Opcode : 'fdiv' 'frem'> <InPorts = 2> <OutPorts = 1>
ST_14 : Operation 58 [3/5] (7.25ns)   --->   "%sub = fsub i32 %f1_read, i32 %f0_read" [chirp.cpp:15]   --->   Operation 58 'fsub' 'sub' <Predicate = true> <Delay = 7.25> <CoreInst = "FAddSub_fulldsp">   --->   Core 18 'FAddSub_fulldsp' <Latency = 4> <II = 1> <Delay = 7.25> <FuncUnit> <Opcode : 'fadd' 'fsub'> <InPorts = 2> <OutPorts = 1>

State 15 <SV = 14> <Delay = 7.25>
ST_15 : Operation 59 [2/16] (6.07ns)   --->   "%T = fdiv i32 1024, i32 %fs_read" [chirp.cpp:14]   --->   Operation 59 'fdiv' 'T' <Predicate = true> <Delay = 6.07> <CoreInst = "FDiv">   --->   Core 20 'FDiv' <Latency = 15> <II = 1> <Delay = 6.07> <FuncUnit> <Opcode : 'fdiv' 'frem'> <InPorts = 2> <OutPorts = 1>
ST_15 : Operation 60 [2/5] (7.25ns)   --->   "%sub = fsub i32 %f1_read, i32 %f0_read" [chirp.cpp:15]   --->   Operation 60 'fsub' 'sub' <Predicate = true> <Delay = 7.25> <CoreInst = "FAddSub_fulldsp">   --->   Core 18 'FAddSub_fulldsp' <Latency = 4> <II = 1> <Delay = 7.25> <FuncUnit> <Opcode : 'fadd' 'fsub'> <InPorts = 2> <OutPorts = 1>

State 16 <SV = 15> <Delay = 7.25>
ST_16 : Operation 61 [1/16] (6.07ns)   --->   "%T = fdiv i32 1024, i32 %fs_read" [chirp.cpp:14]   --->   Operation 61 'fdiv' 'T' <Predicate = true> <Delay = 6.07> <CoreInst = "FDiv">   --->   Core 20 'FDiv' <Latency = 15> <II = 1> <Delay = 6.07> <FuncUnit> <Opcode : 'fdiv' 'frem'> <InPorts = 2> <OutPorts = 1>
ST_16 : Operation 62 [1/5] (7.25ns)   --->   "%sub = fsub i32 %f1_read, i32 %f0_read" [chirp.cpp:15]   --->   Operation 62 'fsub' 'sub' <Predicate = true> <Delay = 7.25> <CoreInst = "FAddSub_fulldsp">   --->   Core 18 'FAddSub_fulldsp' <Latency = 4> <II = 1> <Delay = 7.25> <FuncUnit> <Opcode : 'fadd' 'fsub'> <InPorts = 2> <OutPorts = 1>

State 17 <SV = 16> <Delay = 6.07>
ST_17 : Operation 63 [16/16] (6.07ns)   --->   "%k = fdiv i32 %sub, i32 %T" [chirp.cpp:15]   --->   Operation 63 'fdiv' 'k' <Predicate = true> <Delay = 6.07> <CoreInst = "FDiv">   --->   Core 20 'FDiv' <Latency = 15> <II = 1> <Delay = 6.07> <FuncUnit> <Opcode : 'fdiv' 'frem'> <InPorts = 2> <OutPorts = 1>

State 18 <SV = 17> <Delay = 6.07>
ST_18 : Operation 64 [15/16] (6.07ns)   --->   "%k = fdiv i32 %sub, i32 %T" [chirp.cpp:15]   --->   Operation 64 'fdiv' 'k' <Predicate = true> <Delay = 6.07> <CoreInst = "FDiv">   --->   Core 20 'FDiv' <Latency = 15> <II = 1> <Delay = 6.07> <FuncUnit> <Opcode : 'fdiv' 'frem'> <InPorts = 2> <OutPorts = 1>

State 19 <SV = 18> <Delay = 6.07>
ST_19 : Operation 65 [14/16] (6.07ns)   --->   "%k = fdiv i32 %sub, i32 %T" [chirp.cpp:15]   --->   Operation 65 'fdiv' 'k' <Predicate = true> <Delay = 6.07> <CoreInst = "FDiv">   --->   Core 20 'FDiv' <Latency = 15> <II = 1> <Delay = 6.07> <FuncUnit> <Opcode : 'fdiv' 'frem'> <InPorts = 2> <OutPorts = 1>

State 20 <SV = 19> <Delay = 6.07>
ST_20 : Operation 66 [13/16] (6.07ns)   --->   "%k = fdiv i32 %sub, i32 %T" [chirp.cpp:15]   --->   Operation 66 'fdiv' 'k' <Predicate = true> <Delay = 6.07> <CoreInst = "FDiv">   --->   Core 20 'FDiv' <Latency = 15> <II = 1> <Delay = 6.07> <FuncUnit> <Opcode : 'fdiv' 'frem'> <InPorts = 2> <OutPorts = 1>

State 21 <SV = 20> <Delay = 6.07>
ST_21 : Operation 67 [12/16] (6.07ns)   --->   "%k = fdiv i32 %sub, i32 %T" [chirp.cpp:15]   --->   Operation 67 'fdiv' 'k' <Predicate = true> <Delay = 6.07> <CoreInst = "FDiv">   --->   Core 20 'FDiv' <Latency = 15> <II = 1> <Delay = 6.07> <FuncUnit> <Opcode : 'fdiv' 'frem'> <InPorts = 2> <OutPorts = 1>

State 22 <SV = 21> <Delay = 6.07>
ST_22 : Operation 68 [11/16] (6.07ns)   --->   "%k = fdiv i32 %sub, i32 %T" [chirp.cpp:15]   --->   Operation 68 'fdiv' 'k' <Predicate = true> <Delay = 6.07> <CoreInst = "FDiv">   --->   Core 20 'FDiv' <Latency = 15> <II = 1> <Delay = 6.07> <FuncUnit> <Opcode : 'fdiv' 'frem'> <InPorts = 2> <OutPorts = 1>

State 23 <SV = 22> <Delay = 6.07>
ST_23 : Operation 69 [10/16] (6.07ns)   --->   "%k = fdiv i32 %sub, i32 %T" [chirp.cpp:15]   --->   Operation 69 'fdiv' 'k' <Predicate = true> <Delay = 6.07> <CoreInst = "FDiv">   --->   Core 20 'FDiv' <Latency = 15> <II = 1> <Delay = 6.07> <FuncUnit> <Opcode : 'fdiv' 'frem'> <InPorts = 2> <OutPorts = 1>

State 24 <SV = 23> <Delay = 6.07>
ST_24 : Operation 70 [9/16] (6.07ns)   --->   "%k = fdiv i32 %sub, i32 %T" [chirp.cpp:15]   --->   Operation 70 'fdiv' 'k' <Predicate = true> <Delay = 6.07> <CoreInst = "FDiv">   --->   Core 20 'FDiv' <Latency = 15> <II = 1> <Delay = 6.07> <FuncUnit> <Opcode : 'fdiv' 'frem'> <InPorts = 2> <OutPorts = 1>

State 25 <SV = 24> <Delay = 6.07>
ST_25 : Operation 71 [8/16] (6.07ns)   --->   "%k = fdiv i32 %sub, i32 %T" [chirp.cpp:15]   --->   Operation 71 'fdiv' 'k' <Predicate = true> <Delay = 6.07> <CoreInst = "FDiv">   --->   Core 20 'FDiv' <Latency = 15> <II = 1> <Delay = 6.07> <FuncUnit> <Opcode : 'fdiv' 'frem'> <InPorts = 2> <OutPorts = 1>

State 26 <SV = 25> <Delay = 6.07>
ST_26 : Operation 72 [7/16] (6.07ns)   --->   "%k = fdiv i32 %sub, i32 %T" [chirp.cpp:15]   --->   Operation 72 'fdiv' 'k' <Predicate = true> <Delay = 6.07> <CoreInst = "FDiv">   --->   Core 20 'FDiv' <Latency = 15> <II = 1> <Delay = 6.07> <FuncUnit> <Opcode : 'fdiv' 'frem'> <InPorts = 2> <OutPorts = 1>

State 27 <SV = 26> <Delay = 6.07>
ST_27 : Operation 73 [6/16] (6.07ns)   --->   "%k = fdiv i32 %sub, i32 %T" [chirp.cpp:15]   --->   Operation 73 'fdiv' 'k' <Predicate = true> <Delay = 6.07> <CoreInst = "FDiv">   --->   Core 20 'FDiv' <Latency = 15> <II = 1> <Delay = 6.07> <FuncUnit> <Opcode : 'fdiv' 'frem'> <InPorts = 2> <OutPorts = 1>

State 28 <SV = 27> <Delay = 6.07>
ST_28 : Operation 74 [5/16] (6.07ns)   --->   "%k = fdiv i32 %sub, i32 %T" [chirp.cpp:15]   --->   Operation 74 'fdiv' 'k' <Predicate = true> <Delay = 6.07> <CoreInst = "FDiv">   --->   Core 20 'FDiv' <Latency = 15> <II = 1> <Delay = 6.07> <FuncUnit> <Opcode : 'fdiv' 'frem'> <InPorts = 2> <OutPorts = 1>

State 29 <SV = 28> <Delay = 6.07>
ST_29 : Operation 75 [4/16] (6.07ns)   --->   "%k = fdiv i32 %sub, i32 %T" [chirp.cpp:15]   --->   Operation 75 'fdiv' 'k' <Predicate = true> <Delay = 6.07> <CoreInst = "FDiv">   --->   Core 20 'FDiv' <Latency = 15> <II = 1> <Delay = 6.07> <FuncUnit> <Opcode : 'fdiv' 'frem'> <InPorts = 2> <OutPorts = 1>

State 30 <SV = 29> <Delay = 6.07>
ST_30 : Operation 76 [3/16] (6.07ns)   --->   "%k = fdiv i32 %sub, i32 %T" [chirp.cpp:15]   --->   Operation 76 'fdiv' 'k' <Predicate = true> <Delay = 6.07> <CoreInst = "FDiv">   --->   Core 20 'FDiv' <Latency = 15> <II = 1> <Delay = 6.07> <FuncUnit> <Opcode : 'fdiv' 'frem'> <InPorts = 2> <OutPorts = 1>

State 31 <SV = 30> <Delay = 6.07>
ST_31 : Operation 77 [2/16] (6.07ns)   --->   "%k = fdiv i32 %sub, i32 %T" [chirp.cpp:15]   --->   Operation 77 'fdiv' 'k' <Predicate = true> <Delay = 6.07> <CoreInst = "FDiv">   --->   Core 20 'FDiv' <Latency = 15> <II = 1> <Delay = 6.07> <FuncUnit> <Opcode : 'fdiv' 'frem'> <InPorts = 2> <OutPorts = 1>

State 32 <SV = 31> <Delay = 6.07>
ST_32 : Operation 78 [1/16] (6.07ns)   --->   "%k = fdiv i32 %sub, i32 %T" [chirp.cpp:15]   --->   Operation 78 'fdiv' 'k' <Predicate = true> <Delay = 6.07> <CoreInst = "FDiv">   --->   Core 20 'FDiv' <Latency = 15> <II = 1> <Delay = 6.07> <FuncUnit> <Opcode : 'fdiv' 'frem'> <InPorts = 2> <OutPorts = 1>

State 33 <SV = 32> <Delay = 5.70>
ST_33 : Operation 79 [4/4] (5.70ns)   --->   "%mul3 = fmul i32 %k, i32 0.5" [chirp.cpp:25]   --->   Operation 79 'fmul' 'mul3' <Predicate = true> <Delay = 5.70> <CoreInst = "FMul_maxdsp">   --->   Core 30 'FMul_maxdsp' <Latency = 3> <II = 1> <Delay = 5.70> <FuncUnit> <Opcode : 'fmul'> <InPorts = 2> <OutPorts = 1>

State 34 <SV = 33> <Delay = 5.70>
ST_34 : Operation 80 [3/4] (5.70ns)   --->   "%mul3 = fmul i32 %k, i32 0.5" [chirp.cpp:25]   --->   Operation 80 'fmul' 'mul3' <Predicate = true> <Delay = 5.70> <CoreInst = "FMul_maxdsp">   --->   Core 30 'FMul_maxdsp' <Latency = 3> <II = 1> <Delay = 5.70> <FuncUnit> <Opcode : 'fmul'> <InPorts = 2> <OutPorts = 1>

State 35 <SV = 34> <Delay = 5.70>
ST_35 : Operation 81 [2/4] (5.70ns)   --->   "%mul3 = fmul i32 %k, i32 0.5" [chirp.cpp:25]   --->   Operation 81 'fmul' 'mul3' <Predicate = true> <Delay = 5.70> <CoreInst = "FMul_maxdsp">   --->   Core 30 'FMul_maxdsp' <Latency = 3> <II = 1> <Delay = 5.70> <FuncUnit> <Opcode : 'fmul'> <InPorts = 2> <OutPorts = 1>

State 36 <SV = 35> <Delay = 5.70>
ST_36 : Operation 82 [1/4] (5.70ns)   --->   "%mul3 = fmul i32 %k, i32 0.5" [chirp.cpp:25]   --->   Operation 82 'fmul' 'mul3' <Predicate = true> <Delay = 5.70> <CoreInst = "FMul_maxdsp">   --->   Core 30 'FMul_maxdsp' <Latency = 3> <II = 1> <Delay = 5.70> <FuncUnit> <Opcode : 'fmul'> <InPorts = 2> <OutPorts = 1>

State 37 <SV = 36> <Delay = 0.00>
ST_37 : Operation 83 [2/2] (0.00ns)   --->   "%call_ln10 = call void @chirp_Pipeline_VITIS_LOOP_17_1, i32 %fs_read, i32 %f0_read, i32 %mul3, i32 %out_r, i100 %ref_4oPi_table_100, i30 %second_order_float_sin_cos_K0, i23 %second_order_float_sin_cos_K1, i15 %second_order_float_sin_cos_K2" [chirp.cpp:10]   --->   Operation 83 'call' 'call_ln10' <Predicate = true> <Delay = 0.00> <CoreType = "Generic">   --->   Generic Core

State 38 <SV = 37> <Delay = 0.00>
ST_38 : Operation 84 [1/1] (0.00ns)   --->   "%spectopmodule_ln8 = spectopmodule void @_ssdm_op_SpecTopModule, void @empty_2" [chirp.cpp:8]   --->   Operation 84 'spectopmodule' 'spectopmodule_ln8' <Predicate = true> <Delay = 0.00>
ST_38 : Operation 85 [1/1] (0.00ns)   --->   "%specinterface_ln0 = specinterface void @_ssdm_op_SpecInterface, i32 %out_r, void @empty, i32 0, i32 0, void @empty_0, i32 4294967295, i32 0, void @empty_0, void @empty_0, void @empty_0, i32 0, i32 0, i32 0, i32 0, void @empty_0, void @empty_0, i32 4294967295, i32 0, i32 0, i32 0"   --->   Operation 85 'specinterface' 'specinterface_ln0' <Predicate = true> <Delay = 0.00>
ST_38 : Operation 86 [1/1] (0.00ns)   --->   "%specbitsmap_ln0 = specbitsmap void @_ssdm_op_SpecBitsMap, i32 %out_r"   --->   Operation 86 'specbitsmap' 'specbitsmap_ln0' <Predicate = true> <Delay = 0.00>
ST_38 : Operation 87 [1/1] (0.00ns)   --->   "%specbitsmap_ln0 = specbitsmap void @_ssdm_op_SpecBitsMap, i32 %fs"   --->   Operation 87 'specbitsmap' 'specbitsmap_ln0' <Predicate = true> <Delay = 0.00>
ST_38 : Operation 88 [1/1] (0.00ns)   --->   "%specinterface_ln0 = specinterface void @_ssdm_op_SpecInterface, i32 %fs, void @empty_1, i32 0, i32 0, void @empty_0, i32 0, i32 0, void @empty_0, void @empty_0, void @empty_0, i32 0, i32 0, i32 0, i32 0, void @empty_0, void @empty_0, i32 4294967295, i32 0, i32 0, i32 0"   --->   Operation 88 'specinterface' 'specinterface_ln0' <Predicate = true> <Delay = 0.00>
ST_38 : Operation 89 [1/1] (0.00ns)   --->   "%specbitsmap_ln0 = specbitsmap void @_ssdm_op_SpecBitsMap, i32 %f0"   --->   Operation 89 'specbitsmap' 'specbitsmap_ln0' <Predicate = true> <Delay = 0.00>
ST_38 : Operation 90 [1/1] (0.00ns)   --->   "%specinterface_ln0 = specinterface void @_ssdm_op_SpecInterface, i32 %f0, void @empty_1, i32 0, i32 0, void @empty_0, i32 0, i32 0, void @empty_0, void @empty_0, void @empty_0, i32 0, i32 0, i32 0, i32 0, void @empty_0, void @empty_0, i32 4294967295, i32 0, i32 0, i32 0"   --->   Operation 90 'specinterface' 'specinterface_ln0' <Predicate = true> <Delay = 0.00>
ST_38 : Operation 91 [1/1] (0.00ns)   --->   "%specbitsmap_ln0 = specbitsmap void @_ssdm_op_SpecBitsMap, i32 %f1"   --->   Operation 91 'specbitsmap' 'specbitsmap_ln0' <Predicate = true> <Delay = 0.00>
ST_38 : Operation 92 [1/1] (0.00ns)   --->   "%specinterface_ln0 = specinterface void @_ssdm_op_SpecInterface, i32 %f1, void @empty_1, i32 0, i32 0, void @empty_0, i32 0, i32 0, void @empty_0, void @empty_0, void @empty_0, i32 0, i32 0, i32 0, i32 0, void @empty_0, void @empty_0, i32 4294967295, i32 0, i32 0, i32 0"   --->   Operation 92 'specinterface' 'specinterface_ln0' <Predicate = true> <Delay = 0.00>
ST_38 : Operation 93 [1/2] (0.00ns)   --->   "%call_ln10 = call void @chirp_Pipeline_VITIS_LOOP_17_1, i32 %fs_read, i32 %f0_read, i32 %mul3, i32 %out_r, i100 %ref_4oPi_table_100, i30 %second_order_float_sin_cos_K0, i23 %second_order_float_sin_cos_K1, i15 %second_order_float_sin_cos_K2" [chirp.cpp:10]   --->   Operation 93 'call' 'call_ln10' <Predicate = true> <Delay = 0.00> <CoreType = "Generic">   --->   Generic Core
ST_38 : Operation 94 [1/1] (0.00ns)   --->   "%ret_ln29 = ret" [chirp.cpp:29]   --->   Operation 94 'ret' 'ret_ln29' <Predicate = true> <Delay = 0.00>


============================================================
+ Verbose Summary: Timing violations
============================================================
Target clock period: 10.000ns, clock uncertainty: 2.700ns.

 <State 1>: 6.075ns
The critical path consists of the following:
	wire read operation ('fs_read', chirp.cpp:10) on port 'fs' (chirp.cpp:10) [20]  (0.000 ns)
	'fdiv' operation 32 bit ('T', chirp.cpp:14) [21]  (6.075 ns)

 <State 2>: 6.075ns
The critical path consists of the following:
	'fdiv' operation 32 bit ('T', chirp.cpp:14) [21]  (6.075 ns)

 <State 3>: 6.075ns
The critical path consists of the following:
	'fdiv' operation 32 bit ('T', chirp.cpp:14) [21]  (6.075 ns)

 <State 4>: 6.075ns
The critical path consists of the following:
	'fdiv' operation 32 bit ('T', chirp.cpp:14) [21]  (6.075 ns)

 <State 5>: 6.075ns
The critical path consists of the following:
	'fdiv' operation 32 bit ('T', chirp.cpp:14) [21]  (6.075 ns)

 <State 6>: 6.075ns
The critical path consists of the following:
	'fdiv' operation 32 bit ('T', chirp.cpp:14) [21]  (6.075 ns)

 <State 7>: 6.075ns
The critical path consists of the following:
	'fdiv' operation 32 bit ('T', chirp.cpp:14) [21]  (6.075 ns)

 <State 8>: 6.075ns
The critical path consists of the following:
	'fdiv' operation 32 bit ('T', chirp.cpp:14) [21]  (6.075 ns)

 <State 9>: 6.075ns
The critical path consists of the following:
	'fdiv' operation 32 bit ('T', chirp.cpp:14) [21]  (6.075 ns)

 <State 10>: 6.075ns
The critical path consists of the following:
	'fdiv' operation 32 bit ('T', chirp.cpp:14) [21]  (6.075 ns)

 <State 11>: 6.075ns
The critical path consists of the following:
	'fdiv' operation 32 bit ('T', chirp.cpp:14) [21]  (6.075 ns)

 <State 12>: 7.256ns
The critical path consists of the following:
	wire read operation ('f1_read', chirp.cpp:10) on port 'f1' (chirp.cpp:10) [18]  (0.000 ns)
	'fsub' operation 32 bit ('sub', chirp.cpp:15) [22]  (7.256 ns)

 <State 13>: 7.256ns
The critical path consists of the following:
	'fsub' operation 32 bit ('sub', chirp.cpp:15) [22]  (7.256 ns)

 <State 14>: 7.256ns
The critical path consists of the following:
	'fsub' operation 32 bit ('sub', chirp.cpp:15) [22]  (7.256 ns)

 <State 15>: 7.256ns
The critical path consists of the following:
	'fsub' operation 32 bit ('sub', chirp.cpp:15) [22]  (7.256 ns)

 <State 16>: 7.256ns
The critical path consists of the following:
	'fsub' operation 32 bit ('sub', chirp.cpp:15) [22]  (7.256 ns)

 <State 17>: 6.075ns
The critical path consists of the following:
	'fdiv' operation 32 bit ('k', chirp.cpp:15) [23]  (6.075 ns)

 <State 18>: 6.075ns
The critical path consists of the following:
	'fdiv' operation 32 bit ('k', chirp.cpp:15) [23]  (6.075 ns)

 <State 19>: 6.075ns
The critical path consists of the following:
	'fdiv' operation 32 bit ('k', chirp.cpp:15) [23]  (6.075 ns)

 <State 20>: 6.075ns
The critical path consists of the following:
	'fdiv' operation 32 bit ('k', chirp.cpp:15) [23]  (6.075 ns)

 <State 21>: 6.075ns
The critical path consists of the following:
	'fdiv' operation 32 bit ('k', chirp.cpp:15) [23]  (6.075 ns)

 <State 22>: 6.075ns
The critical path consists of the following:
	'fdiv' operation 32 bit ('k', chirp.cpp:15) [23]  (6.075 ns)

 <State 23>: 6.075ns
The critical path consists of the following:
	'fdiv' operation 32 bit ('k', chirp.cpp:15) [23]  (6.075 ns)

 <State 24>: 6.075ns
The critical path consists of the following:
	'fdiv' operation 32 bit ('k', chirp.cpp:15) [23]  (6.075 ns)

 <State 25>: 6.075ns
The critical path consists of the following:
	'fdiv' operation 32 bit ('k', chirp.cpp:15) [23]  (6.075 ns)

 <State 26>: 6.075ns
The critical path consists of the following:
	'fdiv' operation 32 bit ('k', chirp.cpp:15) [23]  (6.075 ns)

 <State 27>: 6.075ns
The critical path consists of the following:
	'fdiv' operation 32 bit ('k', chirp.cpp:15) [23]  (6.075 ns)

 <State 28>: 6.075ns
The critical path consists of the following:
	'fdiv' operation 32 bit ('k', chirp.cpp:15) [23]  (6.075 ns)

 <State 29>: 6.075ns
The critical path consists of the following:
	'fdiv' operation 32 bit ('k', chirp.cpp:15) [23]  (6.075 ns)

 <State 30>: 6.075ns
The critical path consists of the following:
	'fdiv' operation 32 bit ('k', chirp.cpp:15) [23]  (6.075 ns)

 <State 31>: 6.075ns
The critical path consists of the following:
	'fdiv' operation 32 bit ('k', chirp.cpp:15) [23]  (6.075 ns)

 <State 32>: 6.075ns
The critical path consists of the following:
	'fdiv' operation 32 bit ('k', chirp.cpp:15) [23]  (6.075 ns)

 <State 33>: 5.702ns
The critical path consists of the following:
	'fmul' operation 32 bit ('mul3', chirp.cpp:25) [24]  (5.702 ns)

 <State 34>: 5.702ns
The critical path consists of the following:
	'fmul' operation 32 bit ('mul3', chirp.cpp:25) [24]  (5.702 ns)

 <State 35>: 5.702ns
The critical path consists of the following:
	'fmul' operation 32 bit ('mul3', chirp.cpp:25) [24]  (5.702 ns)

 <State 36>: 5.702ns
The critical path consists of the following:
	'fmul' operation 32 bit ('mul3', chirp.cpp:25) [24]  (5.702 ns)

 <State 37>: 0.000ns
The critical path consists of the following:

 <State 38>: 0.000ns
The critical path consists of the following:


============================================================
+ Verbose Summary: Binding
============================================================
N/A
* FSMD analyzer results:
  - Output states:
 - Input state : 
  - Chain level:
	State 1
	State 2
	State 3
	State 4
	State 5
	State 6
	State 7
	State 8
	State 9
	State 10
	State 11
	State 12
	State 13
	State 14
	State 15
	State 16
	State 17
	State 18
	State 19
	State 20
	State 21
	State 22
	State 23
	State 24
	State 25
	State 26
	State 27
	State 28
	State 29
	State 30
	State 31
	State 32
	State 33
	State 34
	State 35
	State 36
	State 37
	State 38


============================================================
+ Verbose Summary: Datapath Resource usage 
============================================================
N/A
