C:\Users\vempa\Documents\Projects\RADAR_Chirp_Engine\ChirpGenerator\ChirpGenerator\hls\.autopilot\db\chirp.pp.0.cpp:18377:5: remark: Added loop label VITIS_LOOP_676_1:   [xilinx-label-all-loops]
    for (unsigned i = low; i != high+1; ++i) {
    ^
    VITIS_LOOP_676_1: 
C:\Users\vempa\Documents\Projects\RADAR_Chirp_Engine\ChirpGenerator\ChirpGenerator\hls\.autopilot\db\chirp.pp.0.cpp:18377:5: note: FIX-IT applied suggested code changes
C:\Users\vempa\Documents\Projects\RADAR_Chirp_Engine\ChirpGenerator\ChirpGenerator\hls\.autopilot\db\chirp.pp.0.cpp:18391:5: remark: Added loop label VITIS_LOOP_690_1:   [xilinx-label-all-loops]
    for (unsigned i = low; i != high+1; ++i) {
    ^
    VITIS_LOOP_690_1: 
C:\Users\vempa\Documents\Projects\RADAR_Chirp_Engine\ChirpGenerator\ChirpGenerator\hls\.autopilot\db\chirp.pp.0.cpp:18391:5: note: FIX-IT applied suggested code changes
C:\Users\vempa\Documents\Projects\RADAR_Chirp_Engine\ChirpGenerator\ChirpGenerator\hls\.autopilot\db\chirp.pp.0.cpp:18405:5: remark: Added loop label VITIS_LOOP_704_1:   [xilinx-label-all-loops]
    for (unsigned i = low; i != high+1; ++i) {
    ^
    VITIS_LOOP_704_1: 
C:\Users\vempa\Documents\Projects\RADAR_Chirp_Engine\ChirpGenerator\ChirpGenerator\hls\.autopilot\db\chirp.pp.0.cpp:18405:5: note: FIX-IT applied suggested code changes
C:\Users\vempa\Documents\Projects\RADAR_Chirp_Engine\ChirpGenerator\ChirpGenerator\hls\.autopilot\db\chirp.pp.0.cpp:20429:7: remark: Added loop label VITIS_LOOP_1251_1:   [xilinx-label-all-loops]
      for (i = 0; i < __N - 1; ++i) {
      ^
      VITIS_LOOP_1251_1: 
C:\Users\vempa\Documents\Projects\RADAR_Chirp_Engine\ChirpGenerator\ChirpGenerator\hls\.autopilot\db\chirp.pp.0.cpp:20429:7: note: FIX-IT applied suggested code changes
C:\Users\vempa\Documents\Projects\RADAR_Chirp_Engine\ChirpGenerator\ChirpGenerator\hls\.autopilot\db\chirp.pp.0.cpp:51909:5: remark: Added loop label VITIS_LOOP_61_1:   [xilinx-label-all-loops]
    for (int n=0; n<Nmax; n++){
    ^
    VITIS_LOOP_61_1: 
C:\Users\vempa\Documents\Projects\RADAR_Chirp_Engine\ChirpGenerator\ChirpGenerator\hls\.autopilot\db\chirp.pp.0.cpp:51909:5: note: FIX-IT applied suggested code changes
C:\Users\vempa\Documents\Projects\RADAR_Chirp_Engine\ChirpGenerator\ChirpGenerator\hls\.autopilot\db\chirp.pp.0.cpp:51955:5: remark: Added loop label VITIS_LOOP_117_1:   [xilinx-label-all-loops]
    for (int n=0; n<Nmax; n++){
    ^
    VITIS_LOOP_117_1: 
C:\Users\vempa\Documents\Projects\RADAR_Chirp_Engine\ChirpGenerator\ChirpGenerator\hls\.autopilot\db\chirp.pp.0.cpp:51955:5: note: FIX-IT applied suggested code changes
C:\Users\vempa\Documents\Projects\RADAR_Chirp_Engine\ChirpGenerator\ChirpGenerator\hls\.autopilot\db\chirp.pp.0.cpp:52118:9: remark: Added loop label VITIS_LOOP_289_1:   [xilinx-label-all-loops]
        for(int i=0;i<W-1;i++){
        ^
        VITIS_LOOP_289_1: 
C:\Users\vempa\Documents\Projects\RADAR_Chirp_Engine\ChirpGenerator\ChirpGenerator\hls\.autopilot\db\chirp.pp.0.cpp:52118:9: note: FIX-IT applied suggested code changes
C:\Users\vempa\Documents\Projects\RADAR_Chirp_Engine\ChirpGenerator\ChirpGenerator\hls\.autopilot\db\chirp.pp.0.cpp:52270:9: remark: Added loop label VITIS_LOOP_449_1:   [xilinx-label-all-loops]
        for(int i=0;i<W-1;i++){
        ^
        VITIS_LOOP_449_1: 
C:\Users\vempa\Documents\Projects\RADAR_Chirp_Engine\ChirpGenerator\ChirpGenerator\hls\.autopilot\db\chirp.pp.0.cpp:52270:9: note: FIX-IT applied suggested code changes
C:\Users\vempa\Documents\Projects\RADAR_Chirp_Engine\ChirpGenerator\ChirpGenerator\hls\.autopilot\db\chirp.pp.0.cpp:52450:5: remark: Added loop label VITIS_LOOP_629_1:   [xilinx-label-all-loops]
    for(int i=0;i<W+1;i++){
    ^
    VITIS_LOOP_629_1: 
C:\Users\vempa\Documents\Projects\RADAR_Chirp_Engine\ChirpGenerator\ChirpGenerator\hls\.autopilot\db\chirp.pp.0.cpp:52450:5: note: FIX-IT applied suggested code changes
C:\Users\vempa\Documents\Projects\RADAR_Chirp_Engine\ChirpGenerator\ChirpGenerator\hls\.autopilot\db\chirp.pp.0.cpp:52454:5: remark: Added loop label VITIS_LOOP_633_2:   [xilinx-label-all-loops]
    for(int i=0;i<W+1;i++){
    ^
    VITIS_LOOP_633_2: 
C:\Users\vempa\Documents\Projects\RADAR_Chirp_Engine\ChirpGenerator\ChirpGenerator\hls\.autopilot\db\chirp.pp.0.cpp:52454:5: note: FIX-IT applied suggested code changes
C:\Users\vempa\Documents\Projects\RADAR_Chirp_Engine\ChirpGenerator\ChirpGenerator\hls\.autopilot\db\chirp.pp.0.cpp:52564:5: remark: Added loop label VITIS_LOOP_743_1:   [xilinx-label-all-loops]
    for (int n=0; n<Nmax; n++){
    ^
    VITIS_LOOP_743_1: 
C:\Users\vempa\Documents\Projects\RADAR_Chirp_Engine\ChirpGenerator\ChirpGenerator\hls\.autopilot\db\chirp.pp.0.cpp:52564:5: note: FIX-IT applied suggested code changes
C:\Users\vempa\Documents\Projects\RADAR_Chirp_Engine\ChirpGenerator\ChirpGenerator\hls\.autopilot\db\chirp.pp.0.cpp:52654:7: remark: Added loop label VITIS_LOOP_840_1:   [xilinx-label-all-loops]
      for(int i=0;i<W-1;i++){
      ^
      VITIS_LOOP_840_1: 
C:\Users\vempa\Documents\Projects\RADAR_Chirp_Engine\ChirpGenerator\ChirpGenerator\hls\.autopilot\db\chirp.pp.0.cpp:52654:7: note: FIX-IT applied suggested code changes
C:\Users\vempa\Documents\Projects\RADAR_Chirp_Engine\ChirpGenerator\ChirpGenerator\hls\.autopilot\db\chirp.pp.0.cpp:52673:7: remark: Added loop label VITIS_LOOP_859_2:   [xilinx-label-all-loops]
      for(int i=0;i<W-1;i++){
      ^
      VITIS_LOOP_859_2: 
C:\Users\vempa\Documents\Projects\RADAR_Chirp_Engine\ChirpGenerator\ChirpGenerator\hls\.autopilot\db\chirp.pp.0.cpp:52673:7: note: FIX-IT applied suggested code changes
C:\Users\vempa\Documents\Projects\RADAR_Chirp_Engine\ChirpGenerator\ChirpGenerator\hls\.autopilot\db\chirp.pp.0.cpp:52966:5: remark: Added loop label VITIS_LOOP_1176_1:   [xilinx-label-all-loops]
    for(int i=0; i<Nmax; i++) {
    ^
    VITIS_LOOP_1176_1: 
C:\Users\vempa\Documents\Projects\RADAR_Chirp_Engine\ChirpGenerator\ChirpGenerator\hls\.autopilot\db\chirp.pp.0.cpp:52966:5: note: FIX-IT applied suggested code changes
C:\Users\vempa\Documents\Projects\RADAR_Chirp_Engine\ChirpGenerator\ChirpGenerator\hls\.autopilot\db\chirp.pp.0.cpp:53049:5: remark: Added loop label VITIS_LOOP_1259_1:   [xilinx-label-all-loops]
    for(int i=0; i<Nmax; i++) {
    ^
    VITIS_LOOP_1259_1: 
C:\Users\vempa\Documents\Projects\RADAR_Chirp_Engine\ChirpGenerator\ChirpGenerator\hls\.autopilot\db\chirp.pp.0.cpp:53049:5: note: FIX-IT applied suggested code changes
C:\Users\vempa\Documents\Projects\RADAR_Chirp_Engine\ChirpGenerator\ChirpGenerator\hls\.autopilot\db\chirp.pp.0.cpp:53455:13: remark: Added loop label VITIS_LOOP_68_1:   [xilinx-label-all-loops]
            for (int j = 3; j >= I_+1; j--) {
            ^
            VITIS_LOOP_68_1: 
C:\Users\vempa\Documents\Projects\RADAR_Chirp_Engine\ChirpGenerator\ChirpGenerator\hls\.autopilot\db\chirp.pp.0.cpp:53455:13: note: FIX-IT applied suggested code changes
C:\Users\vempa\Documents\Projects\RADAR_Chirp_Engine\ChirpGenerator\ChirpGenerator\hls\.autopilot\db\chirp.pp.0.cpp:53461:17: remark: Added loop label VITIS_LOOP_74_2:   [xilinx-label-all-loops]
                for (int j = 3; j >= I_+1; j--){
                ^
                VITIS_LOOP_74_2: 
C:\Users\vempa\Documents\Projects\RADAR_Chirp_Engine\ChirpGenerator\ChirpGenerator\hls\.autopilot\db\chirp.pp.0.cpp:53461:17: note: FIX-IT applied suggested code changes
C:\Users\vempa\Documents\Projects\RADAR_Chirp_Engine\ChirpGenerator\ChirpGenerator\hls\.autopilot\db\chirp.pp.0.cpp:53465:17: remark: Added loop label VITIS_LOOP_78_3:   [xilinx-label-all-loops]
                for (int j = I_; j >= 0; j--){
                ^
                VITIS_LOOP_78_3: 
C:\Users\vempa\Documents\Projects\RADAR_Chirp_Engine\ChirpGenerator\ChirpGenerator\hls\.autopilot\db\chirp.pp.0.cpp:53465:17: note: FIX-IT applied suggested code changes
C:\Users\vempa\Documents\Projects\RADAR_Chirp_Engine\ChirpGenerator\ChirpGenerator\hls\.autopilot\db\chirp.pp.0.cpp:53512:13: remark: Added loop label VITIS_LOOP_145_4:   [xilinx-label-all-loops]
            for (int j = 9; j >= I_+4; j--) {
            ^
            VITIS_LOOP_145_4: 
C:\Users\vempa\Documents\Projects\RADAR_Chirp_Engine\ChirpGenerator\ChirpGenerator\hls\.autopilot\db\chirp.pp.0.cpp:53512:13: note: FIX-IT applied suggested code changes
C:\Users\vempa\Documents\Projects\RADAR_Chirp_Engine\ChirpGenerator\ChirpGenerator\hls\.autopilot\db\chirp.pp.0.cpp:53518:17: remark: Added loop label VITIS_LOOP_151_5:   [xilinx-label-all-loops]
                for (int j = 9; j >= I_+4; j--){
                ^
                VITIS_LOOP_151_5: 
C:\Users\vempa\Documents\Projects\RADAR_Chirp_Engine\ChirpGenerator\ChirpGenerator\hls\.autopilot\db\chirp.pp.0.cpp:53518:17: note: FIX-IT applied suggested code changes
C:\Users\vempa\Documents\Projects\RADAR_Chirp_Engine\ChirpGenerator\ChirpGenerator\hls\.autopilot\db\chirp.pp.0.cpp:53522:17: remark: Added loop label VITIS_LOOP_155_6:   [xilinx-label-all-loops]
                for (int j = I_+3; j >= 0; j--){
                ^
                VITIS_LOOP_155_6: 
C:\Users\vempa\Documents\Projects\RADAR_Chirp_Engine\ChirpGenerator\ChirpGenerator\hls\.autopilot\db\chirp.pp.0.cpp:53522:17: note: FIX-IT applied suggested code changes
C:\Users\vempa\Documents\Projects\RADAR_Chirp_Engine\ChirpGenerator\ChirpGenerator\hls\.autopilot\db\chirp.pp.0.cpp:53537:9: remark: Added loop label VITIS_LOOP_170_7:   [xilinx-label-all-loops]
        for (int j = 14; j < 22; j++){
        ^
        VITIS_LOOP_170_7: 
C:\Users\vempa\Documents\Projects\RADAR_Chirp_Engine\ChirpGenerator\ChirpGenerator\hls\.autopilot\db\chirp.pp.0.cpp:53537:9: note: FIX-IT applied suggested code changes
C:\Users\vempa\Documents\Projects\RADAR_Chirp_Engine\ChirpGenerator\ChirpGenerator\hls\.autopilot\db\chirp.pp.0.cpp:53545:17: remark: Added loop label VITIS_LOOP_178_8:   [xilinx-label-all-loops]
                for (int j = 0; j < 22; j++){
                ^
                VITIS_LOOP_178_8: 
C:\Users\vempa\Documents\Projects\RADAR_Chirp_Engine\ChirpGenerator\ChirpGenerator\hls\.autopilot\db\chirp.pp.0.cpp:53545:17: note: FIX-IT applied suggested code changes
C:\Users\vempa\Documents\Projects\RADAR_Chirp_Engine\ChirpGenerator\ChirpGenerator\hls\.autopilot\db\chirp.pp.0.cpp:53610:13: remark: Added loop label VITIS_LOOP_243_9:   [xilinx-label-all-loops]
            for (int j = 21; j >= I_+10; j--) {
            ^
            VITIS_LOOP_243_9: 
C:\Users\vempa\Documents\Projects\RADAR_Chirp_Engine\ChirpGenerator\ChirpGenerator\hls\.autopilot\db\chirp.pp.0.cpp:53610:13: note: FIX-IT applied suggested code changes
C:\Users\vempa\Documents\Projects\RADAR_Chirp_Engine\ChirpGenerator\ChirpGenerator\hls\.autopilot\db\chirp.pp.0.cpp:53616:17: remark: Added loop label VITIS_LOOP_249_10:   [xilinx-label-all-loops]
                for (int j = 21; j >= I_+10; j--) {
                ^
                VITIS_LOOP_249_10: 
C:\Users\vempa\Documents\Projects\RADAR_Chirp_Engine\ChirpGenerator\ChirpGenerator\hls\.autopilot\db\chirp.pp.0.cpp:53616:17: note: FIX-IT applied suggested code changes
C:\Users\vempa\Documents\Projects\RADAR_Chirp_Engine\ChirpGenerator\ChirpGenerator\hls\.autopilot\db\chirp.pp.0.cpp:53620:17: remark: Added loop label VITIS_LOOP_253_11:   [xilinx-label-all-loops]
                for (int j = I_+9; j >= 0; j--) {
                ^
                VITIS_LOOP_253_11: 
C:\Users\vempa\Documents\Projects\RADAR_Chirp_Engine\ChirpGenerator\ChirpGenerator\hls\.autopilot\db\chirp.pp.0.cpp:53620:17: note: FIX-IT applied suggested code changes
C:\Users\vempa\Documents\Projects\RADAR_Chirp_Engine\ChirpGenerator\ChirpGenerator\hls\.autopilot\db\chirp.pp.0.cpp:53635:9: remark: Added loop label VITIS_LOOP_268_12:   [xilinx-label-all-loops]
        for (int j = 27; j < 46; j++){
        ^
        VITIS_LOOP_268_12: 
C:\Users\vempa\Documents\Projects\RADAR_Chirp_Engine\ChirpGenerator\ChirpGenerator\hls\.autopilot\db\chirp.pp.0.cpp:53635:9: note: FIX-IT applied suggested code changes
C:\Users\vempa\Documents\Projects\RADAR_Chirp_Engine\ChirpGenerator\ChirpGenerator\hls\.autopilot\db\chirp.pp.0.cpp:53643:17: remark: Added loop label VITIS_LOOP_276_13:   [xilinx-label-all-loops]
                for (int j = 0; j < 46; j++) {
                ^
                VITIS_LOOP_276_13: 
C:\Users\vempa\Documents\Projects\RADAR_Chirp_Engine\ChirpGenerator\ChirpGenerator\hls\.autopilot\db\chirp.pp.0.cpp:53643:17: note: FIX-IT applied suggested code changes
C:\Users\vempa\Documents\Projects\RADAR_Chirp_Engine\ChirpGenerator\ChirpGenerator\hls\.autopilot\db\chirp.pp.0.cpp:53872:13: remark: Added loop label VITIS_LOOP_505_14:   [xilinx-label-all-loops]
            for (int j = 45; j >= I_+22; j--) {
            ^
            VITIS_LOOP_505_14: 
C:\Users\vempa\Documents\Projects\RADAR_Chirp_Engine\ChirpGenerator\ChirpGenerator\hls\.autopilot\db\chirp.pp.0.cpp:53872:13: note: FIX-IT applied suggested code changes
C:\Users\vempa\Documents\Projects\RADAR_Chirp_Engine\ChirpGenerator\ChirpGenerator\hls\.autopilot\db\chirp.pp.0.cpp:53878:17: remark: Added loop label VITIS_LOOP_511_15:   [xilinx-label-all-loops]
                for (int j = 45; j >= I_+22; j--){
                ^
                VITIS_LOOP_511_15: 
C:\Users\vempa\Documents\Projects\RADAR_Chirp_Engine\ChirpGenerator\ChirpGenerator\hls\.autopilot\db\chirp.pp.0.cpp:53878:17: note: FIX-IT applied suggested code changes
C:\Users\vempa\Documents\Projects\RADAR_Chirp_Engine\ChirpGenerator\ChirpGenerator\hls\.autopilot\db\chirp.pp.0.cpp:53882:17: remark: Added loop label VITIS_LOOP_515_16:   [xilinx-label-all-loops]
                for (int j = I_+21; j >= 0; j--) {
                ^
                VITIS_LOOP_515_16: 
C:\Users\vempa\Documents\Projects\RADAR_Chirp_Engine\ChirpGenerator\ChirpGenerator\hls\.autopilot\db\chirp.pp.0.cpp:53882:17: note: FIX-IT applied suggested code changes
C:\Users\vempa\Documents\Projects\RADAR_Chirp_Engine\ChirpGenerator\ChirpGenerator\hls\.autopilot\db\chirp.pp.0.cpp:53892:9: remark: Added loop label VITIS_LOOP_525_17:   [xilinx-label-all-loops]
        for (int j = 32-F_; j < 32+I_; j++){
        ^
        VITIS_LOOP_525_17: 
C:\Users\vempa\Documents\Projects\RADAR_Chirp_Engine\ChirpGenerator\ChirpGenerator\hls\.autopilot\db\chirp.pp.0.cpp:53892:9: note: FIX-IT applied suggested code changes
C:\Users\vempa\Documents\Projects\RADAR_Chirp_Engine\ChirpGenerator\ChirpGenerator\hls\.autopilot\db\chirp.pp.0.cpp:53896:9: remark: Added loop label VITIS_LOOP_529_18:   [xilinx-label-all-loops]
        for (int j = 32+I_; j <= 64; j++){
        ^
        VITIS_LOOP_529_18: 
C:\Users\vempa\Documents\Projects\RADAR_Chirp_Engine\ChirpGenerator\ChirpGenerator\hls\.autopilot\db\chirp.pp.0.cpp:53896:9: note: FIX-IT applied suggested code changes
C:\Users\vempa\Documents\Projects\RADAR_Chirp_Engine\ChirpGenerator\ChirpGenerator\hls\.autopilot\db\chirp.pp.0.cpp:53906:9: remark: Added loop label VITIS_LOOP_539_19:   [xilinx-label-all-loops]
        for (int j = 37; j < 64; j++) {
        ^
        VITIS_LOOP_539_19: 
C:\Users\vempa\Documents\Projects\RADAR_Chirp_Engine\ChirpGenerator\ChirpGenerator\hls\.autopilot\db\chirp.pp.0.cpp:53906:9: note: FIX-IT applied suggested code changes
C:\Users\vempa\Documents\Projects\RADAR_Chirp_Engine\ChirpGenerator\ChirpGenerator\hls\.autopilot\db\chirp.pp.0.cpp:53914:17: remark: Added loop label VITIS_LOOP_547_20:   [xilinx-label-all-loops]
                for (int j = 0; j < 64; j++){
                ^
                VITIS_LOOP_547_20: 
C:\Users\vempa\Documents\Projects\RADAR_Chirp_Engine\ChirpGenerator\ChirpGenerator\hls\.autopilot\db\chirp.pp.0.cpp:53914:17: note: FIX-IT applied suggested code changes
C:\Users\vempa\Documents\Projects\RADAR_Chirp_Engine\ChirpGenerator\ChirpGenerator\hls\.autopilot\db\chirp.pp.0.cpp:54275:13: remark: Added loop label VITIS_LOOP_908_21:   [xilinx-label-all-loops]
            for (int j = 63; j >= I_+31; j--) {
            ^
            VITIS_LOOP_908_21: 
C:\Users\vempa\Documents\Projects\RADAR_Chirp_Engine\ChirpGenerator\ChirpGenerator\hls\.autopilot\db\chirp.pp.0.cpp:54275:13: note: FIX-IT applied suggested code changes
C:\Users\vempa\Documents\Projects\RADAR_Chirp_Engine\ChirpGenerator\ChirpGenerator\hls\.autopilot\db\chirp.pp.0.cpp:54281:17: remark: Added loop label VITIS_LOOP_914_22:   [xilinx-label-all-loops]
                for (int j = 63; j >= I_+31; j--) {
                ^
                VITIS_LOOP_914_22: 
C:\Users\vempa\Documents\Projects\RADAR_Chirp_Engine\ChirpGenerator\ChirpGenerator\hls\.autopilot\db\chirp.pp.0.cpp:54281:17: note: FIX-IT applied suggested code changes
C:\Users\vempa\Documents\Projects\RADAR_Chirp_Engine\ChirpGenerator\ChirpGenerator\hls\.autopilot\db\chirp.pp.0.cpp:54285:17: remark: Added loop label VITIS_LOOP_918_23:   [xilinx-label-all-loops]
                for (int j = I_+30; j >= 0; j--) {
                ^
                VITIS_LOOP_918_23: 
C:\Users\vempa\Documents\Projects\RADAR_Chirp_Engine\ChirpGenerator\ChirpGenerator\hls\.autopilot\db\chirp.pp.0.cpp:54285:17: note: FIX-IT applied suggested code changes
C:\Users\vempa\Documents\Projects\RADAR_Chirp_Engine\ChirpGenerator\ChirpGenerator\hls\.autopilot\db\chirp.pp.0.cpp:54401:13: remark: Added loop label VITIS_LOOP_1034_1:   [xilinx-label-all-loops]
            for (int j = 4; j >= I_+1; j--) {
            ^
            VITIS_LOOP_1034_1: 
C:\Users\vempa\Documents\Projects\RADAR_Chirp_Engine\ChirpGenerator\ChirpGenerator\hls\.autopilot\db\chirp.pp.0.cpp:54401:13: note: FIX-IT applied suggested code changes
C:\Users\vempa\Documents\Projects\RADAR_Chirp_Engine\ChirpGenerator\ChirpGenerator\hls\.autopilot\db\chirp.pp.0.cpp:54407:17: remark: Added loop label VITIS_LOOP_1040_2:   [xilinx-label-all-loops]
                for (int j = 4; j >= I_+1; j--) {
                ^
                VITIS_LOOP_1040_2: 
C:\Users\vempa\Documents\Projects\RADAR_Chirp_Engine\ChirpGenerator\ChirpGenerator\hls\.autopilot\db\chirp.pp.0.cpp:54407:17: note: FIX-IT applied suggested code changes
C:\Users\vempa\Documents\Projects\RADAR_Chirp_Engine\ChirpGenerator\ChirpGenerator\hls\.autopilot\db\chirp.pp.0.cpp:54411:17: remark: Added loop label VITIS_LOOP_1044_3:   [xilinx-label-all-loops]
                for (int j = I_; j >= 0; j--) {
                ^
                VITIS_LOOP_1044_3: 
C:\Users\vempa\Documents\Projects\RADAR_Chirp_Engine\ChirpGenerator\ChirpGenerator\hls\.autopilot\db\chirp.pp.0.cpp:54411:17: note: FIX-IT applied suggested code changes
C:\Users\vempa\Documents\Projects\RADAR_Chirp_Engine\ChirpGenerator\ChirpGenerator\hls\.autopilot\db\chirp.pp.0.cpp:54498:13: remark: Added loop label VITIS_LOOP_1131_4:   [xilinx-label-all-loops]
            for (int j = 10; j >= I_+4; j--) {
            ^
            VITIS_LOOP_1131_4: 
C:\Users\vempa\Documents\Projects\RADAR_Chirp_Engine\ChirpGenerator\ChirpGenerator\hls\.autopilot\db\chirp.pp.0.cpp:54498:13: note: FIX-IT applied suggested code changes
C:\Users\vempa\Documents\Projects\RADAR_Chirp_Engine\ChirpGenerator\ChirpGenerator\hls\.autopilot\db\chirp.pp.0.cpp:54504:17: remark: Added loop label VITIS_LOOP_1137_5:   [xilinx-label-all-loops]
                for (int j = 10; j >= I_+4; j--) {
                ^
                VITIS_LOOP_1137_5: 
C:\Users\vempa\Documents\Projects\RADAR_Chirp_Engine\ChirpGenerator\ChirpGenerator\hls\.autopilot\db\chirp.pp.0.cpp:54504:17: note: FIX-IT applied suggested code changes
C:\Users\vempa\Documents\Projects\RADAR_Chirp_Engine\ChirpGenerator\ChirpGenerator\hls\.autopilot\db\chirp.pp.0.cpp:54508:17: remark: Added loop label VITIS_LOOP_1141_6:   [xilinx-label-all-loops]
                for (int j = I_+3; j >= 0; j--) {
                ^
                VITIS_LOOP_1141_6: 
C:\Users\vempa\Documents\Projects\RADAR_Chirp_Engine\ChirpGenerator\ChirpGenerator\hls\.autopilot\db\chirp.pp.0.cpp:54508:17: note: FIX-IT applied suggested code changes
C:\Users\vempa\Documents\Projects\RADAR_Chirp_Engine\ChirpGenerator\ChirpGenerator\hls\.autopilot\db\chirp.pp.0.cpp:54527:9: remark: Added loop label VITIS_LOOP_1160_7:   [xilinx-label-all-loops]
        for (int j = wf+3; j < w-1; j++) {
        ^
        VITIS_LOOP_1160_7: 
C:\Users\vempa\Documents\Projects\RADAR_Chirp_Engine\ChirpGenerator\ChirpGenerator\hls\.autopilot\db\chirp.pp.0.cpp:54527:9: note: FIX-IT applied suggested code changes
C:\Users\vempa\Documents\Projects\RADAR_Chirp_Engine\ChirpGenerator\ChirpGenerator\hls\.autopilot\db\chirp.pp.0.cpp:54534:17: remark: Added loop label VITIS_LOOP_1167_8:   [xilinx-label-all-loops]
                for (int j = 0; j < 22; j++) {
                ^
                VITIS_LOOP_1167_8: 
C:\Users\vempa\Documents\Projects\RADAR_Chirp_Engine\ChirpGenerator\ChirpGenerator\hls\.autopilot\db\chirp.pp.0.cpp:54534:17: note: FIX-IT applied suggested code changes
C:\Users\vempa\Documents\Projects\RADAR_Chirp_Engine\ChirpGenerator\ChirpGenerator\hls\.autopilot\db\chirp.pp.0.cpp:54650:13: remark: Added loop label VITIS_LOOP_1283_9:   [xilinx-label-all-loops]
            for (int j = 22; j >= I_+10; j--) {
            ^
            VITIS_LOOP_1283_9: 
C:\Users\vempa\Documents\Projects\RADAR_Chirp_Engine\ChirpGenerator\ChirpGenerator\hls\.autopilot\db\chirp.pp.0.cpp:54650:13: note: FIX-IT applied suggested code changes
C:\Users\vempa\Documents\Projects\RADAR_Chirp_Engine\ChirpGenerator\ChirpGenerator\hls\.autopilot\db\chirp.pp.0.cpp:54656:17: remark: Added loop label VITIS_LOOP_1289_10:   [xilinx-label-all-loops]
                for (int j = 22; j >= I_+10; j--){
                ^
                VITIS_LOOP_1289_10: 
C:\Users\vempa\Documents\Projects\RADAR_Chirp_Engine\ChirpGenerator\ChirpGenerator\hls\.autopilot\db\chirp.pp.0.cpp:54656:17: note: FIX-IT applied suggested code changes
C:\Users\vempa\Documents\Projects\RADAR_Chirp_Engine\ChirpGenerator\ChirpGenerator\hls\.autopilot\db\chirp.pp.0.cpp:54660:17: remark: Added loop label VITIS_LOOP_1293_11:   [xilinx-label-all-loops]
                for (int j = I_+9; j >= 0; j--) {
                ^
                VITIS_LOOP_1293_11: 
C:\Users\vempa\Documents\Projects\RADAR_Chirp_Engine\ChirpGenerator\ChirpGenerator\hls\.autopilot\db\chirp.pp.0.cpp:54660:17: note: FIX-IT applied suggested code changes
C:\Users\vempa\Documents\Projects\RADAR_Chirp_Engine\ChirpGenerator\ChirpGenerator\hls\.autopilot\db\chirp.pp.0.cpp:54680:9: remark: Added loop label VITIS_LOOP_1313_12:   [xilinx-label-all-loops]
        for (int j = wf+4; j < w-1; j++){
        ^
        VITIS_LOOP_1313_12: 
C:\Users\vempa\Documents\Projects\RADAR_Chirp_Engine\ChirpGenerator\ChirpGenerator\hls\.autopilot\db\chirp.pp.0.cpp:54680:9: note: FIX-IT applied suggested code changes
C:\Users\vempa\Documents\Projects\RADAR_Chirp_Engine\ChirpGenerator\ChirpGenerator\hls\.autopilot\db\chirp.pp.0.cpp:54687:17: remark: Added loop label VITIS_LOOP_1320_13:   [xilinx-label-all-loops]
                for (int j = 0; j < 46; j++) {
                ^
                VITIS_LOOP_1320_13: 
C:\Users\vempa\Documents\Projects\RADAR_Chirp_Engine\ChirpGenerator\ChirpGenerator\hls\.autopilot\db\chirp.pp.0.cpp:54687:17: note: FIX-IT applied suggested code changes
C:\Users\vempa\Documents\Projects\RADAR_Chirp_Engine\ChirpGenerator\ChirpGenerator\hls\.autopilot\db\chirp.pp.0.cpp:54949:13: remark: Added loop label VITIS_LOOP_1582_14:   [xilinx-label-all-loops]
            for (int j = 46; j >= I_+22; j--) {
            ^
            VITIS_LOOP_1582_14: 
C:\Users\vempa\Documents\Projects\RADAR_Chirp_Engine\ChirpGenerator\ChirpGenerator\hls\.autopilot\db\chirp.pp.0.cpp:54949:13: note: FIX-IT applied suggested code changes
C:\Users\vempa\Documents\Projects\RADAR_Chirp_Engine\ChirpGenerator\ChirpGenerator\hls\.autopilot\db\chirp.pp.0.cpp:54955:17: remark: Added loop label VITIS_LOOP_1588_15:   [xilinx-label-all-loops]
                for (int j = 46; j >= I_+22; j--) {
                ^
                VITIS_LOOP_1588_15: 
C:\Users\vempa\Documents\Projects\RADAR_Chirp_Engine\ChirpGenerator\ChirpGenerator\hls\.autopilot\db\chirp.pp.0.cpp:54955:17: note: FIX-IT applied suggested code changes
C:\Users\vempa\Documents\Projects\RADAR_Chirp_Engine\ChirpGenerator\ChirpGenerator\hls\.autopilot\db\chirp.pp.0.cpp:54959:17: remark: Added loop label VITIS_LOOP_1592_16:   [xilinx-label-all-loops]
                for (int j = I_+21; j >= 0; j--) {
                ^
                VITIS_LOOP_1592_16: 
C:\Users\vempa\Documents\Projects\RADAR_Chirp_Engine\ChirpGenerator\ChirpGenerator\hls\.autopilot\db\chirp.pp.0.cpp:54959:17: note: FIX-IT applied suggested code changes
C:\Users\vempa\Documents\Projects\RADAR_Chirp_Engine\ChirpGenerator\ChirpGenerator\hls\.autopilot\db\chirp.pp.0.cpp:54983:9: remark: Added loop label VITIS_LOOP_1616_17:   [xilinx-label-all-loops]
        for (int j = wf+5; j < w-1; j++){
        ^
        VITIS_LOOP_1616_17: 
C:\Users\vempa\Documents\Projects\RADAR_Chirp_Engine\ChirpGenerator\ChirpGenerator\hls\.autopilot\db\chirp.pp.0.cpp:54983:9: note: FIX-IT applied suggested code changes
C:\Users\vempa\Documents\Projects\RADAR_Chirp_Engine\ChirpGenerator\ChirpGenerator\hls\.autopilot\db\chirp.pp.0.cpp:54990:17: remark: Added loop label VITIS_LOOP_1623_18:   [xilinx-label-all-loops]
                for (int j = 0; j < 64; j++) {
                ^
                VITIS_LOOP_1623_18: 
C:\Users\vempa\Documents\Projects\RADAR_Chirp_Engine\ChirpGenerator\ChirpGenerator\hls\.autopilot\db\chirp.pp.0.cpp:54990:17: note: FIX-IT applied suggested code changes
C:\Users\vempa\Documents\Projects\RADAR_Chirp_Engine\ChirpGenerator\ChirpGenerator\hls\.autopilot\db\chirp.pp.0.cpp:55420:13: remark: Added loop label VITIS_LOOP_2053_19:   [xilinx-label-all-loops]
            for (int j = 64; j >= I_+31; j--) {
            ^
            VITIS_LOOP_2053_19: 
C:\Users\vempa\Documents\Projects\RADAR_Chirp_Engine\ChirpGenerator\ChirpGenerator\hls\.autopilot\db\chirp.pp.0.cpp:55420:13: note: FIX-IT applied suggested code changes
C:\Users\vempa\Documents\Projects\RADAR_Chirp_Engine\ChirpGenerator\ChirpGenerator\hls\.autopilot\db\chirp.pp.0.cpp:55426:17: remark: Added loop label VITIS_LOOP_2059_20:   [xilinx-label-all-loops]
                for (int j = 64; j >= I_+31; j--) {
                ^
                VITIS_LOOP_2059_20: 
C:\Users\vempa\Documents\Projects\RADAR_Chirp_Engine\ChirpGenerator\ChirpGenerator\hls\.autopilot\db\chirp.pp.0.cpp:55426:17: note: FIX-IT applied suggested code changes
C:\Users\vempa\Documents\Projects\RADAR_Chirp_Engine\ChirpGenerator\ChirpGenerator\hls\.autopilot\db\chirp.pp.0.cpp:55430:17: remark: Added loop label VITIS_LOOP_2063_21:   [xilinx-label-all-loops]
                for (int j = I_+30; j >= 0; j--) {
                ^
                VITIS_LOOP_2063_21: 
C:\Users\vempa\Documents\Projects\RADAR_Chirp_Engine\ChirpGenerator\ChirpGenerator\hls\.autopilot\db\chirp.pp.0.cpp:55430:17: note: FIX-IT applied suggested code changes
C:\Users\vempa\Documents\Projects\RADAR_Chirp_Engine\ChirpGenerator\ChirpGenerator\hls\.autopilot\db\chirp.pp.0.cpp:55559:13: remark: Added loop label VITIS_LOOP_2192_1:   [xilinx-label-all-loops]
            for(int j=3; j>=I+1; j--) {
            ^
            VITIS_LOOP_2192_1: 
C:\Users\vempa\Documents\Projects\RADAR_Chirp_Engine\ChirpGenerator\ChirpGenerator\hls\.autopilot\db\chirp.pp.0.cpp:55559:13: note: FIX-IT applied suggested code changes
C:\Users\vempa\Documents\Projects\RADAR_Chirp_Engine\ChirpGenerator\ChirpGenerator\hls\.autopilot\db\chirp.pp.0.cpp:55566:17: remark: Added loop label VITIS_LOOP_2199_2:   [xilinx-label-all-loops]
                for(int j=3; j>=I+1; j--) {
                ^
                VITIS_LOOP_2199_2: 
C:\Users\vempa\Documents\Projects\RADAR_Chirp_Engine\ChirpGenerator\ChirpGenerator\hls\.autopilot\db\chirp.pp.0.cpp:55566:17: note: FIX-IT applied suggested code changes
C:\Users\vempa\Documents\Projects\RADAR_Chirp_Engine\ChirpGenerator\ChirpGenerator\hls\.autopilot\db\chirp.pp.0.cpp:55570:17: remark: Added loop label VITIS_LOOP_2203_3:   [xilinx-label-all-loops]
                for(int j=I; j>=0; j--) {
                ^
                VITIS_LOOP_2203_3: 
C:\Users\vempa\Documents\Projects\RADAR_Chirp_Engine\ChirpGenerator\ChirpGenerator\hls\.autopilot\db\chirp.pp.0.cpp:55570:17: note: FIX-IT applied suggested code changes
C:\Users\vempa\Documents\Projects\RADAR_Chirp_Engine\ChirpGenerator\ChirpGenerator\hls\.autopilot\db\chirp.pp.0.cpp:55617:13: remark: Added loop label VITIS_LOOP_2250_4:   [xilinx-label-all-loops]
            for(int j=7; j>=3+I; j--) {
            ^
            VITIS_LOOP_2250_4: 
C:\Users\vempa\Documents\Projects\RADAR_Chirp_Engine\ChirpGenerator\ChirpGenerator\hls\.autopilot\db\chirp.pp.0.cpp:55617:13: note: FIX-IT applied suggested code changes
C:\Users\vempa\Documents\Projects\RADAR_Chirp_Engine\ChirpGenerator\ChirpGenerator\hls\.autopilot\db\chirp.pp.0.cpp:55624:17: remark: Added loop label VITIS_LOOP_2257_5:   [xilinx-label-all-loops]
                for(int j=7; j>=3+I; j--) {
                ^
                VITIS_LOOP_2257_5: 
C:\Users\vempa\Documents\Projects\RADAR_Chirp_Engine\ChirpGenerator\ChirpGenerator\hls\.autopilot\db\chirp.pp.0.cpp:55624:17: note: FIX-IT applied suggested code changes
C:\Users\vempa\Documents\Projects\RADAR_Chirp_Engine\ChirpGenerator\ChirpGenerator\hls\.autopilot\db\chirp.pp.0.cpp:55628:17: remark: Added loop label VITIS_LOOP_2261_6:   [xilinx-label-all-loops]
                for(int j=I+2; j>=0; j--) {
                ^
                VITIS_LOOP_2261_6: 
C:\Users\vempa\Documents\Projects\RADAR_Chirp_Engine\ChirpGenerator\ChirpGenerator\hls\.autopilot\db\chirp.pp.0.cpp:55628:17: note: FIX-IT applied suggested code changes
C:\Users\vempa\Documents\Projects\RADAR_Chirp_Engine\ChirpGenerator\ChirpGenerator\hls\.autopilot\db\chirp.pp.0.cpp:55646:9: remark: Added loop label VITIS_LOOP_2279_7:   [xilinx-label-all-loops]
        for(int j=11; j<16; j++) {
        ^
        VITIS_LOOP_2279_7: 
C:\Users\vempa\Documents\Projects\RADAR_Chirp_Engine\ChirpGenerator\ChirpGenerator\hls\.autopilot\db\chirp.pp.0.cpp:55646:9: note: FIX-IT applied suggested code changes
C:\Users\vempa\Documents\Projects\RADAR_Chirp_Engine\ChirpGenerator\ChirpGenerator\hls\.autopilot\db\chirp.pp.0.cpp:55701:13: remark: Added loop label VITIS_LOOP_2334_8:   [xilinx-label-all-loops]
            for(int j=15; j>=7+I; j--) {
            ^
            VITIS_LOOP_2334_8: 
C:\Users\vempa\Documents\Projects\RADAR_Chirp_Engine\ChirpGenerator\ChirpGenerator\hls\.autopilot\db\chirp.pp.0.cpp:55701:13: note: FIX-IT applied suggested code changes
C:\Users\vempa\Documents\Projects\RADAR_Chirp_Engine\ChirpGenerator\ChirpGenerator\hls\.autopilot\db\chirp.pp.0.cpp:55708:17: remark: Added loop label VITIS_LOOP_2341_9:   [xilinx-label-all-loops]
                for(int j=15; j>=7+I; j--) {
                ^
                VITIS_LOOP_2341_9: 
C:\Users\vempa\Documents\Projects\RADAR_Chirp_Engine\ChirpGenerator\ChirpGenerator\hls\.autopilot\db\chirp.pp.0.cpp:55708:17: note: FIX-IT applied suggested code changes
C:\Users\vempa\Documents\Projects\RADAR_Chirp_Engine\ChirpGenerator\ChirpGenerator\hls\.autopilot\db\chirp.pp.0.cpp:55712:17: remark: Added loop label VITIS_LOOP_2345_10:   [xilinx-label-all-loops]
                for(int j=6+I; j>=0; j--) {
                ^
                VITIS_LOOP_2345_10: 
C:\Users\vempa\Documents\Projects\RADAR_Chirp_Engine\ChirpGenerator\ChirpGenerator\hls\.autopilot\db\chirp.pp.0.cpp:55712:17: note: FIX-IT applied suggested code changes
C:\Users\vempa\Documents\Projects\RADAR_Chirp_Engine\ChirpGenerator\ChirpGenerator\hls\.autopilot\db\chirp.pp.0.cpp:55730:9: remark: Added loop label VITIS_LOOP_2363_11:   [xilinx-label-all-loops]
        for(int j=20; j<32; j++) {
        ^
        VITIS_LOOP_2363_11: 
C:\Users\vempa\Documents\Projects\RADAR_Chirp_Engine\ChirpGenerator\ChirpGenerator\hls\.autopilot\db\chirp.pp.0.cpp:55730:9: note: FIX-IT applied suggested code changes
C:\Users\vempa\Documents\Projects\RADAR_Chirp_Engine\ChirpGenerator\ChirpGenerator\hls\.autopilot\db\chirp.pp.0.cpp:55819:13: remark: Added loop label VITIS_LOOP_2452_12:   [xilinx-label-all-loops]
            for(int j=31; j>=I+15; j--) {
            ^
            VITIS_LOOP_2452_12: 
C:\Users\vempa\Documents\Projects\RADAR_Chirp_Engine\ChirpGenerator\ChirpGenerator\hls\.autopilot\db\chirp.pp.0.cpp:55819:13: note: FIX-IT applied suggested code changes
C:\Users\vempa\Documents\Projects\RADAR_Chirp_Engine\ChirpGenerator\ChirpGenerator\hls\.autopilot\db\chirp.pp.0.cpp:55826:17: remark: Added loop label VITIS_LOOP_2459_13:   [xilinx-label-all-loops]
                for(int j=31; j>=I+15; j--) {
                ^
                VITIS_LOOP_2459_13: 
C:\Users\vempa\Documents\Projects\RADAR_Chirp_Engine\ChirpGenerator\ChirpGenerator\hls\.autopilot\db\chirp.pp.0.cpp:55826:17: note: FIX-IT applied suggested code changes
C:\Users\vempa\Documents\Projects\RADAR_Chirp_Engine\ChirpGenerator\ChirpGenerator\hls\.autopilot\db\chirp.pp.0.cpp:55830:17: remark: Added loop label VITIS_LOOP_2463_14:   [xilinx-label-all-loops]
                for(int j=I+14; j>=0; j--) {
                ^
                VITIS_LOOP_2463_14: 
C:\Users\vempa\Documents\Projects\RADAR_Chirp_Engine\ChirpGenerator\ChirpGenerator\hls\.autopilot\db\chirp.pp.0.cpp:55830:17: note: FIX-IT applied suggested code changes
C:\Users\vempa\Documents\Projects\RADAR_Chirp_Engine\ChirpGenerator\ChirpGenerator\hls\.autopilot\db\chirp.pp.0.cpp:55840:9: remark: Added loop label VITIS_LOOP_2473_15:   [xilinx-label-all-loops]
        for(int j=32-F; j<32+I; j++) {
        ^
        VITIS_LOOP_2473_15: 
C:\Users\vempa\Documents\Projects\RADAR_Chirp_Engine\ChirpGenerator\ChirpGenerator\hls\.autopilot\db\chirp.pp.0.cpp:55840:9: note: FIX-IT applied suggested code changes
C:\Users\vempa\Documents\Projects\RADAR_Chirp_Engine\ChirpGenerator\ChirpGenerator\hls\.autopilot\db\chirp.pp.0.cpp:55844:9: remark: Added loop label VITIS_LOOP_2477_16:   [xilinx-label-all-loops]
        for(int j=32+I; j<=64; j++) {
        ^
        VITIS_LOOP_2477_16: 
C:\Users\vempa\Documents\Projects\RADAR_Chirp_Engine\ChirpGenerator\ChirpGenerator\hls\.autopilot\db\chirp.pp.0.cpp:55844:9: note: FIX-IT applied suggested code changes
C:\Users\vempa\Documents\Projects\RADAR_Chirp_Engine\ChirpGenerator\ChirpGenerator\hls\.autopilot\db\chirp.pp.0.cpp:55855:9: remark: Added loop label VITIS_LOOP_2488_17:   [xilinx-label-all-loops]
        for(int j=37; j<64; j++) {
        ^
        VITIS_LOOP_2488_17: 
C:\Users\vempa\Documents\Projects\RADAR_Chirp_Engine\ChirpGenerator\ChirpGenerator\hls\.autopilot\db\chirp.pp.0.cpp:55855:9: note: FIX-IT applied suggested code changes
C:\Users\vempa\Documents\Projects\RADAR_Chirp_Engine\ChirpGenerator\ChirpGenerator\hls\.autopilot\db\chirp.pp.0.cpp:55863:17: remark: Added loop label VITIS_LOOP_2496_18:   [xilinx-label-all-loops]
                for(int j=0; j<64; j++) {
                ^
                VITIS_LOOP_2496_18: 
C:\Users\vempa\Documents\Projects\RADAR_Chirp_Engine\ChirpGenerator\ChirpGenerator\hls\.autopilot\db\chirp.pp.0.cpp:55863:17: note: FIX-IT applied suggested code changes
C:\Users\vempa\Documents\Projects\RADAR_Chirp_Engine\ChirpGenerator\ChirpGenerator\hls\.autopilot\db\chirp.pp.0.cpp:56188:13: remark: Added loop label VITIS_LOOP_2821_19:   [xilinx-label-all-loops]
            for(int j=63; j>=I+31; j--) {
            ^
            VITIS_LOOP_2821_19: 
C:\Users\vempa\Documents\Projects\RADAR_Chirp_Engine\ChirpGenerator\ChirpGenerator\hls\.autopilot\db\chirp.pp.0.cpp:56188:13: note: FIX-IT applied suggested code changes
C:\Users\vempa\Documents\Projects\RADAR_Chirp_Engine\ChirpGenerator\ChirpGenerator\hls\.autopilot\db\chirp.pp.0.cpp:56195:17: remark: Added loop label VITIS_LOOP_2828_20:   [xilinx-label-all-loops]
                for(int j=63; j>=I+31; j--) {
                ^
                VITIS_LOOP_2828_20: 
C:\Users\vempa\Documents\Projects\RADAR_Chirp_Engine\ChirpGenerator\ChirpGenerator\hls\.autopilot\db\chirp.pp.0.cpp:56195:17: note: FIX-IT applied suggested code changes
C:\Users\vempa\Documents\Projects\RADAR_Chirp_Engine\ChirpGenerator\ChirpGenerator\hls\.autopilot\db\chirp.pp.0.cpp:56199:17: remark: Added loop label VITIS_LOOP_2832_21:   [xilinx-label-all-loops]
                for(int j=I+30; j>=0; j--) {
                ^
                VITIS_LOOP_2832_21: 
C:\Users\vempa\Documents\Projects\RADAR_Chirp_Engine\ChirpGenerator\ChirpGenerator\hls\.autopilot\db\chirp.pp.0.cpp:56199:17: note: FIX-IT applied suggested code changes
C:\Users\vempa\Documents\Projects\RADAR_Chirp_Engine\ChirpGenerator\ChirpGenerator\hls\.autopilot\db\chirp.pp.0.cpp:56287:4: remark: Added loop label VITIS_LOOP_2920_1:   [xilinx-label-all-loops]
   for(int j = 5; j>=I_+2; j--) {
   ^
   VITIS_LOOP_2920_1: 
C:\Users\vempa\Documents\Projects\RADAR_Chirp_Engine\ChirpGenerator\ChirpGenerator\hls\.autopilot\db\chirp.pp.0.cpp:56287:4: note: FIX-IT applied suggested code changes
C:\Users\vempa\Documents\Projects\RADAR_Chirp_Engine\ChirpGenerator\ChirpGenerator\hls\.autopilot\db\chirp.pp.0.cpp:56294:5: remark: Added loop label VITIS_LOOP_2927_2:   [xilinx-label-all-loops]
    for(int j = 5; j>=I_+2; j--) {
    ^
    VITIS_LOOP_2927_2: 
C:\Users\vempa\Documents\Projects\RADAR_Chirp_Engine\ChirpGenerator\ChirpGenerator\hls\.autopilot\db\chirp.pp.0.cpp:56294:5: note: FIX-IT applied suggested code changes
C:\Users\vempa\Documents\Projects\RADAR_Chirp_Engine\ChirpGenerator\ChirpGenerator\hls\.autopilot\db\chirp.pp.0.cpp:56298:5: remark: Added loop label VITIS_LOOP_2931_3:   [xilinx-label-all-loops]
    for(int j = I_+1; j>=0; j--) {
    ^
    VITIS_LOOP_2931_3: 
C:\Users\vempa\Documents\Projects\RADAR_Chirp_Engine\ChirpGenerator\ChirpGenerator\hls\.autopilot\db\chirp.pp.0.cpp:56298:5: note: FIX-IT applied suggested code changes
C:\Users\vempa\Documents\Projects\RADAR_Chirp_Engine\ChirpGenerator\ChirpGenerator\hls\.autopilot\db\chirp.pp.0.cpp:56313:3: remark: Added loop label VITIS_LOOP_2946_4:   [xilinx-label-all-loops]
  for(int j = 11; j >=7; j--) {
  ^
  VITIS_LOOP_2946_4: 
C:\Users\vempa\Documents\Projects\RADAR_Chirp_Engine\ChirpGenerator\ChirpGenerator\hls\.autopilot\db\chirp.pp.0.cpp:56313:3: note: FIX-IT applied suggested code changes
C:\Users\vempa\Documents\Projects\RADAR_Chirp_Engine\ChirpGenerator\ChirpGenerator\hls\.autopilot\db\chirp.pp.0.cpp:56345:4: remark: Added loop label VITIS_LOOP_2978_5:   [xilinx-label-all-loops]
   for(int j = 11; j >= I_+5; j--) {
   ^
   VITIS_LOOP_2978_5: 
C:\Users\vempa\Documents\Projects\RADAR_Chirp_Engine\ChirpGenerator\ChirpGenerator\hls\.autopilot\db\chirp.pp.0.cpp:56345:4: note: FIX-IT applied suggested code changes
C:\Users\vempa\Documents\Projects\RADAR_Chirp_Engine\ChirpGenerator\ChirpGenerator\hls\.autopilot\db\chirp.pp.0.cpp:56352:5: remark: Added loop label VITIS_LOOP_2985_6:   [xilinx-label-all-loops]
    for(int j = 11; j>= I_+5; j--) {
    ^
    VITIS_LOOP_2985_6: 
C:\Users\vempa\Documents\Projects\RADAR_Chirp_Engine\ChirpGenerator\ChirpGenerator\hls\.autopilot\db\chirp.pp.0.cpp:56352:5: note: FIX-IT applied suggested code changes
C:\Users\vempa\Documents\Projects\RADAR_Chirp_Engine\ChirpGenerator\ChirpGenerator\hls\.autopilot\db\chirp.pp.0.cpp:56356:5: remark: Added loop label VITIS_LOOP_2989_7:   [xilinx-label-all-loops]
    for(int j = I_+4; j>=0; j--) {
    ^
    VITIS_LOOP_2989_7: 
C:\Users\vempa\Documents\Projects\RADAR_Chirp_Engine\ChirpGenerator\ChirpGenerator\hls\.autopilot\db\chirp.pp.0.cpp:56356:5: note: FIX-IT applied suggested code changes
C:\Users\vempa\Documents\Projects\RADAR_Chirp_Engine\ChirpGenerator\ChirpGenerator\hls\.autopilot\db\chirp.pp.0.cpp:56371:3: remark: Added loop label VITIS_LOOP_3004_8:   [xilinx-label-all-loops]
  for(int j = 25; j>=15; j--) {
  ^
  VITIS_LOOP_3004_8: 
C:\Users\vempa\Documents\Projects\RADAR_Chirp_Engine\ChirpGenerator\ChirpGenerator\hls\.autopilot\db\chirp.pp.0.cpp:56371:3: note: FIX-IT applied suggested code changes
C:\Users\vempa\Documents\Projects\RADAR_Chirp_Engine\ChirpGenerator\ChirpGenerator\hls\.autopilot\db\chirp.pp.0.cpp:56421:4: remark: Added loop label VITIS_LOOP_3054_9:   [xilinx-label-all-loops]
   for(int j = 25; j>= I_+12; j--) {
   ^
   VITIS_LOOP_3054_9: 
C:\Users\vempa\Documents\Projects\RADAR_Chirp_Engine\ChirpGenerator\ChirpGenerator\hls\.autopilot\db\chirp.pp.0.cpp:56421:4: note: FIX-IT applied suggested code changes
C:\Users\vempa\Documents\Projects\RADAR_Chirp_Engine\ChirpGenerator\ChirpGenerator\hls\.autopilot\db\chirp.pp.0.cpp:56428:5: remark: Added loop label VITIS_LOOP_3061_10:   [xilinx-label-all-loops]
    for(int j = 25; j>=I_+12; j--) {
    ^
    VITIS_LOOP_3061_10: 
C:\Users\vempa\Documents\Projects\RADAR_Chirp_Engine\ChirpGenerator\ChirpGenerator\hls\.autopilot\db\chirp.pp.0.cpp:56428:5: note: FIX-IT applied suggested code changes
C:\Users\vempa\Documents\Projects\RADAR_Chirp_Engine\ChirpGenerator\ChirpGenerator\hls\.autopilot\db\chirp.pp.0.cpp:56432:5: remark: Added loop label VITIS_LOOP_3065_11:   [xilinx-label-all-loops]
    for(int j = I_+11; j>=0; j--) {
    ^
    VITIS_LOOP_3065_11: 
C:\Users\vempa\Documents\Projects\RADAR_Chirp_Engine\ChirpGenerator\ChirpGenerator\hls\.autopilot\db\chirp.pp.0.cpp:56432:5: note: FIX-IT applied suggested code changes
C:\Users\vempa\Documents\Projects\RADAR_Chirp_Engine\ChirpGenerator\ChirpGenerator\hls\.autopilot\db\chirp.pp.0.cpp:56447:3: remark: Added loop label VITIS_LOOP_3080_12:   [xilinx-label-all-loops]
  for(int j = 51; j >= 29; j--) {
  ^
  VITIS_LOOP_3080_12: 
C:\Users\vempa\Documents\Projects\RADAR_Chirp_Engine\ChirpGenerator\ChirpGenerator\hls\.autopilot\db\chirp.pp.0.cpp:56447:3: note: FIX-IT applied suggested code changes
C:\Users\vempa\Documents\Projects\RADAR_Chirp_Engine\ChirpGenerator\ChirpGenerator\hls\.autopilot\db\chirp.pp.0.cpp:56584:4: remark: Added loop label VITIS_LOOP_3217_13:   [xilinx-label-all-loops]
   for(int j = 51; j >= 25 + I_; j--) {
   ^
   VITIS_LOOP_3217_13: 
C:\Users\vempa\Documents\Projects\RADAR_Chirp_Engine\ChirpGenerator\ChirpGenerator\hls\.autopilot\db\chirp.pp.0.cpp:56584:4: note: FIX-IT applied suggested code changes
C:\Users\vempa\Documents\Projects\RADAR_Chirp_Engine\ChirpGenerator\ChirpGenerator\hls\.autopilot\db\chirp.pp.0.cpp:56591:5: remark: Added loop label VITIS_LOOP_3224_14:   [xilinx-label-all-loops]
    for(int j = 51; j>=25 + I_; j--) {
    ^
    VITIS_LOOP_3224_14: 
C:\Users\vempa\Documents\Projects\RADAR_Chirp_Engine\ChirpGenerator\ChirpGenerator\hls\.autopilot\db\chirp.pp.0.cpp:56591:5: note: FIX-IT applied suggested code changes
C:\Users\vempa\Documents\Projects\RADAR_Chirp_Engine\ChirpGenerator\ChirpGenerator\hls\.autopilot\db\chirp.pp.0.cpp:56595:5: remark: Added loop label VITIS_LOOP_3228_15:   [xilinx-label-all-loops]
    for(int j = 24 + I_; j >= 0; j--) {
    ^
    VITIS_LOOP_3228_15: 
C:\Users\vempa\Documents\Projects\RADAR_Chirp_Engine\ChirpGenerator\ChirpGenerator\hls\.autopilot\db\chirp.pp.0.cpp:56595:5: note: FIX-IT applied suggested code changes
C:\Users\vempa\Documents\Projects\RADAR_Chirp_Engine\ChirpGenerator\ChirpGenerator\hls\.autopilot\db\chirp.pp.0.cpp:56610:3: remark: Added loop label VITIS_LOOP_3243_16:   [xilinx-label-all-loops]
  for(int j = 63; j >= 36; j--) {
  ^
  VITIS_LOOP_3243_16: 
C:\Users\vempa\Documents\Projects\RADAR_Chirp_Engine\ChirpGenerator\ChirpGenerator\hls\.autopilot\db\chirp.pp.0.cpp:56610:3: note: FIX-IT applied suggested code changes
C:\Users\vempa\Documents\Projects\RADAR_Chirp_Engine\ChirpGenerator\ChirpGenerator\hls\.autopilot\db\chirp.pp.0.cpp:56770:4: remark: Added loop label VITIS_LOOP_3403_17:   [xilinx-label-all-loops]
   for(int j = 63; j >= 31 + I_; j--) {
   ^
   VITIS_LOOP_3403_17: 
C:\Users\vempa\Documents\Projects\RADAR_Chirp_Engine\ChirpGenerator\ChirpGenerator\hls\.autopilot\db\chirp.pp.0.cpp:56770:4: note: FIX-IT applied suggested code changes
C:\Users\vempa\Documents\Projects\RADAR_Chirp_Engine\ChirpGenerator\ChirpGenerator\hls\.autopilot\db\chirp.pp.0.cpp:56777:5: remark: Added loop label VITIS_LOOP_3410_18:   [xilinx-label-all-loops]
    for(int j = 63; j >= 31 + I_; j--) {
    ^
    VITIS_LOOP_3410_18: 
C:\Users\vempa\Documents\Projects\RADAR_Chirp_Engine\ChirpGenerator\ChirpGenerator\hls\.autopilot\db\chirp.pp.0.cpp:56777:5: note: FIX-IT applied suggested code changes
C:\Users\vempa\Documents\Projects\RADAR_Chirp_Engine\ChirpGenerator\ChirpGenerator\hls\.autopilot\db\chirp.pp.0.cpp:56781:5: remark: Added loop label VITIS_LOOP_3414_19:   [xilinx-label-all-loops]
    for(int j = 30 + I_; j >= 0; j--) {
    ^
    VITIS_LOOP_3414_19: 
C:\Users\vempa\Documents\Projects\RADAR_Chirp_Engine\ChirpGenerator\ChirpGenerator\hls\.autopilot\db\chirp.pp.0.cpp:56781:5: note: FIX-IT applied suggested code changes
C:\Users\vempa\Documents\Projects\RADAR_Chirp_Engine\ChirpGenerator\ChirpGenerator\hls\.autopilot\db\chirp.pp.0.cpp:57496:13: remark: Added loop label VITIS_LOOP_703_1:   [xilinx-label-all-loops]
            for (b_exp = I_-1; b_exp >= -F_; b_exp--) {
            ^
            VITIS_LOOP_703_1: 
C:\Users\vempa\Documents\Projects\RADAR_Chirp_Engine\ChirpGenerator\ChirpGenerator\hls\.autopilot\db\chirp.pp.0.cpp:57496:13: note: FIX-IT applied suggested code changes
C:\Users\vempa\Documents\Projects\RADAR_Chirp_Engine\ChirpGenerator\ChirpGenerator\hls\.autopilot\db\chirp.pp.0.cpp:57714:13: remark: Added loop label VITIS_LOOP_921_1:   [xilinx-label-all-loops]
            for (b_exp = I_-1; b_exp >= -F_; b_exp--) {
            ^
            VITIS_LOOP_921_1: 
C:\Users\vempa\Documents\Projects\RADAR_Chirp_Engine\ChirpGenerator\ChirpGenerator\hls\.autopilot\db\chirp.pp.0.cpp:57714:13: note: FIX-IT applied suggested code changes
C:\Users\vempa\Documents\Projects\RADAR_Chirp_Engine\ChirpGenerator\ChirpGenerator\hls\.autopilot\db\chirp.pp.0.cpp:58131:13: remark: Added loop label VITIS_LOOP_1345_1:   [xilinx-label-all-loops]
            for (b_exp = I_-1; b_exp >= -F_; b_exp--) {
            ^
            VITIS_LOOP_1345_1: 
C:\Users\vempa\Documents\Projects\RADAR_Chirp_Engine\ChirpGenerator\ChirpGenerator\hls\.autopilot\db\chirp.pp.0.cpp:58131:13: note: FIX-IT applied suggested code changes
C:\Users\vempa\Documents\Projects\RADAR_Chirp_Engine\ChirpGenerator\ChirpGenerator\hls\.autopilot\db\chirp.pp.0.cpp:58454:9: remark: Added loop label VITIS_LOOP_243_1:   [xilinx-label-all-loops]
        for ( int pos = msbr-1; pos >= 0; pos-- ) {
        ^
        VITIS_LOOP_243_1: 
C:\Users\vempa\Documents\Projects\RADAR_Chirp_Engine\ChirpGenerator\ChirpGenerator\hls\.autopilot\db\chirp.pp.0.cpp:58454:9: note: FIX-IT applied suggested code changes
C:\Users\vempa\Documents\Projects\RADAR_Chirp_Engine\ChirpGenerator\ChirpGenerator\hls\.autopilot\db\chirp.pp.0.cpp:58482:9: remark: Added loop label VITIS_LOOP_271_2:   [xilinx-label-all-loops]
        for ( int pos = -1; pos >= -F_-1; pos-- ) {
        ^
        VITIS_LOOP_271_2: 
C:\Users\vempa\Documents\Projects\RADAR_Chirp_Engine\ChirpGenerator\ChirpGenerator\hls\.autopilot\db\chirp.pp.0.cpp:58482:9: note: FIX-IT applied suggested code changes
C:\Users\vempa\Documents\Projects\RADAR_Chirp_Engine\ChirpGenerator\ChirpGenerator\hls\.autopilot\db\chirp.pp.0.cpp:59186:13: remark: Added loop label VITIS_LOOP_48_1:   [xilinx-label-all-loops]
            for (int j = 0; j < W_-1; j++){
            ^
            VITIS_LOOP_48_1: 
C:\Users\vempa\Documents\Projects\RADAR_Chirp_Engine\ChirpGenerator\ChirpGenerator\hls\.autopilot\db\chirp.pp.0.cpp:59186:13: note: FIX-IT applied suggested code changes
C:\Users\vempa\Documents\Projects\RADAR_Chirp_Engine\ChirpGenerator\ChirpGenerator\hls\.autopilot\db\chirp.pp.0.cpp:59239:5: remark: Added loop label VITIS_LOOP_109_2:   [xilinx-label-all-loops]
    for (int j = F_l+F_+I_m-1; j < F_l+W_+5; j++){
    ^
    VITIS_LOOP_109_2: 
C:\Users\vempa\Documents\Projects\RADAR_Chirp_Engine\ChirpGenerator\ChirpGenerator\hls\.autopilot\db\chirp.pp.0.cpp:59239:5: note: FIX-IT applied suggested code changes
C:\Users\vempa\Documents\Projects\RADAR_Chirp_Engine\ChirpGenerator\ChirpGenerator\hls\.autopilot\db\chirp.pp.0.cpp:59253:13: remark: Added loop label VITIS_LOOP_123_3:   [xilinx-label-all-loops]
            for (int j = WO_m-1; j >= W_-1; j--) {
            ^
            VITIS_LOOP_123_3: 
C:\Users\vempa\Documents\Projects\RADAR_Chirp_Engine\ChirpGenerator\ChirpGenerator\hls\.autopilot\db\chirp.pp.0.cpp:59253:13: note: FIX-IT applied suggested code changes
C:\Users\vempa\Documents\Projects\RADAR_Chirp_Engine\ChirpGenerator\ChirpGenerator\hls\.autopilot\db\chirp.pp.0.cpp:59283:13: remark: Added loop label VITIS_LOOP_153_4:   [xilinx-label-all-loops]
            for (int j = W_-2; j >= 0; j--){
            ^
            VITIS_LOOP_153_4: 
C:\Users\vempa\Documents\Projects\RADAR_Chirp_Engine\ChirpGenerator\ChirpGenerator\hls\.autopilot\db\chirp.pp.0.cpp:59283:13: note: FIX-IT applied suggested code changes
C:\Users\vempa\Documents\Projects\RADAR_Chirp_Engine\ChirpGenerator\ChirpGenerator\hls\.autopilot\db\chirp.pp.0.cpp:59368:12: remark: Added loop label VITIS_LOOP_281_1:   [xilinx-label-all-loops]
           for(int i = wf_log+we_log-2; i > WI_e - 2; --i) {
           ^
           VITIS_LOOP_281_1: 
C:\Users\vempa\Documents\Projects\RADAR_Chirp_Engine\ChirpGenerator\ChirpGenerator\hls\.autopilot\db\chirp.pp.0.cpp:59368:12: note: FIX-IT applied suggested code changes
C:\Users\vempa\Documents\Projects\RADAR_Chirp_Engine\ChirpGenerator\ChirpGenerator\hls\.autopilot\db\chirp.pp.0.cpp:59388:16: remark: Added loop label VITIS_LOOP_301_2:   [xilinx-label-all-loops]
               for (int j = WO_e-1; j >= W_-1; j--) {
               ^
               VITIS_LOOP_301_2: 
C:\Users\vempa\Documents\Projects\RADAR_Chirp_Engine\ChirpGenerator\ChirpGenerator\hls\.autopilot\db\chirp.pp.0.cpp:59388:16: note: FIX-IT applied suggested code changes
C:\Users\vempa\Documents\Projects\RADAR_Chirp_Engine\ChirpGenerator\ChirpGenerator\hls\.autopilot\db\chirp.pp.0.cpp:59402:20: remark: Added loop label VITIS_LOOP_315_3:   [xilinx-label-all-loops]
                   for(int i = 0; i < W_-1; ++i) {
                   ^
                   VITIS_LOOP_315_3: 
C:\Users\vempa\Documents\Projects\RADAR_Chirp_Engine\ChirpGenerator\ChirpGenerator\hls\.autopilot\db\chirp.pp.0.cpp:59402:20: note: FIX-IT applied suggested code changes
C:\Users\vempa\Documents\Projects\RADAR_Chirp_Engine\ChirpGenerator\ChirpGenerator\hls\.autopilot\db\chirp.pp.0.cpp:59495:12: remark: Added loop label VITIS_LOOP_433_1:   [xilinx-label-all-loops]
           for (int j =WO_d-1; j >= W_-1; j--) {
           ^
           VITIS_LOOP_433_1: 
C:\Users\vempa\Documents\Projects\RADAR_Chirp_Engine\ChirpGenerator\ChirpGenerator\hls\.autopilot\db\chirp.pp.0.cpp:59495:12: note: FIX-IT applied suggested code changes
C:\Users\vempa\Documents\Projects\RADAR_Chirp_Engine\ChirpGenerator\ChirpGenerator\hls\.autopilot\db\chirp.pp.0.cpp:59509:15: remark: Added loop label VITIS_LOOP_447_2:   [xilinx-label-all-loops]
              for(int i = 0; i < W_-1; ++i) {
              ^
              VITIS_LOOP_447_2: 
C:\Users\vempa\Documents\Projects\RADAR_Chirp_Engine\ChirpGenerator\ChirpGenerator\hls\.autopilot\db\chirp.pp.0.cpp:59509:15: note: FIX-IT applied suggested code changes
C:\Users\vempa\Documents\Projects\RADAR_Chirp_Engine\ChirpGenerator\ChirpGenerator\hls\.autopilot\db\chirp.pp.0.cpp:59629:13: remark: Added loop label VITIS_LOOP_33_1:   [xilinx-label-all-loops]
            for (int i = 0; i < W_-1; i++){
            ^
            VITIS_LOOP_33_1: 
C:\Users\vempa\Documents\Projects\RADAR_Chirp_Engine\ChirpGenerator\ChirpGenerator\hls\.autopilot\db\chirp.pp.0.cpp:59629:13: note: FIX-IT applied suggested code changes
C:\Users\vempa\Documents\Projects\RADAR_Chirp_Engine\ChirpGenerator\ChirpGenerator\hls\.autopilot\db\chirp.pp.0.cpp:59753:13: remark: Added loop label VITIS_LOOP_183_1:   [xilinx-label-all-loops]
            for (int i = 0; i < W_-1; i++){
            ^
            VITIS_LOOP_183_1: 
C:\Users\vempa\Documents\Projects\RADAR_Chirp_Engine\ChirpGenerator\ChirpGenerator\hls\.autopilot\db\chirp.pp.0.cpp:59753:13: note: FIX-IT applied suggested code changes
C:\Users\vempa\Documents\Projects\RADAR_Chirp_Engine\ChirpGenerator\ChirpGenerator\hls\.autopilot\db\chirp.pp.0.cpp:59808:13: remark: Added loop label VITIS_LOOP_248_1:   [xilinx-label-all-loops]
            for (int i = 0; i < W_-1; i++){
            ^
            VITIS_LOOP_248_1: 
C:\Users\vempa\Documents\Projects\RADAR_Chirp_Engine\ChirpGenerator\ChirpGenerator\hls\.autopilot\db\chirp.pp.0.cpp:59808:13: note: FIX-IT applied suggested code changes
C:\Users\vempa\Documents\Projects\RADAR_Chirp_Engine\ChirpGenerator\ChirpGenerator\hls\.autopilot\db\chirp.pp.0.cpp:60075:5: remark: Added loop label VITIS_LOOP_44_1:   [xilinx-label-all-loops]
    for(int l = loop_nm; l > 0; --l){
    ^
    VITIS_LOOP_44_1: 
C:\Users\vempa\Documents\Projects\RADAR_Chirp_Engine\ChirpGenerator\ChirpGenerator\hls\.autopilot\db\chirp.pp.0.cpp:60075:5: note: FIX-IT applied suggested code changes
C:\Users\vempa\Documents\Projects\RADAR_Chirp_Engine\ChirpGenerator\ChirpGenerator\hls\.autopilot\db\chirp.pp.0.cpp:60326:5: remark: Added loop label VITIS_LOOP_16_1:   [xilinx-label-all-loops]
    for (int i=0; i<W_;i++)
    ^
    VITIS_LOOP_16_1: 
C:\Users\vempa\Documents\Projects\RADAR_Chirp_Engine\ChirpGenerator\ChirpGenerator\hls\.autopilot\db\chirp.pp.0.cpp:60326:5: note: FIX-IT applied suggested code changes
C:\Users\vempa\Documents\Projects\RADAR_Chirp_Engine\ChirpGenerator\ChirpGenerator\hls\.autopilot\db\chirp.pp.0.cpp:60337:5: remark: Added loop label VITIS_LOOP_27_1:   [xilinx-label-all-loops]
    for (int i=0; i<W_;i++)
    ^
    VITIS_LOOP_27_1: 
C:\Users\vempa\Documents\Projects\RADAR_Chirp_Engine\ChirpGenerator\ChirpGenerator\hls\.autopilot\db\chirp.pp.0.cpp:60337:5: note: FIX-IT applied suggested code changes
C:\Users\vempa\Documents\Projects\RADAR_Chirp_Engine\ChirpGenerator\ChirpGenerator\hls\.autopilot\db\chirp.pp.0.cpp:60348:5: remark: Added loop label VITIS_LOOP_38_1:   [xilinx-label-all-loops]
    for (int i=0; i<I_;i++)
    ^
    VITIS_LOOP_38_1: 
C:\Users\vempa\Documents\Projects\RADAR_Chirp_Engine\ChirpGenerator\ChirpGenerator\hls\.autopilot\db\chirp.pp.0.cpp:60348:5: note: FIX-IT applied suggested code changes
C:\Users\vempa\Documents\Projects\RADAR_Chirp_Engine\ChirpGenerator\ChirpGenerator\hls\.autopilot\db\chirp.pp.0.cpp:60359:5: remark: Added loop label VITIS_LOOP_49_1:   [xilinx-label-all-loops]
    for (int i=0; i<I_;i++)
    ^
    VITIS_LOOP_49_1: 
C:\Users\vempa\Documents\Projects\RADAR_Chirp_Engine\ChirpGenerator\ChirpGenerator\hls\.autopilot\db\chirp.pp.0.cpp:60359:5: note: FIX-IT applied suggested code changes
C:\Users\vempa\Documents\Projects\RADAR_Chirp_Engine\ChirpGenerator\ChirpGenerator\hls\.autopilot\db\chirp.pp.0.cpp:60370:5: remark: Added loop label VITIS_LOOP_60_1:   [xilinx-label-all-loops]
    for (int i=0; i<W_;i++)
    ^
    VITIS_LOOP_60_1: 
C:\Users\vempa\Documents\Projects\RADAR_Chirp_Engine\ChirpGenerator\ChirpGenerator\hls\.autopilot\db\chirp.pp.0.cpp:60370:5: note: FIX-IT applied suggested code changes
C:\Users\vempa\Documents\Projects\RADAR_Chirp_Engine\ChirpGenerator\ChirpGenerator\hls\.autopilot\db\chirp.pp.0.cpp:60381:5: remark: Added loop label VITIS_LOOP_71_1:   [xilinx-label-all-loops]
    for (int i=0; i<W_;i++)
    ^
    VITIS_LOOP_71_1: 
C:\Users\vempa\Documents\Projects\RADAR_Chirp_Engine\ChirpGenerator\ChirpGenerator\hls\.autopilot\db\chirp.pp.0.cpp:60381:5: note: FIX-IT applied suggested code changes
C:\Users\vempa\Documents\Projects\RADAR_Chirp_Engine\ChirpGenerator\ChirpGenerator\hls\.autopilot\db\chirp.pp.0.cpp:60392:5: remark: Added loop label VITIS_LOOP_82_1:   [xilinx-label-all-loops]
    for (int i=0; i<I_;i++)
    ^
    VITIS_LOOP_82_1: 
C:\Users\vempa\Documents\Projects\RADAR_Chirp_Engine\ChirpGenerator\ChirpGenerator\hls\.autopilot\db\chirp.pp.0.cpp:60392:5: note: FIX-IT applied suggested code changes
C:\Users\vempa\Documents\Projects\RADAR_Chirp_Engine\ChirpGenerator\ChirpGenerator\hls\.autopilot\db\chirp.pp.0.cpp:60403:5: remark: Added loop label VITIS_LOOP_93_1:   [xilinx-label-all-loops]
    for (int i=0; i<I_;i++)
    ^
    VITIS_LOOP_93_1: 
C:\Users\vempa\Documents\Projects\RADAR_Chirp_Engine\ChirpGenerator\ChirpGenerator\hls\.autopilot\db\chirp.pp.0.cpp:60403:5: note: FIX-IT applied suggested code changes
C:\Users\vempa\Documents\Projects\RADAR_Chirp_Engine\ChirpGenerator\ChirpGenerator\hls\.autopilot\db\chirp.pp.0.cpp:62762:12: remark: Added loop label VITIS_LOOP_26_1:   [xilinx-label-all-loops]
           for(int i = 0; i < W_-1; ++i) {
           ^
           VITIS_LOOP_26_1: 
C:\Users\vempa\Documents\Projects\RADAR_Chirp_Engine\ChirpGenerator\ChirpGenerator\hls\.autopilot\db\chirp.pp.0.cpp:62762:12: note: FIX-IT applied suggested code changes
C:\Users\vempa\Documents\Projects\RADAR_Chirp_Engine\ChirpGenerator\ChirpGenerator\hls\.autopilot\db\chirp.pp.0.cpp:62826:7: remark: Added loop label VITIS_LOOP_40_1:   [xilinx-label-all-loops]
      for(int pos = msbr - 1 ; pos >= -F-1; pos--) {
      ^
      VITIS_LOOP_40_1: 
C:\Users\vempa\Documents\Projects\RADAR_Chirp_Engine\ChirpGenerator\ChirpGenerator\hls\.autopilot\db\chirp.pp.0.cpp:62826:7: note: FIX-IT applied suggested code changes
C:\Users\vempa\Documents\Projects\RADAR_Chirp_Engine\ChirpGenerator\ChirpGenerator\hls\.autopilot\db\chirp.pp.0.cpp:62943:9: remark: Added loop label VITIS_LOOP_49_1:   [xilinx-label-all-loops]
        for(int pos = msbr - 1; pos >= 0; pos--) {
        ^
        VITIS_LOOP_49_1: 
C:\Users\vempa\Documents\Projects\RADAR_Chirp_Engine\ChirpGenerator\ChirpGenerator\hls\.autopilot\db\chirp.pp.0.cpp:62943:9: note: FIX-IT applied suggested code changes
C:\Users\vempa\Documents\Projects\RADAR_Chirp_Engine\ChirpGenerator\ChirpGenerator\hls\.autopilot\db\chirp.pp.0.cpp:62968:5: remark: Added loop label VITIS_LOOP_81_2:   [xilinx-label-all-loops]
    for(int pos = -1; pos >= -F-1; pos--) {
    ^
    VITIS_LOOP_81_2: 
C:\Users\vempa\Documents\Projects\RADAR_Chirp_Engine\ChirpGenerator\ChirpGenerator\hls\.autopilot\db\chirp.pp.0.cpp:62968:5: note: FIX-IT applied suggested code changes
C:\Users\vempa\Documents\Projects\RADAR_Chirp_Engine\ChirpGenerator\ChirpGenerator\hls\.autopilot\db\chirp.pp.0.cpp:63038:8: remark: Added loop label VITIS_LOOP_169_3:   [xilinx-label-all-loops]
       for(int i = 0; i < W - 1; ++i) {
       ^
       VITIS_LOOP_169_3: 
C:\Users\vempa\Documents\Projects\RADAR_Chirp_Engine\ChirpGenerator\ChirpGenerator\hls\.autopilot\db\chirp.pp.0.cpp:63038:8: note: FIX-IT applied suggested code changes
C:\Users\vempa\Documents\Projects\RADAR_Chirp_Engine\ChirpGenerator\ChirpGenerator\hls\.autopilot\db\chirp.pp.0.cpp:65312:5: remark: Added loop label VITIS_LOOP_60_1:   [xilinx-label-all-loops]
    for(int chirp = 0; chirp < Nframe; chirp++)
    ^
    VITIS_LOOP_60_1: 
C:\Users\vempa\Documents\Projects\RADAR_Chirp_Engine\ChirpGenerator\ChirpGenerator\hls\.autopilot\db\chirp.pp.0.cpp:65312:5: note: FIX-IT applied suggested code changes
C:\Users\vempa\Documents\Projects\RADAR_Chirp_Engine\ChirpGenerator\ChirpGenerator\hls\.autopilot\db\chirp.pp.0.cpp:65315:9: remark: Added loop label VITIS_LOOP_63_2:   [xilinx-label-all-loops]
        for(int n = 0; n < N_SAMPLES_USED; n++)
        ^
        VITIS_LOOP_63_2: 
C:\Users\vempa\Documents\Projects\RADAR_Chirp_Engine\ChirpGenerator\ChirpGenerator\hls\.autopilot\db\chirp.pp.0.cpp:65315:9: note: FIX-IT applied suggested code changes
