Copyright 1986-2022 Xilinx, Inc. All Rights Reserved. Copyright 2022-2025 Advanced Micro Devices, Inc. All Rights Reserved.
---------------------------------------------------------------------------------------------------------------------------------------------
| Tool Version : Vivado v.2025.2 (win64) Build 6299465 Fri Nov 14 19:35:11 GMT 2025
| Date         : Tue Aug 18 15:03:43 2026
| Host         : BHARADWAJ running 64-bit major release  (build 9200)
| Command      : report_control_sets -verbose -file bd_0_wrapper_control_sets_placed.rpt
| Design       : bd_0_wrapper
| Device       : xc7z020
---------------------------------------------------------------------------------------------------------------------------------------------

Control Set Information

Table of Contents
-----------------
1. Summary
2. Histogram
3. Flip-Flop Distribution
4. Detailed Control Set Information

1. Summary
----------

+----------------------------------------------------------+-------+
|                          Status                          | Count |
+----------------------------------------------------------+-------+
| Total control sets                                       |    25 |
|    Minimum number of control sets                        |    25 |
|    Addition due to synthesis replication                 |     0 |
|    Addition due to physical synthesis replication        |     0 |
| Unused register locations in slices containing registers |    63 |
+----------------------------------------------------------+-------+
* Control sets can be merged at opt_design using control_set_merge or merge_equivalent_drivers
** Run report_qor_suggestions for automated merging and remapping suggestions


2. Histogram
------------

+--------------------+-------+
|       Fanout       | Count |
+--------------------+-------+
| Total control sets |    25 |
| >= 0 to < 4        |     3 |
| >= 4 to < 6        |     1 |
| >= 6 to < 8        |     0 |
| >= 8 to < 10       |     1 |
| >= 10 to < 12      |     0 |
| >= 12 to < 14      |     0 |
| >= 14 to < 16      |     0 |
| >= 16              |    20 |
+--------------------+-------+
* Control sets can be remapped at either synth_design or opt_design


3. Flip-Flop Distribution
-------------------------

+--------------+-----------------------+------------------------+-----------------+--------------+
| Clock Enable | Synchronous Set/Reset | Asynchronous Set/Reset | Total Registers | Total Slices |
+--------------+-----------------------+------------------------+-----------------+--------------+
| No           | No                    | No                     |            2423 |          662 |
| No           | No                    | Yes                    |               0 |            0 |
| No           | Yes                   | No                     |             341 |           97 |
| Yes          | No                    | No                     |             423 |          160 |
| Yes          | No                    | Yes                    |               0 |            0 |
| Yes          | Yes                   | No                     |              94 |           26 |
+--------------+-----------------------+------------------------+-----------------+--------------+


4. Detailed Control Set Information
-----------------------------------

+--------------+---------------------------------------------------------------------------------------------------------------+-----------------------------------------------------------------------------------------------------------------------------------------------------------------------------------------------------------------------------------------------------+------------------+----------------+--------------+
| Clock Signal |                                                 Enable Signal                                                 |                                                                                                                   Set/Reset Signal                                                                                                                  | Slice Load Count | Bel Load Count | Bels / Slice |
+--------------+---------------------------------------------------------------------------------------------------------------+-----------------------------------------------------------------------------------------------------------------------------------------------------------------------------------------------------------------------------------------------------+------------------+----------------+--------------+
|  ap_clk      |                                                                                                               | bd_0_i/hls_inst/inst/fmul_32ns_32ns_32_4_max_dsp_1_U52/chirp_fmul_32ns_32ns_32_4_max_dsp_1_ip_u/U0/i_synth/MULT.OP/i_non_prim.EXP/SIG_DELAY/i_pipe/p_2_in10_out                                                                                     |                1 |              1 |         1.00 |
|  ap_clk      |                                                                                                               | bd_0_i/hls_inst/inst/grp_chirp_Pipeline_VITIS_LOOP_60_1_VITIS_LOOP_63_2_fu_92/fmul_32ns_32ns_32_4_max_dsp_1_U4/chirp_fmul_32ns_32ns_32_4_max_dsp_1_ip_u/U0/i_synth/MULT.OP/i_non_prim.EXP/SIG_DELAY/i_pipe/p_2_in10_out                             |                1 |              1 |         1.00 |
|  ap_clk      |                                                                                                               | bd_0_i/hls_inst/inst/grp_chirp_Pipeline_VITIS_LOOP_60_1_VITIS_LOOP_63_2_fu_92/fmul_32ns_32ns_32_4_max_dsp_1_U3/chirp_fmul_32ns_32ns_32_4_max_dsp_1_ip_u/U0/i_synth/MULT.OP/i_non_prim.EXP/SIG_DELAY/i_pipe/p_2_in10_out                             |                1 |              1 |         1.00 |
|  ap_clk      |                                                                                                               | bd_0_i/hls_inst/inst/grp_chirp_Pipeline_VITIS_LOOP_60_1_VITIS_LOOP_63_2_fu_92/ref_4oPi_table_100_U/phase_reg_1661_reg[30]                                                                                                                           |                2 |              4 |         2.00 |
|  ap_clk      |                                                                                                               | bd_0_i/hls_inst/inst/grp_chirp_Pipeline_VITIS_LOOP_60_1_VITIS_LOOP_63_2_fu_92/Ex_2_reg_1804[7]_i_1_n_0                                                                                                                                              |                2 |              8 |         4.00 |
|  ap_clk      |                                                                                                               | bd_0_i/hls_inst/inst/fmul_32ns_32ns_32_4_max_dsp_1_U52/chirp_fmul_32ns_32ns_32_4_max_dsp_1_ip_u/U0/i_synth/MULT.OP/i_non_prim.EXP/SIG_DELAY/i_pipe/opt_has_pipe.first_q_reg[3]_0                                                                    |                7 |             22 |         3.14 |
|  ap_clk      |                                                                                                               | bd_0_i/hls_inst/inst/grp_chirp_Pipeline_VITIS_LOOP_60_1_VITIS_LOOP_63_2_fu_92/fmul_32ns_32ns_32_4_max_dsp_1_U4/chirp_fmul_32ns_32ns_32_4_max_dsp_1_ip_u/U0/i_synth/MULT.OP/i_non_prim.EXP/SIG_DELAY/i_pipe/opt_has_pipe.first_q_reg[3]_0            |                7 |             22 |         3.14 |
|  ap_clk      |                                                                                                               | bd_0_i/hls_inst/inst/grp_chirp_Pipeline_VITIS_LOOP_60_1_VITIS_LOOP_63_2_fu_92/fmul_32ns_32ns_32_4_max_dsp_1_U3/chirp_fmul_32ns_32ns_32_4_max_dsp_1_ip_u/U0/i_synth/MULT.OP/i_non_prim.EXP/SIG_DELAY/i_pipe/opt_has_pipe.first_q_reg[3]_0            |                8 |             22 |         2.75 |
|  ap_clk      |                                                                                                               | bd_0_i/hls_inst/inst/grp_chirp_Pipeline_VITIS_LOOP_60_1_VITIS_LOOP_63_2_fu_92/in                                                                                                                                                                    |                5 |             23 |         4.60 |
|  ap_clk      |                                                                                                               | bd_0_i/hls_inst/inst/grp_chirp_Pipeline_VITIS_LOOP_60_1_VITIS_LOOP_63_2_fu_92/sitofp_32ns_32_6_no_dsp_1_U6/chirp_sitofp_32ns_32_6_no_dsp_1_ip_u/U0/i_synth/FIX_TO_FLT_OP.SPD.OP/EXP/ZERO_DELAY/i_pipe/op_state[0]                                   |                8 |             25 |         3.12 |
|  ap_clk      |                                                                                                               | bd_0_i/hls_inst/inst/grp_chirp_Pipeline_VITIS_LOOP_60_1_VITIS_LOOP_63_2_fu_92/Mx_1_reg_1789[28]_i_1_n_0                                                                                                                                             |                7 |             29 |         4.14 |
|  ap_clk      |                                                                                                               | bd_0_i/hls_inst/inst/grp_chirp_Pipeline_VITIS_LOOP_60_1_VITIS_LOOP_63_2_fu_92/and_ln271_reg_1743_pp0_iter66_reg[0]                                                                                                                                  |               15 |             31 |         2.07 |
|  ap_clk      |                                                                                                               | bd_0_i/hls_inst/inst/fmul_32ns_32ns_32_4_max_dsp_1_U52/din1_buf1[31]_i_1_n_0                                                                                                                                                                        |                6 |             32 |         5.33 |
|  ap_clk      | bd_0_i/hls_inst/inst/grp_chirp_Pipeline_VITIS_LOOP_60_1_VITIS_LOOP_63_2_fu_92/ap_enable_reg_pp0_iter2_reg_n_0 | bd_0_i/hls_inst/inst/grp_chirp_Pipeline_VITIS_LOOP_60_1_VITIS_LOOP_63_2_fu_92/flow_control_loop_pipe_sequential_init_U/ap_loop_init                                                                                                                 |               10 |             32 |         3.20 |
|  ap_clk      | bd_0_i/hls_inst/inst/ap_CS_fsm_state1                                                                         |                                                                                                                                                                                                                                                     |                9 |             32 |         3.56 |
|  ap_clk      | bd_0_i/hls_inst/inst/ap_CS_fsm_state18                                                                        |                                                                                                                                                                                                                                                     |                7 |             32 |         4.57 |
|  ap_clk      | bd_0_i/hls_inst/inst/ap_CS_fsm_state16                                                                        |                                                                                                                                                                                                                                                     |               11 |             32 |         2.91 |
|  ap_clk      | bd_0_i/hls_inst/inst/grp_chirp_Pipeline_VITIS_LOOP_60_1_VITIS_LOOP_63_2_fu_92/ap_enable_reg_pp0_iter60        |                                                                                                                                                                                                                                                     |               41 |             45 |         1.10 |
|  ap_clk      |                                                                                                               | bd_0_i/hls_inst/inst/grp_chirp_Pipeline_VITIS_LOOP_60_1_VITIS_LOOP_63_2_fu_92/dmul_64ns_64ns_64_7_max_dsp_1_U10/chirp_dmul_64ns_64ns_64_7_max_dsp_1_ip_u/U0/i_synth/MULT.OP/i_non_prim.EXP/SIG_DELAY/i_pipe/opt_has_pipe.i_pipe[4].pipe_reg[4][3]_1 |               11 |             46 |         4.18 |
|  ap_clk      | bd_0_i/hls_inst/inst/grp_chirp_Pipeline_VITIS_LOOP_60_1_VITIS_LOOP_63_2_fu_92/indvar_flatten_fu_290           | bd_0_i/hls_inst/inst/grp_chirp_Pipeline_VITIS_LOOP_60_1_VITIS_LOOP_63_2_fu_92/flow_control_loop_pipe_sequential_init_U/ap_loop_init                                                                                                                 |               16 |             62 |         3.88 |
|  ap_clk      |                                                                                                               | ap_rst                                                                                                                                                                                                                                              |               16 |             74 |         4.62 |
|  ap_clk      | bd_0_i/hls_inst/inst/grp_chirp_Pipeline_VITIS_LOOP_60_1_VITIS_LOOP_63_2_fu_92/ap_enable_reg_pp0_iter50        |                                                                                                                                                                                                                                                     |               29 |             93 |         3.21 |
|  ap_clk      | bd_0_i/hls_inst/inst/ap_CS_fsm_state20                                                                        |                                                                                                                                                                                                                                                     |               27 |             94 |         3.48 |
|  ap_clk      | bd_0_i/hls_inst/inst/ap_CS_fsm_state21                                                                        |                                                                                                                                                                                                                                                     |               36 |             95 |         2.64 |
|  ap_clk      |                                                                                                               |                                                                                                                                                                                                                                                     |              662 |           2620 |         3.96 |
+--------------+---------------------------------------------------------------------------------------------------------------+-----------------------------------------------------------------------------------------------------------------------------------------------------------------------------------------------------------------------------------------------------+------------------+----------------+--------------+


