Copyright 1986-2022 Xilinx, Inc. All Rights Reserved. Copyright 2022-2025 Advanced Micro Devices, Inc. All Rights Reserved.
---------------------------------------------------------------------------------------------------------------------------------------------
| Tool Version : Vivado v.2025.2 (win64) Build 6299465 Fri Nov 14 19:35:11 GMT 2025
| Date         : Wed Aug 19 11:11:59 2026
| Host         : BHARADWAJ running 64-bit major release  (build 9200)
| Command      : report_control_sets -verbose -file bd_0_wrapper_control_sets_placed.rpt
| Design       : bd_0_wrapper
| Device       : xc7z020
---------------------------------------------------------------------------------------------------------------------------------------------

Control Set Information

Table of Contents
-----------------
1. Summary
2. Histogram
3. Flip-Flop Distribution
4. Detailed Control Set Information

1. Summary
----------

+----------------------------------------------------------+-------+
|                          Status                          | Count |
+----------------------------------------------------------+-------+
| Total control sets                                       |    23 |
|    Minimum number of control sets                        |    23 |
|    Addition due to synthesis replication                 |     0 |
|    Addition due to physical synthesis replication        |     0 |
| Unused register locations in slices containing registers |    69 |
+----------------------------------------------------------+-------+
* Control sets can be merged at opt_design using control_set_merge or merge_equivalent_drivers
** Run report_qor_suggestions for automated merging and remapping suggestions


2. Histogram
------------

+--------------------+-------+
|       Fanout       | Count |
+--------------------+-------+
| Total control sets |    23 |
| >= 0 to < 4        |     3 |
| >= 4 to < 6        |     1 |
| >= 6 to < 8        |     0 |
| >= 8 to < 10       |     2 |
| >= 10 to < 12      |     1 |
| >= 12 to < 14      |     0 |
| >= 14 to < 16      |     0 |
| >= 16              |    16 |
+--------------------+-------+
* Control sets can be remapped at either synth_design or opt_design


3. Flip-Flop Distribution
-------------------------

+--------------+-----------------------+------------------------+-----------------+--------------+
| Clock Enable | Synchronous Set/Reset | Asynchronous Set/Reset | Total Registers | Total Slices |
+--------------+-----------------------+------------------------+-----------------+--------------+
| No           | No                    | No                     |            2280 |          646 |
| No           | No                    | Yes                    |               0 |            0 |
| No           | Yes                   | No                     |             311 |           97 |
| Yes          | No                    | No                     |             308 |          137 |
| Yes          | No                    | Yes                    |               0 |            0 |
| Yes          | Yes                   | No                     |               0 |            0 |
+--------------+-----------------------+------------------------+-----------------+--------------+


4. Detailed Control Set Information
-----------------------------------

+--------------+----------------------------------------------------------------------------------------+------------------------------------------------------------------------------------------------------------------------------------------------------------------------------------------------------------------------------------+------------------+----------------+--------------+
| Clock Signal |                                      Enable Signal                                     |                                                                                                          Set/Reset Signal                                                                                                          | Slice Load Count | Bel Load Count | Bels / Slice |
+--------------+----------------------------------------------------------------------------------------+------------------------------------------------------------------------------------------------------------------------------------------------------------------------------------------------------------------------------------+------------------+----------------+--------------+
|  ap_clk      |                                                                                        | bd_0_i/hls_inst/inst/grp_chirp_Pipeline_VITIS_LOOP_17_1_fu_60/fmul_32ns_32ns_32_4_max_dsp_1_U3/chirp_fmul_32ns_32ns_32_4_max_dsp_1_ip_u/U0/i_synth/MULT.OP/i_non_prim.EXP/SIG_DELAY/i_pipe/p_2_in10_out                            |                1 |              1 |         1.00 |
|  ap_clk      |                                                                                        | bd_0_i/hls_inst/inst/grp_chirp_Pipeline_VITIS_LOOP_17_1_fu_60/fmul_32ns_32ns_32_4_max_dsp_1_U4/chirp_fmul_32ns_32ns_32_4_max_dsp_1_ip_u/U0/i_synth/MULT.OP/i_non_prim.EXP/SIG_DELAY/i_pipe/p_2_in10_out                            |                1 |              1 |         1.00 |
|  ap_clk      |                                                                                        | bd_0_i/hls_inst/inst/fmul_32ns_32ns_32_4_max_dsp_1_U45/chirp_fmul_32ns_32ns_32_4_max_dsp_1_ip_u/U0/i_synth/MULT.OP/i_non_prim.EXP/SIG_DELAY/i_pipe/p_2_in10_out                                                                    |                1 |              1 |         1.00 |
|  ap_clk      |                                                                                        | bd_0_i/hls_inst/inst/grp_chirp_Pipeline_VITIS_LOOP_17_1_fu_60/ref_4oPi_table_100_U/phase_reg_1371_reg[30]                                                                                                                          |                2 |              4 |         2.00 |
|  ap_clk      |                                                                                        | bd_0_i/hls_inst/inst/grp_chirp_Pipeline_VITIS_LOOP_17_1_fu_60/Ex_2_reg_1510[7]_i_1_n_4                                                                                                                                             |                1 |              8 |         8.00 |
|  ap_clk      |                                                                                        | bd_0_i/hls_inst/inst/grp_chirp_Pipeline_VITIS_LOOP_17_1_fu_60/flow_control_loop_pipe_sequential_init_U/grp_chirp_Pipeline_VITIS_LOOP_17_1_fu_60_ap_start_reg_reg                                                                   |                3 |              9 |         3.00 |
|  ap_clk      | bd_0_i/hls_inst/inst/grp_chirp_Pipeline_VITIS_LOOP_17_1_fu_60_ap_start_reg             |                                                                                                                                                                                                                                    |                2 |             10 |         5.00 |
|  ap_clk      |                                                                                        | bd_0_i/hls_inst/inst/grp_chirp_Pipeline_VITIS_LOOP_17_1_fu_60/fmul_32ns_32ns_32_4_max_dsp_1_U3/chirp_fmul_32ns_32ns_32_4_max_dsp_1_ip_u/U0/i_synth/MULT.OP/i_non_prim.EXP/SIG_DELAY/i_pipe/opt_has_pipe.first_q_reg[3]_0           |                8 |             22 |         2.75 |
|  ap_clk      |                                                                                        | bd_0_i/hls_inst/inst/grp_chirp_Pipeline_VITIS_LOOP_17_1_fu_60/fmul_32ns_32ns_32_4_max_dsp_1_U4/chirp_fmul_32ns_32ns_32_4_max_dsp_1_ip_u/U0/i_synth/MULT.OP/i_non_prim.EXP/SIG_DELAY/i_pipe/opt_has_pipe.first_q_reg[3]_0           |                7 |             22 |         3.14 |
|  ap_clk      |                                                                                        | bd_0_i/hls_inst/inst/fmul_32ns_32ns_32_4_max_dsp_1_U45/chirp_fmul_32ns_32ns_32_4_max_dsp_1_ip_u/U0/i_synth/MULT.OP/i_non_prim.EXP/SIG_DELAY/i_pipe/opt_has_pipe.first_q_reg[3]_0                                                   |                8 |             22 |         2.75 |
|  ap_clk      |                                                                                        | bd_0_i/hls_inst/inst/grp_chirp_Pipeline_VITIS_LOOP_17_1_fu_60/sitofp_32ns_32_6_no_dsp_1_U6/chirp_sitofp_32ns_32_6_no_dsp_1_ip_u/U0/i_synth/FIX_TO_FLT_OP.SPD.OP/EXP/ZERO_DELAY/i_pipe/op_state[0]                                  |                8 |             25 |         3.12 |
|  ap_clk      |                                                                                        | bd_0_i/hls_inst/inst/grp_chirp_Pipeline_VITIS_LOOP_17_1_fu_60/Mx_1_reg_1495[28]_i_1_n_4                                                                                                                                            |               10 |             29 |         2.90 |
|  ap_clk      |                                                                                        | bd_0_i/hls_inst/inst/fmul_32ns_32ns_32_4_max_dsp_1_U45/grp_fu_77_opcode[0]                                                                                                                                                         |               10 |             32 |         3.20 |
|  ap_clk      | bd_0_i/hls_inst/inst/ap_CS_fsm_state1                                                  |                                                                                                                                                                                                                                    |               15 |             32 |         2.13 |
|  ap_clk      | bd_0_i/hls_inst/inst/ap_CS_fsm_state36                                                 |                                                                                                                                                                                                                                    |               12 |             32 |         2.67 |
|  ap_clk      | bd_0_i/hls_inst/inst/ap_CS_fsm_state16                                                 |                                                                                                                                                                                                                                    |                9 |             32 |         3.56 |
|  ap_clk      | bd_0_i/hls_inst/inst/reg_94[31]_i_1_n_4                                                |                                                                                                                                                                                                                                    |               13 |             32 |         2.46 |
|  ap_clk      | bd_0_i/hls_inst/inst/ap_CS_fsm_state12                                                 |                                                                                                                                                                                                                                    |               12 |             32 |         2.67 |
|  ap_clk      | bd_0_i/hls_inst/inst/grp_chirp_Pipeline_VITIS_LOOP_17_1_fu_60/ap_enable_reg_pp0_iter57 |                                                                                                                                                                                                                                    |               43 |             45 |         1.05 |
|  ap_clk      |                                                                                        | bd_0_i/hls_inst/inst/grp_chirp_Pipeline_VITIS_LOOP_17_1_fu_60/dmul_64ns_64ns_64_7_max_dsp_1_U9/chirp_dmul_64ns_64ns_64_7_max_dsp_1_ip_u/U0/i_synth/MULT.OP/i_non_prim.EXP/SIG_DELAY/i_pipe/opt_has_pipe.i_pipe[4].pipe_reg[4][3]_1 |                8 |             46 |         5.75 |
|  ap_clk      |                                                                                        | ap_rst                                                                                                                                                                                                                             |               29 |             89 |         3.07 |
|  ap_clk      | bd_0_i/hls_inst/inst/grp_chirp_Pipeline_VITIS_LOOP_17_1_fu_60/ap_enable_reg_pp0_iter47 |                                                                                                                                                                                                                                    |               31 |             93 |         3.00 |
|  ap_clk      |                                                                                        |                                                                                                                                                                                                                                    |              646 |           2447 |         3.79 |
+--------------+----------------------------------------------------------------------------------------+------------------------------------------------------------------------------------------------------------------------------------------------------------------------------------------------------------------------------------+------------------+----------------+--------------+


