
*** Running vivado
    with args -log bd_0_wrapper.vdi -applog -m64 -product Vivado -messageDb vivado.pb -mode batch -source bd_0_wrapper.tcl -notrace

!! WARNING !!
"PYTHONPATH" variable is set greater than default max string limit of "519" characters.
Please ignore this, if you have already made changes to your system registry to accept more than
default limit of 519 characters.
!! WARNING !!


****** Vivado v2025.2 (64-bit)
  **** SW Build 6299465 on Fri Nov 14 19:35:11 GMT 2025
  **** IP Build 6300035 on Fri Nov 14 10:48:45 MST 2025
  **** SharedData Build 6298862 on Thu Nov 13 04:50:51 MST 2025
  **** Start of session at: Wed Aug 19 11:11:16 2026
    ** Copyright 1986-2022 Xilinx, Inc. All Rights Reserved.
    ** Copyright 2022-2025 Advanced Micro Devices, Inc. All Rights Reserved.

source bd_0_wrapper.tcl -notrace
INFO: Dispatch client connection id - 53425
Command: open_checkpoint C:/Users/vempa/Documents/Projects/RADAR_Chirp_Engine/ChirpGenerator/ChirpGenerator/hls/impl/verilog/project.runs/impl_1/bd_0_wrapper.dcp
INFO: [Device 21-403] Loading part xc7z020clg484-1
Netlist sorting complete. Time (s): cpu = 00:00:01 ; elapsed = 00:00:00.200 . Memory (MB): peak = 804.410 ; gain = 0.000
INFO: [Netlist 29-17] Analyzing 524 Unisim elements for replacement
INFO: [Netlist 29-28] Unisim Transformation completed in 0 CPU seconds
INFO: [Project 1-479] Netlist was created with Vivado 2025.2
INFO: [Project 1-570] Preparing netlist for logic optimization
Read ShapeDB Complete: Time (s): cpu = 00:00:00 ; elapsed = 00:00:00.013 . Memory (MB): peak = 915.340 ; gain = 0.852
INFO: [Timing 38-478] Restoring timing data from binary archive.
INFO: [Timing 38-479] Binary timing data restore complete.
INFO: [Project 1-856] Restoring constraints from binary archive.
INFO: [Project 1-853] Binary constraint restore complete.
Netlist sorting complete. Time (s): cpu = 00:00:00 ; elapsed = 00:00:00.003 . Memory (MB): peak = 1513.156 ; gain = 0.000
INFO: [Project 1-111] Unisim Transformation Summary:
No Unisim elements were transformed.

INFO: [Project 1-604] Checkpoint was created with Vivado v2025.2 (64-bit) build 6299465
open_checkpoint: Time (s): cpu = 00:00:17 ; elapsed = 00:00:15 . Memory (MB): peak = 1513.156 ; gain = 1192.336
INFO: [IP_Flow 19-234] Refreshing IP repositories
INFO: [IP_Flow 19-1700] Loaded user IP repository 'c:/Users/vempa/Documents/Projects/RADAR_Chirp_Engine/ChirpGenerator/ChirpGenerator/hls/impl/ip'.
INFO: [IP_Flow 19-2313] Loaded Vivado IP repository 'C:/AMDDesignTools/2025.2/Vivado/data/ip'.
WARNING: [IP_Flow 19-4995] The host OS only allows 260 characters in a normal path. The IP cache path is more than 80 characters. If you experience issues with IP caching, please consider changing the IP cache to a location with a shorter path. Alternately consider using the OS subst command to map part of the path to a drive letter. 
Current IP cache path is C:/Users/vempa/Documents/Projects/RADAR_Chirp_Engine/ChirpGenerator/ChirpGenerator/hls/impl/verilog/project.cache/ip 
Command: opt_design
Attempting to get a license for feature 'Implementation' and/or device 'xc7z020'
INFO: [Common 17-349] Got license for feature 'Implementation' and/or device 'xc7z020'
Running DRC as a precondition to command opt_design

Starting DRC Task
INFO: [DRC 23-27] Running DRC with 2 threads
WARNING: [DRC 23-814] Not all possible (connectivity based) DRCs may have been run because this design is seen as Out of Context.
INFO: [Project 1-461] DRC finished with 0 Errors
INFO: [Project 1-462] Please refer to the DRC report (report_drc) for more information.

Time (s): cpu = 00:00:01 ; elapsed = 00:00:00.442 . Memory (MB): peak = 1545.152 ; gain = 27.012

Starting Cache Timing Information Task
Ending Cache Timing Information Task | Checksum: 1370349dd

Time (s): cpu = 00:00:00 ; elapsed = 00:00:00.015 . Memory (MB): peak = 1545.152 ; gain = 0.000

Starting Logic Optimization Task

Phase 1 Initialization

Phase 1.1 Core Generation And Design Setup
Phase 1.1 Core Generation And Design Setup | Checksum: 1370349dd

Time (s): cpu = 00:00:00 ; elapsed = 00:00:00.010 . Memory (MB): peak = 1988.469 ; gain = 0.000

Phase 1.2 Setup Constraints And Sort Netlist
Phase 1.2 Setup Constraints And Sort Netlist | Checksum: 1370349dd

Time (s): cpu = 00:00:00 ; elapsed = 00:00:00.017 . Memory (MB): peak = 1988.469 ; gain = 0.000
Phase 1 Initialization | Checksum: 1370349dd

Time (s): cpu = 00:00:00 ; elapsed = 00:00:00.018 . Memory (MB): peak = 1988.469 ; gain = 0.000

Phase 2 Timer Update And Timing Data Collection

Phase 2.1 Detect if minReqCache needed
Phase 2.1 Detect if minReqCache needed | Checksum: 1370349dd

Time (s): cpu = 00:00:00 ; elapsed = 00:00:00.039 . Memory (MB): peak = 1988.484 ; gain = 0.016

Phase 2.2 Timer Update
Phase 2.2 Timer Update | Checksum: 1370349dd

Time (s): cpu = 00:00:00 ; elapsed = 00:00:00.049 . Memory (MB): peak = 1988.484 ; gain = 0.016
Phase 2 Timer Update And Timing Data Collection | Checksum: 1370349dd

Time (s): cpu = 00:00:00 ; elapsed = 00:00:00.050 . Memory (MB): peak = 1988.484 ; gain = 0.016

Phase 3 Retarget
INFO: [Opt 31-1851] Number of loadless carry chains removed were: 0
INFO: [Opt 31-1834] Total Chains To Be Transformed Were: 0 AND Number of Transformed insts Created are: 0
INFO: [Opt 31-1566] Pulled 1 inverters resulting in an inversion of 3 pins
INFO: [Opt 31-138] Pushed 1 inverter(s) to 9 load pin(s).
INFO: [Opt 31-49] Retargeted 0 cell(s).
Phase 3 Retarget | Checksum: 1e6c3d363

Time (s): cpu = 00:00:00 ; elapsed = 00:00:00.233 . Memory (MB): peak = 1988.484 ; gain = 0.016
Retarget | Checksum: 1e6c3d363
INFO: [Opt 31-389] Phase Retarget created 27 cells and removed 64 cells

Phase 4 Constant propagation
INFO: [Opt 31-138] Pushed 0 inverter(s) to 0 load pin(s).
Phase 4 Constant propagation | Checksum: 14765074f

Time (s): cpu = 00:00:00 ; elapsed = 00:00:00.365 . Memory (MB): peak = 1988.484 ; gain = 0.016
Constant propagation | Checksum: 14765074f
INFO: [Opt 31-389] Phase Constant propagation created 65 cells and removed 199 cells

Phase 5 Sweep
INFO: [Constraints 18-11670] Building netlist checker database with flags, 0x8
Done building netlist checker database: Time (s): cpu = 00:00:00 ; elapsed = 00:00:00.005 . Memory (MB): peak = 1988.484 ; gain = 0.000
INFO: [Constraints 18-11670] Building netlist checker database with flags, 0x8
Done building netlist checker database: Time (s): cpu = 00:00:00 ; elapsed = 00:00:00.005 . Memory (MB): peak = 1988.484 ; gain = 0.000
Phase 5 Sweep | Checksum: 182505e02

Time (s): cpu = 00:00:01 ; elapsed = 00:00:00.558 . Memory (MB): peak = 1988.484 ; gain = 0.016
Sweep | Checksum: 182505e02
INFO: [Opt 31-389] Phase Sweep created 0 cells and removed 89 cells

Phase 6 BUFG optimization
Phase 6 BUFG optimization | Checksum: 182505e02

Time (s): cpu = 00:00:01 ; elapsed = 00:00:00.593 . Memory (MB): peak = 1988.484 ; gain = 0.016
BUFG optimization | Checksum: 182505e02
INFO: [Opt 31-662] Phase BUFG optimization created 0 cells of which 0 are BUFGs and removed 0 cells.

Phase 7 Shift Register Optimization
INFO: [Opt 31-1064] SRL Remap converted 0 SRLs to 0 registers and converted 0 registers of register chains to 0 SRLs
Phase 7 Shift Register Optimization | Checksum: 182505e02

Time (s): cpu = 00:00:01 ; elapsed = 00:00:00.608 . Memory (MB): peak = 1988.484 ; gain = 0.016
Shift Register Optimization | Checksum: 182505e02
INFO: [Opt 31-389] Phase Shift Register Optimization created 0 cells and removed 0 cells

Phase 8 Post Processing Netlist
Phase 8 Post Processing Netlist | Checksum: 182505e02

Time (s): cpu = 00:00:01 ; elapsed = 00:00:00.627 . Memory (MB): peak = 1988.484 ; gain = 0.016
Post Processing Netlist | Checksum: 182505e02
INFO: [Opt 31-389] Phase Post Processing Netlist created 0 cells and removed 0 cells

Phase 9 Finalization

Phase 9.1 Finalizing Design Cores and Updating Shapes
Phase 9.1 Finalizing Design Cores and Updating Shapes | Checksum: 1be4232eb

Time (s): cpu = 00:00:01 ; elapsed = 00:00:00.829 . Memory (MB): peak = 1988.484 ; gain = 0.016

Phase 9.2 Verifying Netlist Connectivity

Starting Connectivity Check Task

Time (s): cpu = 00:00:00 ; elapsed = 00:00:00.012 . Memory (MB): peak = 1988.484 ; gain = 0.000
Phase 9.2 Verifying Netlist Connectivity | Checksum: 1be4232eb

Time (s): cpu = 00:00:01 ; elapsed = 00:00:00.843 . Memory (MB): peak = 1988.484 ; gain = 0.016
Phase 9 Finalization | Checksum: 1be4232eb

Time (s): cpu = 00:00:01 ; elapsed = 00:00:00.845 . Memory (MB): peak = 1988.484 ; gain = 0.016
Opt_design Change Summary
=========================


-------------------------------------------------------------------------------------------------------------------------
|  Phase                        |  #Cells created  |  #Cells Removed  |  #Constrained objects preventing optimizations  |
-------------------------------------------------------------------------------------------------------------------------
|  Retarget                     |              27  |              64  |                                              0  |
|  Constant propagation         |              65  |             199  |                                              0  |
|  Sweep                        |               0  |              89  |                                              0  |
|  BUFG optimization            |               0  |               0  |                                              0  |
|  Shift Register Optimization  |               0  |               0  |                                              0  |
|  Post Processing Netlist      |               0  |               0  |                                              0  |
-------------------------------------------------------------------------------------------------------------------------


Ending Logic Optimization Task | Checksum: 1be4232eb

Time (s): cpu = 00:00:01 ; elapsed = 00:00:00.848 . Memory (MB): peak = 1988.484 ; gain = 0.016

Starting Power Optimization Task
INFO: [Pwropt 34-132] Skipping clock gating for clocks with a period < 2.00 ns.
Ending Power Optimization Task | Checksum: 1be4232eb

Time (s): cpu = 00:00:00 ; elapsed = 00:00:00.020 . Memory (MB): peak = 1988.484 ; gain = 0.000

Starting Final Cleanup Task
Ending Final Cleanup Task | Checksum: 1be4232eb

Time (s): cpu = 00:00:00 ; elapsed = 00:00:00.001 . Memory (MB): peak = 1988.484 ; gain = 0.000
Netlist sorting complete. Time (s): cpu = 00:00:00 ; elapsed = 00:00:00.003 . Memory (MB): peak = 1988.484 ; gain = 0.000
INFO: [Common 17-83] Releasing license: Implementation
35 Infos, 2 Warnings, 0 Critical Warnings and 0 Errors encountered.
opt_design completed successfully
INFO: [Vivado 12-24828] Executing command : report_drc -file bd_0_wrapper_drc_opted.rpt -pb bd_0_wrapper_drc_opted.pb -rpx bd_0_wrapper_drc_opted.rpx
Command: report_drc -file bd_0_wrapper_drc_opted.rpt -pb bd_0_wrapper_drc_opted.pb -rpx bd_0_wrapper_drc_opted.rpx
INFO: [IP_Flow 19-1839] IP Catalog is up to date.
INFO: [DRC 23-27] Running DRC with 2 threads
WARNING: [DRC 23-814] Not all possible (connectivity based) DRCs may have been run because this design is seen as Out of Context.
INFO: [Vivado_Tcl 2-168] The results of DRC are in file C:/Users/vempa/Documents/Projects/RADAR_Chirp_Engine/ChirpGenerator/ChirpGenerator/hls/impl/verilog/project.runs/impl_1/bd_0_wrapper_drc_opted.rpt.
report_drc completed successfully
INFO: [Timing 38-35] Done setting XDC timing constraints.
INFO: [Timing 38-480] Writing timing data to binary archive.
Write ShapeDB Complete: Time (s): cpu = 00:00:00 ; elapsed = 00:00:00.016 . Memory (MB): peak = 1988.484 ; gain = 0.000
INFO: [Common 17-1381] The checkpoint 'C:/Users/vempa/Documents/Projects/RADAR_Chirp_Engine/ChirpGenerator/ChirpGenerator/hls/impl/verilog/project.runs/impl_1/bd_0_wrapper_opt.dcp' has been generated.
Command: place_design
Attempting to get a license for feature 'Implementation' and/or device 'xc7z020'
INFO: [Common 17-349] Got license for feature 'Implementation' and/or device 'xc7z020'
INFO: [Common 17-83] Releasing license: Implementation
INFO: [DRC 23-27] Running DRC with 2 threads
WARNING: [DRC 23-814] Not all possible (connectivity based) DRCs may have been run because this design is seen as Out of Context.
INFO: [Vivado_Tcl 4-198] DRC finished with 0 Errors
INFO: [Vivado_Tcl 4-199] Please refer to the DRC report (report_drc) for more information.
Running DRC as a precondition to command place_design
INFO: [DRC 23-27] Running DRC with 2 threads
WARNING: [DRC 23-814] Not all possible (connectivity based) DRCs may have been run because this design is seen as Out of Context.
INFO: [Vivado_Tcl 4-198] DRC finished with 0 Errors
INFO: [Vivado_Tcl 4-199] Please refer to the DRC report (report_drc) for more information.
INFO: [Place 30-611] Multithreading enabled for place_design using a maximum of 2 CPUs

Starting Placer Task

Phase 1 Placer Initialization

Phase 1.1 Placer Initialization Netlist Sorting
Netlist sorting complete. Time (s): cpu = 00:00:00 ; elapsed = 00:00:00.005 . Memory (MB): peak = 1988.484 ; gain = 0.000
Phase 1.1 Placer Initialization Netlist Sorting | Checksum: e31522ad

Time (s): cpu = 00:00:00 ; elapsed = 00:00:00.007 . Memory (MB): peak = 1988.484 ; gain = 0.000
Netlist sorting complete. Time (s): cpu = 00:00:00 ; elapsed = 00:00:00.003 . Memory (MB): peak = 1988.484 ; gain = 0.000

Phase 1.2 IO Placement/ Clock Placement/ Build Placer Device
Phase 1.2 IO Placement/ Clock Placement/ Build Placer Device | Checksum: fdcc9b57

Time (s): cpu = 00:00:00 ; elapsed = 00:00:00.279 . Memory (MB): peak = 1988.484 ; gain = 0.000

Phase 1.3 Build Placer Netlist Model
Phase 1.3 Build Placer Netlist Model | Checksum: 125421037

Time (s): cpu = 00:00:04 ; elapsed = 00:00:03 . Memory (MB): peak = 1988.484 ; gain = 0.000

Phase 1.4 Constrain Clocks/Macros
Phase 1.4 Constrain Clocks/Macros | Checksum: 125421037

Time (s): cpu = 00:00:04 ; elapsed = 00:00:03 . Memory (MB): peak = 1988.484 ; gain = 0.000
Phase 1 Placer Initialization | Checksum: 125421037

Time (s): cpu = 00:00:04 ; elapsed = 00:00:03 . Memory (MB): peak = 1988.484 ; gain = 0.000

Phase 2 Global Placement

Phase 2.1 Floorplanning
Phase 2.1 Floorplanning | Checksum: 176dda4e7

Time (s): cpu = 00:00:07 ; elapsed = 00:00:04 . Memory (MB): peak = 1988.484 ; gain = 0.000

Phase 2.2 Update Timing before SLR Path Opt
Phase 2.2 Update Timing before SLR Path Opt | Checksum: 19c41628f

Time (s): cpu = 00:00:10 ; elapsed = 00:00:06 . Memory (MB): peak = 1988.484 ; gain = 0.000

Phase 2.3 Post-Processing in Floorplanning
Phase 2.3 Post-Processing in Floorplanning | Checksum: 19c41628f

Time (s): cpu = 00:00:10 ; elapsed = 00:00:06 . Memory (MB): peak = 1988.484 ; gain = 0.000

Phase 2.4 Global Place Phase1
Phase 2.4 Global Place Phase1 | Checksum: 18b5dd7b0

Time (s): cpu = 00:00:16 ; elapsed = 00:00:09 . Memory (MB): peak = 1988.484 ; gain = 0.000

Phase 2.5 Global Place Phase2

Phase 2.5.1 UpdateTiming Before Physical Synthesis
Phase 2.5.1 UpdateTiming Before Physical Synthesis | Checksum: 18b5dd7b0

Time (s): cpu = 00:00:17 ; elapsed = 00:00:10 . Memory (MB): peak = 1988.484 ; gain = 0.000

Phase 2.5.2 Physical Synthesis In Placer
INFO: [Physopt 32-1035] Found 0 LUTNM shape to break, 154 LUT instances to create LUTNM shape
INFO: [Physopt 32-1044] Break lutnm for timing: one critical 0, two critical 0, total 0, new lutff created 0
INFO: [Physopt 32-1138] End 1 Pass. Optimized 74 nets or LUTs. Breaked 0 LUT, combined 74 existing LUTs and moved 0 existing LUT
INFO: [Physopt 32-65] No nets found for high-fanout optimization.
INFO: [Physopt 32-232] Optimized 0 net. Created 0 new instance.
INFO: [Physopt 32-775] End 1 Pass. Optimized 0 net or cell. Created 0 new cell, deleted 0 existing cell and moved 0 existing cell
INFO: [Physopt 32-670] No setup violation found.  DSP Register Optimization was not performed.
INFO: [Physopt 32-670] No setup violation found.  Shift Register to Pipeline Optimization was not performed.
INFO: [Physopt 32-670] No setup violation found.  Shift Register Optimization was not performed.
INFO: [Physopt 32-670] No setup violation found.  BRAM Register Optimization was not performed.
INFO: [Physopt 32-670] No setup violation found.  URAM Register Optimization was not performed.
INFO: [Physopt 32-949] No candidate nets found for dynamic/static region interface net replication
INFO: [Physopt 32-775] End 1 Pass. Optimized 0 net or cell. Created 0 new cell, deleted 0 existing cell and moved 0 existing cell
Netlist sorting complete. Time (s): cpu = 00:00:00 ; elapsed = 00:00:00.003 . Memory (MB): peak = 1988.484 ; gain = 0.000

Summary of Physical Synthesis Optimizations
============================================


-----------------------------------------------------------------------------------------------------------------------------------------------------------
|  Optimization                                     |  Added Cells  |  Removed Cells  |  Optimized Cells/Nets  |  Dont Touch  |  Iterations  |  Elapsed   |
-----------------------------------------------------------------------------------------------------------------------------------------------------------
|  LUT Combining                                    |            0  |             74  |                    74  |           0  |           1  |  00:00:00  |
|  Retime                                           |            0  |              0  |                     0  |           0  |           1  |  00:00:00  |
|  Very High Fanout                                 |            0  |              0  |                     0  |           0  |           1  |  00:00:00  |
|  DSP Register                                     |            0  |              0  |                     0  |           0  |           0  |  00:00:00  |
|  Shift Register to Pipeline                       |            0  |              0  |                     0  |           0  |           0  |  00:00:00  |
|  Shift Register                                   |            0  |              0  |                     0  |           0  |           0  |  00:00:00  |
|  BRAM Register                                    |            0  |              0  |                     0  |           0  |           0  |  00:00:00  |
|  URAM Register                                    |            0  |              0  |                     0  |           0  |           0  |  00:00:00  |
|  Dynamic/Static Region Interface Net Replication  |            0  |              0  |                     0  |           0  |           1  |  00:00:00  |
|  Total                                            |            0  |             74  |                    74  |           0  |           4  |  00:00:00  |
-----------------------------------------------------------------------------------------------------------------------------------------------------------


Phase 2.5.2 Physical Synthesis In Placer | Checksum: f99a6409

Time (s): cpu = 00:00:18 ; elapsed = 00:00:11 . Memory (MB): peak = 1988.484 ; gain = 0.000
Phase 2.5 Global Place Phase2 | Checksum: f2e1e65a

Time (s): cpu = 00:00:18 ; elapsed = 00:00:11 . Memory (MB): peak = 1988.484 ; gain = 0.000
Phase 2 Global Placement | Checksum: f2e1e65a

Time (s): cpu = 00:00:18 ; elapsed = 00:00:11 . Memory (MB): peak = 1988.484 ; gain = 0.000

Phase 3 Detail Placement

Phase 3.1 Commit Multi Column Macros
Phase 3.1 Commit Multi Column Macros | Checksum: 16e5d97bc

Time (s): cpu = 00:00:19 ; elapsed = 00:00:11 . Memory (MB): peak = 1988.484 ; gain = 0.000

Phase 3.2 Commit Most Macros & LUTRAMs
Phase 3.2 Commit Most Macros & LUTRAMs | Checksum: 1110f8467

Time (s): cpu = 00:00:20 ; elapsed = 00:00:12 . Memory (MB): peak = 1988.484 ; gain = 0.000

Phase 3.3 Area Swap Optimization
Phase 3.3 Area Swap Optimization | Checksum: 1798af9c4

Time (s): cpu = 00:00:20 ; elapsed = 00:00:12 . Memory (MB): peak = 1988.484 ; gain = 0.000

Phase 3.4 Pipeline Register Optimization
Phase 3.4 Pipeline Register Optimization | Checksum: 1844cf60e

Time (s): cpu = 00:00:20 ; elapsed = 00:00:12 . Memory (MB): peak = 1988.484 ; gain = 0.000

Phase 3.5 Small Shape Detail Placement
Phase 3.5 Small Shape Detail Placement | Checksum: 1c2ad1333

Time (s): cpu = 00:00:22 ; elapsed = 00:00:14 . Memory (MB): peak = 1988.484 ; gain = 0.000

Phase 3.6 Re-assign LUT pins
Phase 3.6 Re-assign LUT pins | Checksum: 19a75fbed

Time (s): cpu = 00:00:22 ; elapsed = 00:00:14 . Memory (MB): peak = 1988.484 ; gain = 0.000

Phase 3.7 Pipeline Register Optimization
Phase 3.7 Pipeline Register Optimization | Checksum: 1bb6bf0a8

Time (s): cpu = 00:00:22 ; elapsed = 00:00:14 . Memory (MB): peak = 1988.484 ; gain = 0.000
Phase 3 Detail Placement | Checksum: 1bb6bf0a8

Time (s): cpu = 00:00:22 ; elapsed = 00:00:14 . Memory (MB): peak = 1988.484 ; gain = 0.000

Phase 4 Post Placement Optimization and Clean-Up

Phase 4.1 Post Commit Optimization
INFO: [Timing 38-35] Done setting XDC timing constraints.

Phase 4.1.1 Post Placement Optimization
Post Placement Optimization Initialization | Checksum: 1f0bb02bf

Phase 4.1.1.1 BUFG Insertion

Starting Physical Synthesis Task

Phase 1 Physical Synthesis Initialization
INFO: [Physopt 32-721] Multithreading enabled for phys_opt_design using a maximum of 2 CPUs
INFO: [Physopt 32-619] Estimated Timing Summary | WNS=2.024 | TNS=0.000 |
Phase 1 Physical Synthesis Initialization | Checksum: 1de2d230a

Time (s): cpu = 00:00:00 ; elapsed = 00:00:00.101 . Memory (MB): peak = 1988.484 ; gain = 0.000
INFO: [Place 46-56] BUFG insertion identified 0 candidate nets. Inserted BUFG: 0, Replicated BUFG Driver: 0, Skipped due to Placement/Routing Conflicts: 0, Skipped due to Timing Degradation: 0, Skipped due to netlist editing failed: 0.
Ending Physical Synthesis Task | Checksum: 1d10e65b4

Time (s): cpu = 00:00:00 ; elapsed = 00:00:00.116 . Memory (MB): peak = 1988.484 ; gain = 0.000
Phase 4.1.1.1 BUFG Insertion | Checksum: 1f0bb02bf

Time (s): cpu = 00:00:25 ; elapsed = 00:00:16 . Memory (MB): peak = 1988.484 ; gain = 0.000

Phase 4.1.1.2 Post Placement Timing Optimization
INFO: [Place 30-746] Post Placement Timing Summary WNS=2.024. For the most accurate timing information please run report_timing.
Phase 4.1.1.2 Post Placement Timing Optimization | Checksum: 12f22f88f

Time (s): cpu = 00:00:25 ; elapsed = 00:00:16 . Memory (MB): peak = 1988.484 ; gain = 0.000

Time (s): cpu = 00:00:25 ; elapsed = 00:00:16 . Memory (MB): peak = 1988.484 ; gain = 0.000
Phase 4.1 Post Commit Optimization | Checksum: 12f22f88f

Time (s): cpu = 00:00:25 ; elapsed = 00:00:16 . Memory (MB): peak = 1988.484 ; gain = 0.000

Phase 4.2 Post Placement Cleanup
Phase 4.2 Post Placement Cleanup | Checksum: 12f22f88f

Time (s): cpu = 00:00:25 ; elapsed = 00:00:16 . Memory (MB): peak = 1988.484 ; gain = 0.000

Phase 4.3 Placer Reporting

Phase 4.3.1 Print Estimated Congestion
INFO: [Place 30-612] Post-Placement Estimated Congestion 
 ____________________________________________________
|           | Global Congestion | Short Congestion  |
| Direction | Region Size       | Region Size       |
|___________|___________________|___________________|
|      North|                1x1|                4x4|
|___________|___________________|___________________|
|      South|                1x1|                1x1|
|___________|___________________|___________________|
|       East|                1x1|                1x1|
|___________|___________________|___________________|
|       West|                1x1|                1x1|
|___________|___________________|___________________|

Phase 4.3.1 Print Estimated Congestion | Checksum: 12f22f88f

Time (s): cpu = 00:00:25 ; elapsed = 00:00:16 . Memory (MB): peak = 1988.484 ; gain = 0.000
Phase 4.3 Placer Reporting | Checksum: 12f22f88f

Time (s): cpu = 00:00:25 ; elapsed = 00:00:16 . Memory (MB): peak = 1988.484 ; gain = 0.000

Phase 4.4 Final Placement Cleanup
Netlist sorting complete. Time (s): cpu = 00:00:00 ; elapsed = 00:00:00.006 . Memory (MB): peak = 1988.484 ; gain = 0.000

Time (s): cpu = 00:00:25 ; elapsed = 00:00:16 . Memory (MB): peak = 1988.484 ; gain = 0.000
Phase 4 Post Placement Optimization and Clean-Up | Checksum: 16dfd2dad

Time (s): cpu = 00:00:25 ; elapsed = 00:00:16 . Memory (MB): peak = 1988.484 ; gain = 0.000
Ending Placer Task | Checksum: 134bb8a94

Time (s): cpu = 00:00:25 ; elapsed = 00:00:16 . Memory (MB): peak = 1988.484 ; gain = 0.000
70 Infos, 5 Warnings, 0 Critical Warnings and 0 Errors encountered.
place_design completed successfully
place_design: Time (s): cpu = 00:00:27 ; elapsed = 00:00:17 . Memory (MB): peak = 1988.484 ; gain = 0.000
INFO: [Vivado 12-24838] Running report commands "report_control_sets, report_io, report_utilization" in parallel.
Running report generation with 2 threads.
INFO: [Vivado 12-24828] Executing command : report_utilization -file bd_0_wrapper_utilization_placed.rpt -pb bd_0_wrapper_utilization_placed.pb
INFO: [Vivado 12-24828] Executing command : report_control_sets -verbose -file bd_0_wrapper_control_sets_placed.rpt
report_control_sets: Time (s): cpu = 00:00:00 ; elapsed = 00:00:00.019 . Memory (MB): peak = 1988.484 ; gain = 0.000
INFO: [Vivado 12-24828] Executing command : report_io -file bd_0_wrapper_io_placed.rpt
report_io: Time (s): cpu = 00:00:00 ; elapsed = 00:00:00.114 . Memory (MB): peak = 1988.484 ; gain = 0.000
INFO: [Timing 38-480] Writing timing data to binary archive.
Wrote PlaceDB: Time (s): cpu = 00:00:00 ; elapsed = 00:00:00 . Memory (MB): peak = 1988.484 ; gain = 0.000
Wrote PulsedLatchDB: Time (s): cpu = 00:00:00 ; elapsed = 00:00:00 . Memory (MB): peak = 1988.484 ; gain = 0.000
Writing XDEF routing.
Write ShapeDB Complete: Time (s): cpu = 00:00:00 ; elapsed = 00:00:00.020 . Memory (MB): peak = 1988.484 ; gain = 0.000
Writing XDEF routing logical nets.
Writing XDEF routing special nets.
Wrote RouteStorage: Time (s): cpu = 00:00:00 ; elapsed = 00:00:00.101 . Memory (MB): peak = 1988.484 ; gain = 0.000
Wrote PlaceStorage: Time (s): cpu = 00:00:01 ; elapsed = 00:00:00.335 . Memory (MB): peak = 1988.484 ; gain = 0.000
Wrote Netlist Cache: Time (s): cpu = 00:00:00 ; elapsed = 00:00:00.011 . Memory (MB): peak = 1988.484 ; gain = 0.000
Wrote Device Cache: Time (s): cpu = 00:00:00 ; elapsed = 00:00:00.016 . Memory (MB): peak = 1988.484 ; gain = 0.000
Write Physdb Complete: Time (s): cpu = 00:00:01 ; elapsed = 00:00:00.474 . Memory (MB): peak = 1988.484 ; gain = 0.000
INFO: [Common 17-1381] The checkpoint 'C:/Users/vempa/Documents/Projects/RADAR_Chirp_Engine/ChirpGenerator/ChirpGenerator/hls/impl/verilog/project.runs/impl_1/bd_0_wrapper_placed.dcp' has been generated.
Command: phys_opt_design
Attempting to get a license for feature 'Implementation' and/or device 'xc7z020'
INFO: [Common 17-349] Got license for feature 'Implementation' and/or device 'xc7z020'

Starting Initial Update Timing Task
WARNING: [Timing 38-242] The property HD.CLK_SRC of clock port "ap_clk" is not set. In out-of-context mode, this prevents timing estimation for clock delay/skew
Resolution: Set the HD.CLK_SRC property of the out-of-context port to the location of the clock buffer instance in the top-level design

Time (s): cpu = 00:00:02 ; elapsed = 00:00:00.948 . Memory (MB): peak = 1988.484 ; gain = 0.000
INFO: [Vivado_Tcl 4-2279] Estimated Timing Summary | WNS= 2.024 | TNS= 0.000 | 
INFO: [Vivado_Tcl 4-383] Design worst setup slack (WNS) is greater than or equal to 0.000 ns. All physical synthesis setup optimizations will be skipped.
INFO: [Vivado_Tcl 4-232] No setup violation found. The netlist was not modified.
INFO: [Common 17-83] Releasing license: Implementation
81 Infos, 6 Warnings, 0 Critical Warnings and 0 Errors encountered.
phys_opt_design completed successfully
INFO: [Timing 38-480] Writing timing data to binary archive.
Wrote PlaceDB: Time (s): cpu = 00:00:00 ; elapsed = 00:00:00 . Memory (MB): peak = 1988.484 ; gain = 0.000
Wrote PulsedLatchDB: Time (s): cpu = 00:00:00 ; elapsed = 00:00:00 . Memory (MB): peak = 1988.484 ; gain = 0.000
Writing XDEF routing.
Write ShapeDB Complete: Time (s): cpu = 00:00:00 ; elapsed = 00:00:00.021 . Memory (MB): peak = 1988.484 ; gain = 0.000
Writing XDEF routing logical nets.
Writing XDEF routing special nets.
Wrote RouteStorage: Time (s): cpu = 00:00:00 ; elapsed = 00:00:00.036 . Memory (MB): peak = 1988.484 ; gain = 0.000
Wrote PlaceStorage: Time (s): cpu = 00:00:01 ; elapsed = 00:00:00.264 . Memory (MB): peak = 1988.484 ; gain = 0.000
Wrote Netlist Cache: Time (s): cpu = 00:00:00 ; elapsed = 00:00:00.008 . Memory (MB): peak = 1988.484 ; gain = 0.000
Wrote Device Cache: Time (s): cpu = 00:00:00 ; elapsed = 00:00:00.014 . Memory (MB): peak = 1988.484 ; gain = 0.000
Write Physdb Complete: Time (s): cpu = 00:00:01 ; elapsed = 00:00:00.336 . Memory (MB): peak = 1988.484 ; gain = 0.000
INFO: [Common 17-1381] The checkpoint 'C:/Users/vempa/Documents/Projects/RADAR_Chirp_Engine/ChirpGenerator/ChirpGenerator/hls/impl/verilog/project.runs/impl_1/bd_0_wrapper_physopt.dcp' has been generated.
Command: route_design
Attempting to get a license for feature 'Implementation' and/or device 'xc7z020'
INFO: [Common 17-349] Got license for feature 'Implementation' and/or device 'xc7z020'


Starting Routing Task
INFO: [Route 35-254] Multithreading enabled for route_design using a maximum of 2 CPUs

Phase 1 Build RT Design
Checksum: PlaceDB: d7c17d03 ConstDB: 0 ShapeSum: 47009aa1 RouteDB: 15f972f0
WARNING: [Route 35-197] Clock port "ap_clk" does not have an associated HD.CLK_SRC. Without this constraint, timing analysis may not be accurate and upstream checks cannot be done to ensure correct clock placement.
WARNING: [Route 35-198] Port "ap_rst" does not have an associated HD.PARTPIN_LOCS, which will prevent the partial routing of the signal "ap_rst". Without this partial route, timing analysis to/from this port will not be accurate, and no routing information for this port can be exported.
WARNING: [Route 35-198] Port "ap_ctrl_start" does not have an associated HD.PARTPIN_LOCS, which will prevent the partial routing of the signal "ap_ctrl_start". Without this partial route, timing analysis to/from this port will not be accurate, and no routing information for this port can be exported.
WARNING: [Route 35-198] Port "fs[26]" does not have an associated HD.PARTPIN_LOCS, which will prevent the partial routing of the signal "fs[26]". Without this partial route, timing analysis to/from this port will not be accurate, and no routing information for this port can be exported.
WARNING: [Route 35-198] Port "fs[27]" does not have an associated HD.PARTPIN_LOCS, which will prevent the partial routing of the signal "fs[27]". Without this partial route, timing analysis to/from this port will not be accurate, and no routing information for this port can be exported.
WARNING: [Route 35-198] Port "fs[23]" does not have an associated HD.PARTPIN_LOCS, which will prevent the partial routing of the signal "fs[23]". Without this partial route, timing analysis to/from this port will not be accurate, and no routing information for this port can be exported.
WARNING: [Route 35-198] Port "fs[24]" does not have an associated HD.PARTPIN_LOCS, which will prevent the partial routing of the signal "fs[24]". Without this partial route, timing analysis to/from this port will not be accurate, and no routing information for this port can be exported.
WARNING: [Route 35-198] Port "fs[28]" does not have an associated HD.PARTPIN_LOCS, which will prevent the partial routing of the signal "fs[28]". Without this partial route, timing analysis to/from this port will not be accurate, and no routing information for this port can be exported.
WARNING: [Route 35-198] Port "fs[29]" does not have an associated HD.PARTPIN_LOCS, which will prevent the partial routing of the signal "fs[29]". Without this partial route, timing analysis to/from this port will not be accurate, and no routing information for this port can be exported.
WARNING: [Route 35-198] Port "fs[30]" does not have an associated HD.PARTPIN_LOCS, which will prevent the partial routing of the signal "fs[30]". Without this partial route, timing analysis to/from this port will not be accurate, and no routing information for this port can be exported.
WARNING: [Route 35-198] Port "f0[31]" does not have an associated HD.PARTPIN_LOCS, which will prevent the partial routing of the signal "f0[31]". Without this partial route, timing analysis to/from this port will not be accurate, and no routing information for this port can be exported.
WARNING: [Route 35-198] Port "fs[31]" does not have an associated HD.PARTPIN_LOCS, which will prevent the partial routing of the signal "fs[31]". Without this partial route, timing analysis to/from this port will not be accurate, and no routing information for this port can be exported.
WARNING: [Route 35-198] Port "f0[30]" does not have an associated HD.PARTPIN_LOCS, which will prevent the partial routing of the signal "f0[30]". Without this partial route, timing analysis to/from this port will not be accurate, and no routing information for this port can be exported.
WARNING: [Route 35-198] Port "f0[27]" does not have an associated HD.PARTPIN_LOCS, which will prevent the partial routing of the signal "f0[27]". Without this partial route, timing analysis to/from this port will not be accurate, and no routing information for this port can be exported.
WARNING: [Route 35-198] Port "fs[25]" does not have an associated HD.PARTPIN_LOCS, which will prevent the partial routing of the signal "fs[25]". Without this partial route, timing analysis to/from this port will not be accurate, and no routing information for this port can be exported.
WARNING: [Route 35-198] Port "f0[28]" does not have an associated HD.PARTPIN_LOCS, which will prevent the partial routing of the signal "f0[28]". Without this partial route, timing analysis to/from this port will not be accurate, and no routing information for this port can be exported.
WARNING: [Route 35-198] Port "f0[29]" does not have an associated HD.PARTPIN_LOCS, which will prevent the partial routing of the signal "f0[29]". Without this partial route, timing analysis to/from this port will not be accurate, and no routing information for this port can be exported.
WARNING: [Route 35-198] Port "f1[30]" does not have an associated HD.PARTPIN_LOCS, which will prevent the partial routing of the signal "f1[30]". Without this partial route, timing analysis to/from this port will not be accurate, and no routing information for this port can be exported.
WARNING: [Route 35-198] Port "f1[31]" does not have an associated HD.PARTPIN_LOCS, which will prevent the partial routing of the signal "f1[31]". Without this partial route, timing analysis to/from this port will not be accurate, and no routing information for this port can be exported.
WARNING: [Route 35-198] Port "f0[26]" does not have an associated HD.PARTPIN_LOCS, which will prevent the partial routing of the signal "f0[26]". Without this partial route, timing analysis to/from this port will not be accurate, and no routing information for this port can be exported.
WARNING: [Route 35-198] Port "f0[4]" does not have an associated HD.PARTPIN_LOCS, which will prevent the partial routing of the signal "f0[4]". Without this partial route, timing analysis to/from this port will not be accurate, and no routing information for this port can be exported.
WARNING: [Route 35-198] Port "f0[5]" does not have an associated HD.PARTPIN_LOCS, which will prevent the partial routing of the signal "f0[5]". Without this partial route, timing analysis to/from this port will not be accurate, and no routing information for this port can be exported.
WARNING: [Route 35-198] Port "f0[8]" does not have an associated HD.PARTPIN_LOCS, which will prevent the partial routing of the signal "f0[8]". Without this partial route, timing analysis to/from this port will not be accurate, and no routing information for this port can be exported.
WARNING: [Route 35-198] Port "f0[9]" does not have an associated HD.PARTPIN_LOCS, which will prevent the partial routing of the signal "f0[9]". Without this partial route, timing analysis to/from this port will not be accurate, and no routing information for this port can be exported.
WARNING: [Route 35-198] Port "f0[2]" does not have an associated HD.PARTPIN_LOCS, which will prevent the partial routing of the signal "f0[2]". Without this partial route, timing analysis to/from this port will not be accurate, and no routing information for this port can be exported.
WARNING: [Route 35-198] Port "f0[3]" does not have an associated HD.PARTPIN_LOCS, which will prevent the partial routing of the signal "f0[3]". Without this partial route, timing analysis to/from this port will not be accurate, and no routing information for this port can be exported.
WARNING: [Route 35-198] Port "f0[10]" does not have an associated HD.PARTPIN_LOCS, which will prevent the partial routing of the signal "f0[10]". Without this partial route, timing analysis to/from this port will not be accurate, and no routing information for this port can be exported.
WARNING: [Route 35-198] Port "f0[11]" does not have an associated HD.PARTPIN_LOCS, which will prevent the partial routing of the signal "f0[11]". Without this partial route, timing analysis to/from this port will not be accurate, and no routing information for this port can be exported.
WARNING: [Route 35-198] Port "f1[28]" does not have an associated HD.PARTPIN_LOCS, which will prevent the partial routing of the signal "f1[28]". Without this partial route, timing analysis to/from this port will not be accurate, and no routing information for this port can be exported.
WARNING: [Route 35-198] Port "f1[29]" does not have an associated HD.PARTPIN_LOCS, which will prevent the partial routing of the signal "f1[29]". Without this partial route, timing analysis to/from this port will not be accurate, and no routing information for this port can be exported.
WARNING: [Route 35-198] Port "f0[24]" does not have an associated HD.PARTPIN_LOCS, which will prevent the partial routing of the signal "f0[24]". Without this partial route, timing analysis to/from this port will not be accurate, and no routing information for this port can be exported.
WARNING: [Route 35-198] Port "f0[25]" does not have an associated HD.PARTPIN_LOCS, which will prevent the partial routing of the signal "f0[25]". Without this partial route, timing analysis to/from this port will not be accurate, and no routing information for this port can be exported.
WARNING: [Route 35-198] Port "fs[13]" does not have an associated HD.PARTPIN_LOCS, which will prevent the partial routing of the signal "fs[13]". Without this partial route, timing analysis to/from this port will not be accurate, and no routing information for this port can be exported.
WARNING: [Route 35-198] Port "fs[21]" does not have an associated HD.PARTPIN_LOCS, which will prevent the partial routing of the signal "fs[21]". Without this partial route, timing analysis to/from this port will not be accurate, and no routing information for this port can be exported.
WARNING: [Route 35-198] Port "fs[22]" does not have an associated HD.PARTPIN_LOCS, which will prevent the partial routing of the signal "fs[22]". Without this partial route, timing analysis to/from this port will not be accurate, and no routing information for this port can be exported.
WARNING: [Route 35-198] Port "f0[22]" does not have an associated HD.PARTPIN_LOCS, which will prevent the partial routing of the signal "f0[22]". Without this partial route, timing analysis to/from this port will not be accurate, and no routing information for this port can be exported.
WARNING: [Route 35-198] Port "f0[23]" does not have an associated HD.PARTPIN_LOCS, which will prevent the partial routing of the signal "f0[23]". Without this partial route, timing analysis to/from this port will not be accurate, and no routing information for this port can be exported.
WARNING: [Route 35-198] Port "f0[12]" does not have an associated HD.PARTPIN_LOCS, which will prevent the partial routing of the signal "f0[12]". Without this partial route, timing analysis to/from this port will not be accurate, and no routing information for this port can be exported.
WARNING: [Route 35-198] Port "f0[13]" does not have an associated HD.PARTPIN_LOCS, which will prevent the partial routing of the signal "f0[13]". Without this partial route, timing analysis to/from this port will not be accurate, and no routing information for this port can be exported.
WARNING: [Route 35-198] Port "f0[16]" does not have an associated HD.PARTPIN_LOCS, which will prevent the partial routing of the signal "f0[16]". Without this partial route, timing analysis to/from this port will not be accurate, and no routing information for this port can be exported.
WARNING: [Route 35-198] Port "f0[17]" does not have an associated HD.PARTPIN_LOCS, which will prevent the partial routing of the signal "f0[17]". Without this partial route, timing analysis to/from this port will not be accurate, and no routing information for this port can be exported.
WARNING: [Route 35-198] Port "f0[18]" does not have an associated HD.PARTPIN_LOCS, which will prevent the partial routing of the signal "f0[18]". Without this partial route, timing analysis to/from this port will not be accurate, and no routing information for this port can be exported.
WARNING: [Route 35-198] Port "f0[19]" does not have an associated HD.PARTPIN_LOCS, which will prevent the partial routing of the signal "f0[19]". Without this partial route, timing analysis to/from this port will not be accurate, and no routing information for this port can be exported.
WARNING: [Route 35-198] Port "fs[20]" does not have an associated HD.PARTPIN_LOCS, which will prevent the partial routing of the signal "fs[20]". Without this partial route, timing analysis to/from this port will not be accurate, and no routing information for this port can be exported.
WARNING: [Route 35-198] Port "f1[6]" does not have an associated HD.PARTPIN_LOCS, which will prevent the partial routing of the signal "f1[6]". Without this partial route, timing analysis to/from this port will not be accurate, and no routing information for this port can be exported.
WARNING: [Route 35-198] Port "f1[7]" does not have an associated HD.PARTPIN_LOCS, which will prevent the partial routing of the signal "f1[7]". Without this partial route, timing analysis to/from this port will not be accurate, and no routing information for this port can be exported.
WARNING: [Route 35-198] Port "f0[0]" does not have an associated HD.PARTPIN_LOCS, which will prevent the partial routing of the signal "f0[0]". Without this partial route, timing analysis to/from this port will not be accurate, and no routing information for this port can be exported.
WARNING: [Route 35-198] Port "f0[1]" does not have an associated HD.PARTPIN_LOCS, which will prevent the partial routing of the signal "f0[1]". Without this partial route, timing analysis to/from this port will not be accurate, and no routing information for this port can be exported.
WARNING: [Route 35-198] Port "f0[6]" does not have an associated HD.PARTPIN_LOCS, which will prevent the partial routing of the signal "f0[6]". Without this partial route, timing analysis to/from this port will not be accurate, and no routing information for this port can be exported.
WARNING: [Route 35-198] Port "f0[7]" does not have an associated HD.PARTPIN_LOCS, which will prevent the partial routing of the signal "f0[7]". Without this partial route, timing analysis to/from this port will not be accurate, and no routing information for this port can be exported.
WARNING: [Route 35-198] Port "f1[8]" does not have an associated HD.PARTPIN_LOCS, which will prevent the partial routing of the signal "f1[8]". Without this partial route, timing analysis to/from this port will not be accurate, and no routing information for this port can be exported.
WARNING: [Route 35-198] Port "f1[9]" does not have an associated HD.PARTPIN_LOCS, which will prevent the partial routing of the signal "f1[9]". Without this partial route, timing analysis to/from this port will not be accurate, and no routing information for this port can be exported.
WARNING: [Route 35-198] Port "f0[20]" does not have an associated HD.PARTPIN_LOCS, which will prevent the partial routing of the signal "f0[20]". Without this partial route, timing analysis to/from this port will not be accurate, and no routing information for this port can be exported.
WARNING: [Route 35-198] Port "f0[21]" does not have an associated HD.PARTPIN_LOCS, which will prevent the partial routing of the signal "f0[21]". Without this partial route, timing analysis to/from this port will not be accurate, and no routing information for this port can be exported.
WARNING: [Route 35-198] Port "f1[26]" does not have an associated HD.PARTPIN_LOCS, which will prevent the partial routing of the signal "f1[26]". Without this partial route, timing analysis to/from this port will not be accurate, and no routing information for this port can be exported.
WARNING: [Route 35-198] Port "f1[27]" does not have an associated HD.PARTPIN_LOCS, which will prevent the partial routing of the signal "f1[27]". Without this partial route, timing analysis to/from this port will not be accurate, and no routing information for this port can be exported.
WARNING: [Route 35-198] Port "fs[3]" does not have an associated HD.PARTPIN_LOCS, which will prevent the partial routing of the signal "fs[3]". Without this partial route, timing analysis to/from this port will not be accurate, and no routing information for this port can be exported.
WARNING: [Route 35-198] Port "fs[7]" does not have an associated HD.PARTPIN_LOCS, which will prevent the partial routing of the signal "fs[7]". Without this partial route, timing analysis to/from this port will not be accurate, and no routing information for this port can be exported.
WARNING: [Route 35-198] Port "fs[10]" does not have an associated HD.PARTPIN_LOCS, which will prevent the partial routing of the signal "fs[10]". Without this partial route, timing analysis to/from this port will not be accurate, and no routing information for this port can be exported.
WARNING: [Route 35-198] Port "fs[9]" does not have an associated HD.PARTPIN_LOCS, which will prevent the partial routing of the signal "fs[9]". Without this partial route, timing analysis to/from this port will not be accurate, and no routing information for this port can be exported.
WARNING: [Route 35-198] Port "fs[14]" does not have an associated HD.PARTPIN_LOCS, which will prevent the partial routing of the signal "fs[14]". Without this partial route, timing analysis to/from this port will not be accurate, and no routing information for this port can be exported.
WARNING: [Route 35-198] Port "fs[15]" does not have an associated HD.PARTPIN_LOCS, which will prevent the partial routing of the signal "fs[15]". Without this partial route, timing analysis to/from this port will not be accurate, and no routing information for this port can be exported.
WARNING: [Route 35-198] Port "fs[18]" does not have an associated HD.PARTPIN_LOCS, which will prevent the partial routing of the signal "fs[18]". Without this partial route, timing analysis to/from this port will not be accurate, and no routing information for this port can be exported.
WARNING: [Route 35-198] Port "f1[12]" does not have an associated HD.PARTPIN_LOCS, which will prevent the partial routing of the signal "f1[12]". Without this partial route, timing analysis to/from this port will not be accurate, and no routing information for this port can be exported.
WARNING: [Route 35-198] Port "f1[13]" does not have an associated HD.PARTPIN_LOCS, which will prevent the partial routing of the signal "f1[13]". Without this partial route, timing analysis to/from this port will not be accurate, and no routing information for this port can be exported.
WARNING: [Route 35-198] Port "f0[14]" does not have an associated HD.PARTPIN_LOCS, which will prevent the partial routing of the signal "f0[14]". Without this partial route, timing analysis to/from this port will not be accurate, and no routing information for this port can be exported.
WARNING: [Route 35-198] Port "f0[15]" does not have an associated HD.PARTPIN_LOCS, which will prevent the partial routing of the signal "f0[15]". Without this partial route, timing analysis to/from this port will not be accurate, and no routing information for this port can be exported.
WARNING: [Route 35-198] Port "f1[10]" does not have an associated HD.PARTPIN_LOCS, which will prevent the partial routing of the signal "f1[10]". Without this partial route, timing analysis to/from this port will not be accurate, and no routing information for this port can be exported.
WARNING: [Route 35-198] Port "f1[11]" does not have an associated HD.PARTPIN_LOCS, which will prevent the partial routing of the signal "f1[11]". Without this partial route, timing analysis to/from this port will not be accurate, and no routing information for this port can be exported.
WARNING: [Route 35-198] Port "f1[22]" does not have an associated HD.PARTPIN_LOCS, which will prevent the partial routing of the signal "f1[22]". Without this partial route, timing analysis to/from this port will not be accurate, and no routing information for this port can be exported.
WARNING: [Route 35-198] Port "f1[23]" does not have an associated HD.PARTPIN_LOCS, which will prevent the partial routing of the signal "f1[23]". Without this partial route, timing analysis to/from this port will not be accurate, and no routing information for this port can be exported.
WARNING: [Route 35-198] Port "f1[24]" does not have an associated HD.PARTPIN_LOCS, which will prevent the partial routing of the signal "f1[24]". Without this partial route, timing analysis to/from this port will not be accurate, and no routing information for this port can be exported.
WARNING: [Route 35-198] Port "f1[25]" does not have an associated HD.PARTPIN_LOCS, which will prevent the partial routing of the signal "f1[25]". Without this partial route, timing analysis to/from this port will not be accurate, and no routing information for this port can be exported.
WARNING: [Route 35-198] Port "fs[17]" does not have an associated HD.PARTPIN_LOCS, which will prevent the partial routing of the signal "fs[17]". Without this partial route, timing analysis to/from this port will not be accurate, and no routing information for this port can be exported.
WARNING: [Route 35-198] Port "fs[19]" does not have an associated HD.PARTPIN_LOCS, which will prevent the partial routing of the signal "fs[19]". Without this partial route, timing analysis to/from this port will not be accurate, and no routing information for this port can be exported.
WARNING: [Route 35-198] Port "fs[2]" does not have an associated HD.PARTPIN_LOCS, which will prevent the partial routing of the signal "fs[2]". Without this partial route, timing analysis to/from this port will not be accurate, and no routing information for this port can be exported.
WARNING: [Route 35-198] Port "fs[16]" does not have an associated HD.PARTPIN_LOCS, which will prevent the partial routing of the signal "fs[16]". Without this partial route, timing analysis to/from this port will not be accurate, and no routing information for this port can be exported.
WARNING: [Route 35-198] Port "fs[1]" does not have an associated HD.PARTPIN_LOCS, which will prevent the partial routing of the signal "fs[1]". Without this partial route, timing analysis to/from this port will not be accurate, and no routing information for this port can be exported.
WARNING: [Route 35-198] Port "fs[8]" does not have an associated HD.PARTPIN_LOCS, which will prevent the partial routing of the signal "fs[8]". Without this partial route, timing analysis to/from this port will not be accurate, and no routing information for this port can be exported.
WARNING: [Route 35-198] Port "fs[0]" does not have an associated HD.PARTPIN_LOCS, which will prevent the partial routing of the signal "fs[0]". Without this partial route, timing analysis to/from this port will not be accurate, and no routing information for this port can be exported.
WARNING: [Route 35-198] Port "fs[6]" does not have an associated HD.PARTPIN_LOCS, which will prevent the partial routing of the signal "fs[6]". Without this partial route, timing analysis to/from this port will not be accurate, and no routing information for this port can be exported.
WARNING: [Route 35-198] Port "f1[2]" does not have an associated HD.PARTPIN_LOCS, which will prevent the partial routing of the signal "f1[2]". Without this partial route, timing analysis to/from this port will not be accurate, and no routing information for this port can be exported.
WARNING: [Route 35-198] Port "f1[3]" does not have an associated HD.PARTPIN_LOCS, which will prevent the partial routing of the signal "f1[3]". Without this partial route, timing analysis to/from this port will not be accurate, and no routing information for this port can be exported.
WARNING: [Route 35-198] Port "f1[4]" does not have an associated HD.PARTPIN_LOCS, which will prevent the partial routing of the signal "f1[4]". Without this partial route, timing analysis to/from this port will not be accurate, and no routing information for this port can be exported.
WARNING: [Route 35-198] Port "f1[5]" does not have an associated HD.PARTPIN_LOCS, which will prevent the partial routing of the signal "f1[5]". Without this partial route, timing analysis to/from this port will not be accurate, and no routing information for this port can be exported.
WARNING: [Route 35-198] Port "f1[20]" does not have an associated HD.PARTPIN_LOCS, which will prevent the partial routing of the signal "f1[20]". Without this partial route, timing analysis to/from this port will not be accurate, and no routing information for this port can be exported.
WARNING: [Route 35-198] Port "f1[21]" does not have an associated HD.PARTPIN_LOCS, which will prevent the partial routing of the signal "f1[21]". Without this partial route, timing analysis to/from this port will not be accurate, and no routing information for this port can be exported.
WARNING: [Route 35-198] Port "fs[12]" does not have an associated HD.PARTPIN_LOCS, which will prevent the partial routing of the signal "fs[12]". Without this partial route, timing analysis to/from this port will not be accurate, and no routing information for this port can be exported.
WARNING: [Route 35-198] Port "fs[4]" does not have an associated HD.PARTPIN_LOCS, which will prevent the partial routing of the signal "fs[4]". Without this partial route, timing analysis to/from this port will not be accurate, and no routing information for this port can be exported.
WARNING: [Route 35-198] Port "fs[11]" does not have an associated HD.PARTPIN_LOCS, which will prevent the partial routing of the signal "fs[11]". Without this partial route, timing analysis to/from this port will not be accurate, and no routing information for this port can be exported.
WARNING: [Route 35-198] Port "fs[5]" does not have an associated HD.PARTPIN_LOCS, which will prevent the partial routing of the signal "fs[5]". Without this partial route, timing analysis to/from this port will not be accurate, and no routing information for this port can be exported.
WARNING: [Route 35-198] Port "f1[18]" does not have an associated HD.PARTPIN_LOCS, which will prevent the partial routing of the signal "f1[18]". Without this partial route, timing analysis to/from this port will not be accurate, and no routing information for this port can be exported.
WARNING: [Route 35-198] Port "f1[19]" does not have an associated HD.PARTPIN_LOCS, which will prevent the partial routing of the signal "f1[19]". Without this partial route, timing analysis to/from this port will not be accurate, and no routing information for this port can be exported.
WARNING: [Route 35-198] Port "f1[0]" does not have an associated HD.PARTPIN_LOCS, which will prevent the partial routing of the signal "f1[0]". Without this partial route, timing analysis to/from this port will not be accurate, and no routing information for this port can be exported.
WARNING: [Route 35-198] Port "f1[16]" does not have an associated HD.PARTPIN_LOCS, which will prevent the partial routing of the signal "f1[16]". Without this partial route, timing analysis to/from this port will not be accurate, and no routing information for this port can be exported.
WARNING: [Route 35-198] Port "f1[17]" does not have an associated HD.PARTPIN_LOCS, which will prevent the partial routing of the signal "f1[17]". Without this partial route, timing analysis to/from this port will not be accurate, and no routing information for this port can be exported.
WARNING: [Route 35-198] Port "f1[1]" does not have an associated HD.PARTPIN_LOCS, which will prevent the partial routing of the signal "f1[1]". Without this partial route, timing analysis to/from this port will not be accurate, and no routing information for this port can be exported.
WARNING: [Route 35-198] Port "f1[14]" does not have an associated HD.PARTPIN_LOCS, which will prevent the partial routing of the signal "f1[14]". Without this partial route, timing analysis to/from this port will not be accurate, and no routing information for this port can be exported.
WARNING: [Route 35-198] Port "f1[15]" does not have an associated HD.PARTPIN_LOCS, which will prevent the partial routing of the signal "f1[15]". Without this partial route, timing analysis to/from this port will not be accurate, and no routing information for this port can be exported.
WARNING: [Constraints 18-8777] Unable to split tiles. All required files are not available.
Post Restoration Checksum: NetGraph: c95fdc2a | NumContArr: 797ff217 | Constraints: c2a8fa9d | Timing: c2a8fa9d
Phase 1 Build RT Design | Checksum: 2c831c37b

Time (s): cpu = 00:00:26 ; elapsed = 00:00:22 . Memory (MB): peak = 1988.484 ; gain = 0.000

Phase 2 Router Initialization

Phase 2.1 Fix Topology Constraints
Phase 2.1 Fix Topology Constraints | Checksum: 2c831c37b

Time (s): cpu = 00:00:26 ; elapsed = 00:00:22 . Memory (MB): peak = 1988.484 ; gain = 0.000

Phase 2.2 Pre Route Cleanup
Phase 2.2 Pre Route Cleanup | Checksum: 2c831c37b

Time (s): cpu = 00:00:26 ; elapsed = 00:00:22 . Memory (MB): peak = 1988.484 ; gain = 0.000
 Number of Nodes with overlaps = 0

Phase 2.3 Update Timing
Phase 2.3 Update Timing | Checksum: 2d59007d7

Time (s): cpu = 00:00:29 ; elapsed = 00:00:24 . Memory (MB): peak = 1988.484 ; gain = 0.000
INFO: [Route 35-416] Intermediate Timing Summary | WNS=2.042  | TNS=0.000  | WHS=0.058  | THS=0.000  |


Phase 2.4 Soft Constraint Pins - Fast Budgeting
Phase 2.4 Soft Constraint Pins - Fast Budgeting | Checksum: 2965335c1

Time (s): cpu = 00:00:30 ; elapsed = 00:00:24 . Memory (MB): peak = 1988.484 ; gain = 0.000

Router Utilization Summary
  Global Vertical Routing Utilization    = 0 %
  Global Horizontal Routing Utilization  = 0 %
  Routable Net Status*
  *Does not include unroutable nets such as driverless and loadless.
  Run report_route_status for detailed report.
  Number of Failed Nets               = 6630
    (Failed Nets is the sum of unrouted and partially routed nets)
  Number of Unrouted Nets             = 6629
  Number of Partially Routed Nets     = 1
  Number of Node Overlaps             = 0

Phase 2 Router Initialization | Checksum: 2965335c1

Time (s): cpu = 00:00:30 ; elapsed = 00:00:24 . Memory (MB): peak = 1988.484 ; gain = 0.000

Phase 3 Global Routing
Phase 3 Global Routing | Checksum: 2965335c1

Time (s): cpu = 00:00:30 ; elapsed = 00:00:25 . Memory (MB): peak = 1988.484 ; gain = 0.000

Phase 4 Initial Routing

Phase 4.1 Initial Net Routing Pass
Phase 4.1 Initial Net Routing Pass | Checksum: 1d9c042b4

Time (s): cpu = 00:00:31 ; elapsed = 00:00:25 . Memory (MB): peak = 1988.484 ; gain = 0.000
Phase 4 Initial Routing | Checksum: 1d9c042b4

Time (s): cpu = 00:00:31 ; elapsed = 00:00:25 . Memory (MB): peak = 1988.484 ; gain = 0.000

Phase 5 Rip-up And Reroute

Phase 5.1 Global Iteration 0
 Number of Nodes with overlaps = 328
 Number of Nodes with overlaps = 10
 Number of Nodes with overlaps = 1
 Number of Nodes with overlaps = 0
INFO: [Route 35-416] Intermediate Timing Summary | WNS=1.610  | TNS=0.000  | WHS=N/A    | THS=N/A    |

Phase 5.1 Global Iteration 0 | Checksum: 2f8b57702

Time (s): cpu = 00:00:33 ; elapsed = 00:00:26 . Memory (MB): peak = 1988.484 ; gain = 0.000
Phase 5 Rip-up And Reroute | Checksum: 2f8b57702

Time (s): cpu = 00:00:33 ; elapsed = 00:00:26 . Memory (MB): peak = 1988.484 ; gain = 0.000

Phase 6 Delay and Skew Optimization

Phase 6.1 Delay CleanUp
Phase 6.1 Delay CleanUp | Checksum: 2f8b57702

Time (s): cpu = 00:00:33 ; elapsed = 00:00:26 . Memory (MB): peak = 1988.484 ; gain = 0.000

Phase 6.2 Clock Skew Optimization
Phase 6.2 Clock Skew Optimization | Checksum: 2f8b57702

Time (s): cpu = 00:00:33 ; elapsed = 00:00:26 . Memory (MB): peak = 1988.484 ; gain = 0.000
Phase 6 Delay and Skew Optimization | Checksum: 2f8b57702

Time (s): cpu = 00:00:33 ; elapsed = 00:00:26 . Memory (MB): peak = 1988.484 ; gain = 0.000

Phase 7 Post Hold Fix

Phase 7.1 Hold Fix Iter
INFO: [Route 35-416] Intermediate Timing Summary | WNS=1.610  | TNS=0.000  | WHS=0.057  | THS=0.000  |

Phase 7.1 Hold Fix Iter | Checksum: 2c8674d8d

Time (s): cpu = 00:00:33 ; elapsed = 00:00:27 . Memory (MB): peak = 1988.484 ; gain = 0.000
Phase 7 Post Hold Fix | Checksum: 2c8674d8d

Time (s): cpu = 00:00:34 ; elapsed = 00:00:27 . Memory (MB): peak = 1988.484 ; gain = 0.000

Phase 8 Route finalize

Router Utilization Summary
  Global Vertical Routing Utilization    = 0.816972 %
  Global Horizontal Routing Utilization  = 1.08612 %
  Routable Net Status*
  *Does not include unroutable nets such as driverless and loadless.
  Run report_route_status for detailed report.
  Number of Failed Nets               = 0
    (Failed Nets is the sum of unrouted and partially routed nets)
  Number of Unrouted Nets             = 0
  Number of Partially Routed Nets     = 0
  Number of Node Overlaps             = 0

Phase 8 Route finalize | Checksum: 2c8674d8d

Time (s): cpu = 00:00:34 ; elapsed = 00:00:27 . Memory (MB): peak = 1988.484 ; gain = 0.000

Phase 9 Verifying routed nets

 Verification completed successfully
Phase 9 Verifying routed nets | Checksum: 2c8674d8d

Time (s): cpu = 00:00:34 ; elapsed = 00:00:27 . Memory (MB): peak = 1988.484 ; gain = 0.000

Phase 10 Depositing Routes
Phase 10 Depositing Routes | Checksum: 26b6fbd3c

Time (s): cpu = 00:00:34 ; elapsed = 00:00:27 . Memory (MB): peak = 1988.484 ; gain = 0.000

Phase 11 Post Process Routing
Phase 11 Post Process Routing | Checksum: 26b6fbd3c

Time (s): cpu = 00:00:34 ; elapsed = 00:00:27 . Memory (MB): peak = 1988.484 ; gain = 0.000

Phase 12 Post Router Timing
INFO: [Route 35-57] Estimated Timing Summary | WNS=1.610  | TNS=0.000  | WHS=0.057  | THS=0.000  |

INFO: [Route 35-327] The final timing numbers are based on the router estimated timing analysis. For a complete and accurate timing signoff, please run report_timing_summary.
Phase 12 Post Router Timing | Checksum: 26b6fbd3c

Time (s): cpu = 00:00:34 ; elapsed = 00:00:27 . Memory (MB): peak = 1988.484 ; gain = 0.000
Total Elapsed time in route_design: 27.282 secs

Phase 13 Post-Route Event Processing
Phase 13 Post-Route Event Processing | Checksum: 1d2a6963b

Time (s): cpu = 00:00:34 ; elapsed = 00:00:27 . Memory (MB): peak = 1988.484 ; gain = 0.000
INFO: [Route 35-16] Router Completed Successfully
Ending Routing Task | Checksum: 1d2a6963b

Time (s): cpu = 00:00:34 ; elapsed = 00:00:27 . Memory (MB): peak = 1988.484 ; gain = 0.000

Routing Is Done.
INFO: [Common 17-83] Releasing license: Implementation
92 Infos, 106 Warnings, 0 Critical Warnings and 0 Errors encountered.
route_design completed successfully
route_design: Time (s): cpu = 00:00:34 ; elapsed = 00:00:27 . Memory (MB): peak = 1988.484 ; gain = 0.000
INFO: [Vivado 12-24828] Executing command : report_drc -file bd_0_wrapper_drc_routed.rpt -pb bd_0_wrapper_drc_routed.pb -rpx bd_0_wrapper_drc_routed.rpx
Command: report_drc -file bd_0_wrapper_drc_routed.rpt -pb bd_0_wrapper_drc_routed.pb -rpx bd_0_wrapper_drc_routed.rpx
INFO: [IP_Flow 19-1839] IP Catalog is up to date.
INFO: [DRC 23-27] Running DRC with 2 threads
WARNING: [DRC 23-814] Not all possible (connectivity based) DRCs may have been run because this design is seen as Out of Context.
INFO: [Vivado_Tcl 2-168] The results of DRC are in file C:/Users/vempa/Documents/Projects/RADAR_Chirp_Engine/ChirpGenerator/ChirpGenerator/hls/impl/verilog/project.runs/impl_1/bd_0_wrapper_drc_routed.rpt.
report_drc completed successfully
INFO: [Vivado 12-24828] Executing command : report_methodology -file bd_0_wrapper_methodology_drc_routed.rpt -pb bd_0_wrapper_methodology_drc_routed.pb -rpx bd_0_wrapper_methodology_drc_routed.rpx
Command: report_methodology -file bd_0_wrapper_methodology_drc_routed.rpt -pb bd_0_wrapper_methodology_drc_routed.pb -rpx bd_0_wrapper_methodology_drc_routed.rpx
INFO: [Timing 38-35] Done setting XDC timing constraints.
WARNING: [Timing 38-242] The property HD.CLK_SRC of clock port "ap_clk" is not set. In out-of-context mode, this prevents timing estimation for clock delay/skew
Resolution: Set the HD.CLK_SRC property of the out-of-context port to the location of the clock buffer instance in the top-level design
INFO: [DRC 23-133] Running Methodology with 2 threads
WARNING: [DRC 23-814] Not all possible (connectivity based) DRCs may have been run because this design is seen as Out of Context.
INFO: [Vivado_Tcl 2-1520] The results of Report Methodology are in file C:/Users/vempa/Documents/Projects/RADAR_Chirp_Engine/ChirpGenerator/ChirpGenerator/hls/impl/verilog/project.runs/impl_1/bd_0_wrapper_methodology_drc_routed.rpt.
report_methodology completed successfully
INFO: [Vivado 12-24828] Executing command : report_timing_summary -max_paths 10 -routable_nets -report_unconstrained -file bd_0_wrapper_timing_summary_routed.rpt -pb bd_0_wrapper_timing_summary_routed.pb -rpx bd_0_wrapper_timing_summary_routed.rpx -warn_on_violation 
INFO: [Timing 38-35] Done setting XDC timing constraints.
INFO: [Timing 38-91] UpdateTimingParams: Speed grade: -1, Delay Type: min_max.
INFO: [Timing 38-191] Multithreading enabled for timing update using a maximum of 2 CPUs
INFO: [Vivado 12-24838] Running report commands "report_incremental_reuse, report_route_status" in parallel.
Running report generation with 2 threads.
INFO: [Vivado 12-24828] Executing command : report_incremental_reuse -file bd_0_wrapper_incremental_reuse_routed.rpt
INFO: [Vivado_Tcl 4-1062] Incremental flow is disabled. No incremental reuse Info to report.
INFO: [Vivado 12-24828] Executing command : report_route_status -file bd_0_wrapper_route_status.rpt -pb bd_0_wrapper_route_status.pb
INFO: [Vivado 12-24828] Executing command : report_power -file bd_0_wrapper_power_routed.rpt -pb bd_0_wrapper_power_summary_routed.pb -rpx bd_0_wrapper_power_routed.rpx
Command: report_power -file bd_0_wrapper_power_routed.rpt -pb bd_0_wrapper_power_summary_routed.pb -rpx bd_0_wrapper_power_routed.rpx
Running Vector-less Activity Propagation...

Finished Running Vector-less Activity Propagation
109 Infos, 109 Warnings, 0 Critical Warnings and 0 Errors encountered.
report_power completed successfully
INFO: [Vivado 12-24828] Executing command : report_clock_utilization -file bd_0_wrapper_clock_utilization_routed.rpt
INFO: [Vivado 12-24828] Executing command : report_bus_skew -warn_on_violation -file bd_0_wrapper_bus_skew_routed.rpt -pb bd_0_wrapper_bus_skew_routed.pb -rpx bd_0_wrapper_bus_skew_routed.rpx
INFO: [Timing 38-91] UpdateTimingParams: Speed grade: -1, Delay Type: min_max.
INFO: [Timing 38-191] Multithreading enabled for timing update using a maximum of 2 CPUs
generate_parallel_reports: Time (s): cpu = 00:00:11 ; elapsed = 00:00:07 . Memory (MB): peak = 1988.484 ; gain = 0.000
INFO: [Timing 38-480] Writing timing data to binary archive.
Wrote PlaceDB: Time (s): cpu = 00:00:00 ; elapsed = 00:00:00 . Memory (MB): peak = 1988.484 ; gain = 0.000
Wrote PulsedLatchDB: Time (s): cpu = 00:00:00 ; elapsed = 00:00:00 . Memory (MB): peak = 1988.484 ; gain = 0.000
Writing XDEF routing.
Write ShapeDB Complete: Time (s): cpu = 00:00:00 ; elapsed = 00:00:00.021 . Memory (MB): peak = 1988.484 ; gain = 0.000
Writing XDEF routing logical nets.
Writing XDEF routing special nets.
Wrote RouteStorage: Time (s): cpu = 00:00:00 ; elapsed = 00:00:00.092 . Memory (MB): peak = 1988.484 ; gain = 0.000
Wrote PlaceStorage: Time (s): cpu = 00:00:01 ; elapsed = 00:00:00.233 . Memory (MB): peak = 1988.484 ; gain = 0.000
Wrote Netlist Cache: Time (s): cpu = 00:00:00 ; elapsed = 00:00:00.008 . Memory (MB): peak = 1988.484 ; gain = 0.000
Wrote Device Cache: Time (s): cpu = 00:00:00 ; elapsed = 00:00:00.014 . Memory (MB): peak = 1988.484 ; gain = 0.000
Write Physdb Complete: Time (s): cpu = 00:00:01 ; elapsed = 00:00:00.360 . Memory (MB): peak = 1988.484 ; gain = 0.000
INFO: [Common 17-1381] The checkpoint 'C:/Users/vempa/Documents/Projects/RADAR_Chirp_Engine/ChirpGenerator/ChirpGenerator/hls/impl/verilog/project.runs/impl_1/bd_0_wrapper_routed.dcp' has been generated.
INFO: [Common 17-206] Exiting Vivado at Wed Aug 19 11:12:37 2026...
