  **** HLS Build v2025.2 6295257
INFO: [HLS 200-2005] Using work_dir C:/Users/vempa/Documents/Projects/RADAR_Chirp_Engine/ChirpGenerator/ChirpGenerator 
INFO: [HLS 200-2176] Writing Vitis IDE component file C:/Users/vempa/Documents/Projects/RADAR_Chirp_Engine/ChirpGenerator/ChirpGenerator/vitis-comp.json
INFO: [HLS 200-10] Creating and opening component 'C:/Users/vempa/Documents/Projects/RADAR_Chirp_Engine/ChirpGenerator/ChirpGenerator'.
INFO: [HLS 200-1505] Using default flow_target 'vivado'
Resolution: For help on HLS 200-1505 see docs.amd.com/access/sources/dita/topic?Doc_Version=2025.2%20English&url=ug1448-hls-guidance&resourceid=200-1505.html
INFO: [HLS 200-2174] Applying component config ini file hls_config.cfg
INFO: [HLS 200-1465] Applying config ini 'syn.file=chirp.cpp' from hls_config.cfg(7)
INFO: [HLS 200-10] Adding design file 'C:/Users/vempa/Documents/Projects/RADAR_Chirp_Engine/ChirpGenerator/chirp.cpp' to the project
INFO: [HLS 200-1465] Applying config ini 'syn.file=chirp.h' from hls_config.cfg(8)
INFO: [HLS 200-10] Adding design file 'C:/Users/vempa/Documents/Projects/RADAR_Chirp_Engine/ChirpGenerator/chirp.h' to the project
INFO: [HLS 200-1465] Applying config ini 'tb.file=chirp_tb.cpp' from hls_config.cfg(9)
INFO: [HLS 200-10] Adding test bench file 'C:/Users/vempa/Documents/Projects/RADAR_Chirp_Engine/ChirpGenerator/chirp_tb.cpp' to the project
INFO: [HLS 200-1465] Applying config ini 'flow_target=vivado' from hls_config.cfg(4)
INFO: [HLS 200-1505] Using flow_target 'vivado'
Resolution: For help on HLS 200-1505 see docs.amd.com/access/sources/dita/topic?Doc_Version=2025.2%20English&url=ug1448-hls-guidance&resourceid=200-1505.html
INFO: [HLS 200-1465] Applying config ini 'part=xc7z020clg484-1' from hls_config.cfg(1)
INFO: [HLS 200-1611] Setting target device to 'xc7z020-clg484-1'
INFO: [HLS 200-1465] Applying config ini 'package.output.format=ip_catalog' from hls_config.cfg(5)
INFO: [HLS 200-2176] Writing Vitis IDE component file C:/Users/vempa/Documents/Projects/RADAR_Chirp_Engine/ChirpGenerator/ChirpGenerator/vitis-comp.json
INFO: [SIM 211-2] *************** CSIM start ***************
INFO: [HLS 200-2191] C-Simulation will use clang-16 as the compiler
INFO: [HLS 200-2036] Building debug C Simulation binaries
   Compiling ../../../../chirp_tb.cpp in debug mode
../../../../chirp_tb.cpp:1:10: fatal error: 'chirp_tuned.h' file not found
#include "chirp_tuned.h"
         ^~~~~~~~~~~~~~~
1 error generated.
mingw32-make: *** [csim.mk:91: obj/chirp_tb.o] Error 1
ERROR: [SIM 211-100] 'csim_design' failed: compilation error(s).
INFO: [SIM 211-3] *************** CSIM finish ***************
ERROR: CSIM Failed
INFO: [HLS 200-112] Total CPU user time: 0 seconds. Total CPU system time: 1 seconds. Total elapsed time: 4.845 seconds; peak allocated memory: 151.020 MB.
