08/18/26 14:48:26: Running xcd server. This server was built by gradle.
08/18/26 14:48:26: Server was asked to start on port: '49275'
08/18/26 14:48:26: Server is using token UUID: '41bb3e3b-85e6-43a7-92ec-f22ce9cfce44'
08/18/26 14:48:26: SESSION_MGR: creating session with session uuid: '6d04a3e9-ade5-4ab9-8d63-1f78fcd2ec76' and name 'default'
08/18/26 14:48:26: Attempting to start server on port '49275'
08/18/26 14:48:26: Running Dispatch Server
08/18/26 14:48:26: Version 2.2.0
08/18/26 14:48:29: Dispatch Server: Accepted socket connection from client
08/18/26 14:48:29: Starting Socket connection
08/18/26 14:48:29: EXCHANGE_TOKEN received, server token: 41bb3e3b-85e6-43a7-92ec-f22ce9cfce44, passed token: 41bb3e3b-85e6-43a7-92ec-f22ce9cfce44
08/18/26 14:48:29: DISPATCH_HANDLER: Adding handler from function makeHandler in library xv_system_diagram
08/18/26 14:48:29: SESSION_MGR: creating session with session uuid: 'fc1a1103-9d32-4fc2-8d69-578853f38bee' and name 'vitis-run_compile_ChirpGenerator'
08/18/26 14:48:29: KERNEL_SVC: creating session with uuid: 'fc1a1103-9d32-4fc2-8d69-578853f38bee' and name 'vitis-run_compile_ChirpGenerator'
08/18/26 14:48:29: GUIDANCE_SMGR: creating guidance session with uuid: 'fc1a1103-9d32-4fc2-8d69-578853f38bee' and name 'vitis-run_compile_ChirpGenerator'
08/18/26 14:48:29: SYSTEM_DIAGRAM: creating session with uuid: 'fc1a1103-9d32-4fc2-8d69-578853f38bee' and name 'vitis-run_compile_ChirpGenerator'
08/18/26 14:48:36: Dispatch Server: Accepted socket connection from client
08/18/26 14:48:36: Starting Socket connection
08/18/26 14:48:38: SESSION_MGR: closing session for UUID 'fc1a1103-9d32-4fc2-8d69-578853f38bee' with name 'vitis-run_compile_ChirpGenerator'
08/18/26 14:48:38: KERNEL_SVC: closing session for UUID 'fc1a1103-9d32-4fc2-8d69-578853f38bee' with name 'vitis-run_compile_ChirpGenerator'
08/18/26 14:48:38: GUIDANCE_SMGR: closing session for UUID 'fc1a1103-9d32-4fc2-8d69-578853f38bee' with name 'vitis-run_compile_ChirpGenerator'
08/18/26 14:48:38: SYSTEM_DIAGRAM: closing session for UUID 'fc1a1103-9d32-4fc2-8d69-578853f38bee' with name 'vitis-run_compile_ChirpGenerator'
08/18/26 14:48:38: STOP_SERVER received, server token: 41bb3e3b-85e6-43a7-92ec-f22ce9cfce44, passed token: 41bb3e3b-85e6-43a7-92ec-f22ce9cfce44
08/18/26 14:48:38: Socket received request to stop server.
08/18/26 14:48:38: Dispatch Server: do_await_stop
08/18/26 14:48:38: SERVER: destructor for server bound to port 49275
08/18/26 14:48:48: Running xcd server. This server was built by gradle.
08/18/26 14:48:48: Server was asked to start on port: '49279'
08/18/26 14:48:48: Server is using token UUID: '1e8e4109-015a-4987-9326-442e45d283a6'
08/18/26 14:48:48: SESSION_MGR: creating session with session uuid: '6d04a3e9-ade5-4ab9-8d63-1f78fcd2ec76' and name 'default'
08/18/26 14:48:48: Attempting to start server on port '49279'
08/18/26 14:48:48: Running Dispatch Server
08/18/26 14:48:48: Version 2.2.0
08/18/26 14:48:50: Dispatch Server: Accepted socket connection from client
08/18/26 14:48:50: Starting Socket connection
08/18/26 14:48:50: EXCHANGE_TOKEN received, server token: 1e8e4109-015a-4987-9326-442e45d283a6, passed token: 1e8e4109-015a-4987-9326-442e45d283a6
08/18/26 14:48:51: DISPATCH_HANDLER: Adding handler from function makeHandler in library xv_system_diagram
08/18/26 14:48:51: SESSION_MGR: creating session with session uuid: 'e9b9b346-1a2e-49b9-bd1c-ff1b16a966de' and name 'vitis-run_compile_ChirpGenerator'
08/18/26 14:48:51: KERNEL_SVC: creating session with uuid: 'e9b9b346-1a2e-49b9-bd1c-ff1b16a966de' and name 'vitis-run_compile_ChirpGenerator'
08/18/26 14:48:51: GUIDANCE_SMGR: creating guidance session with uuid: 'e9b9b346-1a2e-49b9-bd1c-ff1b16a966de' and name 'vitis-run_compile_ChirpGenerator'
08/18/26 14:48:51: SYSTEM_DIAGRAM: creating session with uuid: 'e9b9b346-1a2e-49b9-bd1c-ff1b16a966de' and name 'vitis-run_compile_ChirpGenerator'
08/18/26 14:48:54: Dispatch Server: Accepted socket connection from client
08/18/26 14:48:54: Starting Socket connection
08/18/26 14:49:02: SESSION_MGR: closing session for UUID 'e9b9b346-1a2e-49b9-bd1c-ff1b16a966de' with name 'vitis-run_compile_ChirpGenerator'
08/18/26 14:49:02: KERNEL_SVC: closing session for UUID 'e9b9b346-1a2e-49b9-bd1c-ff1b16a966de' with name 'vitis-run_compile_ChirpGenerator'
08/18/26 14:49:02: GUIDANCE_SMGR: closing session for UUID 'e9b9b346-1a2e-49b9-bd1c-ff1b16a966de' with name 'vitis-run_compile_ChirpGenerator'
08/18/26 14:49:02: SYSTEM_DIAGRAM: closing session for UUID 'e9b9b346-1a2e-49b9-bd1c-ff1b16a966de' with name 'vitis-run_compile_ChirpGenerator'
08/18/26 14:49:02: STOP_SERVER received, server token: 1e8e4109-015a-4987-9326-442e45d283a6, passed token: 1e8e4109-015a-4987-9326-442e45d283a6
08/18/26 14:49:02: Socket received request to stop server.
08/18/26 14:49:02: Dispatch Server: do_await_stop
08/18/26 14:49:02: SERVER: destructor for server bound to port 49279
08/18/26 14:50:14: Running xcd server. This server was built by gradle.
08/18/26 14:50:14: Server was asked to start on port: '61396'
08/18/26 14:50:14: Server is using token UUID: '5d514a27-4c00-4ee6-b6e3-9d606f77b147'
08/18/26 14:50:14: SESSION_MGR: creating session with session uuid: '6d04a3e9-ade5-4ab9-8d63-1f78fcd2ec76' and name 'default'
08/18/26 14:50:14: Attempting to start server on port '61396'
08/18/26 14:50:14: Running Dispatch Server
08/18/26 14:50:14: Version 2.2.0
08/18/26 14:50:17: Dispatch Server: Accepted socket connection from client
08/18/26 14:50:17: Starting Socket connection
08/18/26 14:50:17: EXCHANGE_TOKEN received, server token: 5d514a27-4c00-4ee6-b6e3-9d606f77b147, passed token: 5d514a27-4c00-4ee6-b6e3-9d606f77b147
08/18/26 14:50:17: DISPATCH_HANDLER: Adding handler from function makeHandler in library xv_system_diagram
08/18/26 14:50:17: SESSION_MGR: creating session with session uuid: 'ae01f1c7-6759-4c2e-a993-e5c0fd25fa72' and name 'vitis-run_compile_ChirpGenerator'
08/18/26 14:50:17: KERNEL_SVC: creating session with uuid: 'ae01f1c7-6759-4c2e-a993-e5c0fd25fa72' and name 'vitis-run_compile_ChirpGenerator'
08/18/26 14:50:17: GUIDANCE_SMGR: creating guidance session with uuid: 'ae01f1c7-6759-4c2e-a993-e5c0fd25fa72' and name 'vitis-run_compile_ChirpGenerator'
08/18/26 14:50:17: SYSTEM_DIAGRAM: creating session with uuid: 'ae01f1c7-6759-4c2e-a993-e5c0fd25fa72' and name 'vitis-run_compile_ChirpGenerator'
08/18/26 14:50:20: Dispatch Server: Accepted socket connection from client
08/18/26 14:50:20: Starting Socket connection
08/18/26 14:50:26: SESSION_MGR: closing session for UUID 'ae01f1c7-6759-4c2e-a993-e5c0fd25fa72' with name 'vitis-run_compile_ChirpGenerator'
08/18/26 14:50:26: KERNEL_SVC: closing session for UUID 'ae01f1c7-6759-4c2e-a993-e5c0fd25fa72' with name 'vitis-run_compile_ChirpGenerator'
08/18/26 14:50:26: GUIDANCE_SMGR: closing session for UUID 'ae01f1c7-6759-4c2e-a993-e5c0fd25fa72' with name 'vitis-run_compile_ChirpGenerator'
08/18/26 14:50:26: SYSTEM_DIAGRAM: closing session for UUID 'ae01f1c7-6759-4c2e-a993-e5c0fd25fa72' with name 'vitis-run_compile_ChirpGenerator'
08/18/26 14:50:26: STOP_SERVER received, server token: 5d514a27-4c00-4ee6-b6e3-9d606f77b147, passed token: 5d514a27-4c00-4ee6-b6e3-9d606f77b147
08/18/26 14:50:26: Socket received request to stop server.
08/18/26 14:50:26: Dispatch Server: do_await_stop
08/18/26 14:50:26: SERVER: destructor for server bound to port 61396
08/18/26 14:56:06: Running xcd server. This server was built by gradle.
08/18/26 14:56:06: Server was asked to start on port: '49641'
08/18/26 14:56:06: Server is using token UUID: 'cc2d8f9d-986c-48ce-85aa-cac7657a91c9'
08/18/26 14:56:06: SESSION_MGR: creating session with session uuid: '6d04a3e9-ade5-4ab9-8d63-1f78fcd2ec76' and name 'default'
08/18/26 14:56:06: Attempting to start server on port '49641'
08/18/26 14:56:06: Running Dispatch Server
08/18/26 14:56:06: Version 2.2.0
08/18/26 14:56:08: Dispatch Server: Accepted socket connection from client
08/18/26 14:56:08: Starting Socket connection
08/18/26 14:56:08: EXCHANGE_TOKEN received, server token: cc2d8f9d-986c-48ce-85aa-cac7657a91c9, passed token: cc2d8f9d-986c-48ce-85aa-cac7657a91c9
08/18/26 14:56:09: DISPATCH_HANDLER: Adding handler from function makeHandler in library xv_system_diagram
08/18/26 14:56:09: SESSION_MGR: creating session with session uuid: 'b546e725-b298-482c-80ed-ff1382ed03f6' and name 'vitis-run_compile_ChirpGenerator'
08/18/26 14:56:09: KERNEL_SVC: creating session with uuid: 'b546e725-b298-482c-80ed-ff1382ed03f6' and name 'vitis-run_compile_ChirpGenerator'
08/18/26 14:56:09: GUIDANCE_SMGR: creating guidance session with uuid: 'b546e725-b298-482c-80ed-ff1382ed03f6' and name 'vitis-run_compile_ChirpGenerator'
08/18/26 14:56:09: SYSTEM_DIAGRAM: creating session with uuid: 'b546e725-b298-482c-80ed-ff1382ed03f6' and name 'vitis-run_compile_ChirpGenerator'
08/18/26 14:56:12: Dispatch Server: Accepted socket connection from client
08/18/26 14:56:12: Starting Socket connection
08/18/26 14:56:18: SESSION_MGR: closing session for UUID 'b546e725-b298-482c-80ed-ff1382ed03f6' with name 'vitis-run_compile_ChirpGenerator'
08/18/26 14:56:18: KERNEL_SVC: closing session for UUID 'b546e725-b298-482c-80ed-ff1382ed03f6' with name 'vitis-run_compile_ChirpGenerator'
08/18/26 14:56:18: GUIDANCE_SMGR: closing session for UUID 'b546e725-b298-482c-80ed-ff1382ed03f6' with name 'vitis-run_compile_ChirpGenerator'
08/18/26 14:56:18: SYSTEM_DIAGRAM: closing session for UUID 'b546e725-b298-482c-80ed-ff1382ed03f6' with name 'vitis-run_compile_ChirpGenerator'
08/18/26 14:56:18: STOP_SERVER received, server token: cc2d8f9d-986c-48ce-85aa-cac7657a91c9, passed token: cc2d8f9d-986c-48ce-85aa-cac7657a91c9
08/18/26 14:56:18: Socket received request to stop server.
08/18/26 14:56:18: Dispatch Server: do_await_stop
08/18/26 14:56:18: SERVER: destructor for server bound to port 49641
08/18/26 14:57:04: Running xcd server. This server was built by gradle.
08/18/26 14:57:04: Server was asked to start on port: '58250'
08/18/26 14:57:04: Server is using token UUID: '76848ac0-236f-4a8b-b034-e375f38bd09b'
08/18/26 14:57:04: SESSION_MGR: creating session with session uuid: '6d04a3e9-ade5-4ab9-8d63-1f78fcd2ec76' and name 'default'
08/18/26 14:57:04: Attempting to start server on port '58250'
08/18/26 14:57:04: Running Dispatch Server
08/18/26 14:57:04: Version 2.2.0
08/18/26 14:57:06: Dispatch Server: Accepted socket connection from client
08/18/26 14:57:06: Starting Socket connection
08/18/26 14:57:06: EXCHANGE_TOKEN received, server token: 76848ac0-236f-4a8b-b034-e375f38bd09b, passed token: 76848ac0-236f-4a8b-b034-e375f38bd09b
08/18/26 14:57:06: DISPATCH_HANDLER: Adding handler from function makeHandler in library xv_system_diagram
08/18/26 14:57:06: SESSION_MGR: creating session with session uuid: '81e62cbf-6404-409d-92ac-c1cd53744661' and name 'v++_compile_ChirpGenerator'
08/18/26 14:57:06: KERNEL_SVC: creating session with uuid: '81e62cbf-6404-409d-92ac-c1cd53744661' and name 'v++_compile_ChirpGenerator'
08/18/26 14:57:06: GUIDANCE_SMGR: creating guidance session with uuid: '81e62cbf-6404-409d-92ac-c1cd53744661' and name 'v++_compile_ChirpGenerator'
08/18/26 14:57:06: SYSTEM_DIAGRAM: creating session with uuid: '81e62cbf-6404-409d-92ac-c1cd53744661' and name 'v++_compile_ChirpGenerator'
08/18/26 14:57:10: Dispatch Server: Accepted socket connection from client
08/18/26 14:57:10: Starting Socket connection
08/18/26 14:57:59: SESSION_MGR: closing session for UUID '81e62cbf-6404-409d-92ac-c1cd53744661' with name 'v++_compile_ChirpGenerator'
08/18/26 14:57:59: KERNEL_SVC: closing session for UUID '81e62cbf-6404-409d-92ac-c1cd53744661' with name 'v++_compile_ChirpGenerator'
08/18/26 14:57:59: GUIDANCE_SMGR: closing session for UUID '81e62cbf-6404-409d-92ac-c1cd53744661' with name 'v++_compile_ChirpGenerator'
08/18/26 14:57:59: SYSTEM_DIAGRAM: closing session for UUID '81e62cbf-6404-409d-92ac-c1cd53744661' with name 'v++_compile_ChirpGenerator'
08/18/26 14:57:59: STOP_SERVER received, server token: 76848ac0-236f-4a8b-b034-e375f38bd09b, passed token: 76848ac0-236f-4a8b-b034-e375f38bd09b
08/18/26 14:57:59: Socket received request to stop server.
08/18/26 14:57:59: Dispatch Server: do_await_stop
08/18/26 14:57:59: SERVER: destructor for server bound to port 58250
08/18/26 14:58:07: Running xcd server. This server was built by gradle.
08/18/26 14:58:07: Server was asked to start on port: '65013'
08/18/26 14:58:07: Server is using token UUID: '7ef95a3d-e125-499f-a8f6-427bb410d5d9'
08/18/26 14:58:07: SESSION_MGR: creating session with session uuid: '6d04a3e9-ade5-4ab9-8d63-1f78fcd2ec76' and name 'default'
08/18/26 14:58:07: Attempting to start server on port '65013'
08/18/26 14:58:07: Running Dispatch Server
08/18/26 14:58:07: Version 2.2.0
08/18/26 14:58:09: Dispatch Server: Accepted socket connection from client
08/18/26 14:58:09: Starting Socket connection
08/18/26 14:58:09: EXCHANGE_TOKEN received, server token: 7ef95a3d-e125-499f-a8f6-427bb410d5d9, passed token: 7ef95a3d-e125-499f-a8f6-427bb410d5d9
08/18/26 14:58:10: DISPATCH_HANDLER: Adding handler from function makeHandler in library xv_system_diagram
08/18/26 14:58:10: SESSION_MGR: creating session with session uuid: 'e80e8eee-6e63-440f-b5ba-f066f8ebc5d2' and name 'vitis-run_compile_ChirpGenerator'
08/18/26 14:58:10: KERNEL_SVC: creating session with uuid: 'e80e8eee-6e63-440f-b5ba-f066f8ebc5d2' and name 'vitis-run_compile_ChirpGenerator'
08/18/26 14:58:10: GUIDANCE_SMGR: creating guidance session with uuid: 'e80e8eee-6e63-440f-b5ba-f066f8ebc5d2' and name 'vitis-run_compile_ChirpGenerator'
08/18/26 14:58:10: SYSTEM_DIAGRAM: creating session with uuid: 'e80e8eee-6e63-440f-b5ba-f066f8ebc5d2' and name 'vitis-run_compile_ChirpGenerator'
08/18/26 14:58:13: Dispatch Server: Accepted socket connection from client
08/18/26 14:58:13: Starting Socket connection
08/18/26 14:58:38: SESSION_MGR: closing session for UUID 'e80e8eee-6e63-440f-b5ba-f066f8ebc5d2' with name 'vitis-run_compile_ChirpGenerator'
08/18/26 14:58:38: KERNEL_SVC: closing session for UUID 'e80e8eee-6e63-440f-b5ba-f066f8ebc5d2' with name 'vitis-run_compile_ChirpGenerator'
08/18/26 14:58:38: GUIDANCE_SMGR: closing session for UUID 'e80e8eee-6e63-440f-b5ba-f066f8ebc5d2' with name 'vitis-run_compile_ChirpGenerator'
08/18/26 14:58:38: SYSTEM_DIAGRAM: closing session for UUID 'e80e8eee-6e63-440f-b5ba-f066f8ebc5d2' with name 'vitis-run_compile_ChirpGenerator'
08/18/26 14:58:38: STOP_SERVER received, server token: 7ef95a3d-e125-499f-a8f6-427bb410d5d9, passed token: 7ef95a3d-e125-499f-a8f6-427bb410d5d9
08/18/26 14:58:38: Socket received request to stop server.
08/18/26 14:58:38: Dispatch Server: do_await_stop
08/18/26 14:58:38: SERVER: destructor for server bound to port 65013
08/18/26 14:58:45: Running xcd server. This server was built by gradle.
08/18/26 14:58:45: Server was asked to start on port: '59613'
08/18/26 14:58:45: Server is using token UUID: 'cc032da3-7217-4291-8156-906a7ce85928'
08/18/26 14:58:45: SESSION_MGR: creating session with session uuid: '6d04a3e9-ade5-4ab9-8d63-1f78fcd2ec76' and name 'default'
08/18/26 14:58:45: Attempting to start server on port '59613'
08/18/26 14:58:45: Running Dispatch Server
08/18/26 14:58:45: Version 2.2.0
08/18/26 14:58:47: Dispatch Server: Accepted socket connection from client
08/18/26 14:58:47: Starting Socket connection
08/18/26 14:58:47: EXCHANGE_TOKEN received, server token: cc032da3-7217-4291-8156-906a7ce85928, passed token: cc032da3-7217-4291-8156-906a7ce85928
08/18/26 14:58:48: DISPATCH_HANDLER: Adding handler from function makeHandler in library xv_system_diagram
08/18/26 14:58:48: SESSION_MGR: creating session with session uuid: 'a1ae567e-26bf-4ada-af7c-d6ed727ea92e' and name 'vitis-run_compile_ChirpGenerator'
08/18/26 14:58:48: KERNEL_SVC: creating session with uuid: 'a1ae567e-26bf-4ada-af7c-d6ed727ea92e' and name 'vitis-run_compile_ChirpGenerator'
08/18/26 14:58:48: GUIDANCE_SMGR: creating guidance session with uuid: 'a1ae567e-26bf-4ada-af7c-d6ed727ea92e' and name 'vitis-run_compile_ChirpGenerator'
08/18/26 14:58:48: SYSTEM_DIAGRAM: creating session with uuid: 'a1ae567e-26bf-4ada-af7c-d6ed727ea92e' and name 'vitis-run_compile_ChirpGenerator'
08/18/26 14:58:51: Dispatch Server: Accepted socket connection from client
08/18/26 14:58:51: Starting Socket connection
08/18/26 14:59:48: Dispatch Server: Accepted socket connection from client
08/18/26 14:59:48: Starting Socket connection
08/18/26 15:01:47: Dispatch Server: Accepted socket connection from client
08/18/26 15:01:47: Starting Socket connection
08/18/26 15:03:02: Dispatch Server: Accepted socket connection from client
08/18/26 15:03:02: Starting Socket connection
08/18/26 15:04:38: SESSION_MGR: closing session for UUID 'a1ae567e-26bf-4ada-af7c-d6ed727ea92e' with name 'vitis-run_compile_ChirpGenerator'
08/18/26 15:04:38: KERNEL_SVC: closing session for UUID 'a1ae567e-26bf-4ada-af7c-d6ed727ea92e' with name 'vitis-run_compile_ChirpGenerator'
08/18/26 15:04:38: GUIDANCE_SMGR: closing session for UUID 'a1ae567e-26bf-4ada-af7c-d6ed727ea92e' with name 'vitis-run_compile_ChirpGenerator'
08/18/26 15:04:38: SYSTEM_DIAGRAM: closing session for UUID 'a1ae567e-26bf-4ada-af7c-d6ed727ea92e' with name 'vitis-run_compile_ChirpGenerator'
08/18/26 15:04:38: STOP_SERVER received, server token: cc032da3-7217-4291-8156-906a7ce85928, passed token: cc032da3-7217-4291-8156-906a7ce85928
08/18/26 15:04:38: Socket received request to stop server.
08/18/26 15:04:38: Dispatch Server: do_await_stop
08/18/26 15:04:38: SERVER: destructor for server bound to port 59613
08/18/26 15:45:47: Running xcd server. This server was built by gradle.
08/18/26 15:45:47: Server was asked to start on port: '55426'
08/18/26 15:45:47: Server is using token UUID: '6907cead-56f2-41fd-8d5b-aaaa935ce0c8'
08/18/26 15:45:47: SESSION_MGR: creating session with session uuid: '6d04a3e9-ade5-4ab9-8d63-1f78fcd2ec76' and name 'default'
08/18/26 15:45:47: Attempting to start server on port '55426'
08/18/26 15:45:47: Running Dispatch Server
08/18/26 15:45:47: Version 2.2.0
08/18/26 15:45:49: Dispatch Server: Accepted socket connection from client
08/18/26 15:45:49: Starting Socket connection
08/18/26 15:45:49: EXCHANGE_TOKEN received, server token: 6907cead-56f2-41fd-8d5b-aaaa935ce0c8, passed token: 6907cead-56f2-41fd-8d5b-aaaa935ce0c8
08/18/26 15:45:49: DISPATCH_HANDLER: Adding handler from function makeHandler in library xv_system_diagram
08/18/26 15:45:49: SESSION_MGR: creating session with session uuid: '5775bc31-020f-4ab6-99e5-f81293a11921' and name 'vitis-run_compile_ChirpGenerator'
08/18/26 15:45:49: KERNEL_SVC: creating session with uuid: '5775bc31-020f-4ab6-99e5-f81293a11921' and name 'vitis-run_compile_ChirpGenerator'
08/18/26 15:45:49: GUIDANCE_SMGR: creating guidance session with uuid: '5775bc31-020f-4ab6-99e5-f81293a11921' and name 'vitis-run_compile_ChirpGenerator'
08/18/26 15:45:49: SYSTEM_DIAGRAM: creating session with uuid: '5775bc31-020f-4ab6-99e5-f81293a11921' and name 'vitis-run_compile_ChirpGenerator'
08/18/26 15:45:53: Dispatch Server: Accepted socket connection from client
08/18/26 15:45:53: Starting Socket connection
08/18/26 15:45:59: SESSION_MGR: closing session for UUID '5775bc31-020f-4ab6-99e5-f81293a11921' with name 'vitis-run_compile_ChirpGenerator'
08/18/26 15:45:59: KERNEL_SVC: closing session for UUID '5775bc31-020f-4ab6-99e5-f81293a11921' with name 'vitis-run_compile_ChirpGenerator'
08/18/26 15:45:59: GUIDANCE_SMGR: closing session for UUID '5775bc31-020f-4ab6-99e5-f81293a11921' with name 'vitis-run_compile_ChirpGenerator'
08/18/26 15:45:59: SYSTEM_DIAGRAM: closing session for UUID '5775bc31-020f-4ab6-99e5-f81293a11921' with name 'vitis-run_compile_ChirpGenerator'
08/18/26 15:45:59: STOP_SERVER received, server token: 6907cead-56f2-41fd-8d5b-aaaa935ce0c8, passed token: 6907cead-56f2-41fd-8d5b-aaaa935ce0c8
08/18/26 15:45:59: Socket received request to stop server.
08/18/26 15:45:59: Dispatch Server: do_await_stop
08/18/26 15:45:59: SERVER: destructor for server bound to port 55426
08/18/26 15:46:04: Running xcd server. This server was built by gradle.
08/18/26 15:46:04: Server was asked to start on port: '55430'
08/18/26 15:46:04: Server is using token UUID: '88080623-3c27-44c6-a308-7799bd71d412'
08/18/26 15:46:04: SESSION_MGR: creating session with session uuid: '6d04a3e9-ade5-4ab9-8d63-1f78fcd2ec76' and name 'default'
08/18/26 15:46:04: Attempting to start server on port '55430'
08/18/26 15:46:04: Running Dispatch Server
08/18/26 15:46:04: Version 2.2.0
08/18/26 15:46:06: Dispatch Server: Accepted socket connection from client
08/18/26 15:46:06: Starting Socket connection
08/18/26 15:46:06: EXCHANGE_TOKEN received, server token: 88080623-3c27-44c6-a308-7799bd71d412, passed token: 88080623-3c27-44c6-a308-7799bd71d412
08/18/26 15:46:06: DISPATCH_HANDLER: Adding handler from function makeHandler in library xv_system_diagram
08/18/26 15:46:06: SESSION_MGR: creating session with session uuid: '80f33575-31fc-415b-a7ac-2632b13224c9' and name 'v++_compile_ChirpGenerator'
08/18/26 15:46:06: KERNEL_SVC: creating session with uuid: '80f33575-31fc-415b-a7ac-2632b13224c9' and name 'v++_compile_ChirpGenerator'
08/18/26 15:46:06: GUIDANCE_SMGR: creating guidance session with uuid: '80f33575-31fc-415b-a7ac-2632b13224c9' and name 'v++_compile_ChirpGenerator'
08/18/26 15:46:06: SYSTEM_DIAGRAM: creating session with uuid: '80f33575-31fc-415b-a7ac-2632b13224c9' and name 'v++_compile_ChirpGenerator'
08/18/26 15:46:10: Dispatch Server: Accepted socket connection from client
08/18/26 15:46:10: Starting Socket connection
08/18/26 15:46:54: SESSION_MGR: closing session for UUID '80f33575-31fc-415b-a7ac-2632b13224c9' with name 'v++_compile_ChirpGenerator'
08/18/26 15:46:54: KERNEL_SVC: closing session for UUID '80f33575-31fc-415b-a7ac-2632b13224c9' with name 'v++_compile_ChirpGenerator'
08/18/26 15:46:54: GUIDANCE_SMGR: closing session for UUID '80f33575-31fc-415b-a7ac-2632b13224c9' with name 'v++_compile_ChirpGenerator'
08/18/26 15:46:54: SYSTEM_DIAGRAM: closing session for UUID '80f33575-31fc-415b-a7ac-2632b13224c9' with name 'v++_compile_ChirpGenerator'
08/18/26 15:46:54: STOP_SERVER received, server token: 88080623-3c27-44c6-a308-7799bd71d412, passed token: 88080623-3c27-44c6-a308-7799bd71d412
08/18/26 15:46:54: Socket received request to stop server.
08/18/26 15:46:54: Dispatch Server: do_await_stop
08/18/26 15:46:54: SERVER: destructor for server bound to port 55430
08/18/26 15:57:44: Running xcd server. This server was built by gradle.
08/18/26 15:57:44: Server was asked to start on port: '49360'
08/18/26 15:57:44: Server is using token UUID: 'ae358926-c2f0-4d32-bf7d-934c24058dce'
08/18/26 15:57:44: SESSION_MGR: creating session with session uuid: '6d04a3e9-ade5-4ab9-8d63-1f78fcd2ec76' and name 'default'
08/18/26 15:57:44: Attempting to start server on port '49360'
08/18/26 15:57:44: Running Dispatch Server
08/18/26 15:57:44: Version 2.2.0
08/18/26 15:57:46: Dispatch Server: Accepted socket connection from client
08/18/26 15:57:46: Starting Socket connection
08/18/26 15:57:46: EXCHANGE_TOKEN received, server token: ae358926-c2f0-4d32-bf7d-934c24058dce, passed token: ae358926-c2f0-4d32-bf7d-934c24058dce
08/18/26 15:57:47: DISPATCH_HANDLER: Adding handler from function makeHandler in library xv_system_diagram
08/18/26 15:57:47: SESSION_MGR: creating session with session uuid: '17ab44bf-c816-452f-8943-33d349c4f21e' and name 'vitis-run_compile_ChirpGenerator'
08/18/26 15:57:47: KERNEL_SVC: creating session with uuid: '17ab44bf-c816-452f-8943-33d349c4f21e' and name 'vitis-run_compile_ChirpGenerator'
08/18/26 15:57:47: GUIDANCE_SMGR: creating guidance session with uuid: '17ab44bf-c816-452f-8943-33d349c4f21e' and name 'vitis-run_compile_ChirpGenerator'
08/18/26 15:57:47: SYSTEM_DIAGRAM: creating session with uuid: '17ab44bf-c816-452f-8943-33d349c4f21e' and name 'vitis-run_compile_ChirpGenerator'
08/18/26 15:57:50: Dispatch Server: Accepted socket connection from client
08/18/26 15:57:50: Starting Socket connection
08/18/26 15:58:16: SESSION_MGR: closing session for UUID '17ab44bf-c816-452f-8943-33d349c4f21e' with name 'vitis-run_compile_ChirpGenerator'
08/18/26 15:58:16: KERNEL_SVC: closing session for UUID '17ab44bf-c816-452f-8943-33d349c4f21e' with name 'vitis-run_compile_ChirpGenerator'
08/18/26 15:58:16: GUIDANCE_SMGR: closing session for UUID '17ab44bf-c816-452f-8943-33d349c4f21e' with name 'vitis-run_compile_ChirpGenerator'
08/18/26 15:58:16: SYSTEM_DIAGRAM: closing session for UUID '17ab44bf-c816-452f-8943-33d349c4f21e' with name 'vitis-run_compile_ChirpGenerator'
08/18/26 15:58:16: STOP_SERVER received, server token: ae358926-c2f0-4d32-bf7d-934c24058dce, passed token: ae358926-c2f0-4d32-bf7d-934c24058dce
08/18/26 15:58:16: Socket received request to stop server.
08/18/26 15:58:16: Dispatch Server: do_await_stop
08/18/26 15:58:16: SERVER: destructor for server bound to port 49360
08/18/26 15:58:30: Running xcd server. This server was built by gradle.
08/18/26 15:58:30: Server was asked to start on port: '61376'
08/18/26 15:58:30: Server is using token UUID: 'c38735ca-8919-42e5-9bc4-535a9bc27cdc'
08/18/26 15:58:30: SESSION_MGR: creating session with session uuid: '6d04a3e9-ade5-4ab9-8d63-1f78fcd2ec76' and name 'default'
08/18/26 15:58:30: Attempting to start server on port '61376'
08/18/26 15:58:30: Running Dispatch Server
08/18/26 15:58:30: Version 2.2.0
08/18/26 15:58:33: Dispatch Server: Accepted socket connection from client
08/18/26 15:58:33: Starting Socket connection
08/18/26 15:58:33: EXCHANGE_TOKEN received, server token: c38735ca-8919-42e5-9bc4-535a9bc27cdc, passed token: c38735ca-8919-42e5-9bc4-535a9bc27cdc
08/18/26 15:58:33: DISPATCH_HANDLER: Adding handler from function makeHandler in library xv_system_diagram
08/18/26 15:58:33: SESSION_MGR: creating session with session uuid: 'da06f903-c72a-4bf7-b4ca-7e60d681ba58' and name 'vitis-run_compile_ChirpGenerator'
08/18/26 15:58:33: KERNEL_SVC: creating session with uuid: 'da06f903-c72a-4bf7-b4ca-7e60d681ba58' and name 'vitis-run_compile_ChirpGenerator'
08/18/26 15:58:33: GUIDANCE_SMGR: creating guidance session with uuid: 'da06f903-c72a-4bf7-b4ca-7e60d681ba58' and name 'vitis-run_compile_ChirpGenerator'
08/18/26 15:58:33: SYSTEM_DIAGRAM: creating session with uuid: 'da06f903-c72a-4bf7-b4ca-7e60d681ba58' and name 'vitis-run_compile_ChirpGenerator'
08/18/26 15:58:36: Dispatch Server: Accepted socket connection from client
08/18/26 15:58:36: Starting Socket connection
08/18/26 15:59:33: Dispatch Server: Accepted socket connection from client
08/18/26 15:59:33: Starting Socket connection
08/18/26 16:01:20: Dispatch Server: Accepted socket connection from client
08/18/26 16:01:20: Starting Socket connection
08/18/26 16:02:26: Dispatch Server: Accepted socket connection from client
08/18/26 16:02:26: Starting Socket connection
08/18/26 16:04:00: SESSION_MGR: closing session for UUID 'da06f903-c72a-4bf7-b4ca-7e60d681ba58' with name 'vitis-run_compile_ChirpGenerator'
08/18/26 16:04:00: KERNEL_SVC: closing session for UUID 'da06f903-c72a-4bf7-b4ca-7e60d681ba58' with name 'vitis-run_compile_ChirpGenerator'
08/18/26 16:04:00: GUIDANCE_SMGR: closing session for UUID 'da06f903-c72a-4bf7-b4ca-7e60d681ba58' with name 'vitis-run_compile_ChirpGenerator'
08/18/26 16:04:00: SYSTEM_DIAGRAM: closing session for UUID 'da06f903-c72a-4bf7-b4ca-7e60d681ba58' with name 'vitis-run_compile_ChirpGenerator'
08/18/26 16:04:00: STOP_SERVER received, server token: c38735ca-8919-42e5-9bc4-535a9bc27cdc, passed token: c38735ca-8919-42e5-9bc4-535a9bc27cdc
08/18/26 16:04:00: Socket received request to stop server.
08/18/26 16:04:00: Dispatch Server: do_await_stop
08/18/26 16:04:00: SERVER: destructor for server bound to port 61376
08/19/26 11:01:22: Running xcd server. This server was built by gradle.
08/19/26 11:01:22: Server was asked to start on port: '53017'
08/19/26 11:01:22: Server is using token UUID: '0543dfb7-0545-4dbb-b4b2-8c8960987bde'
08/19/26 11:01:22: SESSION_MGR: creating session with session uuid: '6d04a3e9-ade5-4ab9-8d63-1f78fcd2ec76' and name 'default'
08/19/26 11:01:22: Attempting to start server on port '53017'
08/19/26 11:01:22: Running Dispatch Server
08/19/26 11:01:22: Version 2.2.0
08/19/26 11:01:24: Dispatch Server: Accepted socket connection from client
08/19/26 11:01:24: Starting Socket connection
08/19/26 11:01:24: EXCHANGE_TOKEN received, server token: 0543dfb7-0545-4dbb-b4b2-8c8960987bde, passed token: 0543dfb7-0545-4dbb-b4b2-8c8960987bde
08/19/26 11:01:25: DISPATCH_HANDLER: Adding handler from function makeHandler in library xv_system_diagram
08/19/26 11:01:25: SESSION_MGR: creating session with session uuid: 'df33bd5e-ce74-4ffc-973e-87234003023f' and name 'vitis-run_compile_ChirpGenerator'
08/19/26 11:01:25: KERNEL_SVC: creating session with uuid: 'df33bd5e-ce74-4ffc-973e-87234003023f' and name 'vitis-run_compile_ChirpGenerator'
08/19/26 11:01:25: GUIDANCE_SMGR: creating guidance session with uuid: 'df33bd5e-ce74-4ffc-973e-87234003023f' and name 'vitis-run_compile_ChirpGenerator'
08/19/26 11:01:25: SYSTEM_DIAGRAM: creating session with uuid: 'df33bd5e-ce74-4ffc-973e-87234003023f' and name 'vitis-run_compile_ChirpGenerator'
08/19/26 11:01:31: Dispatch Server: Accepted socket connection from client
08/19/26 11:01:31: Starting Socket connection
08/19/26 11:01:37: SESSION_MGR: closing session for UUID 'df33bd5e-ce74-4ffc-973e-87234003023f' with name 'vitis-run_compile_ChirpGenerator'
08/19/26 11:01:37: KERNEL_SVC: closing session for UUID 'df33bd5e-ce74-4ffc-973e-87234003023f' with name 'vitis-run_compile_ChirpGenerator'
08/19/26 11:01:37: GUIDANCE_SMGR: closing session for UUID 'df33bd5e-ce74-4ffc-973e-87234003023f' with name 'vitis-run_compile_ChirpGenerator'
08/19/26 11:01:37: SYSTEM_DIAGRAM: closing session for UUID 'df33bd5e-ce74-4ffc-973e-87234003023f' with name 'vitis-run_compile_ChirpGenerator'
08/19/26 11:01:37: STOP_SERVER received, server token: 0543dfb7-0545-4dbb-b4b2-8c8960987bde, passed token: 0543dfb7-0545-4dbb-b4b2-8c8960987bde
08/19/26 11:01:37: Socket received request to stop server.
08/19/26 11:01:37: Dispatch Server: do_await_stop
08/19/26 11:01:37: SERVER: destructor for server bound to port 53017
08/19/26 11:04:54: Running xcd server. This server was built by gradle.
08/19/26 11:04:54: Server was asked to start on port: '53108'
08/19/26 11:04:54: Server is using token UUID: '683b0764-ae2c-41a5-9049-a3b620530c2b'
08/19/26 11:04:54: SESSION_MGR: creating session with session uuid: '6d04a3e9-ade5-4ab9-8d63-1f78fcd2ec76' and name 'default'
08/19/26 11:04:54: Attempting to start server on port '53108'
08/19/26 11:04:54: Running Dispatch Server
08/19/26 11:04:54: Version 2.2.0
08/19/26 11:04:57: Dispatch Server: Accepted socket connection from client
08/19/26 11:04:57: Starting Socket connection
08/19/26 11:04:57: EXCHANGE_TOKEN received, server token: 683b0764-ae2c-41a5-9049-a3b620530c2b, passed token: 683b0764-ae2c-41a5-9049-a3b620530c2b
08/19/26 11:04:57: DISPATCH_HANDLER: Adding handler from function makeHandler in library xv_system_diagram
08/19/26 11:04:57: SESSION_MGR: creating session with session uuid: 'ec033c0a-0451-4438-9374-904eef793d8b' and name 'v++_compile_ChirpGenerator'
08/19/26 11:04:57: KERNEL_SVC: creating session with uuid: 'ec033c0a-0451-4438-9374-904eef793d8b' and name 'v++_compile_ChirpGenerator'
08/19/26 11:04:57: GUIDANCE_SMGR: creating guidance session with uuid: 'ec033c0a-0451-4438-9374-904eef793d8b' and name 'v++_compile_ChirpGenerator'
08/19/26 11:04:57: SYSTEM_DIAGRAM: creating session with uuid: 'ec033c0a-0451-4438-9374-904eef793d8b' and name 'v++_compile_ChirpGenerator'
08/19/26 11:05:00: Dispatch Server: Accepted socket connection from client
08/19/26 11:05:00: Starting Socket connection
08/19/26 11:05:45: SESSION_MGR: closing session for UUID 'ec033c0a-0451-4438-9374-904eef793d8b' with name 'v++_compile_ChirpGenerator'
08/19/26 11:05:45: KERNEL_SVC: closing session for UUID 'ec033c0a-0451-4438-9374-904eef793d8b' with name 'v++_compile_ChirpGenerator'
08/19/26 11:05:45: GUIDANCE_SMGR: closing session for UUID 'ec033c0a-0451-4438-9374-904eef793d8b' with name 'v++_compile_ChirpGenerator'
08/19/26 11:05:45: SYSTEM_DIAGRAM: closing session for UUID 'ec033c0a-0451-4438-9374-904eef793d8b' with name 'v++_compile_ChirpGenerator'
08/19/26 11:05:45: STOP_SERVER received, server token: 683b0764-ae2c-41a5-9049-a3b620530c2b, passed token: 683b0764-ae2c-41a5-9049-a3b620530c2b
08/19/26 11:05:45: Socket received request to stop server.
08/19/26 11:05:45: Dispatch Server: do_await_stop
08/19/26 11:05:45: SERVER: destructor for server bound to port 53108
08/19/26 11:06:25: Running xcd server. This server was built by gradle.
08/19/26 11:06:25: Server was asked to start on port: '61590'
08/19/26 11:06:25: Server is using token UUID: '8f059420-caa9-40a0-8504-bf2f578ccfb8'
08/19/26 11:06:25: SESSION_MGR: creating session with session uuid: '6d04a3e9-ade5-4ab9-8d63-1f78fcd2ec76' and name 'default'
08/19/26 11:06:25: Attempting to start server on port '61590'
08/19/26 11:06:25: Running Dispatch Server
08/19/26 11:06:25: Version 2.2.0
08/19/26 11:06:27: Dispatch Server: Accepted socket connection from client
08/19/26 11:06:27: Starting Socket connection
08/19/26 11:06:27: EXCHANGE_TOKEN received, server token: 8f059420-caa9-40a0-8504-bf2f578ccfb8, passed token: 8f059420-caa9-40a0-8504-bf2f578ccfb8
08/19/26 11:06:27: DISPATCH_HANDLER: Adding handler from function makeHandler in library xv_system_diagram
08/19/26 11:06:27: SESSION_MGR: creating session with session uuid: '0cb4eea0-ca2a-4951-a9ae-e5b6124159a2' and name 'vitis-run_compile_ChirpGenerator'
08/19/26 11:06:27: KERNEL_SVC: creating session with uuid: '0cb4eea0-ca2a-4951-a9ae-e5b6124159a2' and name 'vitis-run_compile_ChirpGenerator'
08/19/26 11:06:27: GUIDANCE_SMGR: creating guidance session with uuid: '0cb4eea0-ca2a-4951-a9ae-e5b6124159a2' and name 'vitis-run_compile_ChirpGenerator'
08/19/26 11:06:27: SYSTEM_DIAGRAM: creating session with uuid: '0cb4eea0-ca2a-4951-a9ae-e5b6124159a2' and name 'vitis-run_compile_ChirpGenerator'
08/19/26 11:06:31: Dispatch Server: Accepted socket connection from client
08/19/26 11:06:31: Starting Socket connection
08/19/26 11:07:02: SESSION_MGR: closing session for UUID '0cb4eea0-ca2a-4951-a9ae-e5b6124159a2' with name 'vitis-run_compile_ChirpGenerator'
08/19/26 11:07:02: KERNEL_SVC: closing session for UUID '0cb4eea0-ca2a-4951-a9ae-e5b6124159a2' with name 'vitis-run_compile_ChirpGenerator'
08/19/26 11:07:02: GUIDANCE_SMGR: closing session for UUID '0cb4eea0-ca2a-4951-a9ae-e5b6124159a2' with name 'vitis-run_compile_ChirpGenerator'
08/19/26 11:07:02: SYSTEM_DIAGRAM: closing session for UUID '0cb4eea0-ca2a-4951-a9ae-e5b6124159a2' with name 'vitis-run_compile_ChirpGenerator'
08/19/26 11:07:02: STOP_SERVER received, server token: 8f059420-caa9-40a0-8504-bf2f578ccfb8, passed token: 8f059420-caa9-40a0-8504-bf2f578ccfb8
08/19/26 11:07:02: Socket received request to stop server.
08/19/26 11:07:02: Dispatch Server: do_await_stop
08/19/26 11:07:02: SERVER: destructor for server bound to port 61590
08/19/26 11:07:20: Running xcd server. This server was built by gradle.
08/19/26 11:07:20: Server was asked to start on port: '53425'
08/19/26 11:07:20: Server is using token UUID: '4b777939-eeff-49bd-8237-c6a93fe0c447'
08/19/26 11:07:20: SESSION_MGR: creating session with session uuid: '6d04a3e9-ade5-4ab9-8d63-1f78fcd2ec76' and name 'default'
08/19/26 11:07:20: Attempting to start server on port '53425'
08/19/26 11:07:20: Running Dispatch Server
08/19/26 11:07:20: Version 2.2.0
08/19/26 11:07:22: Dispatch Server: Accepted socket connection from client
08/19/26 11:07:22: Starting Socket connection
08/19/26 11:07:22: EXCHANGE_TOKEN received, server token: 4b777939-eeff-49bd-8237-c6a93fe0c447, passed token: 4b777939-eeff-49bd-8237-c6a93fe0c447
08/19/26 11:07:23: DISPATCH_HANDLER: Adding handler from function makeHandler in library xv_system_diagram
08/19/26 11:07:23: SESSION_MGR: creating session with session uuid: '8957cb4f-f864-4a17-8400-0bc1a347498c' and name 'vitis-run_compile_ChirpGenerator'
08/19/26 11:07:23: KERNEL_SVC: creating session with uuid: '8957cb4f-f864-4a17-8400-0bc1a347498c' and name 'vitis-run_compile_ChirpGenerator'
08/19/26 11:07:23: GUIDANCE_SMGR: creating guidance session with uuid: '8957cb4f-f864-4a17-8400-0bc1a347498c' and name 'vitis-run_compile_ChirpGenerator'
08/19/26 11:07:23: SYSTEM_DIAGRAM: creating session with uuid: '8957cb4f-f864-4a17-8400-0bc1a347498c' and name 'vitis-run_compile_ChirpGenerator'
08/19/26 11:07:26: Dispatch Server: Accepted socket connection from client
08/19/26 11:07:26: Starting Socket connection
08/19/26 11:08:31: Dispatch Server: Accepted socket connection from client
08/19/26 11:08:31: Starting Socket connection
08/19/26 11:10:09: Dispatch Server: Accepted socket connection from client
08/19/26 11:10:09: Starting Socket connection
08/19/26 11:11:19: Dispatch Server: Accepted socket connection from client
08/19/26 11:11:19: Starting Socket connection
08/19/26 11:12:55: SESSION_MGR: closing session for UUID '8957cb4f-f864-4a17-8400-0bc1a347498c' with name 'vitis-run_compile_ChirpGenerator'
08/19/26 11:12:55: KERNEL_SVC: closing session for UUID '8957cb4f-f864-4a17-8400-0bc1a347498c' with name 'vitis-run_compile_ChirpGenerator'
08/19/26 11:12:55: GUIDANCE_SMGR: closing session for UUID '8957cb4f-f864-4a17-8400-0bc1a347498c' with name 'vitis-run_compile_ChirpGenerator'
08/19/26 11:12:55: SYSTEM_DIAGRAM: closing session for UUID '8957cb4f-f864-4a17-8400-0bc1a347498c' with name 'vitis-run_compile_ChirpGenerator'
08/19/26 11:12:55: STOP_SERVER received, server token: 4b777939-eeff-49bd-8237-c6a93fe0c447, passed token: 4b777939-eeff-49bd-8237-c6a93fe0c447
08/19/26 11:12:55: Socket received request to stop server.
08/19/26 11:12:55: Dispatch Server: do_await_stop
08/19/26 11:12:55: SERVER: destructor for server bound to port 53425
