

================================================================
== Vitis HLS Report for 'chirp_Pipeline_VITIS_LOOP_60_1_VITIS_LOOP_63_2'
================================================================
* Date:           Tue Aug 18 15:46:50 2026

* Version:        2025.2 (Build 6295257 on Nov 14 2025)
* Project:        ChirpGenerator
* Solution:       hls (Vivado IP Flow Target)
* Product family: zynq
* Target device:  xc7z020-clg484-1


================================================================
== Performance Estimates
================================================================
+ Timing: 
    * Summary: 
    +--------+----------+----------+------------+
    |  Clock |  Target  | Estimated| Uncertainty|
    +--------+----------+----------+------------+
    |ap_clk  |  10.00 ns|  7.256 ns|     2.70 ns|
    +--------+----------+----------+------------+

+ Latency: 
    * Summary: 
    +---------+---------+----------+----------+-----+-----+-------------------+
    |  Latency (cycles) |  Latency (absolute) |  Interval |      Pipeline     |
    |   min   |   max   |    min   |    max   | min | max |        Type       |
    +---------+---------+----------+----------+-----+-----+-------------------+
    |        ?|        ?|         ?|         ?|    0|    0|  loop pipeline stp|
    +---------+---------+----------+----------+-----+-----+-------------------+

    + Detail: 
        * Instance: 
        N/A

        * Loop: 
        +-----------------------------------+---------+---------+----------+-----------+-----------+------+----------+
        |                                   |  Latency (cycles) | Iteration|  Initiation Interval  | Trip |          |
        |             Loop Name             |   min   |   max   |  Latency |  achieved |   target  | Count| Pipelined|
        +-----------------------------------+---------+---------+----------+-----------+-----------+------+----------+
        |- VITIS_LOOP_60_1_VITIS_LOOP_63_2  |        ?|        ?|        68|          1|          1|     ?|       yes|
        +-----------------------------------+---------+---------+----------+-----------+-----------+------+----------+



================================================================
== Utilization Estimates
================================================================
* Summary: 
+-----------------+---------+-----+--------+-------+-----+
|       Name      | BRAM_18K| DSP |   FF   |  LUT  | URAM|
+-----------------+---------+-----+--------+-------+-----+
|DSP              |        -|    -|       -|      -|    -|
|Expression       |        -|    -|       0|   1882|    -|
|FIFO             |        -|    -|       -|      -|    -|
|Instance         |        -|   32|    1392|   2264|    -|
|Memory           |        -|    -|     168|    293|    -|
|Multiplexer      |        -|    -|       0|     72|    -|
|Register         |        -|    -|    4649|    512|    -|
+-----------------+---------+-----+--------+-------+-----+
|Total            |        0|   32|    6209|   5023|    0|
+-----------------+---------+-----+--------+-------+-----+
|Available        |      280|  220|  106400|  53200|    0|
+-----------------+---------+-----+--------+-------+-----+
|Utilization (%)  |        0|   14|       5|      9|    0|
+-----------------+---------+-----+--------+-------+-----+

+ Detail: 
    * Instance: 
    +-----------------------------------+--------------------------------+---------+----+-----+-----+-----+
    |              Instance             |             Module             | BRAM_18K| DSP|  FF | LUT | URAM|
    +-----------------------------------+--------------------------------+---------+----+-----+-----+-----+
    |ctlz_30_30_1_1_U17                 |ctlz_30_30_1_1                  |        0|   0|    0|   40|    0|
    |ctlz_32_32_1_1_U20                 |ctlz_32_32_1_1                  |        0|   0|    0|   44|    0|
    |ctlz_32_32_1_1_U21                 |ctlz_32_32_1_1                  |        0|   0|    0|   44|    0|
    |dmul_64ns_64ns_64_7_max_dsp_1_U10  |dmul_64ns_64ns_64_7_max_dsp_1   |        0|  11|  342|  586|    0|
    |fadd_32ns_32ns_32_5_full_dsp_1_U1  |fadd_32ns_32ns_32_5_full_dsp_1  |        0|   2|  205|  390|    0|
    |fcmp_32ns_32ns_1_2_no_dsp_1_U9     |fcmp_32ns_32ns_1_2_no_dsp_1     |        0|   0|    0|    0|    0|
    |fmul_32ns_32ns_32_4_max_dsp_1_U3   |fmul_32ns_32ns_32_4_max_dsp_1   |        0|   3|  143|  321|    0|
    |fmul_32ns_32ns_32_4_max_dsp_1_U4   |fmul_32ns_32ns_32_4_max_dsp_1   |        0|   3|  143|  321|    0|
    |fpext_32ns_64_2_no_dsp_1_U8        |fpext_32ns_64_2_no_dsp_1        |        0|   0|    0|    0|    0|
    |fptrunc_64ns_32_2_no_dsp_1_U7      |fptrunc_64ns_32_2_no_dsp_1      |        0|   0|    0|    0|    0|
    |mul_15ns_15ns_30_1_1_U18           |mul_15ns_15ns_30_1_1            |        0|   1|    0|    6|    0|
    |mul_15ns_15s_30_1_1_U19            |mul_15ns_15s_30_1_1             |        0|   1|    0|    6|    0|
    |mul_23s_22ns_45_1_1_U11            |mul_23s_22ns_45_1_1             |        0|   2|    0|   31|    0|
    |mul_30s_29ns_58_2_1_U12            |mul_30s_29ns_58_2_1             |        0|   4|  118|   47|    0|
    |mul_80s_24ns_80_5_1_U13            |mul_80s_24ns_80_5_1             |        0|   5|  441|  256|    0|
    |sitofp_32ns_32_6_no_dsp_1_U6       |sitofp_32ns_32_6_no_dsp_1       |        0|   0|    0|    0|    0|
    |sparsemux_17_3_1_1_1_U14           |sparsemux_17_3_1_1_1            |        0|   0|    0|   42|    0|
    |sparsemux_33_4_1_1_1_U15           |sparsemux_33_4_1_1_1            |        0|   0|    0|   65|    0|
    |sparsemux_33_4_1_1_1_U16           |sparsemux_33_4_1_1_1            |        0|   0|    0|   65|    0|
    +-----------------------------------+--------------------------------+---------+----+-----+-----+-----+
    |Total                              |                                |        0|  32| 1392| 2264|    0|
    +-----------------------------------+--------------------------------+---------+----+-----+-----+-----+

    * DSP: 
    N/A

    * Memory: 
    +---------------------------------+----------------------------------------------------------------------------------+---------+-----+-----+-----+------+-----+------+-------------+
    |              Memory             |                                      Module                                      | BRAM_18K|  FF | LUT | URAM| Words| Bits| Banks| W*Bits*Banks|
    +---------------------------------+----------------------------------------------------------------------------------+---------+-----+-----+-----+------+-----+------+-------------+
    |ref_4oPi_table_100_U             |chirp_Pipeline_VITIS_LOOP_60_1_VITIS_LOOP_63_2_ref_4oPi_table_100_ROM_1P_LUTRbkb  |        0|  100|   21|    0|    13|  100|     1|         1300|
    |second_order_float_sin_cos_K0_U  |chirp_Pipeline_VITIS_LOOP_60_1_VITIS_LOOP_63_2_second_order_float_sin_cos_K0_cud  |        0|   30|  120|    0|   256|   30|     1|         7680|
    |second_order_float_sin_cos_K1_U  |chirp_Pipeline_VITIS_LOOP_60_1_VITIS_LOOP_63_2_second_order_float_sin_cos_K1_dEe  |        0|   23|   92|    0|   256|   23|     1|         5888|
    |second_order_float_sin_cos_K2_U  |chirp_Pipeline_VITIS_LOOP_60_1_VITIS_LOOP_63_2_second_order_float_sin_cos_K2_eOg  |        0|   15|   60|    0|   256|   15|     1|         3840|
    +---------------------------------+----------------------------------------------------------------------------------+---------+-----+-----+-----+------+-----+------+-------------+
    |Total                            |                                                                                  |        0|  168|  293|    0|   781|  168|     4|        18708|
    +---------------------------------+----------------------------------------------------------------------------------+---------+-----+-----+-----+------+-----+------+-------------+

    * FIFO: 
    N/A

    * Expression: 
    +----------------------------+----------+----+---+-----+------------+------------+
    |        Variable Name       | Operation| DSP| FF| LUT | Bitwidth P0| Bitwidth P1|
    +----------------------------+----------+----+---+-----+------------+------------+
    |Ex_fu_1042_p2               |         +|   0|  0|   15|           8|           8|
    |add_ln300_fu_1416_p2        |         +|   0|  0|    9|           9|           7|
    |add_ln32_1_fu_1276_p2       |         +|   0|  0|   30|          30|          30|
    |add_ln32_fu_1267_p2         |         +|   0|  0|   30|          30|          30|
    |add_ln376_fu_687_p2         |         +|   0|  0|   15|           8|           7|
    |add_ln60_1_fu_491_p2        |         +|   0|  0|   69|          62|           1|
    |add_ln60_fu_517_p2          |         +|   0|  0|   38|          31|           1|
    |add_ln63_fu_561_p2          |         +|   0|  0|   30|          23|           1|
    |add_ln85_fu_555_p2          |         +|   0|  0|   29|          22|          22|
    |Ex_1_fu_1092_p2             |         -|   0|  0|   15|           8|           8|
    |Mx_bits_1_fu_784_p2         |         -|   0|  0|   65|           1|          58|
    |newexp_fu_1422_p2           |         -|   0|  0|    9|           9|           9|
    |sub_ln506_fu_1106_p2        |         -|   0|  0|   15|           1|           8|
    |and_ln271_fu_1008_p2        |       and|   0|  0|    2|           1|           1|
    |and_ln75_1_fu_648_p2        |       and|   0|  0|    2|           1|           1|
    |and_ln75_fu_642_p2          |       and|   0|  0|    2|           1|           1|
    |results_sign_1_fu_1024_p2   |       and|   0|  0|    2|           1|           1|
    |results_sign_2_fu_1036_p2   |       and|   0|  0|    2|           1|           1|
    |closepath_fu_681_p2         |      icmp|   0|  0|   15|           8|           7|
    |icmp_ln271_1_fu_749_p2      |      icmp|   0|  0|   30|          23|           1|
    |icmp_ln271_fu_1003_p2       |      icmp|   0|  0|   15|           8|           1|
    |icmp_ln282_fu_1013_p2       |      icmp|   0|  0|   15|           8|           2|
    |icmp_ln292_fu_1377_p2       |      icmp|   0|  0|   14|           5|           6|
    |icmp_ln306_fu_1383_p2       |      icmp|   0|  0|   36|          29|           1|
    |icmp_ln60_fu_486_p2         |      icmp|   0|  0|   69|          62|          62|
    |icmp_ln63_fu_512_p2         |      icmp|   0|  0|   39|          32|          32|
    |icmp_ln75_1_fu_613_p2       |      icmp|   0|  0|   30|          23|           1|
    |icmp_ln75_2_fu_625_p2       |      icmp|   0|  0|   15|           8|           2|
    |icmp_ln75_3_fu_631_p2       |      icmp|   0|  0|   30|          23|           1|
    |icmp_ln75_fu_607_p2         |      icmp|   0|  0|   15|           8|           2|
    |lshr_ln506_fu_1124_p2       |      lshr|   0|  0|  100|          32|          32|
    |or_ln282_fu_1478_p2         |        or|   0|  0|    2|           1|           1|
    |or_ln306_fu_1436_p2         |        or|   0|  0|    2|           1|           1|
    |or_ln75_1_fu_636_p2         |        or|   0|  0|    2|           1|           1|
    |or_ln75_fu_619_p2           |        or|   0|  0|    2|           1|           1|
    |Ex_2_fu_1173_p3             |    select|   0|  0|    8|           1|           8|
    |Mx_1_fu_1147_p3             |    select|   0|  0|   29|           1|          29|
    |Mx_bits_3_fu_789_p3         |    select|   0|  0|   58|           1|          58|
    |addr_fu_693_p3              |    select|   0|  0|    8|           1|           6|
    |empty_31_fu_1464_p3         |    select|   0|  0|   23|           1|          23|
    |k_fu_774_p3                 |    select|   0|  0|    3|           1|           1|
    |results_exp_1_fu_1506_p3    |    select|   0|  0|    8|           1|           7|
    |results_exp_fu_1483_p3      |    select|   0|  0|    8|           1|           8|
    |results_sig_1_fu_1513_p3    |    select|   0|  0|   23|           1|           1|
    |results_sig_fu_1498_p3      |    select|   0|  0|   23|           1|          23|
    |results_sign_fu_995_p3      |    select|   0|  0|    2|           1|           1|
    |select_ln282_2_fu_1491_p3   |    select|   0|  0|    2|           1|           2|
    |select_ln282_fu_1471_p3     |    select|   0|  0|    2|           1|           2|
    |select_ln453_fu_1047_p3     |    select|   0|  0|    8|           1|           8|
    |select_ln506_1_fu_1136_p3   |    select|   0|  0|   32|           1|          32|
    |select_ln506_fu_1112_p3     |    select|   0|  0|    8|           1|           8|
    |select_ln60_1_fu_531_p3     |    select|   0|  0|   31|           1|          31|
    |select_ln60_fu_523_p3       |    select|   0|  0|   23|           1|          23|
    |shift_2_fu_1406_p3          |    select|   0|  0|    5|           1|           5|
    |in_shift_1_fu_1372_p2       |       shl|   0|  0|   84|          28|          28|
    |in_shift_2_fu_1401_p2       |       shl|   0|  0|   84|          28|          28|
    |shl_ln379_fu_723_p2         |       shl|   0|  0|  325|         100|         100|
    |shl_ln504_fu_1073_p2        |       shl|   0|  0|  169|          58|          58|
    |shl_ln506_fu_1130_p2        |       shl|   0|  0|  100|          32|          32|
    |ap_enable_pp0               |       xor|   0|  0|    2|           1|           2|
    |not_and_ln271_i_fu_1030_p2  |       xor|   0|  0|    2|           2|           1|
    |xor_ln282_fu_1018_p2        |       xor|   0|  0|    2|           1|           2|
    +----------------------------+----------+----+---+-----+------------+------------+
    |Total                       |          |   0|  0| 1882|         789|         876|
    +----------------------------+----------+----+---+-----+------------+------------+

    * Multiplexer: 
    +------------------------------------------+----+-----------+-----+-----------+
    |                   Name                   | LUT| Input Size| Bits| Total Bits|
    +------------------------------------------+----+-----------+-----+-----------+
    |ap_done_int                               |   9|          2|    1|          2|
    |ap_enable_reg_pp0_iter1                   |   9|          2|    1|          2|
    |ap_enable_reg_pp0_iter2                   |   9|          2|    1|          2|
    |ap_phi_mux_storemerge_phi_fu_410_p4       |   9|          2|   32|         64|
    |ap_phi_reg_pp0_iter28_storemerge_reg_406  |   9|          2|   32|         64|
    |chirp_1_fu_286                            |   9|          2|   31|         62|
    |indvar_flatten_fu_290                     |   9|          2|   62|        124|
    |n_fu_282                                  |   9|          2|   23|         46|
    +------------------------------------------+----+-----------+-----+-----------+
    |Total                                     |  72|         16|  183|        366|
    +------------------------------------------+----+-----------+-----+-----------+

    * Register: 
    +---------------------------------------------+----+----+-----+-----------+
    |                     Name                    | FF | LUT| Bits| Const Bits|
    +---------------------------------------------+----+----+-----+-----------+
    |B_reg_1784                                   |  22|   0|   22|          0|
    |B_squared_reg_1824                           |  15|   0|   15|          0|
    |B_trunc_reg_1799                             |  15|   0|   15|          0|
    |B_trunc_reg_1799_pp0_iter60_reg              |  15|   0|   15|          0|
    |Ex_1_reg_1767                                |   8|   0|    8|          0|
    |Ex_1_reg_1767_pp0_iter59_reg                 |   8|   0|    8|          0|
    |Ex_2_reg_1804                                |   8|   0|    8|          0|
    |Med_reg_1700                                 |  80|   0|   80|          0|
    |Mx_1_reg_1789                                |  29|   0|   29|          0|
    |Mx_bits_3_reg_1726                           |  58|   0|   58|          0|
    |Mx_bits_reg_1715                             |  58|   0|   58|          0|
    |Mx_reg_1761                                  |  29|   0|   29|          0|
    |add_ln32_1_reg_1854                          |  30|   0|   30|          0|
    |add_ln85_reg_1598                            |  22|   0|   22|          0|
    |add_reg_1646                                 |  32|   0|   32|          0|
    |and_ln271_reg_1743                           |   1|   0|    1|          0|
    |and_ln75_1_reg_1622                          |   1|   0|    1|          0|
    |ap_CS_fsm                                    |   1|   0|    1|          0|
    |ap_done_reg                                  |   1|   0|    1|          0|
    |ap_enable_reg_pp0_iter1                      |   1|   0|    1|          0|
    |ap_enable_reg_pp0_iter10                     |   1|   0|    1|          0|
    |ap_enable_reg_pp0_iter11                     |   1|   0|    1|          0|
    |ap_enable_reg_pp0_iter12                     |   1|   0|    1|          0|
    |ap_enable_reg_pp0_iter13                     |   1|   0|    1|          0|
    |ap_enable_reg_pp0_iter14                     |   1|   0|    1|          0|
    |ap_enable_reg_pp0_iter15                     |   1|   0|    1|          0|
    |ap_enable_reg_pp0_iter16                     |   1|   0|    1|          0|
    |ap_enable_reg_pp0_iter17                     |   1|   0|    1|          0|
    |ap_enable_reg_pp0_iter18                     |   1|   0|    1|          0|
    |ap_enable_reg_pp0_iter19                     |   1|   0|    1|          0|
    |ap_enable_reg_pp0_iter2                      |   1|   0|    1|          0|
    |ap_enable_reg_pp0_iter20                     |   1|   0|    1|          0|
    |ap_enable_reg_pp0_iter21                     |   1|   0|    1|          0|
    |ap_enable_reg_pp0_iter22                     |   1|   0|    1|          0|
    |ap_enable_reg_pp0_iter23                     |   1|   0|    1|          0|
    |ap_enable_reg_pp0_iter24                     |   1|   0|    1|          0|
    |ap_enable_reg_pp0_iter25                     |   1|   0|    1|          0|
    |ap_enable_reg_pp0_iter26                     |   1|   0|    1|          0|
    |ap_enable_reg_pp0_iter27                     |   1|   0|    1|          0|
    |ap_enable_reg_pp0_iter28                     |   1|   0|    1|          0|
    |ap_enable_reg_pp0_iter29                     |   1|   0|    1|          0|
    |ap_enable_reg_pp0_iter3                      |   1|   0|    1|          0|
    |ap_enable_reg_pp0_iter30                     |   1|   0|    1|          0|
    |ap_enable_reg_pp0_iter31                     |   1|   0|    1|          0|
    |ap_enable_reg_pp0_iter32                     |   1|   0|    1|          0|
    |ap_enable_reg_pp0_iter33                     |   1|   0|    1|          0|
    |ap_enable_reg_pp0_iter34                     |   1|   0|    1|          0|
    |ap_enable_reg_pp0_iter35                     |   1|   0|    1|          0|
    |ap_enable_reg_pp0_iter36                     |   1|   0|    1|          0|
    |ap_enable_reg_pp0_iter37                     |   1|   0|    1|          0|
    |ap_enable_reg_pp0_iter38                     |   1|   0|    1|          0|
    |ap_enable_reg_pp0_iter39                     |   1|   0|    1|          0|
    |ap_enable_reg_pp0_iter4                      |   1|   0|    1|          0|
    |ap_enable_reg_pp0_iter40                     |   1|   0|    1|          0|
    |ap_enable_reg_pp0_iter41                     |   1|   0|    1|          0|
    |ap_enable_reg_pp0_iter42                     |   1|   0|    1|          0|
    |ap_enable_reg_pp0_iter43                     |   1|   0|    1|          0|
    |ap_enable_reg_pp0_iter44                     |   1|   0|    1|          0|
    |ap_enable_reg_pp0_iter45                     |   1|   0|    1|          0|
    |ap_enable_reg_pp0_iter46                     |   1|   0|    1|          0|
    |ap_enable_reg_pp0_iter47                     |   1|   0|    1|          0|
    |ap_enable_reg_pp0_iter48                     |   1|   0|    1|          0|
    |ap_enable_reg_pp0_iter49                     |   1|   0|    1|          0|
    |ap_enable_reg_pp0_iter5                      |   1|   0|    1|          0|
    |ap_enable_reg_pp0_iter50                     |   1|   0|    1|          0|
    |ap_enable_reg_pp0_iter51                     |   1|   0|    1|          0|
    |ap_enable_reg_pp0_iter52                     |   1|   0|    1|          0|
    |ap_enable_reg_pp0_iter53                     |   1|   0|    1|          0|
    |ap_enable_reg_pp0_iter54                     |   1|   0|    1|          0|
    |ap_enable_reg_pp0_iter55                     |   1|   0|    1|          0|
    |ap_enable_reg_pp0_iter56                     |   1|   0|    1|          0|
    |ap_enable_reg_pp0_iter57                     |   1|   0|    1|          0|
    |ap_enable_reg_pp0_iter58                     |   1|   0|    1|          0|
    |ap_enable_reg_pp0_iter59                     |   1|   0|    1|          0|
    |ap_enable_reg_pp0_iter6                      |   1|   0|    1|          0|
    |ap_enable_reg_pp0_iter60                     |   1|   0|    1|          0|
    |ap_enable_reg_pp0_iter61                     |   1|   0|    1|          0|
    |ap_enable_reg_pp0_iter62                     |   1|   0|    1|          0|
    |ap_enable_reg_pp0_iter63                     |   1|   0|    1|          0|
    |ap_enable_reg_pp0_iter64                     |   1|   0|    1|          0|
    |ap_enable_reg_pp0_iter65                     |   1|   0|    1|          0|
    |ap_enable_reg_pp0_iter66                     |   1|   0|    1|          0|
    |ap_enable_reg_pp0_iter67                     |   1|   0|    1|          0|
    |ap_enable_reg_pp0_iter68                     |   1|   0|    1|          0|
    |ap_enable_reg_pp0_iter7                      |   1|   0|    1|          0|
    |ap_enable_reg_pp0_iter8                      |   1|   0|    1|          0|
    |ap_enable_reg_pp0_iter9                      |   1|   0|    1|          0|
    |ap_loop_exit_ready_pp0_iter10_reg            |   1|   0|    1|          0|
    |ap_loop_exit_ready_pp0_iter11_reg            |   1|   0|    1|          0|
    |ap_loop_exit_ready_pp0_iter12_reg            |   1|   0|    1|          0|
    |ap_loop_exit_ready_pp0_iter13_reg            |   1|   0|    1|          0|
    |ap_loop_exit_ready_pp0_iter14_reg            |   1|   0|    1|          0|
    |ap_loop_exit_ready_pp0_iter15_reg            |   1|   0|    1|          0|
    |ap_loop_exit_ready_pp0_iter16_reg            |   1|   0|    1|          0|
    |ap_loop_exit_ready_pp0_iter17_reg            |   1|   0|    1|          0|
    |ap_loop_exit_ready_pp0_iter18_reg            |   1|   0|    1|          0|
    |ap_loop_exit_ready_pp0_iter19_reg            |   1|   0|    1|          0|
    |ap_loop_exit_ready_pp0_iter20_reg            |   1|   0|    1|          0|
    |ap_loop_exit_ready_pp0_iter21_reg            |   1|   0|    1|          0|
    |ap_loop_exit_ready_pp0_iter22_reg            |   1|   0|    1|          0|
    |ap_loop_exit_ready_pp0_iter23_reg            |   1|   0|    1|          0|
    |ap_loop_exit_ready_pp0_iter24_reg            |   1|   0|    1|          0|
    |ap_loop_exit_ready_pp0_iter25_reg            |   1|   0|    1|          0|
    |ap_loop_exit_ready_pp0_iter26_reg            |   1|   0|    1|          0|
    |ap_loop_exit_ready_pp0_iter27_reg            |   1|   0|    1|          0|
    |ap_loop_exit_ready_pp0_iter28_reg            |   1|   0|    1|          0|
    |ap_loop_exit_ready_pp0_iter29_reg            |   1|   0|    1|          0|
    |ap_loop_exit_ready_pp0_iter2_reg             |   1|   0|    1|          0|
    |ap_loop_exit_ready_pp0_iter30_reg            |   1|   0|    1|          0|
    |ap_loop_exit_ready_pp0_iter31_reg            |   1|   0|    1|          0|
    |ap_loop_exit_ready_pp0_iter32_reg            |   1|   0|    1|          0|
    |ap_loop_exit_ready_pp0_iter33_reg            |   1|   0|    1|          0|
    |ap_loop_exit_ready_pp0_iter34_reg            |   1|   0|    1|          0|
    |ap_loop_exit_ready_pp0_iter35_reg            |   1|   0|    1|          0|
    |ap_loop_exit_ready_pp0_iter36_reg            |   1|   0|    1|          0|
    |ap_loop_exit_ready_pp0_iter37_reg            |   1|   0|    1|          0|
    |ap_loop_exit_ready_pp0_iter38_reg            |   1|   0|    1|          0|
    |ap_loop_exit_ready_pp0_iter39_reg            |   1|   0|    1|          0|
    |ap_loop_exit_ready_pp0_iter3_reg             |   1|   0|    1|          0|
    |ap_loop_exit_ready_pp0_iter40_reg            |   1|   0|    1|          0|
    |ap_loop_exit_ready_pp0_iter41_reg            |   1|   0|    1|          0|
    |ap_loop_exit_ready_pp0_iter42_reg            |   1|   0|    1|          0|
    |ap_loop_exit_ready_pp0_iter43_reg            |   1|   0|    1|          0|
    |ap_loop_exit_ready_pp0_iter44_reg            |   1|   0|    1|          0|
    |ap_loop_exit_ready_pp0_iter45_reg            |   1|   0|    1|          0|
    |ap_loop_exit_ready_pp0_iter46_reg            |   1|   0|    1|          0|
    |ap_loop_exit_ready_pp0_iter47_reg            |   1|   0|    1|          0|
    |ap_loop_exit_ready_pp0_iter48_reg            |   1|   0|    1|          0|
    |ap_loop_exit_ready_pp0_iter49_reg            |   1|   0|    1|          0|
    |ap_loop_exit_ready_pp0_iter4_reg             |   1|   0|    1|          0|
    |ap_loop_exit_ready_pp0_iter50_reg            |   1|   0|    1|          0|
    |ap_loop_exit_ready_pp0_iter51_reg            |   1|   0|    1|          0|
    |ap_loop_exit_ready_pp0_iter52_reg            |   1|   0|    1|          0|
    |ap_loop_exit_ready_pp0_iter53_reg            |   1|   0|    1|          0|
    |ap_loop_exit_ready_pp0_iter54_reg            |   1|   0|    1|          0|
    |ap_loop_exit_ready_pp0_iter55_reg            |   1|   0|    1|          0|
    |ap_loop_exit_ready_pp0_iter56_reg            |   1|   0|    1|          0|
    |ap_loop_exit_ready_pp0_iter57_reg            |   1|   0|    1|          0|
    |ap_loop_exit_ready_pp0_iter58_reg            |   1|   0|    1|          0|
    |ap_loop_exit_ready_pp0_iter59_reg            |   1|   0|    1|          0|
    |ap_loop_exit_ready_pp0_iter5_reg             |   1|   0|    1|          0|
    |ap_loop_exit_ready_pp0_iter60_reg            |   1|   0|    1|          0|
    |ap_loop_exit_ready_pp0_iter61_reg            |   1|   0|    1|          0|
    |ap_loop_exit_ready_pp0_iter62_reg            |   1|   0|    1|          0|
    |ap_loop_exit_ready_pp0_iter63_reg            |   1|   0|    1|          0|
    |ap_loop_exit_ready_pp0_iter64_reg            |   1|   0|    1|          0|
    |ap_loop_exit_ready_pp0_iter65_reg            |   1|   0|    1|          0|
    |ap_loop_exit_ready_pp0_iter66_reg            |   1|   0|    1|          0|
    |ap_loop_exit_ready_pp0_iter67_reg            |   1|   0|    1|          0|
    |ap_loop_exit_ready_pp0_iter6_reg             |   1|   0|    1|          0|
    |ap_loop_exit_ready_pp0_iter7_reg             |   1|   0|    1|          0|
    |ap_loop_exit_ready_pp0_iter8_reg             |   1|   0|    1|          0|
    |ap_loop_exit_ready_pp0_iter9_reg             |   1|   0|    1|          0|
    |ap_phi_reg_pp0_iter10_storemerge_reg_406     |  32|   0|   32|          0|
    |ap_phi_reg_pp0_iter11_storemerge_reg_406     |  32|   0|   32|          0|
    |ap_phi_reg_pp0_iter12_storemerge_reg_406     |  32|   0|   32|          0|
    |ap_phi_reg_pp0_iter13_storemerge_reg_406     |  32|   0|   32|          0|
    |ap_phi_reg_pp0_iter14_storemerge_reg_406     |  32|   0|   32|          0|
    |ap_phi_reg_pp0_iter15_storemerge_reg_406     |  32|   0|   32|          0|
    |ap_phi_reg_pp0_iter16_storemerge_reg_406     |  32|   0|   32|          0|
    |ap_phi_reg_pp0_iter17_storemerge_reg_406     |  32|   0|   32|          0|
    |ap_phi_reg_pp0_iter18_storemerge_reg_406     |  32|   0|   32|          0|
    |ap_phi_reg_pp0_iter19_storemerge_reg_406     |  32|   0|   32|          0|
    |ap_phi_reg_pp0_iter1_storemerge_reg_406      |  32|   0|   32|          0|
    |ap_phi_reg_pp0_iter20_storemerge_reg_406     |  32|   0|   32|          0|
    |ap_phi_reg_pp0_iter21_storemerge_reg_406     |  32|   0|   32|          0|
    |ap_phi_reg_pp0_iter22_storemerge_reg_406     |  32|   0|   32|          0|
    |ap_phi_reg_pp0_iter23_storemerge_reg_406     |  32|   0|   32|          0|
    |ap_phi_reg_pp0_iter24_storemerge_reg_406     |  32|   0|   32|          0|
    |ap_phi_reg_pp0_iter25_storemerge_reg_406     |  32|   0|   32|          0|
    |ap_phi_reg_pp0_iter26_storemerge_reg_406     |  32|   0|   32|          0|
    |ap_phi_reg_pp0_iter27_storemerge_reg_406     |  32|   0|   32|          0|
    |ap_phi_reg_pp0_iter28_storemerge_reg_406     |  32|   0|   32|          0|
    |ap_phi_reg_pp0_iter29_storemerge_reg_406     |  32|   0|   32|          0|
    |ap_phi_reg_pp0_iter2_storemerge_reg_406      |  32|   0|   32|          0|
    |ap_phi_reg_pp0_iter30_storemerge_reg_406     |  32|   0|   32|          0|
    |ap_phi_reg_pp0_iter31_storemerge_reg_406     |  32|   0|   32|          0|
    |ap_phi_reg_pp0_iter32_storemerge_reg_406     |  32|   0|   32|          0|
    |ap_phi_reg_pp0_iter33_storemerge_reg_406     |  32|   0|   32|          0|
    |ap_phi_reg_pp0_iter34_storemerge_reg_406     |  32|   0|   32|          0|
    |ap_phi_reg_pp0_iter35_storemerge_reg_406     |  32|   0|   32|          0|
    |ap_phi_reg_pp0_iter36_storemerge_reg_406     |  32|   0|   32|          0|
    |ap_phi_reg_pp0_iter37_storemerge_reg_406     |  32|   0|   32|          0|
    |ap_phi_reg_pp0_iter38_storemerge_reg_406     |  32|   0|   32|          0|
    |ap_phi_reg_pp0_iter39_storemerge_reg_406     |  32|   0|   32|          0|
    |ap_phi_reg_pp0_iter3_storemerge_reg_406      |  32|   0|   32|          0|
    |ap_phi_reg_pp0_iter40_storemerge_reg_406     |  32|   0|   32|          0|
    |ap_phi_reg_pp0_iter41_storemerge_reg_406     |  32|   0|   32|          0|
    |ap_phi_reg_pp0_iter42_storemerge_reg_406     |  32|   0|   32|          0|
    |ap_phi_reg_pp0_iter43_storemerge_reg_406     |  32|   0|   32|          0|
    |ap_phi_reg_pp0_iter44_storemerge_reg_406     |  32|   0|   32|          0|
    |ap_phi_reg_pp0_iter45_storemerge_reg_406     |  32|   0|   32|          0|
    |ap_phi_reg_pp0_iter46_storemerge_reg_406     |  32|   0|   32|          0|
    |ap_phi_reg_pp0_iter47_storemerge_reg_406     |  32|   0|   32|          0|
    |ap_phi_reg_pp0_iter48_storemerge_reg_406     |  32|   0|   32|          0|
    |ap_phi_reg_pp0_iter49_storemerge_reg_406     |  32|   0|   32|          0|
    |ap_phi_reg_pp0_iter4_storemerge_reg_406      |  32|   0|   32|          0|
    |ap_phi_reg_pp0_iter50_storemerge_reg_406     |  32|   0|   32|          0|
    |ap_phi_reg_pp0_iter51_storemerge_reg_406     |  32|   0|   32|          0|
    |ap_phi_reg_pp0_iter52_storemerge_reg_406     |  32|   0|   32|          0|
    |ap_phi_reg_pp0_iter53_storemerge_reg_406     |  32|   0|   32|          0|
    |ap_phi_reg_pp0_iter54_storemerge_reg_406     |  32|   0|   32|          0|
    |ap_phi_reg_pp0_iter55_storemerge_reg_406     |  32|   0|   32|          0|
    |ap_phi_reg_pp0_iter56_storemerge_reg_406     |  32|   0|   32|          0|
    |ap_phi_reg_pp0_iter57_storemerge_reg_406     |  32|   0|   32|          0|
    |ap_phi_reg_pp0_iter58_storemerge_reg_406     |  32|   0|   32|          0|
    |ap_phi_reg_pp0_iter59_storemerge_reg_406     |  32|   0|   32|          0|
    |ap_phi_reg_pp0_iter5_storemerge_reg_406      |  32|   0|   32|          0|
    |ap_phi_reg_pp0_iter60_storemerge_reg_406     |  32|   0|   32|          0|
    |ap_phi_reg_pp0_iter61_storemerge_reg_406     |  32|   0|   32|          0|
    |ap_phi_reg_pp0_iter62_storemerge_reg_406     |  32|   0|   32|          0|
    |ap_phi_reg_pp0_iter63_storemerge_reg_406     |  32|   0|   32|          0|
    |ap_phi_reg_pp0_iter64_storemerge_reg_406     |  32|   0|   32|          0|
    |ap_phi_reg_pp0_iter65_storemerge_reg_406     |  32|   0|   32|          0|
    |ap_phi_reg_pp0_iter66_storemerge_reg_406     |  32|   0|   32|          0|
    |ap_phi_reg_pp0_iter67_storemerge_reg_406     |  32|   0|   32|          0|
    |ap_phi_reg_pp0_iter68_storemerge_reg_406     |  32|   0|   32|          0|
    |ap_phi_reg_pp0_iter6_storemerge_reg_406      |  32|   0|   32|          0|
    |ap_phi_reg_pp0_iter7_storemerge_reg_406      |  32|   0|   32|          0|
    |ap_phi_reg_pp0_iter8_storemerge_reg_406      |  32|   0|   32|          0|
    |ap_phi_reg_pp0_iter9_storemerge_reg_406      |  32|   0|   32|          0|
    |chirp_1_fu_286                               |  31|   0|   31|          0|
    |closepath_reg_1684                           |   1|   0|    1|          0|
    |conv1_reg_1651                               |  64|   0|   64|          0|
    |conv_reg_1608                                |  32|   0|   32|          0|
    |din_exp_reg_1671                             |   8|   0|    8|          0|
    |din_sig_reg_1678                             |  23|   0|   23|          0|
    |din_sig_reg_1678_pp0_iter51_reg              |  23|   0|   23|          0|
    |din_sign_reg_1666                            |   1|   0|    1|          0|
    |icmp_ln271_1_reg_1710                        |   1|   0|    1|          0|
    |icmp_ln282_reg_1749                          |   1|   0|    1|          0|
    |icmp_ln292_reg_1906                          |   1|   0|    1|          0|
    |icmp_ln306_reg_1912                          |   1|   0|    1|          0|
    |icmp_ln60_reg_1589                           |   1|   0|    1|          0|
    |in_shift_1_reg_1900                          |  28|   0|   28|          0|
    |indvar_flatten_fu_290                        |  62|   0|   62|          0|
    |mul1_reg_1641                                |  32|   0|   32|          0|
    |mul2_reg_1656                                |  64|   0|   64|          0|
    |mul9_reg_1631                                |  32|   0|   32|          0|
    |mul_reg_1636                                 |  32|   0|   32|          0|
    |n_fu_282                                     |  23|   0|   23|          0|
    |out_r_addr_reg_1626                          |  22|   0|   22|          0|
    |phase_reg_1661                               |  32|   0|   32|          0|
    |result_reg_1869                              |  29|   0|   29|          0|
    |results_exp_1_reg_1917                       |   8|   0|    8|          0|
    |results_sig_1_reg_1922                       |  23|   0|   23|          0|
    |results_sign_2_reg_1756                      |   1|   0|    1|          0|
    |second_order_float_sin_cos_K1_load_reg_1834  |  23|   0|   23|          0|
    |second_order_float_sin_cos_K2_load_reg_1839  |  15|   0|   15|          0|
    |select_ln60_reg_1593                         |  23|   0|   23|          0|
    |sin_basis_reg_1736                           |   1|   0|    1|          0|
    |sub_ln506_reg_1779                           |   8|   0|    8|          0|
    |t1_reg_1829                                  |  29|   0|   29|          0|
    |t1_reg_1829_pp0_iter62_reg                   |  29|   0|   29|          0|
    |t_reg_1613                                   |  32|   0|   32|          0|
    |tmp_1_i_reg_1874                             |  16|   0|   16|          0|
    |tmp_3_i_reg_1879                             |  13|   0|   13|          0|
    |tmp_7_i_reg_1731                             |  29|   0|   29|          0|
    |tmp_8_reg_1773                               |   1|   0|    1|          0|
    |tmp_i_reg_1794                               |   7|   0|    7|          0|
    |trunc_ln281_1_reg_1894                       |   4|   0|    4|          0|
    |trunc_ln281_reg_1889                         |   5|   0|    5|          0|
    |trunc_ln2_reg_1844                           |  22|   0|   22|          0|
    |trunc_ln379_reg_1695                         |   4|   0|    4|          0|
    |trunc_ln3_reg_1849                           |  14|   0|   14|          0|
    |trunc_ln5_reg_1884                           |  28|   0|   28|          0|
    |trunc_ln_i_reg_1721                          |   3|   0|    3|          0|
    |B_reg_1784                                   |  64|  32|   22|          0|
    |Ex_2_reg_1804                                |  64|  32|    8|          0|
    |Mx_1_reg_1789                                |  64|  32|   29|          0|
    |add_ln85_reg_1598                            |  64|  32|   22|          0|
    |and_ln271_reg_1743                           |  64|  32|    1|          0|
    |and_ln75_1_reg_1622                          |  64|  32|    1|          0|
    |closepath_reg_1684                           |  64|  32|    1|          0|
    |din_exp_reg_1671                             |  64|  32|    8|          0|
    |din_sign_reg_1666                            |  64|  32|    1|          0|
    |icmp_ln271_1_reg_1710                        |  64|  32|    1|          0|
    |icmp_ln282_reg_1749                          |  64|  32|    1|          0|
    |icmp_ln60_reg_1589                           |  64|  32|    1|          0|
    |out_r_addr_reg_1626                          |  64|  32|   22|          0|
    |results_sign_2_reg_1756                      |  64|  32|    1|          0|
    |sin_basis_reg_1736                           |  64|  32|    1|          0|
    |t_reg_1613                                   |  64|  32|   32|          0|
    +---------------------------------------------+----+----+-----+-----------+
    |Total                                        |4649| 512| 3777|          0|
    +---------------------------------------------+----+----+-----+-----------+



================================================================
== Interface
================================================================
* Summary: 
+--------------------+-----+-----+------------+------------------------------------------------+--------------+
|      RTL Ports     | Dir | Bits|  Protocol  |                  Source Object                 |    C Type    |
+--------------------+-----+-----+------------+------------------------------------------------+--------------+
|ap_clk              |   in|    1|  ap_ctrl_hs|  chirp_Pipeline_VITIS_LOOP_60_1_VITIS_LOOP_63_2|  return value|
|ap_rst              |   in|    1|  ap_ctrl_hs|  chirp_Pipeline_VITIS_LOOP_60_1_VITIS_LOOP_63_2|  return value|
|ap_start            |   in|    1|  ap_ctrl_hs|  chirp_Pipeline_VITIS_LOOP_60_1_VITIS_LOOP_63_2|  return value|
|ap_done             |  out|    1|  ap_ctrl_hs|  chirp_Pipeline_VITIS_LOOP_60_1_VITIS_LOOP_63_2|  return value|
|ap_idle             |  out|    1|  ap_ctrl_hs|  chirp_Pipeline_VITIS_LOOP_60_1_VITIS_LOOP_63_2|  return value|
|ap_ready            |  out|    1|  ap_ctrl_hs|  chirp_Pipeline_VITIS_LOOP_60_1_VITIS_LOOP_63_2|  return value|
|grp_fu_120_p_din0   |  out|   32|  ap_ctrl_hs|  chirp_Pipeline_VITIS_LOOP_60_1_VITIS_LOOP_63_2|  return value|
|grp_fu_120_p_din1   |  out|   32|  ap_ctrl_hs|  chirp_Pipeline_VITIS_LOOP_60_1_VITIS_LOOP_63_2|  return value|
|grp_fu_120_p_dout0  |   in|   32|  ap_ctrl_hs|  chirp_Pipeline_VITIS_LOOP_60_1_VITIS_LOOP_63_2|  return value|
|grp_fu_120_p_ce     |  out|    1|  ap_ctrl_hs|  chirp_Pipeline_VITIS_LOOP_60_1_VITIS_LOOP_63_2|  return value|
|grp_fu_125_p_din0   |  out|   32|  ap_ctrl_hs|  chirp_Pipeline_VITIS_LOOP_60_1_VITIS_LOOP_63_2|  return value|
|grp_fu_125_p_din1   |  out|   32|  ap_ctrl_hs|  chirp_Pipeline_VITIS_LOOP_60_1_VITIS_LOOP_63_2|  return value|
|grp_fu_125_p_dout0  |   in|   32|  ap_ctrl_hs|  chirp_Pipeline_VITIS_LOOP_60_1_VITIS_LOOP_63_2|  return value|
|grp_fu_125_p_ce     |  out|    1|  ap_ctrl_hs|  chirp_Pipeline_VITIS_LOOP_60_1_VITIS_LOOP_63_2|  return value|
|mul_ln11            |   in|   62|     ap_none|                                        mul_ln11|        scalar|
|f0                  |   in|   32|     ap_none|                                              f0|        scalar|
|mul8                |   in|   32|     ap_none|                                            mul8|        scalar|
|N_SAMPLES_USED      |   in|   32|     ap_none|                                  N_SAMPLES_USED|        scalar|
|out_r_address0      |  out|   22|   ap_memory|                                           out_r|         array|
|out_r_ce0           |  out|    1|   ap_memory|                                           out_r|         array|
|out_r_we0           |  out|    1|   ap_memory|                                           out_r|         array|
|out_r_d0            |  out|   32|   ap_memory|                                           out_r|         array|
|fs                  |   in|   32|     ap_none|                                              fs|        scalar|
|bitcast_ln75_1      |   in|   31|     ap_none|                                  bitcast_ln75_1|        scalar|
|empty               |   in|   23|     ap_none|                                           empty|        scalar|
|Tc                  |   in|   32|     ap_none|                                              Tc|        scalar|
+--------------------+-----+-----+------------+------------------------------------------------+--------------+

