

================================================================
== Vitis HLS Report for 'chirp'
================================================================
* Date:           Wed Aug 19 11:05:43 2026

* Version:        2025.2 (Build 6295257 on Nov 14 2025)
* Project:        ChirpGenerator
* Solution:       hls (Vivado IP Flow Target)
* Product family: zynq
* Target device:  xc7z020-clg484-1


================================================================
== Performance Estimates
================================================================
+ Timing: 
    * Summary: 
    +--------+----------+----------+------------+
    |  Clock |  Target  | Estimated| Uncertainty|
    +--------+----------+----------+------------+
    |ap_clk  |  10.00 ns|  7.256 ns|     2.70 ns|
    +--------+----------+----------+------------+

+ Latency: 
    * Summary: 
    +---------+---------+-----------+-----------+------+------+---------+
    |  Latency (cycles) |   Latency (absolute)  |   Interval  | Pipeline|
    |   min   |   max   |    min    |    max    |  min |  max |   Type  |
    +---------+---------+-----------+-----------+------+------+---------+
    |     1126|     1126|  11.260 us|  11.260 us|  1127|  1127|       no|
    +---------+---------+-----------+-----------+------+------+---------+

    + Detail: 
        * Instance: 
        +------------------------------------------+--------------------------------+---------+---------+-----------+-----------+-----+-----+-------------------+
        |                                          |                                |  Latency (cycles) |   Latency (absolute)  |  Interval |      Pipeline     |
        |                 Instance                 |             Module             |   min   |   max   |    min    |    max    | min | max |        Type       |
        +------------------------------------------+--------------------------------+---------+---------+-----------+-----------+-----+-----+-------------------+
        |grp_chirp_Pipeline_VITIS_LOOP_17_1_fu_60  |chirp_Pipeline_VITIS_LOOP_17_1  |     1089|     1089|  10.890 us|  10.890 us|    0|    0|  loop pipeline stp|
        +------------------------------------------+--------------------------------+---------+---------+-----------+-----------+-----+-----+-------------------+

        * Loop: 
        N/A



================================================================
== Utilization Estimates
================================================================
* Summary: 
+-----------------+---------+-----+--------+-------+-----+
|       Name      | BRAM_18K| DSP |   FF   |  LUT  | URAM|
+-----------------+---------+-----+--------+-------+-----+
|DSP              |        -|    -|       -|      -|    -|
|Expression       |        -|    -|       -|      -|    -|
|FIFO             |        -|    -|       -|      -|    -|
|Instance         |        -|   35|    3717|   4780|    -|
|Memory           |        -|    -|       -|      -|    -|
|Multiplexer      |        -|    -|       0|    309|    -|
|Register         |        -|    -|     199|      -|    -|
+-----------------+---------+-----+--------+-------+-----+
|Total            |        0|   35|    3916|   5089|    0|
+-----------------+---------+-----+--------+-------+-----+
|Available        |      280|  220|  106400|  53200|    0|
+-----------------+---------+-----+--------+-------+-----+
|Utilization (%)  |        0|   15|       3|      9|    0|
+-----------------+---------+-----+--------+-------+-----+

+ Detail: 
    * Instance: 
    +------------------------------------------+------------------------------------+---------+----+------+------+-----+
    |                 Instance                 |               Module               | BRAM_18K| DSP|  FF  |  LUT | URAM|
    +------------------------------------------+------------------------------------+---------+----+------+------+-----+
    |grp_chirp_Pipeline_VITIS_LOOP_17_1_fu_60  |chirp_Pipeline_VITIS_LOOP_17_1      |        0|  30|  3369|  4069|    0|
    |faddfsub_32ns_32ns_32_5_full_dsp_1_U44    |faddfsub_32ns_32ns_32_5_full_dsp_1  |        0|   2|   205|   390|    0|
    |fdiv_32ns_32ns_32_16_no_dsp_1_U46         |fdiv_32ns_32ns_32_16_no_dsp_1       |        0|   0|     0|     0|    0|
    |fmul_32ns_32ns_32_4_max_dsp_1_U45         |fmul_32ns_32ns_32_4_max_dsp_1       |        0|   3|   143|   321|    0|
    +------------------------------------------+------------------------------------+---------+----+------+------+-----+
    |Total                                     |                                    |        0|  35|  3717|  4780|    0|
    +------------------------------------------+------------------------------------+---------+----+------+------+-----+

    * DSP: 
    N/A

    * Memory: 
    N/A

    * FIFO: 
    N/A

    * Expression: 
    N/A

    * Multiplexer: 
    +------------------+-----+-----------+-----+-----------+
    |       Name       | LUT | Input Size| Bits| Total Bits|
    +------------------+-----+-----------+-----+-----------+
    |ap_NS_fsm         |  172|         39|    1|         39|
    |grp_fu_77_ce      |    9|          2|    1|          2|
    |grp_fu_77_opcode  |   14|          3|    2|          6|
    |grp_fu_77_p0      |   14|          3|   32|         96|
    |grp_fu_77_p1      |   14|          3|   32|         96|
    |grp_fu_83_ce      |    9|          2|    1|          2|
    |grp_fu_83_p0      |   14|          3|   32|         96|
    |grp_fu_83_p1      |   14|          3|   32|         96|
    |grp_fu_88_ce      |    9|          2|    1|          2|
    |grp_fu_88_p0      |   20|          4|   32|        128|
    |grp_fu_88_p1      |   20|          4|   32|        128|
    +------------------+-----+-----------+-----+-----------+
    |Total             |  309|         68|  198|        691|
    +------------------+-----+-----------+-----+-----------+

    * Register: 
    +-------------------------------------------------------+----+----+-----+-----------+
    |                          Name                         | FF | LUT| Bits| Const Bits|
    +-------------------------------------------------------+----+----+-----+-----------+
    |ap_CS_fsm                                              |  38|   0|   38|          0|
    |f0_read_reg_111                                        |  32|   0|   32|          0|
    |fs_read_reg_100                                        |  32|   0|   32|          0|
    |grp_chirp_Pipeline_VITIS_LOOP_17_1_fu_60_ap_start_reg  |   1|   0|    1|          0|
    |mul3_reg_122                                           |  32|   0|   32|          0|
    |reg_94                                                 |  32|   0|   32|          0|
    |sub_reg_117                                            |  32|   0|   32|          0|
    +-------------------------------------------------------+----+----+-----+-----------+
    |Total                                                  | 199|   0|  199|          0|
    +-------------------------------------------------------+----+----+-----+-----------+



================================================================
== Interface
================================================================
* Summary: 
+----------------+-----+-----+------------+--------------+--------------+
|    RTL Ports   | Dir | Bits|  Protocol  | Source Object|    C Type    |
+----------------+-----+-----+------------+--------------+--------------+
|ap_clk          |   in|    1|  ap_ctrl_hs|         chirp|  return value|
|ap_rst          |   in|    1|  ap_ctrl_hs|         chirp|  return value|
|ap_start        |   in|    1|  ap_ctrl_hs|         chirp|  return value|
|ap_done         |  out|    1|  ap_ctrl_hs|         chirp|  return value|
|ap_idle         |  out|    1|  ap_ctrl_hs|         chirp|  return value|
|ap_ready        |  out|    1|  ap_ctrl_hs|         chirp|  return value|
|out_r_address0  |  out|   10|   ap_memory|         out_r|         array|
|out_r_ce0       |  out|    1|   ap_memory|         out_r|         array|
|out_r_we0       |  out|    1|   ap_memory|         out_r|         array|
|out_r_d0        |  out|   32|   ap_memory|         out_r|         array|
|fs              |   in|   32|     ap_none|            fs|        scalar|
|f0              |   in|   32|     ap_none|            f0|        scalar|
|f1              |   in|   32|     ap_none|            f1|        scalar|
+----------------+-----+-----+------------+--------------+--------------+

