

================================================================
== Synthesis Summary Report of 'chirp'
================================================================
+ General Information: 
    * Date:           Tue Aug 18 14:57:56 2026
    * Version:        2025.2 (Build 6295257 on Nov 14 2025)
    * Project:        ChirpGenerator
    * Solution:       hls (Vivado IP Flow Target)
    * Product family: zynq
    * Target device:  xc7z020-clg484-1
    

* Performance & Resource Estimates: 
+---------------------------------------------------+------+---------------+----------+---------+------+----------+---------+-----+------+------+----------+-----------+------------+-----+
|                      Modules                      | Issue|               | Iteration|         | Trip |          |    Latency    |      |      |          |           |            |     |
|                      & Loops                      | Type | Violation Type|  Latency | Interval| Count| Pipelined| (cycles)| (ns)| Slack| BRAM |    DSP   |     FF    |     LUT    | URAM|
+---------------------------------------------------+------+---------------+----------+---------+------+----------+---------+-----+------+------+----------+-----------+------------+-----+
|+ chirp                                            |     -|              -|         -|        -|     -|        no|        -|    -|  0.04|     -|  39 (17%)|  6886 (6%)|  5719 (10%)|    -|
| + chirp_Pipeline_VITIS_LOOP_60_1_VITIS_LOOP_63_2  |     -|              -|         -|        -|     -|       yes|        -|    -|  0.04|     -|  32 (14%)|  6209 (5%)|   5023 (9%)|    -|
|  o VITIS_LOOP_60_1_VITIS_LOOP_63_2                |     -|              -|        68|        1|     -|       yes|        -|    -|  7.30|     -|         -|          -|           -|    -|
+---------------------------------------------------+------+---------------+----------+---------+------+----------+---------+-----+------+------+----------+-----------+------------+-----+
    Name Prefix: '+' for module, 'o' for loop, '*' for dataflow


================================================================
== HW Interfaces
================================================================
* AP_MEMORY
+----------------+-----------+----------+
| Port           | Direction | Bitwidth |
+----------------+-----------+----------+
| out_r_address0 | out       | 22       |
| out_r_d0       | out       | 32       |
+----------------+-----------+----------+

* Other Ports
+----------------+---------+-----------+----------+
| Port           | Mode    | Direction | Bitwidth |
+----------------+---------+-----------+----------+
| B              | ap_none | in        | 32       |
| N_SAMPLES_USED | ap_none | in        | 32       |
| Nframe         | ap_none | in        | 32       |
| Tc             | ap_none | in        | 32       |
| Tg             | ap_none | in        | 32       |
| Ti             | ap_none | in        | 32       |
| f0             | ap_none | in        | 32       |
| fs             | ap_none | in        | 32       |
+----------------+---------+-----------+----------+

* TOP LEVEL CONTROL
+-----------+------------+-----------------------------------+
| Interface | Type       | Ports                             |
+-----------+------------+-----------------------------------+
| ap_clk    | clock      | ap_clk                            |
| ap_rst    | reset      | ap_rst                            |
| ap_ctrl   | ap_ctrl_hs | ap_done ap_idle ap_ready ap_start |
+-----------+------------+-----------------------------------+


================================================================
== SW I/O Information
================================================================
* Top Function Arguments
+----------------+-----------+----------+
| Argument       | Direction | Datatype |
+----------------+-----------+----------+
| out            | out       | float*   |
| fs             | in        | float    |
| f0             | in        | float    |
| B              | in        | float    |
| Tc             | in        | float    |
| Ti             | in        | float    |
| Tg             | in        | float    |
| Nframe         | in        | int      |
| N_SAMPLES_USED | in        | int      |
+----------------+-----------+----------+

* SW-to-HW Mapping
+----------------+----------------+---------+----------+
| Argument       | HW Interface   | HW Type | HW Usage |
+----------------+----------------+---------+----------+
| out            | out_r_address0 | port    | offset   |
| out            | out_r_ce0      | port    |          |
| out            | out_r_we0      | port    |          |
| out            | out_r_d0       | port    |          |
| fs             | fs             | port    |          |
| f0             | f0             | port    |          |
| B              | B              | port    |          |
| Tc             | Tc             | port    |          |
| Ti             | Ti             | port    |          |
| Tg             | Tg             | port    |          |
| Nframe         | Nframe         | port    |          |
| N_SAMPLES_USED | N_SAMPLES_USED | port    |          |
+----------------+----------------+---------+----------+


================================================================
== Bind Op Report
================================================================
+---------------------------------------------------+-----+--------+-----------------+-----------+--------------------------+---------+
| Name                                              | DSP | Pragma | Variable        | Op        | Impl                     | Latency |
+---------------------------------------------------+-----+--------+-----------------+-----------+--------------------------+---------+
| + chirp                                           | 39  |        |                 |           |                          |         |
|   fdiv_32ns_32ns_32_16_no_dsp_1_U53               |     |        | k               | fdiv      | fabric                   | 15      |
|   fmul_32ns_32ns_32_4_max_dsp_1_U52               | 3   |        | mul8            | fmul      | maxdsp                   | 3       |
|   empty_fu_139_p2                                 |     |        | empty           | setgt     | auto                     | 0       |
|   smax_fu_145_p3                                  |     |        | smax            | select    | auto_sel                 | 0       |
|   empty_31_fu_153_p2                              |     |        | empty_31        | setgt     | auto                     | 0       |
|   smax1_fu_159_p3                                 |     |        | smax1           | select    | auto_sel                 | 0       |
|   mul_31ns_31ns_62_2_1_U54                        | 4   |        | mul_ln11        | mul       | auto                     | 1       |
|  + chirp_Pipeline_VITIS_LOOP_60_1_VITIS_LOOP_63_2 | 32  |        |                 |           |                          |         |
|    icmp_ln60_fu_486_p2                            |     |        | icmp_ln60       | seteq     | auto                     | 0       |
|    icmp_ln63_fu_512_p2                            |     |        | icmp_ln63       | setlt     | auto                     | 0       |
|    add_ln60_1_fu_491_p2                           |     |        | add_ln60_1      | add       | fabric                   | 0       |
|    add_ln60_fu_517_p2                             |     |        | add_ln60        | add       | fabric                   | 0       |
|    select_ln60_fu_523_p3                          |     |        | select_ln60     | select    | auto_sel                 | 0       |
|    select_ln60_1_fu_531_p3                        |     |        | select_ln60_1   | select    | auto_sel                 | 0       |
|    add_ln85_fu_555_p2                             |     |        | add_ln85        | add       | fabric                   | 0       |
|    sitofp_32ns_32_6_no_dsp_1_U6                   |     |        | conv            | sitofp    | auto                     | 5       |
|    icmp_ln75_fu_607_p2                            |     |        | icmp_ln75       | setne     | auto                     | 0       |
|    icmp_ln75_1_fu_613_p2                          |     |        | icmp_ln75_1     | seteq     | auto                     | 0       |
|    or_ln75_fu_619_p2                              |     |        | or_ln75         | or        | auto                     | 0       |
|    icmp_ln75_2_fu_625_p2                          |     |        | icmp_ln75_2     | setne     | auto                     | 0       |
|    icmp_ln75_3_fu_631_p2                          |     |        | icmp_ln75_3     | seteq     | auto                     | 0       |
|    or_ln75_1_fu_636_p2                            |     |        | or_ln75_1       | or        | auto                     | 0       |
|    fcmp_32ns_32ns_1_2_no_dsp_1_U9                 |     |        | tmp_2           | fcmp      | auto                     | 1       |
|    and_ln75_fu_642_p2                             |     |        | and_ln75        | and       | auto                     | 0       |
|    and_ln75_1_fu_648_p2                           |     |        | and_ln75_1      | and       | auto                     | 0       |
|    fmul_32ns_32ns_32_4_max_dsp_1_U3               | 3   |        | mul             | fmul      | maxdsp                   | 3       |
|    fmul_32ns_32ns_32_4_max_dsp_1_U4               | 3   |        | mul1            | fmul      | maxdsp                   | 3       |
|    fadd_32ns_32ns_32_5_full_dsp_1_U1              | 2   |        | add             | fadd      | fulldsp                  | 4       |
|    fpext_32ns_64_2_no_dsp_1_U8                    |     |        | conv1           | fpext     | auto                     | 1       |
|    dmul_64ns_64ns_64_7_max_dsp_1_U10              | 11  |        | mul2            | dmul      | maxdsp                   | 6       |
|    fptrunc_64ns_32_2_no_dsp_1_U7                  |     |        | phase           | fptrunc   | auto                     | 1       |
|    closepath_fu_681_p2                            |     |        | closepath       | setlt     | auto                     | 0       |
|    Ex_fu_1042_p2                                  |     |        | Ex              | add       | fabric                   | 0       |
|    select_ln453_fu_1047_p3                        |     |        | select_ln453    | select    | auto_sel                 | 0       |
|    add_ln376_fu_687_p2                            |     |        | add_ln376       | add       | fabric                   | 0       |
|    addr_fu_693_p3                                 |     |        | addr            | select    | auto_sel                 | 0       |
|    shl_ln379_fu_723_p2                            |     |        | shl_ln379       | shl       | auto_pipe                | 0       |
|    mul_80s_24ns_80_5_1_U13                        | 5   |        | h               | mul       | auto                     | 4       |
|    k_fu_774_p3                                    |     |        | k               | select    | auto_sel                 | 0       |
|    Mx_bits_1_fu_784_p2                            |     |        | Mx_bits_1       | sub       | fabric                   | 0       |
|    Mx_bits_3_fu_789_p3                            |     |        | Mx_bits_3       | select    | auto_sel                 | 0       |
|    ctlz_30_30_1_1_U17                             |     |        | Mx_zeros        | ctlz      | auto                     | 0       |
|    shl_ln504_fu_1073_p2                           |     |        | shl_ln504       | shl       | auto_pipe                | 0       |
|    Ex_1_fu_1092_p2                                |     |        | Ex_1            | sub       | fabric                   | 0       |
|    sub_ln506_fu_1106_p2                           |     |        | sub_ln506       | sub       | fabric                   | 0       |
|    select_ln506_fu_1112_p3                        |     |        | select_ln506    | select    | auto_sel                 | 0       |
|    lshr_ln506_fu_1124_p2                          |     |        | lshr_ln506      | lshr      | auto_pipe                | 0       |
|    shl_ln506_fu_1130_p2                           |     |        | shl_ln506       | shl       | auto_pipe                | 0       |
|    select_ln506_1_fu_1136_p3                      |     |        | select_ln506_1  | select    | auto_sel                 | 0       |
|    sparsemux_17_3_1_1_1_U14                       |     |        | sin_basis       | sparsemux | compactencoding_dontcare | 0       |
|    Mx_1_fu_1147_p3                                |     |        | Mx_1            | select    | auto_sel                 | 0       |
|    Ex_2_fu_1173_p3                                |     |        | Ex_2            | select    | auto_sel                 | 0       |
|    mul_15ns_15ns_30_1_1_U18                       | 1   |        | mul_ln23        | mul       | auto                     | 0       |
|    mul_23s_22ns_45_1_1_U11                        | 2   |        | mul_ln29        | mul       | auto                     | 0       |
|    mul_15ns_15s_30_1_1_U19                        | 1   |        | mul_ln30        | mul       | auto                     | 0       |
|    mul_30s_29ns_58_2_1_U12                        | 4   |        | mul_ln32        | mul       | auto                     | 1       |
|    ctlz_32_32_1_1_U20                             |     |        | c               | ctlz      | auto                     | 0       |
|    ctlz_32_32_1_1_U21                             |     |        | c_1             | ctlz      | auto                     | 0       |
|    in_shift_1_fu_1372_p2                          |     |        | in_shift_1      | shl       | auto_pipe                | 0       |
|    icmp_ln292_fu_1377_p2                          |     |        | icmp_ln292      | seteq     | auto                     | 0       |
|    in_shift_2_fu_1401_p2                          |     |        | in_shift_2      | shl       | auto_pipe                | 0       |
|    shift_2_fu_1406_p3                             |     |        | shift_2         | select    | auto_sel                 | 0       |
|    icmp_ln306_fu_1383_p2                          |     |        | icmp_ln306      | seteq     | auto                     | 0       |
|    or_ln306_fu_1436_p2                            |     |        | or_ln306        | or        | auto                     | 0       |
|    empty_30_fu_1464_p3                            |     |        | empty_30        | select    | auto_sel                 | 0       |
|    sparsemux_33_4_1_1_1_U15                       |     |        | tmp_4_i         | sparsemux | compactencoding_dontcare | 0       |
|    sparsemux_33_4_1_1_1_U16                       |     |        | tmp_8_i         | sparsemux | compactencoding_dontcare | 0       |
|    results_sign_fu_995_p3                         |     |        | results_sign    | select    | auto_sel                 | 0       |
|    icmp_ln271_fu_1003_p2                          |     |        | icmp_ln271      | seteq     | auto                     | 0       |
|    icmp_ln271_1_fu_749_p2                         |     |        | icmp_ln271_1    | seteq     | auto                     | 0       |
|    and_ln271_fu_1008_p2                           |     |        | and_ln271       | and       | auto                     | 0       |
|    icmp_ln282_fu_1013_p2                          |     |        | icmp_ln282      | seteq     | auto                     | 0       |
|    xor_ln282_fu_1018_p2                           |     |        | xor_ln282       | xor       | auto                     | 0       |
|    results_sign_1_fu_1024_p2                      |     |        | results_sign_1  | and       | auto                     | 0       |
|    select_ln282_fu_1471_p3                        |     |        | select_ln282    | select    | auto_sel                 | 0       |
|    or_ln282_fu_1478_p2                            |     |        | or_ln282        | or        | auto                     | 0       |
|    results_exp_fu_1483_p3                         |     |        | results_exp     | select    | auto_sel                 | 0       |
|    select_ln282_2_fu_1491_p3                      |     |        | select_ln282_2  | select    | auto_sel                 | 0       |
|    results_sig_fu_1498_p3                         |     |        | results_sig     | select    | auto_sel                 | 0       |
|    not_and_ln271_i_fu_1030_p2                     |     |        | not_and_ln271_i | xor       | auto                     | 0       |
|    results_sign_2_fu_1036_p2                      |     |        | results_sign_2  | and       | auto                     | 0       |
|    results_exp_1_fu_1506_p3                       |     |        | results_exp_1   | select    | auto_sel                 | 0       |
|    results_sig_1_fu_1513_p3                       |     |        | results_sig_1   | select    | auto_sel                 | 0       |
|    add_ln63_fu_561_p2                             |     |        | add_ln63        | add       | fabric                   | 0       |
+---------------------------------------------------+-----+--------+-----------------+-----------+--------------------------+---------+


================================================================
== Storage Report
================================================================
+---------------------------------------------------+--------+------+------+------+--------+-------------------------------+--------+---------+------------------+
| Name                                              | Usage  | Type | BRAM | URAM | Pragma | Variable                      | Impl   | Latency | Bitwidth, Depth, |
|                                                   |        |      |      |      |        |                               |        |         | Banks            |
+---------------------------------------------------+--------+------+------+------+--------+-------------------------------+--------+---------+------------------+
| + chirp                                           |        |      | 0    | 0    |        |                               |        |         |                  |
|  + chirp_Pipeline_VITIS_LOOP_60_1_VITIS_LOOP_63_2 |        |      | 0    | 0    |        |                               |        |         |                  |
|    ref_4oPi_table_100_U                           | rom_1p |      |      |      | pragma | ref_4oPi_table_100            | lutram | 1       | 100, 13, 1       |
|    second_order_float_sin_cos_K0_U                | rom_1p |      |      |      | pragma | second_order_float_sin_cos_K0 | lutram | 1       | 30, 256, 1       |
|    second_order_float_sin_cos_K1_U                | rom_1p |      |      |      | pragma | second_order_float_sin_cos_K1 | lutram | 1       | 23, 256, 1       |
|    second_order_float_sin_cos_K2_U                | rom_1p |      |      |      | pragma | second_order_float_sin_cos_K2 | lutram | 1       | 15, 256, 1       |
+---------------------------------------------------+--------+------+------+------+--------+-------------------------------+--------+---------+------------------+


================================================================
== Pragma Report
================================================================
* Inferred Pragmas
+--------------+---------+----------------------------------------------------------------+-----------------------+
| Type         | Options | Location                                                       | Inferred From         |
+--------------+---------+----------------------------------------------------------------+-----------------------+
| LOOP_FLATTEN |         | loop VITIS_LOOP_60_1 (chirp.cpp:60:22) in chirp (chirp.cpp:60) | pipeline chirp.cpp:66 |
+--------------+---------+----------------------------------------------------------------+-----------------------+

* Valid Pragma Syntax
+-----------+-----------------------------+-------------------------+
| Type      | Options                     | Location                |
+-----------+-----------------------------+-------------------------+
| INTERFACE | ap_memory port=out          | in chirp (chirp.cpp:31) |
| INTERFACE | ap_none port=fs             | in chirp (chirp.cpp:34) |
| INTERFACE | ap_none port=f0             | in chirp (chirp.cpp:35) |
| INTERFACE | ap_none port=B              | in chirp (chirp.cpp:36) |
| INTERFACE | ap_none port=Tc             | in chirp (chirp.cpp:38) |
| INTERFACE | ap_none port=Ti             | in chirp (chirp.cpp:39) |
| INTERFACE | ap_none port=Tg             | in chirp (chirp.cpp:40) |
| INTERFACE | ap_none port=Nframe         | in chirp (chirp.cpp:42) |
| INTERFACE | ap_none port=N_SAMPLES_USED | in chirp (chirp.cpp:43) |
| INTERFACE | ap_ctrl_hs port=return      | in chirp (chirp.cpp:46) |
| PIPELINE  | ii=1                        | in chirp (chirp.cpp:66) |
+-----------+-----------------------------+-------------------------+


