

================================================================
== Synthesis Summary Report of 'chirp'
================================================================
+ General Information: 
    * Date:           Wed Aug 19 11:05:43 2026
    * Version:        2025.2 (Build 6295257 on Nov 14 2025)
    * Project:        ChirpGenerator
    * Solution:       hls (Vivado IP Flow Target)
    * Product family: zynq
    * Target device:  xc7z020-clg484-1
    

* Performance & Resource Estimates: 
+-----------------------------------+------+---------------+----------+---------+------+----------+---------+-----------+------+------+----------+-----------+-----------+-----+
|              Modules              | Issue|               | Iteration|         | Trip |          |       Latency       |      |      |          |           |           |     |
|              & Loops              | Type | Violation Type|  Latency | Interval| Count| Pipelined| (cycles)|    (ns)   | Slack| BRAM |    DSP   |     FF    |    LUT    | URAM|
+-----------------------------------+------+---------------+----------+---------+------+----------+---------+-----------+------+------+----------+-----------+-----------+-----+
|+ chirp                            |     -|              -|         -|     1127|     -|        no|     1126|  1.126e+04|  0.04|     -|  35 (15%)|  3916 (3%)|  5089 (9%)|    -|
| + chirp_Pipeline_VITIS_LOOP_17_1  |     -|              -|         -|        -|     -|       yes|     1089|  1.089e+04|  0.04|     -|  30 (13%)|  3369 (3%)|  4069 (7%)|    -|
|  o VITIS_LOOP_17_1                |     -|              -|        65|        1|  1024|       yes|     1087|  1.087e+04|  7.30|     -|         -|          -|          -|    -|
+-----------------------------------+------+---------------+----------+---------+------+----------+---------+-----------+------+------+----------+-----------+-----------+-----+
    Name Prefix: '+' for module, 'o' for loop, '*' for dataflow


================================================================
== HW Interfaces
================================================================
* AP_MEMORY
+----------------+-----------+----------+
| Port           | Direction | Bitwidth |
+----------------+-----------+----------+
| out_r_address0 | out       | 10       |
| out_r_d0       | out       | 32       |
+----------------+-----------+----------+

* Other Ports
+------+---------+-----------+----------+
| Port | Mode    | Direction | Bitwidth |
+------+---------+-----------+----------+
| f0   | ap_none | in        | 32       |
| f1   | ap_none | in        | 32       |
| fs   | ap_none | in        | 32       |
+------+---------+-----------+----------+

* TOP LEVEL CONTROL
+-----------+------------+-----------------------------------+
| Interface | Type       | Ports                             |
+-----------+------------+-----------------------------------+
| ap_clk    | clock      | ap_clk                            |
| ap_rst    | reset      | ap_rst                            |
| ap_ctrl   | ap_ctrl_hs | ap_done ap_idle ap_ready ap_start |
+-----------+------------+-----------------------------------+


================================================================
== SW I/O Information
================================================================
* Top Function Arguments
+----------+-----------+----------+
| Argument | Direction | Datatype |
+----------+-----------+----------+
| out      | out       | float*   |
| fs       | in        | float    |
| f0       | in        | float    |
| f1       | in        | float    |
+----------+-----------+----------+

* SW-to-HW Mapping
+----------+----------------+---------+----------+
| Argument | HW Interface   | HW Type | HW Usage |
+----------+----------------+---------+----------+
| out      | out_r_address0 | port    | offset   |
| out      | out_r_ce0      | port    |          |
| out      | out_r_we0      | port    |          |
| out      | out_r_d0       | port    |          |
| fs       | fs             | port    |          |
| f0       | f0             | port    |          |
| f1       | f1             | port    |          |
+----------+----------------+---------+----------+


================================================================
== Bind Op Report
================================================================
+------------------------------------------+-----+--------+-----------------+-----------+--------------------------+---------+
| Name                                     | DSP | Pragma | Variable        | Op        | Impl                     | Latency |
+------------------------------------------+-----+--------+-----------------+-----------+--------------------------+---------+
| + chirp                                  | 35  |        |                 |           |                          |         |
|   fdiv_32ns_32ns_32_16_no_dsp_1_U46      |     |        | T               | fdiv      | fabric                   | 15      |
|   faddfsub_32ns_32ns_32_5_full_dsp_1_U44 | 2   |        | sub             | fsub      | fulldsp                  | 4       |
|   fdiv_32ns_32ns_32_16_no_dsp_1_U46      |     |        | k               | fdiv      | fabric                   | 15      |
|   fdiv_32ns_32ns_32_16_no_dsp_1_U46      | 3   |        | mul3            | fmul      | maxdsp                   | 3       |
|  + chirp_Pipeline_VITIS_LOOP_17_1        | 30  |        |                 |           |                          |         |
|    sitofp_32ns_32_6_no_dsp_1_U6          |     |        | conv            | sitofp    | auto                     | 5       |
|    fmul_32ns_32ns_32_4_max_dsp_1_U3      | 3   |        | mul             | fmul      | maxdsp                   | 3       |
|    fmul_32ns_32ns_32_4_max_dsp_1_U4      | 3   |        | mul5            | fmul      | maxdsp                   | 3       |
|    fpext_32ns_64_2_no_dsp_1_U8           |     |        | conv6           | fpext     | auto                     | 1       |
|    dmul_64ns_64ns_64_7_max_dsp_1_U9      | 11  |        | mul7            | dmul      | maxdsp                   | 6       |
|    fptrunc_64ns_32_2_no_dsp_1_U7         |     |        | phase           | fptrunc   | auto                     | 1       |
|    closepath_fu_439_p2                   |     |        | closepath       | setlt     | auto                     | 0       |
|    Ex_fu_800_p2                          |     |        | Ex              | add       | fabric                   | 0       |
|    select_ln453_fu_805_p3                |     |        | select_ln453    | select    | auto_sel                 | 0       |
|    add_ln376_fu_445_p2                   |     |        | add_ln376       | add       | fabric                   | 0       |
|    addr_fu_451_p3                        |     |        | addr            | select    | auto_sel                 | 0       |
|    shl_ln379_fu_481_p2                   |     |        | shl_ln379       | shl       | auto_pipe                | 0       |
|    mul_80s_24ns_80_5_1_U12               | 5   |        | h               | mul       | auto                     | 4       |
|    k_fu_543_p3                           |     |        | k               | select    | auto_sel                 | 0       |
|    Mx_bits_1_fu_553_p2                   |     |        | Mx_bits_1       | sub       | fabric                   | 0       |
|    Mx_bits_3_fu_558_p3                   |     |        | Mx_bits_3       | select    | auto_sel                 | 0       |
|    ctlz_30_30_1_1_U16                    |     |        | Mx_zeros        | ctlz      | auto                     | 0       |
|    shl_ln504_fu_831_p2                   |     |        | shl_ln504       | shl       | auto_pipe                | 0       |
|    Ex_1_fu_850_p2                        |     |        | Ex_1            | sub       | fabric                   | 0       |
|    sub_ln506_fu_864_p2                   |     |        | sub_ln506       | sub       | fabric                   | 0       |
|    select_ln506_fu_870_p3                |     |        | select_ln506    | select    | auto_sel                 | 0       |
|    lshr_ln506_fu_882_p2                  |     |        | lshr_ln506      | lshr      | auto_pipe                | 0       |
|    shl_ln506_fu_888_p2                   |     |        | shl_ln506       | shl       | auto_pipe                | 0       |
|    select_ln506_1_fu_894_p3              |     |        | select_ln506_1  | select    | auto_sel                 | 0       |
|    sparsemux_17_3_1_1_1_U13              |     |        | sin_basis       | sparsemux | compactencoding_dontcare | 0       |
|    Mx_1_fu_905_p3                        |     |        | Mx_1            | select    | auto_sel                 | 0       |
|    Ex_2_fu_931_p3                        |     |        | Ex_2            | select    | auto_sel                 | 0       |
|    mul_15ns_15ns_30_1_1_U17              | 1   |        | mul_ln23        | mul       | auto                     | 0       |
|    mul_23s_22ns_45_1_1_U10               | 2   |        | mul_ln29        | mul       | auto                     | 0       |
|    mul_15ns_15s_30_1_1_U18               | 1   |        | mul_ln30        | mul       | auto                     | 0       |
|    mul_30s_29ns_58_2_1_U11               | 4   |        | mul_ln32        | mul       | auto                     | 1       |
|    ctlz_32_32_1_1_U19                    |     |        | c               | ctlz      | auto                     | 0       |
|    ctlz_32_32_1_1_U20                    |     |        | c_1             | ctlz      | auto                     | 0       |
|    in_shift_1_fu_1130_p2                 |     |        | in_shift_1      | shl       | auto_pipe                | 0       |
|    icmp_ln292_fu_1135_p2                 |     |        | icmp_ln292      | seteq     | auto                     | 0       |
|    in_shift_2_fu_1163_p2                 |     |        | in_shift_2      | shl       | auto_pipe                | 0       |
|    shift_2_fu_1168_p3                    |     |        | shift_2         | select    | auto_sel                 | 0       |
|    icmp_ln306_fu_1141_p2                 |     |        | icmp_ln306      | seteq     | auto                     | 0       |
|    or_ln306_fu_1198_p2                   |     |        | or_ln306        | or        | auto                     | 0       |
|    empty_27_fu_1226_p3                   |     |        | empty_27        | select    | auto_sel                 | 0       |
|    sparsemux_33_4_1_1_1_U14              |     |        | tmp_4_i         | sparsemux | compactencoding_dontcare | 0       |
|    sparsemux_33_4_1_1_1_U15              |     |        | tmp_8_i         | sparsemux | compactencoding_dontcare | 0       |
|    results_sign_fu_764_p3                |     |        | results_sign    | select    | auto_sel                 | 0       |
|    icmp_ln271_fu_507_p2                  |     |        | icmp_ln271      | seteq     | auto                     | 0       |
|    icmp_ln271_1_fu_512_p2                |     |        | icmp_ln271_1    | seteq     | auto                     | 0       |
|    and_ln271_fu_517_p2                   |     |        | and_ln271       | and       | auto                     | 0       |
|    icmp_ln282_fu_772_p2                  |     |        | icmp_ln282      | seteq     | auto                     | 0       |
|    xor_ln282_fu_777_p2                   |     |        | xor_ln282       | xor       | auto                     | 0       |
|    results_sign_1_fu_783_p2              |     |        | results_sign_1  | and       | auto                     | 0       |
|    select_ln282_fu_1233_p3               |     |        | select_ln282    | select    | auto_sel                 | 0       |
|    or_ln282_fu_1240_p2                   |     |        | or_ln282        | or        | auto                     | 0       |
|    results_exp_fu_1245_p3                |     |        | results_exp     | select    | auto_sel                 | 0       |
|    select_ln282_2_fu_1253_p3             |     |        | select_ln282_2  | select    | auto_sel                 | 0       |
|    results_sig_fu_1260_p3                |     |        | results_sig     | select    | auto_sel                 | 0       |
|    not_and_ln271_i_fu_789_p2             |     |        | not_and_ln271_i | xor       | auto                     | 0       |
|    results_sign_2_fu_794_p2              |     |        | results_sign_2  | and       | auto                     | 0       |
|    results_exp_1_fu_1268_p3              |     |        | results_exp_1   | select    | auto_sel                 | 0       |
|    results_sig_1_fu_1275_p3              |     |        | results_sig_1   | select    | auto_sel                 | 0       |
|    n_3_fu_395_p2                         |     |        | n_3             | add       | fabric                   | 0       |
|    icmp_ln17_fu_401_p2                   |     |        | icmp_ln17       | seteq     | auto                     | 0       |
+------------------------------------------+-----+--------+-----------------+-----------+--------------------------+---------+


================================================================
== Storage Report
================================================================
+------------------------------------+--------+------+------+------+--------+-------------------------------+--------+---------+------------------+
| Name                               | Usage  | Type | BRAM | URAM | Pragma | Variable                      | Impl   | Latency | Bitwidth, Depth, |
|                                    |        |      |      |      |        |                               |        |         | Banks            |
+------------------------------------+--------+------+------+------+--------+-------------------------------+--------+---------+------------------+
| + chirp                            |        |      | 0    | 0    |        |                               |        |         |                  |
|  + chirp_Pipeline_VITIS_LOOP_17_1  |        |      | 0    | 0    |        |                               |        |         |                  |
|    ref_4oPi_table_100_U            | rom_1p |      |      |      | pragma | ref_4oPi_table_100            | lutram | 1       | 100, 13, 1       |
|    second_order_float_sin_cos_K0_U | rom_1p |      |      |      | pragma | second_order_float_sin_cos_K0 | lutram | 1       | 30, 256, 1       |
|    second_order_float_sin_cos_K1_U | rom_1p |      |      |      | pragma | second_order_float_sin_cos_K1 | lutram | 1       | 23, 256, 1       |
|    second_order_float_sin_cos_K2_U | rom_1p |      |      |      | pragma | second_order_float_sin_cos_K2 | lutram | 1       | 15, 256, 1       |
+------------------------------------+--------+------+------+------+--------+-------------------------------+--------+---------+------------------+


================================================================
== Pragma Report
================================================================
* Valid Pragma Syntax
+----------+---------+-------------------------+
| Type     | Options | Location                |
+----------+---------+-------------------------+
| PIPELINE | ii=1    | in chirp (chirp.cpp:19) |
+----------+---------+-------------------------+


