

Implementation tool: Xilinx Vivado v.2025.2
Project:             ChirpGenerator
Solution:            hls
Device target:       xc7z020-clg484-1
Report date:         Wed Aug 19 11:12:52 +0530 2026

#=== Post-Implementation Resource usage ===
SLICE:         1081
LUT:           2775
FF:            2899
DSP:             35
BRAM:             0
URAM:             0
LATCH:            0
SRL:            117
CLB:              0

#=== Final timing ===
CP required:                     10.000
CP achieved post-synthesis:      8.276
CP achieved post-implementation: 8.390
Timing met
