#-----------------------------------------------------------
# Vivado v2025.2 (64-bit)
# SW Build 6299465 on Fri Nov 14 19:35:11 GMT 2025
# IP Build 6300035 on Fri Nov 14 10:48:45 MST 2025
# SharedData Build 6298862 on Thu Nov 13 04:50:51 MST 2025
# Start of session at: Tue Aug 18 14:58:53 2026
# Process ID         : 27276
# Current directory  : C:/Users/vempa/Documents/Projects/RADAR_Chirp_Engine/ChirpGenerator/ChirpGenerator/hls/impl/ip
# Command line       : vivado.exe -notrace -mode batch -source run_ippack.tcl
# Log file           : C:/Users/vempa/Documents/Projects/RADAR_Chirp_Engine/ChirpGenerator/ChirpGenerator/hls/impl/ip/vivado.log
# Journal file       : C:/Users/vempa/Documents/Projects/RADAR_Chirp_Engine/ChirpGenerator/ChirpGenerator/hls/impl/ip\vivado.jou
# Running On         : BHARADWAJ
# Platform           : Windows Server 2016 or Windows 10
# Operating System   : 26200
# Processor Detail   : AMD Ryzen 9 5950X 16-Core Processor            
# CPU Frequency      : 3394 MHz
# CPU Physical cores : 16
# CPU Logical cores  : 32
# Host memory        : 34277 MB
# Swap memory        : 2147 MB
# Total Virtual      : 36425 MB
# Available Virtual  : 14248 MB
#-----------------------------------------------------------
source run_ippack.tcl -notrace
INFO: calling package_hls_ip ip_types=vitis sysgen json_file=C:/Users/vempa/Documents/Projects/RADAR_Chirp_Engine/ChirpGenerator/ChirpGenerator/hls/hls_data.json outdir=C:/Users/vempa/Documents/Projects/RADAR_Chirp_Engine/ChirpGenerator/ChirpGenerator/hls/impl/ip srcdir=C:/Users/vempa/Documents/Projects/RADAR_Chirp_Engine/ChirpGenerator/ChirpGenerator/hls ippack_options_dict= ippack_options_dict=
INFO: Copied 1 ipmisc file(s) to C:/Users/vempa/Documents/Projects/RADAR_Chirp_Engine/ChirpGenerator/ChirpGenerator/hls/impl/ip/misc
INFO: Copied 29 verilog file(s) to C:/Users/vempa/Documents/Projects/RADAR_Chirp_Engine/ChirpGenerator/ChirpGenerator/hls/impl/ip/hdl/verilog
INFO: Copied 25 vhdl file(s) to C:/Users/vempa/Documents/Projects/RADAR_Chirp_Engine/ChirpGenerator/ChirpGenerator/hls/impl/ip/hdl/vhdl
Generating 8 subcores in C:/Users/vempa/Documents/Projects/RADAR_Chirp_Engine/ChirpGenerator/ChirpGenerator/hls/impl/ip/subcore_prj:
impl/misc/chirp_dmul_64ns_64ns_64_7_max_dsp_1_ip.tcl
impl/misc/chirp_fadd_32ns_32ns_32_5_full_dsp_1_ip.tcl
impl/misc/chirp_fcmp_32ns_32ns_1_2_no_dsp_1_ip.tcl
impl/misc/chirp_fdiv_32ns_32ns_32_16_no_dsp_1_ip.tcl
impl/misc/chirp_fmul_32ns_32ns_32_4_max_dsp_1_ip.tcl
impl/misc/chirp_fpext_32ns_64_2_no_dsp_1_ip.tcl
impl/misc/chirp_fptrunc_64ns_32_2_no_dsp_1_ip.tcl
impl/misc/chirp_sitofp_32ns_32_6_no_dsp_1_ip.tcl
INFO: [ProjectBase 1-489] The host OS only allows 260 characters in a normal path. The project is stored in a path with more than 80 characters. If you experience issues with IP, Block Designs, or files not being found, please consider moving the project to a location with a shorter path. Alternately consider using the OS subst command to map part of the path to a drive letter.
Current project path is 'C:/Users/vempa/Documents/Projects/RADAR_Chirp_Engine/ChirpGenerator/ChirpGenerator/hls/impl/ip/subcore_prj'
INFO: Using COE_DIR=C:/Users/vempa/Documents/Projects/RADAR_Chirp_Engine/ChirpGenerator/ChirpGenerator/hls/impl/ip/hdl/verilog
INFO: Generating chirp_dmul_64ns_64ns_64_7_max_dsp_1_ip via file impl/misc/chirp_dmul_64ns_64ns_64_7_max_dsp_1_ip.tcl
INFO: [IP_Flow 19-234] Refreshing IP repositories
INFO: [IP_Flow 19-1704] No user IP repositories specified
INFO: [IP_Flow 19-2313] Loaded Vivado IP repository 'C:/AMDDesignTools/2025.2/Vivado/data/ip'.
WARNING: [IP_Flow 19-4832] The IP name 'chirp_dmul_64ns_64ns_64_7_max_dsp_1_ip' you have specified is long. The Windows operating system has path length limitations. It is recommended you use shorter names to reduce the likelihood of issues.
INFO: [IP_Flow 19-1686] Generating 'Synthesis' target for IP 'chirp_dmul_64ns_64ns_64_7_max_dsp_1_ip'...
INFO: [IP_Flow 19-1686] Generating 'Simulation' target for IP 'chirp_dmul_64ns_64ns_64_7_max_dsp_1_ip'...
INFO: Done generating chirp_dmul_64ns_64ns_64_7_max_dsp_1_ip via file impl/misc/chirp_dmul_64ns_64ns_64_7_max_dsp_1_ip.tcl
INFO: Generating chirp_fadd_32ns_32ns_32_5_full_dsp_1_ip via file impl/misc/chirp_fadd_32ns_32ns_32_5_full_dsp_1_ip.tcl
WARNING: [IP_Flow 19-4832] The IP name 'chirp_fadd_32ns_32ns_32_5_full_dsp_1_ip' you have specified is long. The Windows operating system has path length limitations. It is recommended you use shorter names to reduce the likelihood of issues.
INFO: [IP_Flow 19-1686] Generating 'Synthesis' target for IP 'chirp_fadd_32ns_32ns_32_5_full_dsp_1_ip'...
INFO: [IP_Flow 19-1686] Generating 'Simulation' target for IP 'chirp_fadd_32ns_32ns_32_5_full_dsp_1_ip'...
INFO: Done generating chirp_fadd_32ns_32ns_32_5_full_dsp_1_ip via file impl/misc/chirp_fadd_32ns_32ns_32_5_full_dsp_1_ip.tcl
INFO: Generating chirp_fcmp_32ns_32ns_1_2_no_dsp_1_ip via file impl/misc/chirp_fcmp_32ns_32ns_1_2_no_dsp_1_ip.tcl
WARNING: [IP_Flow 19-4832] The IP name 'chirp_fcmp_32ns_32ns_1_2_no_dsp_1_ip' you have specified is long. The Windows operating system has path length limitations. It is recommended you use shorter names to reduce the likelihood of issues.
INFO: [IP_Flow 19-1686] Generating 'Synthesis' target for IP 'chirp_fcmp_32ns_32ns_1_2_no_dsp_1_ip'...
INFO: [IP_Flow 19-1686] Generating 'Simulation' target for IP 'chirp_fcmp_32ns_32ns_1_2_no_dsp_1_ip'...
INFO: Done generating chirp_fcmp_32ns_32ns_1_2_no_dsp_1_ip via file impl/misc/chirp_fcmp_32ns_32ns_1_2_no_dsp_1_ip.tcl
INFO: Generating chirp_fdiv_32ns_32ns_32_16_no_dsp_1_ip via file impl/misc/chirp_fdiv_32ns_32ns_32_16_no_dsp_1_ip.tcl
WARNING: [IP_Flow 19-4832] The IP name 'chirp_fdiv_32ns_32ns_32_16_no_dsp_1_ip' you have specified is long. The Windows operating system has path length limitations. It is recommended you use shorter names to reduce the likelihood of issues.
INFO: [IP_Flow 19-1686] Generating 'Synthesis' target for IP 'chirp_fdiv_32ns_32ns_32_16_no_dsp_1_ip'...
INFO: [IP_Flow 19-1686] Generating 'Simulation' target for IP 'chirp_fdiv_32ns_32ns_32_16_no_dsp_1_ip'...
INFO: Done generating chirp_fdiv_32ns_32ns_32_16_no_dsp_1_ip via file impl/misc/chirp_fdiv_32ns_32ns_32_16_no_dsp_1_ip.tcl
INFO: Generating chirp_fmul_32ns_32ns_32_4_max_dsp_1_ip via file impl/misc/chirp_fmul_32ns_32ns_32_4_max_dsp_1_ip.tcl
WARNING: [IP_Flow 19-4832] The IP name 'chirp_fmul_32ns_32ns_32_4_max_dsp_1_ip' you have specified is long. The Windows operating system has path length limitations. It is recommended you use shorter names to reduce the likelihood of issues.
INFO: [IP_Flow 19-1686] Generating 'Synthesis' target for IP 'chirp_fmul_32ns_32ns_32_4_max_dsp_1_ip'...
INFO: [IP_Flow 19-1686] Generating 'Simulation' target for IP 'chirp_fmul_32ns_32ns_32_4_max_dsp_1_ip'...
INFO: Done generating chirp_fmul_32ns_32ns_32_4_max_dsp_1_ip via file impl/misc/chirp_fmul_32ns_32ns_32_4_max_dsp_1_ip.tcl
INFO: Generating chirp_fpext_32ns_64_2_no_dsp_1_ip via file impl/misc/chirp_fpext_32ns_64_2_no_dsp_1_ip.tcl
WARNING: [IP_Flow 19-4832] The IP name 'chirp_fpext_32ns_64_2_no_dsp_1_ip' you have specified is long. The Windows operating system has path length limitations. It is recommended you use shorter names to reduce the likelihood of issues.
INFO: [IP_Flow 19-1686] Generating 'Synthesis' target for IP 'chirp_fpext_32ns_64_2_no_dsp_1_ip'...
INFO: [IP_Flow 19-1686] Generating 'Simulation' target for IP 'chirp_fpext_32ns_64_2_no_dsp_1_ip'...
INFO: Done generating chirp_fpext_32ns_64_2_no_dsp_1_ip via file impl/misc/chirp_fpext_32ns_64_2_no_dsp_1_ip.tcl
INFO: Generating chirp_fptrunc_64ns_32_2_no_dsp_1_ip via file impl/misc/chirp_fptrunc_64ns_32_2_no_dsp_1_ip.tcl
WARNING: [IP_Flow 19-4832] The IP name 'chirp_fptrunc_64ns_32_2_no_dsp_1_ip' you have specified is long. The Windows operating system has path length limitations. It is recommended you use shorter names to reduce the likelihood of issues.
INFO: [IP_Flow 19-1686] Generating 'Synthesis' target for IP 'chirp_fptrunc_64ns_32_2_no_dsp_1_ip'...
INFO: [IP_Flow 19-1686] Generating 'Simulation' target for IP 'chirp_fptrunc_64ns_32_2_no_dsp_1_ip'...
INFO: Done generating chirp_fptrunc_64ns_32_2_no_dsp_1_ip via file impl/misc/chirp_fptrunc_64ns_32_2_no_dsp_1_ip.tcl
INFO: Generating chirp_sitofp_32ns_32_6_no_dsp_1_ip via file impl/misc/chirp_sitofp_32ns_32_6_no_dsp_1_ip.tcl
WARNING: [IP_Flow 19-4832] The IP name 'chirp_sitofp_32ns_32_6_no_dsp_1_ip' you have specified is long. The Windows operating system has path length limitations. It is recommended you use shorter names to reduce the likelihood of issues.
INFO: [IP_Flow 19-1686] Generating 'Synthesis' target for IP 'chirp_sitofp_32ns_32_6_no_dsp_1_ip'...
INFO: [IP_Flow 19-1686] Generating 'Simulation' target for IP 'chirp_sitofp_32ns_32_6_no_dsp_1_ip'...
INFO: Done generating chirp_sitofp_32ns_32_6_no_dsp_1_ip via file impl/misc/chirp_sitofp_32ns_32_6_no_dsp_1_ip.tcl
INFO: Found 1 unique subcore IP: xilinx.com:ip:floating_point:7.1
INFO: Copied 8 subcore files: C:/Users/vempa/Documents/Projects/RADAR_Chirp_Engine/ChirpGenerator/ChirpGenerator/hls/impl/ip/hdl/ip/chirp_dmul_64ns_64ns_64_7_max_dsp_1_ip/chirp_dmul_64ns_64ns_64_7_max_dsp_1_ip.xci C:/Users/vempa/Documents/Projects/RADAR_Chirp_Engine/ChirpGenerator/ChirpGenerator/hls/impl/ip/hdl/ip/chirp_fadd_32ns_32ns_32_5_full_dsp_1_ip/chirp_fadd_32ns_32ns_32_5_full_dsp_1_ip.xci C:/Users/vempa/Documents/Projects/RADAR_Chirp_Engine/ChirpGenerator/ChirpGenerator/hls/impl/ip/hdl/ip/chirp_fcmp_32ns_32ns_1_2_no_dsp_1_ip/chirp_fcmp_32ns_32ns_1_2_no_dsp_1_ip.xci C:/Users/vempa/Documents/Projects/RADAR_Chirp_Engine/ChirpGenerator/ChirpGenerator/hls/impl/ip/hdl/ip/chirp_fdiv_32ns_32ns_32_16_no_dsp_1_ip/chirp_fdiv_32ns_32ns_32_16_no_dsp_1_ip.xci C:/Users/vempa/Documents/Projects/RADAR_Chirp_Engine/ChirpGenerator/ChirpGenerator/hls/impl/ip/hdl/ip/chirp_fmul_32ns_32ns_32_4_max_dsp_1_ip/chirp_fmul_32ns_32ns_32_4_max_dsp_1_ip.xci C:/Users/vempa/Documents/Projects/RADAR_Chirp_Engine/ChirpGenerator/ChirpGenerator/hls/impl/ip/hdl/ip/chirp_fpext_32ns_64_2_no_dsp_1_ip/chirp_fpext_32ns_64_2_no_dsp_1_ip.xci C:/Users/vempa/Documents/Projects/RADAR_Chirp_Engine/ChirpGenerator/ChirpGenerator/hls/impl/ip/hdl/ip/chirp_fptrunc_64ns_32_2_no_dsp_1_ip/chirp_fptrunc_64ns_32_2_no_dsp_1_ip.xci C:/Users/vempa/Documents/Projects/RADAR_Chirp_Engine/ChirpGenerator/ChirpGenerator/hls/impl/ip/hdl/ip/chirp_sitofp_32ns_32_6_no_dsp_1_ip/chirp_sitofp_32ns_32_6_no_dsp_1_ip.xci
INFO: Import ports from HDL: C:/Users/vempa/Documents/Projects/RADAR_Chirp_Engine/ChirpGenerator/ChirpGenerator/hls/impl/ip/hdl/vhdl/chirp.vhd (chirp)
INFO: Add clock interface ap_clk
INFO: Add reset interface ap_rst
INFO: Add ap_ctrl interface ap_ctrl
INFO: Add data interface out_r_address0
INFO: [IP_Flow 19-234] Refreshing IP repositories
INFO: [IP_Flow 19-1704] No user IP repositories specified
INFO: [IP_Flow 19-2313] Loaded Vivado IP repository 'C:/AMDDesignTools/2025.2/Vivado/data/ip'.
INFO: Add data interface out_r_d0
INFO: Add data interface fs
INFO: Add data interface f0
INFO: Add data interface B
INFO: Add data interface Tc
INFO: Add data interface Ti
INFO: Add data interface Tg
INFO: Add data interface Nframe
INFO: Add data interface N_SAMPLES_USED
INFO: Calling post_process_vitis to specialize IP
INFO: Calling post_process_sysgen to specialize IP
Generating sysgen info xml from json file
INFO: Created IP C:/Users/vempa/Documents/Projects/RADAR_Chirp_Engine/ChirpGenerator/ChirpGenerator/hls/impl/ip/component.xml
INFO: Created IP archive C:/Users/vempa/Documents/Projects/RADAR_Chirp_Engine/ChirpGenerator/ChirpGenerator/hls/impl/ip/xilinx_com_hls_chirp_1_0.zip
INFO: [Common 17-206] Exiting Vivado at Tue Aug 18 14:59:16 2026...
